<?xml version="1.0" encoding="utf-8"?>
<test-run id="2" testcasecount="1353" result="Failed(Child)" total="1353" passed="1352" failed="1" inconclusive="0" skipped="0" asserts="0" engine-version="3.5.0.0" clr-version="4.0.30319.42000" start-time="2025-12-30 16:55:30Z" end-time="2025-12-30 16:55:54Z" duration="23.8188079">
  <test-suite type="TestSuite" id="1000" name="RecipeRage" fullname="RecipeRage" runstate="Runnable" testcasecount="1353" result="Failed" site="Child" start-time="2025-12-30 16:55:30Z" end-time="2025-12-30 16:55:54Z" duration="23.818808" total="1353" passed="1352" failed="1" inconclusive="0" skipped="0" asserts="0">
    <properties>
      <property name="platform" value="EditMode" />
    </properties>
    <failure>
      <message><![CDATA[One or more child tests had errors]]></message>
    </failure>
    <test-suite type="Assembly" id="1008" name="Assembly-CSharp-Editor.dll" fullname="/Users/arshadbarves/MyProject/RecipeRage/Library/ScriptAssemblies/Assembly-CSharp-Editor.dll" runstate="Runnable" testcasecount="4" result="Failed" site="Child" start-time="2025-12-30 16:55:30Z" end-time="2025-12-30 16:55:31Z" duration="0.605319" total="4" passed="3" failed="1" inconclusive="0" skipped="0" asserts="0">
      <properties>
        <property name="_PID" value="995" />
        <property name="_APPDOMAIN" value="Unity Child Domain" />
        <property name="platform" value="EditMode" />
        <property name="EditorOnly" value="True" />
      </properties>
      <failure>
        <message><![CDATA[One or more child tests had errors]]></message>
      </failure>
      <test-suite type="TestSuite" id="1009" name="Tests" fullname="Tests" runstate="Runnable" testcasecount="4" result="Failed" site="Child" start-time="2025-12-30 16:55:30Z" end-time="2025-12-30 16:55:31Z" duration="0.604597" total="4" passed="3" failed="1" inconclusive="0" skipped="0" asserts="0">
        <properties />
        <failure>
          <message><![CDATA[One or more child tests had errors]]></message>
        </failure>
        <test-suite type="TestSuite" id="1010" name="Editor" fullname="Tests.Editor" runstate="Runnable" testcasecount="4" result="Failed" site="Child" start-time="2025-12-30 16:55:30Z" end-time="2025-12-30 16:55:31Z" duration="0.604249" total="4" passed="3" failed="1" inconclusive="0" skipped="0" asserts="0">
          <properties />
          <failure>
            <message><![CDATA[One or more child tests had errors]]></message>
          </failure>
          <test-suite type="TestFixture" id="1001" name="GameLifetimeScopeTests" fullname="Tests.Editor.GameLifetimeScopeTests" classname="Tests.Editor.GameLifetimeScopeTests" runstate="Runnable" testcasecount="1" result="Passed" start-time="2025-12-30 16:55:30Z" end-time="2025-12-30 16:55:31Z" duration="0.067211" total="1" passed="1" failed="0" inconclusive="0" skipped="0" asserts="0">
            <properties />
            <test-case id="1002" name="Configure_RegistersExpectedServices" fullname="Tests.Editor.GameLifetimeScopeTests.Configure_RegistersExpectedServices" methodname="Configure_RegistersExpectedServices" classname="Tests.Editor.GameLifetimeScopeTests" runstate="Runnable" seed="1678337623" result="Passed" start-time="2025-12-30 16:55:30Z" end-time="2025-12-30 16:55:31Z" duration="0.058194" asserts="0">
              <properties>
                <property name="retryIteration" value="0" />
                <property name="repeatIteration" value="0" />
              </properties>
            </test-case>
          </test-suite>
          <test-suite type="TestFixture" id="1003" name="SessionLifetimeScopeTests" fullname="Tests.Editor.SessionLifetimeScopeTests" classname="Tests.Editor.SessionLifetimeScopeTests" runstate="Runnable" testcasecount="1" result="Passed" start-time="2025-12-30 16:55:31Z" end-time="2025-12-30 16:55:31Z" duration="0.519186" total="1" passed="1" failed="0" inconclusive="0" skipped="0" asserts="0">
            <properties />
            <output><![CDATA[[RecipeRage] - [General] [RootBootstrapper] Starting foundation initialization...
[RecipeRage] - [General] [RootBootstrapper] Foundation initialized.
]]></output>
            <test-case id="1004" name="Configure_RegistersExpectedServices" fullname="Tests.Editor.SessionLifetimeScopeTests.Configure_RegistersExpectedServices" methodname="Configure_RegistersExpectedServices" classname="Tests.Editor.SessionLifetimeScopeTests" runstate="Runnable" seed="1058846994" result="Passed" start-time="2025-12-30 16:55:31Z" end-time="2025-12-30 16:55:31Z" duration="0.088178" asserts="0">
              <properties>
                <property name="retryIteration" value="0" />
                <property name="repeatIteration" value="0" />
              </properties>
            </test-case>
          </test-suite>
          <test-suite type="TestFixture" id="1005" name="SessionManagerTests" fullname="Tests.Editor.SessionManagerTests" classname="Tests.Editor.SessionManagerTests" runstate="Runnable" testcasecount="2" result="Failed" site="Child" start-time="2025-12-30 16:55:31Z" end-time="2025-12-30 16:55:31Z" duration="0.016527" total="2" passed="1" failed="1" inconclusive="0" skipped="0" asserts="0">
            <properties />
            <failure>
              <message><![CDATA[One or more child tests had errors]]></message>
            </failure>
            <test-case id="1006" name="CreateSession_CreatesValidSession" fullname="Tests.Editor.SessionManagerTests.CreateSession_CreatesValidSession" methodname="CreateSession_CreatesValidSession" classname="Tests.Editor.SessionManagerTests" runstate="Runnable" seed="762011164" result="Failed" label="Error" start-time="2025-12-30 16:55:31Z" end-time="2025-12-30 16:55:31Z" duration="0.009655" asserts="0">
              <properties>
                <property name="retryIteration" value="0" />
                <property name="repeatIteration" value="0" />
              </properties>
              <failure>
                <message><![CDATA[VContainer.VContainerException : Failed to resolve Core.Bootstrap.GameSession : Failed to resolve Core.Currency.CurrencyService : No such registration of type: Core.SaveSystem.ISaveService]]></message>
                <stack-trace><![CDATA[  at VContainer.Internal.ReflectionInjector.CreateInstance (VContainer.IObjectResolver resolver, System.Collections.Generic.IReadOnlyList`1[T] parameters) [0x0007d] in ./Library/PackageCache/jp.hadashikick.vcontainer@f8bee1e02c71/Runtime/Internal/ReflectionInjector.cs:51 
  at VContainer.Internal.InstanceProvider.SpawnInstance (VContainer.IObjectResolver resolver) [0x00000] in ./Library/PackageCache/jp.hadashikick.vcontainer@f8bee1e02c71/Runtime/Internal/InstanceProviders/InstanceProvider.cs:21 
  at VContainer.Registration.SpawnInstance (VContainer.IObjectResolver resolver) [0x00000] in ./Library/PackageCache/jp.hadashikick.vcontainer@f8bee1e02c71/Runtime/Registration.cs:33 
  at VContainer.ScopedContainer+<>c__DisplayClass17_0.<.ctor>b__1 () [0x00000] in ./Library/PackageCache/jp.hadashikick.vcontainer@f8bee1e02c71/Runtime/Container.cs:82 
  at System.Lazy`1[T].ViaFactory (System.Threading.LazyThreadSafetyMode mode) [0x00043] in <032c206a1674455bacfc3546f1de5ef3>:0 
  at System.Lazy`1[T].ExecutionAndPublication (System.LazyHelper executionAndPublication, System.Boolean useDefaultConstructor) [0x00022] in <032c206a1674455bacfc3546f1de5ef3>:0 
  at System.Lazy`1[T].CreateValue () [0x00074] in <032c206a1674455bacfc3546f1de5ef3>:0 
  at System.Lazy`1[T].get_Value () [0x0000a] in <032c206a1674455bacfc3546f1de5ef3>:0 
  at VContainer.ScopedContainer.CreateTrackedInstance (VContainer.Registration registration) [0x0001b] in ./Library/PackageCache/jp.hadashikick.vcontainer@f8bee1e02c71/Runtime/Container.cs:178 
  at VContainer.ScopedContainer.ResolveCore (VContainer.Registration registration) [0x0005b] in ./Library/PackageCache/jp.hadashikick.vcontainer@f8bee1e02c71/Runtime/Container.cs:163 
  at VContainer.ScopedContainer.Resolve (VContainer.Registration registration) [0x0002a] in ./Library/PackageCache/jp.hadashikick.vcontainer@f8bee1e02c71/Runtime/Container.cs:115 
  at VContainer.ScopedContainer.Resolve (System.Type type) [0x0000f] in ./Library/PackageCache/jp.hadashikick.vcontainer@f8bee1e02c71/Runtime/Container.cs:91 
  at VContainer.IObjectResolverExtensions.Resolve[T] (VContainer.IObjectResolver resolver) [0x00000] in ./Library/PackageCache/jp.hadashikick.vcontainer@f8bee1e02c71/Runtime/IObjectResolverExtensions.cs:10 
  at Core.Bootstrap.SessionManager.get_CurrentSession () [0x00000] in /Users/arshadbarves/MyProject/RecipeRage/Assets/Scripts/Core/Bootstrap/SessionManager.cs:17 
  at Tests.Editor.SessionManagerTests.CreateSession_CreatesValidSession () [0x00083] in /Users/arshadbarves/MyProject/RecipeRage/Assets/Tests/Editor/SessionManagerTests.cs:203 
  at (wrapper managed-to-native) System.Reflection.RuntimeMethodInfo.InternalInvoke(System.Reflection.RuntimeMethodInfo,object,object[],System.Exception&)
  at System.Reflection.RuntimeMethodInfo.Invoke (System.Object obj, System.Reflection.BindingFlags invokeAttr, System.Reflection.Binder binder, System.Object[] parameters, System.Globalization.CultureInfo culture) [0x0006a] in <032c206a1674455bacfc3546f1de5ef3>:0 ]]></stack-trace>
              </failure>
            </test-case>
            <test-case id="1007" name="HandleLogout_DestroysSession" fullname="Tests.Editor.SessionManagerTests.HandleLogout_DestroysSession" methodname="HandleLogout_DestroysSession" classname="Tests.Editor.SessionManagerTests" runstate="Runnable" seed="971300403" result="Passed" start-time="2025-12-30 16:55:31Z" end-time="2025-12-30 16:55:31Z" duration="0.003988" asserts="0">
              <properties>
                <property name="retryIteration" value="0" />
                <property name="repeatIteration" value="0" />
              </properties>
              <output><![CDATA[Destroy may not be called from edit mode! Use DestroyImmediate instead.
Destroying an object in edit mode destroys it permanently.
]]></output>
            </test-case>
          </test-suite>
        </test-suite>
      </test-suite>
    </test-suite>
    <test-suite type="Assembly" id="1014" name="Unity.Addressables.DocExampleCode.Editor.Tests.dll" fullname="/Users/arshadbarves/MyProject/RecipeRage/Library/ScriptAssemblies/Unity.Addressables.DocExampleCode.Editor.Tests.dll" runstate="Runnable" testcasecount="1" result="Passed" start-time="2025-12-30 16:55:31Z" end-time="2025-12-30 16:55:31Z" duration="0.002114" total="1" passed="1" failed="0" inconclusive="0" skipped="0" asserts="0">
      <properties>
        <property name="_PID" value="995" />
        <property name="_APPDOMAIN" value="Unity Child Domain" />
        <property name="platform" value="EditMode" />
        <property name="EditorOnly" value="True" />
      </properties>
      <test-suite type="TestSuite" id="1015" name="AddressableAssets" fullname="AddressableAssets" runstate="Runnable" testcasecount="1" result="Passed" start-time="2025-12-30 16:55:31Z" end-time="2025-12-30 16:55:31Z" duration="0.001240" total="1" passed="1" failed="0" inconclusive="0" skipped="0" asserts="0">
        <properties />
        <test-suite type="TestSuite" id="1016" name="DocExampleCode" fullname="AddressableAssets.DocExampleCode" runstate="Runnable" testcasecount="1" result="Passed" start-time="2025-12-30 16:55:31Z" end-time="2025-12-30 16:55:31Z" duration="0.000952" total="1" passed="1" failed="0" inconclusive="0" skipped="0" asserts="0">
          <properties />
          <test-suite type="TestFixture" id="1012" name="TestStub" fullname="AddressableAssets.DocExampleCode.TestStub" classname="AddressableAssets.DocExampleCode.TestStub" runstate="Runnable" testcasecount="1" result="Passed" start-time="2025-12-30 16:55:31Z" end-time="2025-12-30 16:55:31Z" duration="0.000670" total="1" passed="1" failed="0" inconclusive="0" skipped="0" asserts="0">
            <properties />
            <test-case id="1013" name="RequiredTest" fullname="AddressableAssets.DocExampleCode.TestStub.RequiredTest" methodname="RequiredTest" classname="AddressableAssets.DocExampleCode.TestStub" runstate="Runnable" seed="1863752059" result="Passed" start-time="2025-12-30 16:55:31Z" end-time="2025-12-30 16:55:31Z" duration="0.000083" asserts="0">
              <properties>
                <property name="retryIteration" value="0" />
                <property name="repeatIteration" value="0" />
              </properties>
            </test-case>
          </test-suite>
        </test-suite>
      </test-suite>
    </test-suite>
    <test-suite type="Assembly" id="2445" name="Unity.Netcode.Editor.Tests.dll" fullname="/Users/arshadbarves/MyProject/RecipeRage/Library/ScriptAssemblies/Unity.Netcode.Editor.Tests.dll" runstate="Runnable" testcasecount="1348" result="Passed" start-time="2025-12-30 16:55:31Z" end-time="2025-12-30 16:55:54Z" duration="23.205969" total="1348" passed="1348" failed="0" inconclusive="0" skipped="0" asserts="0">
      <properties>
        <property name="_PID" value="995" />
        <property name="_APPDOMAIN" value="Unity Child Domain" />
        <property name="platform" value="EditMode" />
        <property name="EditorOnly" value="True" />
      </properties>
      <test-suite type="TestSuite" id="2446" name="Unity" fullname="Unity" runstate="Runnable" testcasecount="1348" result="Passed" start-time="2025-12-30 16:55:31Z" end-time="2025-12-30 16:55:54Z" duration="23.205713" total="1348" passed="1348" failed="0" inconclusive="0" skipped="0" asserts="0">
        <properties />
        <test-suite type="TestSuite" id="2447" name="Netcode" fullname="Unity.Netcode" runstate="Runnable" testcasecount="1348" result="Passed" start-time="2025-12-30 16:55:31Z" end-time="2025-12-30 16:55:54Z" duration="23.205493" total="1348" passed="1348" failed="0" inconclusive="0" skipped="0" asserts="0">
          <properties />
          <test-suite type="TestSuite" id="2448" name="EditorTests" fullname="Unity.Netcode.EditorTests" runstate="Runnable" testcasecount="1348" result="Passed" start-time="2025-12-30 16:55:31Z" end-time="2025-12-30 16:55:54Z" duration="23.205013" total="1348" passed="1348" failed="0" inconclusive="0" skipped="0" asserts="0">
            <properties />
            <test-suite type="TestFixture" id="1018" name="ArithmeticTests" fullname="Unity.Netcode.EditorTests.ArithmeticTests" classname="Unity.Netcode.EditorTests.ArithmeticTests" runstate="Runnable" testcasecount="2" result="Passed" start-time="2025-12-30 16:55:31Z" end-time="2025-12-30 16:55:31Z" duration="0.003559" total="2" passed="2" failed="0" inconclusive="0" skipped="0" asserts="0">
              <properties />
              <test-case id="1019" name="TestCeil" fullname="Unity.Netcode.EditorTests.ArithmeticTests.TestCeil" methodname="TestCeil" classname="Unity.Netcode.EditorTests.ArithmeticTests" runstate="Runnable" seed="1029359225" result="Passed" start-time="2025-12-30 16:55:31Z" end-time="2025-12-30 16:55:31Z" duration="0.002474" asserts="0">
                <properties>
                  <property name="retryIteration" value="0" />
                  <property name="repeatIteration" value="0" />
                </properties>
              </test-case>
              <test-case id="1020" name="TestZigZag" fullname="Unity.Netcode.EditorTests.ArithmeticTests.TestZigZag" methodname="TestZigZag" classname="Unity.Netcode.EditorTests.ArithmeticTests" runstate="Runnable" seed="1942664873" result="Passed" start-time="2025-12-30 16:55:31Z" end-time="2025-12-30 16:55:31Z" duration="0.000430" asserts="0">
                <properties>
                  <property name="retryIteration" value="0" />
                  <property name="repeatIteration" value="0" />
                </properties>
              </test-case>
            </test-suite>
            <test-suite type="TestFixture" id="2381" name="BatchedReceiveQueueTests" fullname="Unity.Netcode.EditorTests.BatchedReceiveQueueTests" classname="Unity.Netcode.EditorTests.BatchedReceiveQueueTests" runstate="Runnable" testcasecount="7" result="Passed" start-time="2025-12-30 16:55:31Z" end-time="2025-12-30 16:55:31Z" duration="0.006445" total="7" passed="7" failed="0" inconclusive="0" skipped="0" asserts="0">
              <properties />
              <test-case id="2382" name="BatchedReceiveQueue_EmptyReader" fullname="Unity.Netcode.EditorTests.BatchedReceiveQueueTests.BatchedReceiveQueue_EmptyReader" methodname="BatchedReceiveQueue_EmptyReader" classname="Unity.Netcode.EditorTests.BatchedReceiveQueueTests" runstate="Runnable" seed="188264372" result="Passed" start-time="2025-12-30 16:55:31Z" end-time="2025-12-30 16:55:31Z" duration="0.003294" asserts="0">
                <properties>
                  <property name="retryIteration" value="0" />
                  <property name="repeatIteration" value="0" />
                </properties>
              </test-case>
              <test-case id="2384" name="BatchedReceiveQueue_MultipleMessages" fullname="Unity.Netcode.EditorTests.BatchedReceiveQueueTests.BatchedReceiveQueue_MultipleMessages" methodname="BatchedReceiveQueue_MultipleMessages" classname="Unity.Netcode.EditorTests.BatchedReceiveQueueTests" runstate="Runnable" seed="1132976824" result="Passed" start-time="2025-12-30 16:55:31Z" end-time="2025-12-30 16:55:31Z" duration="0.000715" asserts="0">
                <properties>
                  <property name="retryIteration" value="0" />
                  <property name="repeatIteration" value="0" />
                </properties>
              </test-case>
              <test-case id="2385" name="BatchedReceiveQueue_PartialMessage" fullname="Unity.Netcode.EditorTests.BatchedReceiveQueueTests.BatchedReceiveQueue_PartialMessage" methodname="BatchedReceiveQueue_PartialMessage" classname="Unity.Netcode.EditorTests.BatchedReceiveQueueTests" runstate="Runnable" seed="1679753177" result="Passed" start-time="2025-12-30 16:55:31Z" end-time="2025-12-30 16:55:31Z" duration="0.000153" asserts="0">
                <properties>
                  <property name="retryIteration" value="0" />
                  <property name="repeatIteration" value="0" />
                </properties>
              </test-case>
              <test-case id="2388" name="BatchedReceiveQueue_PushReader_ToEmptyQueue" fullname="Unity.Netcode.EditorTests.BatchedReceiveQueueTests.BatchedReceiveQueue_PushReader_ToEmptyQueue" methodname="BatchedReceiveQueue_PushReader_ToEmptyQueue" classname="Unity.Netcode.EditorTests.BatchedReceiveQueueTests" runstate="Runnable" seed="1586606890" result="Passed" start-time="2025-12-30 16:55:31Z" end-time="2025-12-30 16:55:31Z" duration="0.000296" asserts="0">
                <properties>
                  <property name="retryIteration" value="0" />
                  <property name="repeatIteration" value="0" />
                </properties>
              </test-case>
              <test-case id="2386" name="BatchedReceiveQueue_PushReader_ToFilledQueue" fullname="Unity.Netcode.EditorTests.BatchedReceiveQueueTests.BatchedReceiveQueue_PushReader_ToFilledQueue" methodname="BatchedReceiveQueue_PushReader_ToFilledQueue" classname="Unity.Netcode.EditorTests.BatchedReceiveQueueTests" runstate="Runnable" seed="1008301053" result="Passed" start-time="2025-12-30 16:55:31Z" end-time="2025-12-30 16:55:31Z" duration="0.000273" asserts="0">
                <properties>
                  <property name="retryIteration" value="0" />
                  <property name="repeatIteration" value="0" />
                </properties>
              </test-case>
              <test-case id="2387" name="BatchedReceiveQueue_PushReader_ToPartiallyFilledQueue" fullname="Unity.Netcode.EditorTests.BatchedReceiveQueueTests.BatchedReceiveQueue_PushReader_ToPartiallyFilledQueue" methodname="BatchedReceiveQueue_PushReader_ToPartiallyFilledQueue" classname="Unity.Netcode.EditorTests.BatchedReceiveQueueTests" runstate="Runnable" seed="1635516631" result="Passed" start-time="2025-12-30 16:55:31Z" end-time="2025-12-30 16:55:31Z" duration="0.000289" asserts="0">
                <properties>
                  <property name="retryIteration" value="0" />
                  <property name="repeatIteration" value="0" />
                </properties>
              </test-case>
              <test-case id="2383" name="BatchedReceiveQueue_SingleMessage" fullname="Unity.Netcode.EditorTests.BatchedReceiveQueueTests.BatchedReceiveQueue_SingleMessage" methodname="BatchedReceiveQueue_SingleMessage" classname="Unity.Netcode.EditorTests.BatchedReceiveQueueTests" runstate="Runnable" seed="1637923182" result="Passed" start-time="2025-12-30 16:55:31Z" end-time="2025-12-30 16:55:31Z" duration="0.000159" asserts="0">
                <properties>
                  <property name="retryIteration" value="0" />
                  <property name="repeatIteration" value="0" />
                </properties>
              </test-case>
            </test-suite>
            <test-suite type="TestFixture" id="2389" name="BatchedSendQueueTests" fullname="Unity.Netcode.EditorTests.BatchedSendQueueTests" classname="Unity.Netcode.EditorTests.BatchedSendQueueTests" runstate="Runnable" testcasecount="25" result="Passed" start-time="2025-12-30 16:55:31Z" end-time="2025-12-30 16:55:31Z" duration="0.095435" total="25" passed="25" failed="0" inconclusive="0" skipped="0" asserts="0">
              <properties />
              <test-case id="2412" name="BatchedSendQueue_Consume_ExactLength" fullname="Unity.Netcode.EditorTests.BatchedSendQueueTests.BatchedSendQueue_Consume_ExactLength" methodname="BatchedSendQueue_Consume_ExactLength" classname="Unity.Netcode.EditorTests.BatchedSendQueueTests" runstate="Runnable" seed="1003949197" result="Passed" start-time="2025-12-30 16:55:31Z" end-time="2025-12-30 16:55:31Z" duration="0.032197" asserts="0">
                <properties>
                  <property name="retryIteration" value="0" />
                  <property name="repeatIteration" value="0" />
                </properties>
              </test-case>
              <test-case id="2411" name="BatchedSendQueue_Consume_LessThanLength" fullname="Unity.Netcode.EditorTests.BatchedSendQueueTests.BatchedSendQueue_Consume_LessThanLength" methodname="BatchedSendQueue_Consume_LessThanLength" classname="Unity.Netcode.EditorTests.BatchedSendQueueTests" runstate="Runnable" seed="1579138854" result="Passed" start-time="2025-12-30 16:55:31Z" end-time="2025-12-30 16:55:31Z" duration="0.000397" asserts="0">
                <properties>
                  <property name="retryIteration" value="0" />
                  <property name="repeatIteration" value="0" />
                </properties>
              </test-case>
              <test-case id="2413" name="BatchedSendQueue_Consume_MoreThanLength" fullname="Unity.Netcode.EditorTests.BatchedSendQueueTests.BatchedSendQueue_Consume_MoreThanLength" methodname="BatchedSendQueue_Consume_MoreThanLength" classname="Unity.Netcode.EditorTests.BatchedSendQueueTests" runstate="Runnable" seed="394572022" result="Passed" start-time="2025-12-30 16:55:31Z" end-time="2025-12-30 16:55:31Z" duration="0.000213" asserts="0">
                <properties>
                  <property name="retryIteration" value="0" />
                  <property name="repeatIteration" value="0" />
                </properties>
              </test-case>
              <test-case id="2414" name="BatchedSendQueue_Consume_TrimsDataOnEmpty" fullname="Unity.Netcode.EditorTests.BatchedSendQueueTests.BatchedSendQueue_Consume_TrimsDataOnEmpty" methodname="BatchedSendQueue_Consume_TrimsDataOnEmpty" classname="Unity.Netcode.EditorTests.BatchedSendQueueTests" runstate="Runnable" seed="2127703338" result="Passed" start-time="2025-12-30 16:55:31Z" end-time="2025-12-30 16:55:31Z" duration="0.000231" asserts="0">
                <properties>
                  <property name="retryIteration" value="0" />
                  <property name="repeatIteration" value="0" />
                </properties>
              </test-case>
              <test-case id="2390" name="BatchedSendQueue_EmptyOnCreation" fullname="Unity.Netcode.EditorTests.BatchedSendQueueTests.BatchedSendQueue_EmptyOnCreation" methodname="BatchedSendQueue_EmptyOnCreation" classname="Unity.Netcode.EditorTests.BatchedSendQueueTests" runstate="Runnable" seed="1586969361" result="Passed" start-time="2025-12-30 16:55:31Z" end-time="2025-12-30 16:55:31Z" duration="0.000183" asserts="0">
                <properties>
                  <property name="retryIteration" value="0" />
                  <property name="repeatIteration" value="0" />
                </properties>
              </test-case>
              <test-case id="2410" name="BatchedSendQueue_FillWriterWithBytes_MaxBytesGreaterThanCapacity" fullname="Unity.Netcode.EditorTests.BatchedSendQueueTests.BatchedSendQueue_FillWriterWithBytes_MaxBytesGreaterThanCapacity" methodname="BatchedSendQueue_FillWriterWithBytes_MaxBytesGreaterThanCapacity" classname="Unity.Netcode.EditorTests.BatchedSendQueueTests" runstate="Runnable" seed="1121440929" result="Passed" start-time="2025-12-30 16:55:31Z" end-time="2025-12-30 16:55:31Z" duration="0.004749" asserts="0">
                <properties>
                  <property name="retryIteration" value="0" />
                  <property name="repeatIteration" value="0" />
                </properties>
              </test-case>
              <test-case id="2406" name="BatchedSendQueue_FillWriterWithBytes_NoopIfNoData" fullname="Unity.Netcode.EditorTests.BatchedSendQueueTests.BatchedSendQueue_FillWriterWithBytes_NoopIfNoData" methodname="BatchedSendQueue_FillWriterWithBytes_NoopIfNoData" classname="Unity.Netcode.EditorTests.BatchedSendQueueTests" runstate="Runnable" seed="1998677793" result="Passed" start-time="2025-12-30 16:55:31Z" end-time="2025-12-30 16:55:31Z" duration="0.000222" asserts="0">
                <properties>
                  <property name="retryIteration" value="0" />
                  <property name="repeatIteration" value="0" />
                </properties>
              </test-case>
              <test-case id="2409" name="BatchedSendQueue_FillWriterWithBytes_WriterCapacityEqualToLength" fullname="Unity.Netcode.EditorTests.BatchedSendQueueTests.BatchedSendQueue_FillWriterWithBytes_WriterCapacityEqualToLength" methodname="BatchedSendQueue_FillWriterWithBytes_WriterCapacityEqualToLength" classname="Unity.Netcode.EditorTests.BatchedSendQueueTests" runstate="Runnable" seed="318999198" result="Passed" start-time="2025-12-30 16:55:31Z" end-time="2025-12-30 16:55:31Z" duration="0.003566" asserts="0">
                <properties>
                  <property name="retryIteration" value="0" />
                  <property name="repeatIteration" value="0" />
                </properties>
              </test-case>
              <test-case id="2408" name="BatchedSendQueue_FillWriterWithBytes_WriterCapacityLessThanLength" fullname="Unity.Netcode.EditorTests.BatchedSendQueueTests.BatchedSendQueue_FillWriterWithBytes_WriterCapacityLessThanLength" methodname="BatchedSendQueue_FillWriterWithBytes_WriterCapacityLessThanLength" classname="Unity.Netcode.EditorTests.BatchedSendQueueTests" runstate="Runnable" seed="282549309" result="Passed" start-time="2025-12-30 16:55:31Z" end-time="2025-12-30 16:55:31Z" duration="0.002439" asserts="0">
                <properties>
                  <property name="retryIteration" value="0" />
                  <property name="repeatIteration" value="0" />
                </properties>
              </test-case>
              <test-case id="2407" name="BatchedSendQueue_FillWriterWithBytes_WriterCapacityMoreThanLength" fullname="Unity.Netcode.EditorTests.BatchedSendQueueTests.BatchedSendQueue_FillWriterWithBytes_WriterCapacityMoreThanLength" methodname="BatchedSendQueue_FillWriterWithBytes_WriterCapacityMoreThanLength" classname="Unity.Netcode.EditorTests.BatchedSendQueueTests" runstate="Runnable" seed="129307183" result="Passed" start-time="2025-12-30 16:55:31Z" end-time="2025-12-30 16:55:31Z" duration="0.002856" asserts="0">
                <properties>
                  <property name="retryIteration" value="0" />
                  <property name="repeatIteration" value="0" />
                </properties>
              </test-case>
              <test-case id="2403" name="BatchedSendQueue_FillWriterWithMessages_MultiplePushedMessages" fullname="Unity.Netcode.EditorTests.BatchedSendQueueTests.BatchedSendQueue_FillWriterWithMessages_MultiplePushedMessages" methodname="BatchedSendQueue_FillWriterWithMessages_MultiplePushedMessages" classname="Unity.Netcode.EditorTests.BatchedSendQueueTests" runstate="Runnable" seed="1971292016" result="Passed" start-time="2025-12-30 16:55:31Z" end-time="2025-12-30 16:55:31Z" duration="0.018140" asserts="0">
                <properties>
                  <property name="retryIteration" value="0" />
                  <property name="repeatIteration" value="0" />
                </properties>
              </test-case>
              <test-case id="2400" name="BatchedSendQueue_FillWriterWithMessages_NoopIfNoPushedMessages" fullname="Unity.Netcode.EditorTests.BatchedSendQueueTests.BatchedSendQueue_FillWriterWithMessages_NoopIfNoPushedMessages" methodname="BatchedSendQueue_FillWriterWithMessages_NoopIfNoPushedMessages" classname="Unity.Netcode.EditorTests.BatchedSendQueueTests" runstate="Runnable" seed="1131120346" result="Passed" start-time="2025-12-30 16:55:31Z" end-time="2025-12-30 16:55:31Z" duration="0.000295" asserts="0">
                <properties>
                  <property name="retryIteration" value="0" />
                  <property name="repeatIteration" value="0" />
                </properties>
              </test-case>
              <test-case id="2401" name="BatchedSendQueue_FillWriterWithMessages_NoopIfNotEnoughCapacity" fullname="Unity.Netcode.EditorTests.BatchedSendQueueTests.BatchedSendQueue_FillWriterWithMessages_NoopIfNotEnoughCapacity" methodname="BatchedSendQueue_FillWriterWithMessages_NoopIfNotEnoughCapacity" classname="Unity.Netcode.EditorTests.BatchedSendQueueTests" runstate="Runnable" seed="1567601631" result="Passed" start-time="2025-12-30 16:55:31Z" end-time="2025-12-30 16:55:31Z" duration="0.000352" asserts="0">
                <properties>
                  <property name="retryIteration" value="0" />
                  <property name="repeatIteration" value="0" />
                </properties>
              </test-case>
              <test-case id="2404" name="BatchedSendQueue_FillWriterWithMessages_PartialPushedMessages" fullname="Unity.Netcode.EditorTests.BatchedSendQueueTests.BatchedSendQueue_FillWriterWithMessages_PartialPushedMessages" methodname="BatchedSendQueue_FillWriterWithMessages_PartialPushedMessages" classname="Unity.Netcode.EditorTests.BatchedSendQueueTests" runstate="Runnable" seed="311687556" result="Passed" start-time="2025-12-30 16:55:31Z" end-time="2025-12-30 16:55:31Z" duration="0.011931" asserts="0">
                <properties>
                  <property name="retryIteration" value="0" />
                  <property name="repeatIteration" value="0" />
                </properties>
              </test-case>
              <test-case id="2399" name="BatchedSendQueue_FillWriterWithMessages_ReturnValue" fullname="Unity.Netcode.EditorTests.BatchedSendQueueTests.BatchedSendQueue_FillWriterWithMessages_ReturnValue" methodname="BatchedSendQueue_FillWriterWithMessages_ReturnValue" classname="Unity.Netcode.EditorTests.BatchedSendQueueTests" runstate="Runnable" seed="2054117141" result="Passed" start-time="2025-12-30 16:55:31Z" end-time="2025-12-30 16:55:31Z" duration="0.000431" asserts="0">
                <properties>
                  <property name="retryIteration" value="0" />
                  <property name="repeatIteration" value="0" />
                </properties>
              </test-case>
              <test-case id="2402" name="BatchedSendQueue_FillWriterWithMessages_SinglePushedMessage" fullname="Unity.Netcode.EditorTests.BatchedSendQueueTests.BatchedSendQueue_FillWriterWithMessages_SinglePushedMessage" methodname="BatchedSendQueue_FillWriterWithMessages_SinglePushedMessage" classname="Unity.Netcode.EditorTests.BatchedSendQueueTests" runstate="Runnable" seed="224617000" result="Passed" start-time="2025-12-30 16:55:31Z" end-time="2025-12-30 16:55:31Z" duration="0.005148" asserts="0">
                <properties>
                  <property name="retryIteration" value="0" />
                  <property name="repeatIteration" value="0" />
                </properties>
              </test-case>
              <test-case id="2405" name="BatchedSendQueue_FillWriterWithMessages_StopOnSoftMaxBytes" fullname="Unity.Netcode.EditorTests.BatchedSendQueueTests.BatchedSendQueue_FillWriterWithMessages_StopOnSoftMaxBytes" methodname="BatchedSendQueue_FillWriterWithMessages_StopOnSoftMaxBytes" classname="Unity.Netcode.EditorTests.BatchedSendQueueTests" runstate="Runnable" seed="1783231434" result="Passed" start-time="2025-12-30 16:55:31Z" end-time="2025-12-30 16:55:31Z" duration="0.000433" asserts="0">
                <properties>
                  <property name="retryIteration" value="0" />
                  <property name="repeatIteration" value="0" />
                </properties>
              </test-case>
              <test-case id="2392" name="BatchedSendQueue_InitialCapacityLessThanMaximum" fullname="Unity.Netcode.EditorTests.BatchedSendQueueTests.BatchedSendQueue_InitialCapacityLessThanMaximum" methodname="BatchedSendQueue_InitialCapacityLessThanMaximum" classname="Unity.Netcode.EditorTests.BatchedSendQueueTests" runstate="Runnable" seed="1147540957" result="Passed" start-time="2025-12-30 16:55:31Z" end-time="2025-12-30 16:55:31Z" duration="0.000180" asserts="0">
                <properties>
                  <property name="retryIteration" value="0" />
                  <property name="repeatIteration" value="0" />
                </properties>
              </test-case>
              <test-case id="2391" name="BatchedSendQueue_NotCreatedAfterDispose" fullname="Unity.Netcode.EditorTests.BatchedSendQueueTests.BatchedSendQueue_NotCreatedAfterDispose" methodname="BatchedSendQueue_NotCreatedAfterDispose" classname="Unity.Netcode.EditorTests.BatchedSendQueueTests" runstate="Runnable" seed="134039850" result="Passed" start-time="2025-12-30 16:55:31Z" end-time="2025-12-30 16:55:31Z" duration="0.000189" asserts="0">
                <properties>
                  <property name="retryIteration" value="0" />
                  <property name="repeatIteration" value="0" />
                </properties>
              </test-case>
              <test-case id="2397" name="BatchedSendQueue_PushMessage_DoesNotGrowDataPastMaximum" fullname="Unity.Netcode.EditorTests.BatchedSendQueueTests.BatchedSendQueue_PushMessage_DoesNotGrowDataPastMaximum" methodname="BatchedSendQueue_PushMessage_DoesNotGrowDataPastMaximum" classname="Unity.Netcode.EditorTests.BatchedSendQueueTests" runstate="Runnable" seed="662257490" result="Passed" start-time="2025-12-30 16:55:31Z" end-time="2025-12-30 16:55:31Z" duration="0.001091" asserts="0">
                <properties>
                  <property name="retryIteration" value="0" />
                  <property name="repeatIteration" value="0" />
                </properties>
              </test-case>
              <test-case id="2396" name="BatchedSendQueue_PushMessage_GrowsDataIfNeeded" fullname="Unity.Netcode.EditorTests.BatchedSendQueueTests.BatchedSendQueue_PushMessage_GrowsDataIfNeeded" methodname="BatchedSendQueue_PushMessage_GrowsDataIfNeeded" classname="Unity.Netcode.EditorTests.BatchedSendQueueTests" runstate="Runnable" seed="21326613" result="Passed" start-time="2025-12-30 16:55:31Z" end-time="2025-12-30 16:55:31Z" duration="0.000498" asserts="0">
                <properties>
                  <property name="retryIteration" value="0" />
                  <property name="repeatIteration" value="0" />
                </properties>
              </test-case>
              <test-case id="2394" name="BatchedSendQueue_PushMessage_IncreasesLength" fullname="Unity.Netcode.EditorTests.BatchedSendQueueTests.BatchedSendQueue_PushMessage_IncreasesLength" methodname="BatchedSendQueue_PushMessage_IncreasesLength" classname="Unity.Netcode.EditorTests.BatchedSendQueueTests" runstate="Runnable" seed="827690381" result="Passed" start-time="2025-12-30 16:55:31Z" end-time="2025-12-30 16:55:31Z" duration="0.000474" asserts="0">
                <properties>
                  <property name="retryIteration" value="0" />
                  <property name="repeatIteration" value="0" />
                </properties>
              </test-case>
              <test-case id="2393" name="BatchedSendQueue_PushMessage_ReturnValue" fullname="Unity.Netcode.EditorTests.BatchedSendQueueTests.BatchedSendQueue_PushMessage_ReturnValue" methodname="BatchedSendQueue_PushMessage_ReturnValue" classname="Unity.Netcode.EditorTests.BatchedSendQueueTests" runstate="Runnable" seed="114196124" result="Passed" start-time="2025-12-30 16:55:31Z" end-time="2025-12-30 16:55:31Z" duration="0.000248" asserts="0">
                <properties>
                  <property name="retryIteration" value="0" />
                  <property name="repeatIteration" value="0" />
                </properties>
              </test-case>
              <test-case id="2395" name="BatchedSendQueue_PushMessage_SucceedsAfterConsume" fullname="Unity.Netcode.EditorTests.BatchedSendQueueTests.BatchedSendQueue_PushMessage_SucceedsAfterConsume" methodname="BatchedSendQueue_PushMessage_SucceedsAfterConsume" classname="Unity.Netcode.EditorTests.BatchedSendQueueTests" runstate="Runnable" seed="281446786" result="Passed" start-time="2025-12-30 16:55:31Z" end-time="2025-12-30 16:55:31Z" duration="0.000261" asserts="0">
                <properties>
                  <property name="retryIteration" value="0" />
                  <property name="repeatIteration" value="0" />
                </properties>
              </test-case>
              <test-case id="2398" name="BatchedSendQueue_PushMessage_TrimsDataAfterGrowing" fullname="Unity.Netcode.EditorTests.BatchedSendQueueTests.BatchedSendQueue_PushMessage_TrimsDataAfterGrowing" methodname="BatchedSendQueue_PushMessage_TrimsDataAfterGrowing" classname="Unity.Netcode.EditorTests.BatchedSendQueueTests" runstate="Runnable" seed="2009283591" result="Passed" start-time="2025-12-30 16:55:31Z" end-time="2025-12-30 16:55:31Z" duration="0.000276" asserts="0">
                <properties>
                  <property name="retryIteration" value="0" />
                  <property name="repeatIteration" value="0" />
                </properties>
              </test-case>
            </test-suite>
            <test-suite type="TestFixture" id="1127" name="BitCounterTests" fullname="Unity.Netcode.EditorTests.BitCounterTests" classname="Unity.Netcode.EditorTests.BitCounterTests" runstate="Runnable" testcasecount="192" result="Passed" start-time="2025-12-30 16:55:31Z" end-time="2025-12-30 16:55:31Z" duration="0.078948" total="192" passed="192" failed="0" inconclusive="0" skipped="0" asserts="0">
              <properties />
              <test-suite type="ParameterizedMethod" id="1225" name="WhenCountingUsedBitsIn32BitValue_ResultMatchesHighBitSetPlusOne" fullname="Unity.Netcode.EditorTests.BitCounterTests.WhenCountingUsedBitsIn32BitValue_ResultMatchesHighBitSetPlusOne" classname="Unity.Netcode.EditorTests.BitCounterTests" runstate="Runnable" testcasecount="32" result="Passed" start-time="2025-12-30 16:55:31Z" end-time="2025-12-30 16:55:31Z" duration="0.022720" total="32" passed="32" failed="0" inconclusive="0" skipped="0" asserts="0">
                <properties />
                <test-case id="1193" name="WhenCountingUsedBitsIn32BitValue_ResultMatchesHighBitSetPlusOne(0)" fullname="Unity.Netcode.EditorTests.BitCounterTests.WhenCountingUsedBitsIn32BitValue_ResultMatchesHighBitSetPlusOne(0)" methodname="WhenCountingUsedBitsIn32BitValue_ResultMatchesHighBitSetPlusOne" classname="Unity.Netcode.EditorTests.BitCounterTests" runstate="Runnable" seed="2073330633" result="Passed" start-time="2025-12-30 16:55:31Z" end-time="2025-12-30 16:55:31Z" duration="0.000571" asserts="0">
                  <properties>
                    <property name="retryIteration" value="0" />
                    <property name="repeatIteration" value="0" />
                  </properties>
                </test-case>
                <test-case id="1194" name="WhenCountingUsedBitsIn32BitValue_ResultMatchesHighBitSetPlusOne(1)" fullname="Unity.Netcode.EditorTests.BitCounterTests.WhenCountingUsedBitsIn32BitValue_ResultMatchesHighBitSetPlusOne(1)" methodname="WhenCountingUsedBitsIn32BitValue_ResultMatchesHighBitSetPlusOne" classname="Unity.Netcode.EditorTests.BitCounterTests" runstate="Runnable" seed="1601012620" result="Passed" start-time="2025-12-30 16:55:31Z" end-time="2025-12-30 16:55:31Z" duration="0.000294" asserts="0">
                  <properties>
                    <property name="retryIteration" value="0" />
                    <property name="repeatIteration" value="0" />
                  </properties>
                </test-case>
                <test-case id="1195" name="WhenCountingUsedBitsIn32BitValue_ResultMatchesHighBitSetPlusOne(2)" fullname="Unity.Netcode.EditorTests.BitCounterTests.WhenCountingUsedBitsIn32BitValue_ResultMatchesHighBitSetPlusOne(2)" methodname="WhenCountingUsedBitsIn32BitValue_ResultMatchesHighBitSetPlusOne" classname="Unity.Netcode.EditorTests.BitCounterTests" runstate="Runnable" seed="2081006806" result="Passed" start-time="2025-12-30 16:55:31Z" end-time="2025-12-30 16:55:31Z" duration="0.000433" asserts="0">
                  <properties>
                    <property name="retryIteration" value="0" />
                    <property name="repeatIteration" value="0" />
                  </properties>
                </test-case>
                <test-case id="1196" name="WhenCountingUsedBitsIn32BitValue_ResultMatchesHighBitSetPlusOne(3)" fullname="Unity.Netcode.EditorTests.BitCounterTests.WhenCountingUsedBitsIn32BitValue_ResultMatchesHighBitSetPlusOne(3)" methodname="WhenCountingUsedBitsIn32BitValue_ResultMatchesHighBitSetPlusOne" classname="Unity.Netcode.EditorTests.BitCounterTests" runstate="Runnable" seed="1202866075" result="Passed" start-time="2025-12-30 16:55:31Z" end-time="2025-12-30 16:55:31Z" duration="0.000243" asserts="0">
                  <properties>
                    <property name="retryIteration" value="0" />
                    <property name="repeatIteration" value="0" />
                  </properties>
                </test-case>
                <test-case id="1197" name="WhenCountingUsedBitsIn32BitValue_ResultMatchesHighBitSetPlusOne(4)" fullname="Unity.Netcode.EditorTests.BitCounterTests.WhenCountingUsedBitsIn32BitValue_ResultMatchesHighBitSetPlusOne(4)" methodname="WhenCountingUsedBitsIn32BitValue_ResultMatchesHighBitSetPlusOne" classname="Unity.Netcode.EditorTests.BitCounterTests" runstate="Runnable" seed="381410576" result="Passed" start-time="2025-12-30 16:55:31Z" end-time="2025-12-30 16:55:31Z" duration="0.000074" asserts="0">
                  <properties>
                    <property name="retryIteration" value="0" />
                    <property name="repeatIteration" value="0" />
                  </properties>
                </test-case>
                <test-case id="1198" name="WhenCountingUsedBitsIn32BitValue_ResultMatchesHighBitSetPlusOne(5)" fullname="Unity.Netcode.EditorTests.BitCounterTests.WhenCountingUsedBitsIn32BitValue_ResultMatchesHighBitSetPlusOne(5)" methodname="WhenCountingUsedBitsIn32BitValue_ResultMatchesHighBitSetPlusOne" classname="Unity.Netcode.EditorTests.BitCounterTests" runstate="Runnable" seed="2017239435" result="Passed" start-time="2025-12-30 16:55:31Z" end-time="2025-12-30 16:55:31Z" duration="0.000147" asserts="0">
                  <properties>
                    <property name="retryIteration" value="0" />
                    <property name="repeatIteration" value="0" />
                  </properties>
                </test-case>
                <test-case id="1199" name="WhenCountingUsedBitsIn32BitValue_ResultMatchesHighBitSetPlusOne(6)" fullname="Unity.Netcode.EditorTests.BitCounterTests.WhenCountingUsedBitsIn32BitValue_ResultMatchesHighBitSetPlusOne(6)" methodname="WhenCountingUsedBitsIn32BitValue_ResultMatchesHighBitSetPlusOne" classname="Unity.Netcode.EditorTests.BitCounterTests" runstate="Runnable" seed="1045975262" result="Passed" start-time="2025-12-30 16:55:31Z" end-time="2025-12-30 16:55:31Z" duration="0.000148" asserts="0">
                  <properties>
                    <property name="retryIteration" value="0" />
                    <property name="repeatIteration" value="0" />
                  </properties>
                </test-case>
                <test-case id="1200" name="WhenCountingUsedBitsIn32BitValue_ResultMatchesHighBitSetPlusOne(7)" fullname="Unity.Netcode.EditorTests.BitCounterTests.WhenCountingUsedBitsIn32BitValue_ResultMatchesHighBitSetPlusOne(7)" methodname="WhenCountingUsedBitsIn32BitValue_ResultMatchesHighBitSetPlusOne" classname="Unity.Netcode.EditorTests.BitCounterTests" runstate="Runnable" seed="1299237688" result="Passed" start-time="2025-12-30 16:55:31Z" end-time="2025-12-30 16:55:31Z" duration="0.000109" asserts="0">
                  <properties>
                    <property name="retryIteration" value="0" />
                    <property name="repeatIteration" value="0" />
                  </properties>
                </test-case>
                <test-case id="1201" name="WhenCountingUsedBitsIn32BitValue_ResultMatchesHighBitSetPlusOne(8)" fullname="Unity.Netcode.EditorTests.BitCounterTests.WhenCountingUsedBitsIn32BitValue_ResultMatchesHighBitSetPlusOne(8)" methodname="WhenCountingUsedBitsIn32BitValue_ResultMatchesHighBitSetPlusOne" classname="Unity.Netcode.EditorTests.BitCounterTests" runstate="Runnable" seed="1467903111" result="Passed" start-time="2025-12-30 16:55:31Z" end-time="2025-12-30 16:55:31Z" duration="0.000151" asserts="0">
                  <properties>
                    <property name="retryIteration" value="0" />
                    <property name="repeatIteration" value="0" />
                  </properties>
                </test-case>
                <test-case id="1202" name="WhenCountingUsedBitsIn32BitValue_ResultMatchesHighBitSetPlusOne(9)" fullname="Unity.Netcode.EditorTests.BitCounterTests.WhenCountingUsedBitsIn32BitValue_ResultMatchesHighBitSetPlusOne(9)" methodname="WhenCountingUsedBitsIn32BitValue_ResultMatchesHighBitSetPlusOne" classname="Unity.Netcode.EditorTests.BitCounterTests" runstate="Runnable" seed="491232248" result="Passed" start-time="2025-12-30 16:55:31Z" end-time="2025-12-30 16:55:31Z" duration="0.000185" asserts="0">
                  <properties>
                    <property name="retryIteration" value="0" />
                    <property name="repeatIteration" value="0" />
                  </properties>
                </test-case>
                <test-case id="1203" name="WhenCountingUsedBitsIn32BitValue_ResultMatchesHighBitSetPlusOne(10)" fullname="Unity.Netcode.EditorTests.BitCounterTests.WhenCountingUsedBitsIn32BitValue_ResultMatchesHighBitSetPlusOne(10)" methodname="WhenCountingUsedBitsIn32BitValue_ResultMatchesHighBitSetPlusOne" classname="Unity.Netcode.EditorTests.BitCounterTests" runstate="Runnable" seed="1737561828" result="Passed" start-time="2025-12-30 16:55:31Z" end-time="2025-12-30 16:55:31Z" duration="0.000150" asserts="0">
                  <properties>
                    <property name="retryIteration" value="0" />
                    <property name="repeatIteration" value="0" />
                  </properties>
                </test-case>
                <test-case id="1204" name="WhenCountingUsedBitsIn32BitValue_ResultMatchesHighBitSetPlusOne(11)" fullname="Unity.Netcode.EditorTests.BitCounterTests.WhenCountingUsedBitsIn32BitValue_ResultMatchesHighBitSetPlusOne(11)" methodname="WhenCountingUsedBitsIn32BitValue_ResultMatchesHighBitSetPlusOne" classname="Unity.Netcode.EditorTests.BitCounterTests" runstate="Runnable" seed="1777472829" result="Passed" start-time="2025-12-30 16:55:31Z" end-time="2025-12-30 16:55:31Z" duration="0.000147" asserts="0">
                  <properties>
                    <property name="retryIteration" value="0" />
                    <property name="repeatIteration" value="0" />
                  </properties>
                </test-case>
                <test-case id="1205" name="WhenCountingUsedBitsIn32BitValue_ResultMatchesHighBitSetPlusOne(12)" fullname="Unity.Netcode.EditorTests.BitCounterTests.WhenCountingUsedBitsIn32BitValue_ResultMatchesHighBitSetPlusOne(12)" methodname="WhenCountingUsedBitsIn32BitValue_ResultMatchesHighBitSetPlusOne" classname="Unity.Netcode.EditorTests.BitCounterTests" runstate="Runnable" seed="450363545" result="Passed" start-time="2025-12-30 16:55:31Z" end-time="2025-12-30 16:55:31Z" duration="0.000081" asserts="0">
                  <properties>
                    <property name="retryIteration" value="0" />
                    <property name="repeatIteration" value="0" />
                  </properties>
                </test-case>
                <test-case id="1206" name="WhenCountingUsedBitsIn32BitValue_ResultMatchesHighBitSetPlusOne(13)" fullname="Unity.Netcode.EditorTests.BitCounterTests.WhenCountingUsedBitsIn32BitValue_ResultMatchesHighBitSetPlusOne(13)" methodname="WhenCountingUsedBitsIn32BitValue_ResultMatchesHighBitSetPlusOne" classname="Unity.Netcode.EditorTests.BitCounterTests" runstate="Runnable" seed="639843073" result="Passed" start-time="2025-12-30 16:55:31Z" end-time="2025-12-30 16:55:31Z" duration="0.000073" asserts="0">
                  <properties>
                    <property name="retryIteration" value="0" />
                    <property name="repeatIteration" value="0" />
                  </properties>
                </test-case>
                <test-case id="1207" name="WhenCountingUsedBitsIn32BitValue_ResultMatchesHighBitSetPlusOne(14)" fullname="Unity.Netcode.EditorTests.BitCounterTests.WhenCountingUsedBitsIn32BitValue_ResultMatchesHighBitSetPlusOne(14)" methodname="WhenCountingUsedBitsIn32BitValue_ResultMatchesHighBitSetPlusOne" classname="Unity.Netcode.EditorTests.BitCounterTests" runstate="Runnable" seed="2007369934" result="Passed" start-time="2025-12-30 16:55:31Z" end-time="2025-12-30 16:55:31Z" duration="0.000270" asserts="0">
                  <properties>
                    <property name="retryIteration" value="0" />
                    <property name="repeatIteration" value="0" />
                  </properties>
                </test-case>
                <test-case id="1208" name="WhenCountingUsedBitsIn32BitValue_ResultMatchesHighBitSetPlusOne(15)" fullname="Unity.Netcode.EditorTests.BitCounterTests.WhenCountingUsedBitsIn32BitValue_ResultMatchesHighBitSetPlusOne(15)" methodname="WhenCountingUsedBitsIn32BitValue_ResultMatchesHighBitSetPlusOne" classname="Unity.Netcode.EditorTests.BitCounterTests" runstate="Runnable" seed="1131318526" result="Passed" start-time="2025-12-30 16:55:31Z" end-time="2025-12-30 16:55:31Z" duration="0.000077" asserts="0">
                  <properties>
                    <property name="retryIteration" value="0" />
                    <property name="repeatIteration" value="0" />
                  </properties>
                </test-case>
                <test-case id="1209" name="WhenCountingUsedBitsIn32BitValue_ResultMatchesHighBitSetPlusOne(16)" fullname="Unity.Netcode.EditorTests.BitCounterTests.WhenCountingUsedBitsIn32BitValue_ResultMatchesHighBitSetPlusOne(16)" methodname="WhenCountingUsedBitsIn32BitValue_ResultMatchesHighBitSetPlusOne" classname="Unity.Netcode.EditorTests.BitCounterTests" runstate="Runnable" seed="784720511" result="Passed" start-time="2025-12-30 16:55:31Z" end-time="2025-12-30 16:55:31Z" duration="0.000249" asserts="0">
                  <properties>
                    <property name="retryIteration" value="0" />
                    <property name="repeatIteration" value="0" />
                  </properties>
                </test-case>
                <test-case id="1210" name="WhenCountingUsedBitsIn32BitValue_ResultMatchesHighBitSetPlusOne(17)" fullname="Unity.Netcode.EditorTests.BitCounterTests.WhenCountingUsedBitsIn32BitValue_ResultMatchesHighBitSetPlusOne(17)" methodname="WhenCountingUsedBitsIn32BitValue_ResultMatchesHighBitSetPlusOne" classname="Unity.Netcode.EditorTests.BitCounterTests" runstate="Runnable" seed="1904580851" result="Passed" start-time="2025-12-30 16:55:31Z" end-time="2025-12-30 16:55:31Z" duration="0.000064" asserts="0">
                  <properties>
                    <property name="retryIteration" value="0" />
                    <property name="repeatIteration" value="0" />
                  </properties>
                </test-case>
                <test-case id="1211" name="WhenCountingUsedBitsIn32BitValue_ResultMatchesHighBitSetPlusOne(18)" fullname="Unity.Netcode.EditorTests.BitCounterTests.WhenCountingUsedBitsIn32BitValue_ResultMatchesHighBitSetPlusOne(18)" methodname="WhenCountingUsedBitsIn32BitValue_ResultMatchesHighBitSetPlusOne" classname="Unity.Netcode.EditorTests.BitCounterTests" runstate="Runnable" seed="814597841" result="Passed" start-time="2025-12-30 16:55:31Z" end-time="2025-12-30 16:55:31Z" duration="0.000111" asserts="0">
                  <properties>
                    <property name="retryIteration" value="0" />
                    <property name="repeatIteration" value="0" />
                  </properties>
                </test-case>
                <test-case id="1212" name="WhenCountingUsedBitsIn32BitValue_ResultMatchesHighBitSetPlusOne(19)" fullname="Unity.Netcode.EditorTests.BitCounterTests.WhenCountingUsedBitsIn32BitValue_ResultMatchesHighBitSetPlusOne(19)" methodname="WhenCountingUsedBitsIn32BitValue_ResultMatchesHighBitSetPlusOne" classname="Unity.Netcode.EditorTests.BitCounterTests" runstate="Runnable" seed="596187898" result="Passed" start-time="2025-12-30 16:55:31Z" end-time="2025-12-30 16:55:31Z" duration="0.000080" asserts="0">
                  <properties>
                    <property name="retryIteration" value="0" />
                    <property name="repeatIteration" value="0" />
                  </properties>
                </test-case>
                <test-case id="1213" name="WhenCountingUsedBitsIn32BitValue_ResultMatchesHighBitSetPlusOne(20)" fullname="Unity.Netcode.EditorTests.BitCounterTests.WhenCountingUsedBitsIn32BitValue_ResultMatchesHighBitSetPlusOne(20)" methodname="WhenCountingUsedBitsIn32BitValue_ResultMatchesHighBitSetPlusOne" classname="Unity.Netcode.EditorTests.BitCounterTests" runstate="Runnable" seed="1533803010" result="Passed" start-time="2025-12-30 16:55:31Z" end-time="2025-12-30 16:55:31Z" duration="0.000185" asserts="0">
                  <properties>
                    <property name="retryIteration" value="0" />
                    <property name="repeatIteration" value="0" />
                  </properties>
                </test-case>
                <test-case id="1214" name="WhenCountingUsedBitsIn32BitValue_ResultMatchesHighBitSetPlusOne(21)" fullname="Unity.Netcode.EditorTests.BitCounterTests.WhenCountingUsedBitsIn32BitValue_ResultMatchesHighBitSetPlusOne(21)" methodname="WhenCountingUsedBitsIn32BitValue_ResultMatchesHighBitSetPlusOne" classname="Unity.Netcode.EditorTests.BitCounterTests" runstate="Runnable" seed="1813059419" result="Passed" start-time="2025-12-30 16:55:31Z" end-time="2025-12-30 16:55:31Z" duration="0.000076" asserts="0">
                  <properties>
                    <property name="retryIteration" value="0" />
                    <property name="repeatIteration" value="0" />
                  </properties>
                </test-case>
                <test-case id="1215" name="WhenCountingUsedBitsIn32BitValue_ResultMatchesHighBitSetPlusOne(22)" fullname="Unity.Netcode.EditorTests.BitCounterTests.WhenCountingUsedBitsIn32BitValue_ResultMatchesHighBitSetPlusOne(22)" methodname="WhenCountingUsedBitsIn32BitValue_ResultMatchesHighBitSetPlusOne" classname="Unity.Netcode.EditorTests.BitCounterTests" runstate="Runnable" seed="2087722687" result="Passed" start-time="2025-12-30 16:55:31Z" end-time="2025-12-30 16:55:31Z" duration="0.000137" asserts="0">
                  <properties>
                    <property name="retryIteration" value="0" />
                    <property name="repeatIteration" value="0" />
                  </properties>
                </test-case>
                <test-case id="1216" name="WhenCountingUsedBitsIn32BitValue_ResultMatchesHighBitSetPlusOne(23)" fullname="Unity.Netcode.EditorTests.BitCounterTests.WhenCountingUsedBitsIn32BitValue_ResultMatchesHighBitSetPlusOne(23)" methodname="WhenCountingUsedBitsIn32BitValue_ResultMatchesHighBitSetPlusOne" classname="Unity.Netcode.EditorTests.BitCounterTests" runstate="Runnable" seed="166216966" result="Passed" start-time="2025-12-30 16:55:31Z" end-time="2025-12-30 16:55:31Z" duration="0.000159" asserts="0">
                  <properties>
                    <property name="retryIteration" value="0" />
                    <property name="repeatIteration" value="0" />
                  </properties>
                </test-case>
                <test-case id="1217" name="WhenCountingUsedBitsIn32BitValue_ResultMatchesHighBitSetPlusOne(24)" fullname="Unity.Netcode.EditorTests.BitCounterTests.WhenCountingUsedBitsIn32BitValue_ResultMatchesHighBitSetPlusOne(24)" methodname="WhenCountingUsedBitsIn32BitValue_ResultMatchesHighBitSetPlusOne" classname="Unity.Netcode.EditorTests.BitCounterTests" runstate="Runnable" seed="47590421" result="Passed" start-time="2025-12-30 16:55:31Z" end-time="2025-12-30 16:55:31Z" duration="0.000092" asserts="0">
                  <properties>
                    <property name="retryIteration" value="0" />
                    <property name="repeatIteration" value="0" />
                  </properties>
                </test-case>
                <test-case id="1218" name="WhenCountingUsedBitsIn32BitValue_ResultMatchesHighBitSetPlusOne(25)" fullname="Unity.Netcode.EditorTests.BitCounterTests.WhenCountingUsedBitsIn32BitValue_ResultMatchesHighBitSetPlusOne(25)" methodname="WhenCountingUsedBitsIn32BitValue_ResultMatchesHighBitSetPlusOne" classname="Unity.Netcode.EditorTests.BitCounterTests" runstate="Runnable" seed="904860286" result="Passed" start-time="2025-12-30 16:55:31Z" end-time="2025-12-30 16:55:31Z" duration="0.000186" asserts="0">
                  <properties>
                    <property name="retryIteration" value="0" />
                    <property name="repeatIteration" value="0" />
                  </properties>
                </test-case>
                <test-case id="1219" name="WhenCountingUsedBitsIn32BitValue_ResultMatchesHighBitSetPlusOne(26)" fullname="Unity.Netcode.EditorTests.BitCounterTests.WhenCountingUsedBitsIn32BitValue_ResultMatchesHighBitSetPlusOne(26)" methodname="WhenCountingUsedBitsIn32BitValue_ResultMatchesHighBitSetPlusOne" classname="Unity.Netcode.EditorTests.BitCounterTests" runstate="Runnable" seed="1756118403" result="Passed" start-time="2025-12-30 16:55:31Z" end-time="2025-12-30 16:55:31Z" duration="0.000134" asserts="0">
                  <properties>
                    <property name="retryIteration" value="0" />
                    <property name="repeatIteration" value="0" />
                  </properties>
                </test-case>
                <test-case id="1220" name="WhenCountingUsedBitsIn32BitValue_ResultMatchesHighBitSetPlusOne(27)" fullname="Unity.Netcode.EditorTests.BitCounterTests.WhenCountingUsedBitsIn32BitValue_ResultMatchesHighBitSetPlusOne(27)" methodname="WhenCountingUsedBitsIn32BitValue_ResultMatchesHighBitSetPlusOne" classname="Unity.Netcode.EditorTests.BitCounterTests" runstate="Runnable" seed="2032429453" result="Passed" start-time="2025-12-30 16:55:31Z" end-time="2025-12-30 16:55:31Z" duration="0.000148" asserts="0">
                  <properties>
                    <property name="retryIteration" value="0" />
                    <property name="repeatIteration" value="0" />
                  </properties>
                </test-case>
                <test-case id="1221" name="WhenCountingUsedBitsIn32BitValue_ResultMatchesHighBitSetPlusOne(28)" fullname="Unity.Netcode.EditorTests.BitCounterTests.WhenCountingUsedBitsIn32BitValue_ResultMatchesHighBitSetPlusOne(28)" methodname="WhenCountingUsedBitsIn32BitValue_ResultMatchesHighBitSetPlusOne" classname="Unity.Netcode.EditorTests.BitCounterTests" runstate="Runnable" seed="1546042319" result="Passed" start-time="2025-12-30 16:55:31Z" end-time="2025-12-30 16:55:31Z" duration="0.000154" asserts="0">
                  <properties>
                    <property name="retryIteration" value="0" />
                    <property name="repeatIteration" value="0" />
                  </properties>
                </test-case>
                <test-case id="1222" name="WhenCountingUsedBitsIn32BitValue_ResultMatchesHighBitSetPlusOne(29)" fullname="Unity.Netcode.EditorTests.BitCounterTests.WhenCountingUsedBitsIn32BitValue_ResultMatchesHighBitSetPlusOne(29)" methodname="WhenCountingUsedBitsIn32BitValue_ResultMatchesHighBitSetPlusOne" classname="Unity.Netcode.EditorTests.BitCounterTests" runstate="Runnable" seed="2022650660" result="Passed" start-time="2025-12-30 16:55:31Z" end-time="2025-12-30 16:55:31Z" duration="0.000169" asserts="0">
                  <properties>
                    <property name="retryIteration" value="0" />
                    <property name="repeatIteration" value="0" />
                  </properties>
                </test-case>
                <test-case id="1223" name="WhenCountingUsedBitsIn32BitValue_ResultMatchesHighBitSetPlusOne(30)" fullname="Unity.Netcode.EditorTests.BitCounterTests.WhenCountingUsedBitsIn32BitValue_ResultMatchesHighBitSetPlusOne(30)" methodname="WhenCountingUsedBitsIn32BitValue_ResultMatchesHighBitSetPlusOne" classname="Unity.Netcode.EditorTests.BitCounterTests" runstate="Runnable" seed="193264098" result="Passed" start-time="2025-12-30 16:55:31Z" end-time="2025-12-30 16:55:31Z" duration="0.000118" asserts="0">
                  <properties>
                    <property name="retryIteration" value="0" />
                    <property name="repeatIteration" value="0" />
                  </properties>
                </test-case>
                <test-case id="1224" name="WhenCountingUsedBitsIn32BitValue_ResultMatchesHighBitSetPlusOne(31)" fullname="Unity.Netcode.EditorTests.BitCounterTests.WhenCountingUsedBitsIn32BitValue_ResultMatchesHighBitSetPlusOne(31)" methodname="WhenCountingUsedBitsIn32BitValue_ResultMatchesHighBitSetPlusOne" classname="Unity.Netcode.EditorTests.BitCounterTests" runstate="Runnable" seed="371298286" result="Passed" start-time="2025-12-30 16:55:31Z" end-time="2025-12-30 16:55:31Z" duration="0.000114" asserts="0">
                  <properties>
                    <property name="retryIteration" value="0" />
                    <property name="repeatIteration" value="0" />
                  </properties>
                </test-case>
              </test-suite>
              <test-suite type="ParameterizedMethod" id="1192" name="WhenCountingUsedBitsIn64BitValue_ResultMatchesHighBitSetPlusOne" fullname="Unity.Netcode.EditorTests.BitCounterTests.WhenCountingUsedBitsIn64BitValue_ResultMatchesHighBitSetPlusOne" classname="Unity.Netcode.EditorTests.BitCounterTests" runstate="Runnable" testcasecount="64" result="Passed" start-time="2025-12-30 16:55:31Z" end-time="2025-12-30 16:55:31Z" duration="0.029831" total="64" passed="64" failed="0" inconclusive="0" skipped="0" asserts="0">
                <properties />
                <test-case id="1128" name="WhenCountingUsedBitsIn64BitValue_ResultMatchesHighBitSetPlusOne(0)" fullname="Unity.Netcode.EditorTests.BitCounterTests.WhenCountingUsedBitsIn64BitValue_ResultMatchesHighBitSetPlusOne(0)" methodname="WhenCountingUsedBitsIn64BitValue_ResultMatchesHighBitSetPlusOne" classname="Unity.Netcode.EditorTests.BitCounterTests" runstate="Runnable" seed="909066210" result="Passed" start-time="2025-12-30 16:55:31Z" end-time="2025-12-30 16:55:31Z" duration="0.000315" asserts="0">
                  <properties>
                    <property name="retryIteration" value="0" />
                    <property name="repeatIteration" value="0" />
                  </properties>
                </test-case>
                <test-case id="1129" name="WhenCountingUsedBitsIn64BitValue_ResultMatchesHighBitSetPlusOne(1)" fullname="Unity.Netcode.EditorTests.BitCounterTests.WhenCountingUsedBitsIn64BitValue_ResultMatchesHighBitSetPlusOne(1)" methodname="WhenCountingUsedBitsIn64BitValue_ResultMatchesHighBitSetPlusOne" classname="Unity.Netcode.EditorTests.BitCounterTests" runstate="Runnable" seed="1225159714" result="Passed" start-time="2025-12-30 16:55:31Z" end-time="2025-12-30 16:55:31Z" duration="0.000171" asserts="0">
                  <properties>
                    <property name="retryIteration" value="0" />
                    <property name="repeatIteration" value="0" />
                  </properties>
                </test-case>
                <test-case id="1130" name="WhenCountingUsedBitsIn64BitValue_ResultMatchesHighBitSetPlusOne(2)" fullname="Unity.Netcode.EditorTests.BitCounterTests.WhenCountingUsedBitsIn64BitValue_ResultMatchesHighBitSetPlusOne(2)" methodname="WhenCountingUsedBitsIn64BitValue_ResultMatchesHighBitSetPlusOne" classname="Unity.Netcode.EditorTests.BitCounterTests" runstate="Runnable" seed="1780146738" result="Passed" start-time="2025-12-30 16:55:31Z" end-time="2025-12-30 16:55:31Z" duration="0.000113" asserts="0">
                  <properties>
                    <property name="retryIteration" value="0" />
                    <property name="repeatIteration" value="0" />
                  </properties>
                </test-case>
                <test-case id="1131" name="WhenCountingUsedBitsIn64BitValue_ResultMatchesHighBitSetPlusOne(3)" fullname="Unity.Netcode.EditorTests.BitCounterTests.WhenCountingUsedBitsIn64BitValue_ResultMatchesHighBitSetPlusOne(3)" methodname="WhenCountingUsedBitsIn64BitValue_ResultMatchesHighBitSetPlusOne" classname="Unity.Netcode.EditorTests.BitCounterTests" runstate="Runnable" seed="982443771" result="Passed" start-time="2025-12-30 16:55:31Z" end-time="2025-12-30 16:55:31Z" duration="0.000095" asserts="0">
                  <properties>
                    <property name="retryIteration" value="0" />
                    <property name="repeatIteration" value="0" />
                  </properties>
                </test-case>
                <test-case id="1132" name="WhenCountingUsedBitsIn64BitValue_ResultMatchesHighBitSetPlusOne(4)" fullname="Unity.Netcode.EditorTests.BitCounterTests.WhenCountingUsedBitsIn64BitValue_ResultMatchesHighBitSetPlusOne(4)" methodname="WhenCountingUsedBitsIn64BitValue_ResultMatchesHighBitSetPlusOne" classname="Unity.Netcode.EditorTests.BitCounterTests" runstate="Runnable" seed="1728726513" result="Passed" start-time="2025-12-30 16:55:31Z" end-time="2025-12-30 16:55:31Z" duration="0.000171" asserts="0">
                  <properties>
                    <property name="retryIteration" value="0" />
                    <property name="repeatIteration" value="0" />
                  </properties>
                </test-case>
                <test-case id="1133" name="WhenCountingUsedBitsIn64BitValue_ResultMatchesHighBitSetPlusOne(5)" fullname="Unity.Netcode.EditorTests.BitCounterTests.WhenCountingUsedBitsIn64BitValue_ResultMatchesHighBitSetPlusOne(5)" methodname="WhenCountingUsedBitsIn64BitValue_ResultMatchesHighBitSetPlusOne" classname="Unity.Netcode.EditorTests.BitCounterTests" runstate="Runnable" seed="1995401696" result="Passed" start-time="2025-12-30 16:55:31Z" end-time="2025-12-30 16:55:31Z" duration="0.000135" asserts="0">
                  <properties>
                    <property name="retryIteration" value="0" />
                    <property name="repeatIteration" value="0" />
                  </properties>
                </test-case>
                <test-case id="1134" name="WhenCountingUsedBitsIn64BitValue_ResultMatchesHighBitSetPlusOne(6)" fullname="Unity.Netcode.EditorTests.BitCounterTests.WhenCountingUsedBitsIn64BitValue_ResultMatchesHighBitSetPlusOne(6)" methodname="WhenCountingUsedBitsIn64BitValue_ResultMatchesHighBitSetPlusOne" classname="Unity.Netcode.EditorTests.BitCounterTests" runstate="Runnable" seed="1718096325" result="Passed" start-time="2025-12-30 16:55:31Z" end-time="2025-12-30 16:55:31Z" duration="0.000114" asserts="0">
                  <properties>
                    <property name="retryIteration" value="0" />
                    <property name="repeatIteration" value="0" />
                  </properties>
                </test-case>
                <test-case id="1135" name="WhenCountingUsedBitsIn64BitValue_ResultMatchesHighBitSetPlusOne(7)" fullname="Unity.Netcode.EditorTests.BitCounterTests.WhenCountingUsedBitsIn64BitValue_ResultMatchesHighBitSetPlusOne(7)" methodname="WhenCountingUsedBitsIn64BitValue_ResultMatchesHighBitSetPlusOne" classname="Unity.Netcode.EditorTests.BitCounterTests" runstate="Runnable" seed="670182476" result="Passed" start-time="2025-12-30 16:55:31Z" end-time="2025-12-30 16:55:31Z" duration="0.000189" asserts="0">
                  <properties>
                    <property name="retryIteration" value="0" />
                    <property name="repeatIteration" value="0" />
                  </properties>
                </test-case>
                <test-case id="1136" name="WhenCountingUsedBitsIn64BitValue_ResultMatchesHighBitSetPlusOne(8)" fullname="Unity.Netcode.EditorTests.BitCounterTests.WhenCountingUsedBitsIn64BitValue_ResultMatchesHighBitSetPlusOne(8)" methodname="WhenCountingUsedBitsIn64BitValue_ResultMatchesHighBitSetPlusOne" classname="Unity.Netcode.EditorTests.BitCounterTests" runstate="Runnable" seed="2019052922" result="Passed" start-time="2025-12-30 16:55:31Z" end-time="2025-12-30 16:55:31Z" duration="0.000139" asserts="0">
                  <properties>
                    <property name="retryIteration" value="0" />
                    <property name="repeatIteration" value="0" />
                  </properties>
                </test-case>
                <test-case id="1137" name="WhenCountingUsedBitsIn64BitValue_ResultMatchesHighBitSetPlusOne(9)" fullname="Unity.Netcode.EditorTests.BitCounterTests.WhenCountingUsedBitsIn64BitValue_ResultMatchesHighBitSetPlusOne(9)" methodname="WhenCountingUsedBitsIn64BitValue_ResultMatchesHighBitSetPlusOne" classname="Unity.Netcode.EditorTests.BitCounterTests" runstate="Runnable" seed="285389028" result="Passed" start-time="2025-12-30 16:55:31Z" end-time="2025-12-30 16:55:31Z" duration="0.000226" asserts="0">
                  <properties>
                    <property name="retryIteration" value="0" />
                    <property name="repeatIteration" value="0" />
                  </properties>
                </test-case>
                <test-case id="1138" name="WhenCountingUsedBitsIn64BitValue_ResultMatchesHighBitSetPlusOne(10)" fullname="Unity.Netcode.EditorTests.BitCounterTests.WhenCountingUsedBitsIn64BitValue_ResultMatchesHighBitSetPlusOne(10)" methodname="WhenCountingUsedBitsIn64BitValue_ResultMatchesHighBitSetPlusOne" classname="Unity.Netcode.EditorTests.BitCounterTests" runstate="Runnable" seed="885834184" result="Passed" start-time="2025-12-30 16:55:31Z" end-time="2025-12-30 16:55:31Z" duration="0.000156" asserts="0">
                  <properties>
                    <property name="retryIteration" value="0" />
                    <property name="repeatIteration" value="0" />
                  </properties>
                </test-case>
                <test-case id="1139" name="WhenCountingUsedBitsIn64BitValue_ResultMatchesHighBitSetPlusOne(11)" fullname="Unity.Netcode.EditorTests.BitCounterTests.WhenCountingUsedBitsIn64BitValue_ResultMatchesHighBitSetPlusOne(11)" methodname="WhenCountingUsedBitsIn64BitValue_ResultMatchesHighBitSetPlusOne" classname="Unity.Netcode.EditorTests.BitCounterTests" runstate="Runnable" seed="1148504025" result="Passed" start-time="2025-12-30 16:55:31Z" end-time="2025-12-30 16:55:31Z" duration="0.000130" asserts="0">
                  <properties>
                    <property name="retryIteration" value="0" />
                    <property name="repeatIteration" value="0" />
                  </properties>
                </test-case>
                <test-case id="1140" name="WhenCountingUsedBitsIn64BitValue_ResultMatchesHighBitSetPlusOne(12)" fullname="Unity.Netcode.EditorTests.BitCounterTests.WhenCountingUsedBitsIn64BitValue_ResultMatchesHighBitSetPlusOne(12)" methodname="WhenCountingUsedBitsIn64BitValue_ResultMatchesHighBitSetPlusOne" classname="Unity.Netcode.EditorTests.BitCounterTests" runstate="Runnable" seed="1390045504" result="Passed" start-time="2025-12-30 16:55:31Z" end-time="2025-12-30 16:55:31Z" duration="0.000116" asserts="0">
                  <properties>
                    <property name="retryIteration" value="0" />
                    <property name="repeatIteration" value="0" />
                  </properties>
                </test-case>
                <test-case id="1141" name="WhenCountingUsedBitsIn64BitValue_ResultMatchesHighBitSetPlusOne(13)" fullname="Unity.Netcode.EditorTests.BitCounterTests.WhenCountingUsedBitsIn64BitValue_ResultMatchesHighBitSetPlusOne(13)" methodname="WhenCountingUsedBitsIn64BitValue_ResultMatchesHighBitSetPlusOne" classname="Unity.Netcode.EditorTests.BitCounterTests" runstate="Runnable" seed="2056231885" result="Passed" start-time="2025-12-30 16:55:31Z" end-time="2025-12-30 16:55:31Z" duration="0.000096" asserts="0">
                  <properties>
                    <property name="retryIteration" value="0" />
                    <property name="repeatIteration" value="0" />
                  </properties>
                </test-case>
                <test-case id="1142" name="WhenCountingUsedBitsIn64BitValue_ResultMatchesHighBitSetPlusOne(14)" fullname="Unity.Netcode.EditorTests.BitCounterTests.WhenCountingUsedBitsIn64BitValue_ResultMatchesHighBitSetPlusOne(14)" methodname="WhenCountingUsedBitsIn64BitValue_ResultMatchesHighBitSetPlusOne" classname="Unity.Netcode.EditorTests.BitCounterTests" runstate="Runnable" seed="1883781393" result="Passed" start-time="2025-12-30 16:55:31Z" end-time="2025-12-30 16:55:31Z" duration="0.000153" asserts="0">
                  <properties>
                    <property name="retryIteration" value="0" />
                    <property name="repeatIteration" value="0" />
                  </properties>
                </test-case>
                <test-case id="1143" name="WhenCountingUsedBitsIn64BitValue_ResultMatchesHighBitSetPlusOne(15)" fullname="Unity.Netcode.EditorTests.BitCounterTests.WhenCountingUsedBitsIn64BitValue_ResultMatchesHighBitSetPlusOne(15)" methodname="WhenCountingUsedBitsIn64BitValue_ResultMatchesHighBitSetPlusOne" classname="Unity.Netcode.EditorTests.BitCounterTests" runstate="Runnable" seed="1368093649" result="Passed" start-time="2025-12-30 16:55:31Z" end-time="2025-12-30 16:55:31Z" duration="0.000084" asserts="0">
                  <properties>
                    <property name="retryIteration" value="0" />
                    <property name="repeatIteration" value="0" />
                  </properties>
                </test-case>
                <test-case id="1144" name="WhenCountingUsedBitsIn64BitValue_ResultMatchesHighBitSetPlusOne(16)" fullname="Unity.Netcode.EditorTests.BitCounterTests.WhenCountingUsedBitsIn64BitValue_ResultMatchesHighBitSetPlusOne(16)" methodname="WhenCountingUsedBitsIn64BitValue_ResultMatchesHighBitSetPlusOne" classname="Unity.Netcode.EditorTests.BitCounterTests" runstate="Runnable" seed="2132762089" result="Passed" start-time="2025-12-30 16:55:31Z" end-time="2025-12-30 16:55:31Z" duration="0.000078" asserts="0">
                  <properties>
                    <property name="retryIteration" value="0" />
                    <property name="repeatIteration" value="0" />
                  </properties>
                </test-case>
                <test-case id="1145" name="WhenCountingUsedBitsIn64BitValue_ResultMatchesHighBitSetPlusOne(17)" fullname="Unity.Netcode.EditorTests.BitCounterTests.WhenCountingUsedBitsIn64BitValue_ResultMatchesHighBitSetPlusOne(17)" methodname="WhenCountingUsedBitsIn64BitValue_ResultMatchesHighBitSetPlusOne" classname="Unity.Netcode.EditorTests.BitCounterTests" runstate="Runnable" seed="26464410" result="Passed" start-time="2025-12-30 16:55:31Z" end-time="2025-12-30 16:55:31Z" duration="0.000134" asserts="0">
                  <properties>
                    <property name="retryIteration" value="0" />
                    <property name="repeatIteration" value="0" />
                  </properties>
                </test-case>
                <test-case id="1146" name="WhenCountingUsedBitsIn64BitValue_ResultMatchesHighBitSetPlusOne(18)" fullname="Unity.Netcode.EditorTests.BitCounterTests.WhenCountingUsedBitsIn64BitValue_ResultMatchesHighBitSetPlusOne(18)" methodname="WhenCountingUsedBitsIn64BitValue_ResultMatchesHighBitSetPlusOne" classname="Unity.Netcode.EditorTests.BitCounterTests" runstate="Runnable" seed="63547907" result="Passed" start-time="2025-12-30 16:55:31Z" end-time="2025-12-30 16:55:31Z" duration="0.000094" asserts="0">
                  <properties>
                    <property name="retryIteration" value="0" />
                    <property name="repeatIteration" value="0" />
                  </properties>
                </test-case>
                <test-case id="1147" name="WhenCountingUsedBitsIn64BitValue_ResultMatchesHighBitSetPlusOne(19)" fullname="Unity.Netcode.EditorTests.BitCounterTests.WhenCountingUsedBitsIn64BitValue_ResultMatchesHighBitSetPlusOne(19)" methodname="WhenCountingUsedBitsIn64BitValue_ResultMatchesHighBitSetPlusOne" classname="Unity.Netcode.EditorTests.BitCounterTests" runstate="Runnable" seed="1420381266" result="Passed" start-time="2025-12-30 16:55:31Z" end-time="2025-12-30 16:55:31Z" duration="0.000090" asserts="0">
                  <properties>
                    <property name="retryIteration" value="0" />
                    <property name="repeatIteration" value="0" />
                  </properties>
                </test-case>
                <test-case id="1148" name="WhenCountingUsedBitsIn64BitValue_ResultMatchesHighBitSetPlusOne(20)" fullname="Unity.Netcode.EditorTests.BitCounterTests.WhenCountingUsedBitsIn64BitValue_ResultMatchesHighBitSetPlusOne(20)" methodname="WhenCountingUsedBitsIn64BitValue_ResultMatchesHighBitSetPlusOne" classname="Unity.Netcode.EditorTests.BitCounterTests" runstate="Runnable" seed="75527075" result="Passed" start-time="2025-12-30 16:55:31Z" end-time="2025-12-30 16:55:31Z" duration="0.000090" asserts="0">
                  <properties>
                    <property name="retryIteration" value="0" />
                    <property name="repeatIteration" value="0" />
                  </properties>
                </test-case>
                <test-case id="1149" name="WhenCountingUsedBitsIn64BitValue_ResultMatchesHighBitSetPlusOne(21)" fullname="Unity.Netcode.EditorTests.BitCounterTests.WhenCountingUsedBitsIn64BitValue_ResultMatchesHighBitSetPlusOne(21)" methodname="WhenCountingUsedBitsIn64BitValue_ResultMatchesHighBitSetPlusOne" classname="Unity.Netcode.EditorTests.BitCounterTests" runstate="Runnable" seed="647573781" result="Passed" start-time="2025-12-30 16:55:31Z" end-time="2025-12-30 16:55:31Z" duration="0.000107" asserts="0">
                  <properties>
                    <property name="retryIteration" value="0" />
                    <property name="repeatIteration" value="0" />
                  </properties>
                </test-case>
                <test-case id="1150" name="WhenCountingUsedBitsIn64BitValue_ResultMatchesHighBitSetPlusOne(22)" fullname="Unity.Netcode.EditorTests.BitCounterTests.WhenCountingUsedBitsIn64BitValue_ResultMatchesHighBitSetPlusOne(22)" methodname="WhenCountingUsedBitsIn64BitValue_ResultMatchesHighBitSetPlusOne" classname="Unity.Netcode.EditorTests.BitCounterTests" runstate="Runnable" seed="346037686" result="Passed" start-time="2025-12-30 16:55:31Z" end-time="2025-12-30 16:55:31Z" duration="0.000092" asserts="0">
                  <properties>
                    <property name="retryIteration" value="0" />
                    <property name="repeatIteration" value="0" />
                  </properties>
                </test-case>
                <test-case id="1151" name="WhenCountingUsedBitsIn64BitValue_ResultMatchesHighBitSetPlusOne(23)" fullname="Unity.Netcode.EditorTests.BitCounterTests.WhenCountingUsedBitsIn64BitValue_ResultMatchesHighBitSetPlusOne(23)" methodname="WhenCountingUsedBitsIn64BitValue_ResultMatchesHighBitSetPlusOne" classname="Unity.Netcode.EditorTests.BitCounterTests" runstate="Runnable" seed="300459991" result="Passed" start-time="2025-12-30 16:55:31Z" end-time="2025-12-30 16:55:31Z" duration="0.000094" asserts="0">
                  <properties>
                    <property name="retryIteration" value="0" />
                    <property name="repeatIteration" value="0" />
                  </properties>
                </test-case>
                <test-case id="1152" name="WhenCountingUsedBitsIn64BitValue_ResultMatchesHighBitSetPlusOne(24)" fullname="Unity.Netcode.EditorTests.BitCounterTests.WhenCountingUsedBitsIn64BitValue_ResultMatchesHighBitSetPlusOne(24)" methodname="WhenCountingUsedBitsIn64BitValue_ResultMatchesHighBitSetPlusOne" classname="Unity.Netcode.EditorTests.BitCounterTests" runstate="Runnable" seed="906871004" result="Passed" start-time="2025-12-30 16:55:31Z" end-time="2025-12-30 16:55:31Z" duration="0.000084" asserts="0">
                  <properties>
                    <property name="retryIteration" value="0" />
                    <property name="repeatIteration" value="0" />
                  </properties>
                </test-case>
                <test-case id="1153" name="WhenCountingUsedBitsIn64BitValue_ResultMatchesHighBitSetPlusOne(25)" fullname="Unity.Netcode.EditorTests.BitCounterTests.WhenCountingUsedBitsIn64BitValue_ResultMatchesHighBitSetPlusOne(25)" methodname="WhenCountingUsedBitsIn64BitValue_ResultMatchesHighBitSetPlusOne" classname="Unity.Netcode.EditorTests.BitCounterTests" runstate="Runnable" seed="665947421" result="Passed" start-time="2025-12-30 16:55:31Z" end-time="2025-12-30 16:55:31Z" duration="0.000128" asserts="0">
                  <properties>
                    <property name="retryIteration" value="0" />
                    <property name="repeatIteration" value="0" />
                  </properties>
                </test-case>
                <test-case id="1154" name="WhenCountingUsedBitsIn64BitValue_ResultMatchesHighBitSetPlusOne(26)" fullname="Unity.Netcode.EditorTests.BitCounterTests.WhenCountingUsedBitsIn64BitValue_ResultMatchesHighBitSetPlusOne(26)" methodname="WhenCountingUsedBitsIn64BitValue_ResultMatchesHighBitSetPlusOne" classname="Unity.Netcode.EditorTests.BitCounterTests" runstate="Runnable" seed="2089529419" result="Passed" start-time="2025-12-30 16:55:31Z" end-time="2025-12-30 16:55:31Z" duration="0.000080" asserts="0">
                  <properties>
                    <property name="retryIteration" value="0" />
                    <property name="repeatIteration" value="0" />
                  </properties>
                </test-case>
                <test-case id="1155" name="WhenCountingUsedBitsIn64BitValue_ResultMatchesHighBitSetPlusOne(27)" fullname="Unity.Netcode.EditorTests.BitCounterTests.WhenCountingUsedBitsIn64BitValue_ResultMatchesHighBitSetPlusOne(27)" methodname="WhenCountingUsedBitsIn64BitValue_ResultMatchesHighBitSetPlusOne" classname="Unity.Netcode.EditorTests.BitCounterTests" runstate="Runnable" seed="1638402301" result="Passed" start-time="2025-12-30 16:55:31Z" end-time="2025-12-30 16:55:31Z" duration="0.000105" asserts="0">
                  <properties>
                    <property name="retryIteration" value="0" />
                    <property name="repeatIteration" value="0" />
                  </properties>
                </test-case>
                <test-case id="1156" name="WhenCountingUsedBitsIn64BitValue_ResultMatchesHighBitSetPlusOne(28)" fullname="Unity.Netcode.EditorTests.BitCounterTests.WhenCountingUsedBitsIn64BitValue_ResultMatchesHighBitSetPlusOne(28)" methodname="WhenCountingUsedBitsIn64BitValue_ResultMatchesHighBitSetPlusOne" classname="Unity.Netcode.EditorTests.BitCounterTests" runstate="Runnable" seed="661106873" result="Passed" start-time="2025-12-30 16:55:31Z" end-time="2025-12-30 16:55:31Z" duration="0.000080" asserts="0">
                  <properties>
                    <property name="retryIteration" value="0" />
                    <property name="repeatIteration" value="0" />
                  </properties>
                </test-case>
                <test-case id="1157" name="WhenCountingUsedBitsIn64BitValue_ResultMatchesHighBitSetPlusOne(29)" fullname="Unity.Netcode.EditorTests.BitCounterTests.WhenCountingUsedBitsIn64BitValue_ResultMatchesHighBitSetPlusOne(29)" methodname="WhenCountingUsedBitsIn64BitValue_ResultMatchesHighBitSetPlusOne" classname="Unity.Netcode.EditorTests.BitCounterTests" runstate="Runnable" seed="125953480" result="Passed" start-time="2025-12-30 16:55:31Z" end-time="2025-12-30 16:55:31Z" duration="0.000105" asserts="0">
                  <properties>
                    <property name="retryIteration" value="0" />
                    <property name="repeatIteration" value="0" />
                  </properties>
                </test-case>
                <test-case id="1158" name="WhenCountingUsedBitsIn64BitValue_ResultMatchesHighBitSetPlusOne(30)" fullname="Unity.Netcode.EditorTests.BitCounterTests.WhenCountingUsedBitsIn64BitValue_ResultMatchesHighBitSetPlusOne(30)" methodname="WhenCountingUsedBitsIn64BitValue_ResultMatchesHighBitSetPlusOne" classname="Unity.Netcode.EditorTests.BitCounterTests" runstate="Runnable" seed="1587846171" result="Passed" start-time="2025-12-30 16:55:31Z" end-time="2025-12-30 16:55:31Z" duration="0.000202" asserts="0">
                  <properties>
                    <property name="retryIteration" value="0" />
                    <property name="repeatIteration" value="0" />
                  </properties>
                </test-case>
                <test-case id="1159" name="WhenCountingUsedBitsIn64BitValue_ResultMatchesHighBitSetPlusOne(31)" fullname="Unity.Netcode.EditorTests.BitCounterTests.WhenCountingUsedBitsIn64BitValue_ResultMatchesHighBitSetPlusOne(31)" methodname="WhenCountingUsedBitsIn64BitValue_ResultMatchesHighBitSetPlusOne" classname="Unity.Netcode.EditorTests.BitCounterTests" runstate="Runnable" seed="1617231654" result="Passed" start-time="2025-12-30 16:55:31Z" end-time="2025-12-30 16:55:31Z" duration="0.000124" asserts="0">
                  <properties>
                    <property name="retryIteration" value="0" />
                    <property name="repeatIteration" value="0" />
                  </properties>
                </test-case>
                <test-case id="1160" name="WhenCountingUsedBitsIn64BitValue_ResultMatchesHighBitSetPlusOne(32)" fullname="Unity.Netcode.EditorTests.BitCounterTests.WhenCountingUsedBitsIn64BitValue_ResultMatchesHighBitSetPlusOne(32)" methodname="WhenCountingUsedBitsIn64BitValue_ResultMatchesHighBitSetPlusOne" classname="Unity.Netcode.EditorTests.BitCounterTests" runstate="Runnable" seed="811449099" result="Passed" start-time="2025-12-30 16:55:31Z" end-time="2025-12-30 16:55:31Z" duration="0.000179" asserts="0">
                  <properties>
                    <property name="retryIteration" value="0" />
                    <property name="repeatIteration" value="0" />
                  </properties>
                </test-case>
                <test-case id="1161" name="WhenCountingUsedBitsIn64BitValue_ResultMatchesHighBitSetPlusOne(33)" fullname="Unity.Netcode.EditorTests.BitCounterTests.WhenCountingUsedBitsIn64BitValue_ResultMatchesHighBitSetPlusOne(33)" methodname="WhenCountingUsedBitsIn64BitValue_ResultMatchesHighBitSetPlusOne" classname="Unity.Netcode.EditorTests.BitCounterTests" runstate="Runnable" seed="1536342157" result="Passed" start-time="2025-12-30 16:55:31Z" end-time="2025-12-30 16:55:31Z" duration="0.000101" asserts="0">
                  <properties>
                    <property name="retryIteration" value="0" />
                    <property name="repeatIteration" value="0" />
                  </properties>
                </test-case>
                <test-case id="1162" name="WhenCountingUsedBitsIn64BitValue_ResultMatchesHighBitSetPlusOne(34)" fullname="Unity.Netcode.EditorTests.BitCounterTests.WhenCountingUsedBitsIn64BitValue_ResultMatchesHighBitSetPlusOne(34)" methodname="WhenCountingUsedBitsIn64BitValue_ResultMatchesHighBitSetPlusOne" classname="Unity.Netcode.EditorTests.BitCounterTests" runstate="Runnable" seed="388127466" result="Passed" start-time="2025-12-30 16:55:31Z" end-time="2025-12-30 16:55:31Z" duration="0.000112" asserts="0">
                  <properties>
                    <property name="retryIteration" value="0" />
                    <property name="repeatIteration" value="0" />
                  </properties>
                </test-case>
                <test-case id="1163" name="WhenCountingUsedBitsIn64BitValue_ResultMatchesHighBitSetPlusOne(35)" fullname="Unity.Netcode.EditorTests.BitCounterTests.WhenCountingUsedBitsIn64BitValue_ResultMatchesHighBitSetPlusOne(35)" methodname="WhenCountingUsedBitsIn64BitValue_ResultMatchesHighBitSetPlusOne" classname="Unity.Netcode.EditorTests.BitCounterTests" runstate="Runnable" seed="929113242" result="Passed" start-time="2025-12-30 16:55:31Z" end-time="2025-12-30 16:55:31Z" duration="0.000095" asserts="0">
                  <properties>
                    <property name="retryIteration" value="0" />
                    <property name="repeatIteration" value="0" />
                  </properties>
                </test-case>
                <test-case id="1164" name="WhenCountingUsedBitsIn64BitValue_ResultMatchesHighBitSetPlusOne(36)" fullname="Unity.Netcode.EditorTests.BitCounterTests.WhenCountingUsedBitsIn64BitValue_ResultMatchesHighBitSetPlusOne(36)" methodname="WhenCountingUsedBitsIn64BitValue_ResultMatchesHighBitSetPlusOne" classname="Unity.Netcode.EditorTests.BitCounterTests" runstate="Runnable" seed="711105939" result="Passed" start-time="2025-12-30 16:55:31Z" end-time="2025-12-30 16:55:31Z" duration="0.000087" asserts="0">
                  <properties>
                    <property name="retryIteration" value="0" />
                    <property name="repeatIteration" value="0" />
                  </properties>
                </test-case>
                <test-case id="1165" name="WhenCountingUsedBitsIn64BitValue_ResultMatchesHighBitSetPlusOne(37)" fullname="Unity.Netcode.EditorTests.BitCounterTests.WhenCountingUsedBitsIn64BitValue_ResultMatchesHighBitSetPlusOne(37)" methodname="WhenCountingUsedBitsIn64BitValue_ResultMatchesHighBitSetPlusOne" classname="Unity.Netcode.EditorTests.BitCounterTests" runstate="Runnable" seed="1733397801" result="Passed" start-time="2025-12-30 16:55:31Z" end-time="2025-12-30 16:55:31Z" duration="0.000094" asserts="0">
                  <properties>
                    <property name="retryIteration" value="0" />
                    <property name="repeatIteration" value="0" />
                  </properties>
                </test-case>
                <test-case id="1166" name="WhenCountingUsedBitsIn64BitValue_ResultMatchesHighBitSetPlusOne(38)" fullname="Unity.Netcode.EditorTests.BitCounterTests.WhenCountingUsedBitsIn64BitValue_ResultMatchesHighBitSetPlusOne(38)" methodname="WhenCountingUsedBitsIn64BitValue_ResultMatchesHighBitSetPlusOne" classname="Unity.Netcode.EditorTests.BitCounterTests" runstate="Runnable" seed="1227599625" result="Passed" start-time="2025-12-30 16:55:31Z" end-time="2025-12-30 16:55:31Z" duration="0.000092" asserts="0">
                  <properties>
                    <property name="retryIteration" value="0" />
                    <property name="repeatIteration" value="0" />
                  </properties>
                </test-case>
                <test-case id="1167" name="WhenCountingUsedBitsIn64BitValue_ResultMatchesHighBitSetPlusOne(39)" fullname="Unity.Netcode.EditorTests.BitCounterTests.WhenCountingUsedBitsIn64BitValue_ResultMatchesHighBitSetPlusOne(39)" methodname="WhenCountingUsedBitsIn64BitValue_ResultMatchesHighBitSetPlusOne" classname="Unity.Netcode.EditorTests.BitCounterTests" runstate="Runnable" seed="871840579" result="Passed" start-time="2025-12-30 16:55:31Z" end-time="2025-12-30 16:55:31Z" duration="0.000084" asserts="0">
                  <properties>
                    <property name="retryIteration" value="0" />
                    <property name="repeatIteration" value="0" />
                  </properties>
                </test-case>
                <test-case id="1168" name="WhenCountingUsedBitsIn64BitValue_ResultMatchesHighBitSetPlusOne(40)" fullname="Unity.Netcode.EditorTests.BitCounterTests.WhenCountingUsedBitsIn64BitValue_ResultMatchesHighBitSetPlusOne(40)" methodname="WhenCountingUsedBitsIn64BitValue_ResultMatchesHighBitSetPlusOne" classname="Unity.Netcode.EditorTests.BitCounterTests" runstate="Runnable" seed="1844159695" result="Passed" start-time="2025-12-30 16:55:31Z" end-time="2025-12-30 16:55:31Z" duration="0.000086" asserts="0">
                  <properties>
                    <property name="retryIteration" value="0" />
                    <property name="repeatIteration" value="0" />
                  </properties>
                </test-case>
                <test-case id="1169" name="WhenCountingUsedBitsIn64BitValue_ResultMatchesHighBitSetPlusOne(41)" fullname="Unity.Netcode.EditorTests.BitCounterTests.WhenCountingUsedBitsIn64BitValue_ResultMatchesHighBitSetPlusOne(41)" methodname="WhenCountingUsedBitsIn64BitValue_ResultMatchesHighBitSetPlusOne" classname="Unity.Netcode.EditorTests.BitCounterTests" runstate="Runnable" seed="1146503822" result="Passed" start-time="2025-12-30 16:55:31Z" end-time="2025-12-30 16:55:31Z" duration="0.000057" asserts="0">
                  <properties>
                    <property name="retryIteration" value="0" />
                    <property name="repeatIteration" value="0" />
                  </properties>
                </test-case>
                <test-case id="1170" name="WhenCountingUsedBitsIn64BitValue_ResultMatchesHighBitSetPlusOne(42)" fullname="Unity.Netcode.EditorTests.BitCounterTests.WhenCountingUsedBitsIn64BitValue_ResultMatchesHighBitSetPlusOne(42)" methodname="WhenCountingUsedBitsIn64BitValue_ResultMatchesHighBitSetPlusOne" classname="Unity.Netcode.EditorTests.BitCounterTests" runstate="Runnable" seed="1133718757" result="Passed" start-time="2025-12-30 16:55:31Z" end-time="2025-12-30 16:55:31Z" duration="0.000056" asserts="0">
                  <properties>
                    <property name="retryIteration" value="0" />
                    <property name="repeatIteration" value="0" />
                  </properties>
                </test-case>
                <test-case id="1171" name="WhenCountingUsedBitsIn64BitValue_ResultMatchesHighBitSetPlusOne(43)" fullname="Unity.Netcode.EditorTests.BitCounterTests.WhenCountingUsedBitsIn64BitValue_ResultMatchesHighBitSetPlusOne(43)" methodname="WhenCountingUsedBitsIn64BitValue_ResultMatchesHighBitSetPlusOne" classname="Unity.Netcode.EditorTests.BitCounterTests" runstate="Runnable" seed="1973510913" result="Passed" start-time="2025-12-30 16:55:31Z" end-time="2025-12-30 16:55:31Z" duration="0.000061" asserts="0">
                  <properties>
                    <property name="retryIteration" value="0" />
                    <property name="repeatIteration" value="0" />
                  </properties>
                </test-case>
                <test-case id="1172" name="WhenCountingUsedBitsIn64BitValue_ResultMatchesHighBitSetPlusOne(44)" fullname="Unity.Netcode.EditorTests.BitCounterTests.WhenCountingUsedBitsIn64BitValue_ResultMatchesHighBitSetPlusOne(44)" methodname="WhenCountingUsedBitsIn64BitValue_ResultMatchesHighBitSetPlusOne" classname="Unity.Netcode.EditorTests.BitCounterTests" runstate="Runnable" seed="1596492262" result="Passed" start-time="2025-12-30 16:55:31Z" end-time="2025-12-30 16:55:31Z" duration="0.001346" asserts="0">
                  <properties>
                    <property name="retryIteration" value="0" />
                    <property name="repeatIteration" value="0" />
                  </properties>
                </test-case>
                <test-case id="1173" name="WhenCountingUsedBitsIn64BitValue_ResultMatchesHighBitSetPlusOne(45)" fullname="Unity.Netcode.EditorTests.BitCounterTests.WhenCountingUsedBitsIn64BitValue_ResultMatchesHighBitSetPlusOne(45)" methodname="WhenCountingUsedBitsIn64BitValue_ResultMatchesHighBitSetPlusOne" classname="Unity.Netcode.EditorTests.BitCounterTests" runstate="Runnable" seed="354658951" result="Passed" start-time="2025-12-30 16:55:31Z" end-time="2025-12-30 16:55:31Z" duration="0.000103" asserts="0">
                  <properties>
                    <property name="retryIteration" value="0" />
                    <property name="repeatIteration" value="0" />
                  </properties>
                </test-case>
                <test-case id="1174" name="WhenCountingUsedBitsIn64BitValue_ResultMatchesHighBitSetPlusOne(46)" fullname="Unity.Netcode.EditorTests.BitCounterTests.WhenCountingUsedBitsIn64BitValue_ResultMatchesHighBitSetPlusOne(46)" methodname="WhenCountingUsedBitsIn64BitValue_ResultMatchesHighBitSetPlusOne" classname="Unity.Netcode.EditorTests.BitCounterTests" runstate="Runnable" seed="501305155" result="Passed" start-time="2025-12-30 16:55:31Z" end-time="2025-12-30 16:55:31Z" duration="0.000104" asserts="0">
                  <properties>
                    <property name="retryIteration" value="0" />
                    <property name="repeatIteration" value="0" />
                  </properties>
                </test-case>
                <test-case id="1175" name="WhenCountingUsedBitsIn64BitValue_ResultMatchesHighBitSetPlusOne(47)" fullname="Unity.Netcode.EditorTests.BitCounterTests.WhenCountingUsedBitsIn64BitValue_ResultMatchesHighBitSetPlusOne(47)" methodname="WhenCountingUsedBitsIn64BitValue_ResultMatchesHighBitSetPlusOne" classname="Unity.Netcode.EditorTests.BitCounterTests" runstate="Runnable" seed="1197831367" result="Passed" start-time="2025-12-30 16:55:31Z" end-time="2025-12-30 16:55:31Z" duration="0.000139" asserts="0">
                  <properties>
                    <property name="retryIteration" value="0" />
                    <property name="repeatIteration" value="0" />
                  </properties>
                </test-case>
                <test-case id="1176" name="WhenCountingUsedBitsIn64BitValue_ResultMatchesHighBitSetPlusOne(48)" fullname="Unity.Netcode.EditorTests.BitCounterTests.WhenCountingUsedBitsIn64BitValue_ResultMatchesHighBitSetPlusOne(48)" methodname="WhenCountingUsedBitsIn64BitValue_ResultMatchesHighBitSetPlusOne" classname="Unity.Netcode.EditorTests.BitCounterTests" runstate="Runnable" seed="1887223317" result="Passed" start-time="2025-12-30 16:55:31Z" end-time="2025-12-30 16:55:31Z" duration="0.000075" asserts="0">
                  <properties>
                    <property name="retryIteration" value="0" />
                    <property name="repeatIteration" value="0" />
                  </properties>
                </test-case>
                <test-case id="1177" name="WhenCountingUsedBitsIn64BitValue_ResultMatchesHighBitSetPlusOne(49)" fullname="Unity.Netcode.EditorTests.BitCounterTests.WhenCountingUsedBitsIn64BitValue_ResultMatchesHighBitSetPlusOne(49)" methodname="WhenCountingUsedBitsIn64BitValue_ResultMatchesHighBitSetPlusOne" classname="Unity.Netcode.EditorTests.BitCounterTests" runstate="Runnable" seed="1513783809" result="Passed" start-time="2025-12-30 16:55:31Z" end-time="2025-12-30 16:55:31Z" duration="0.000078" asserts="0">
                  <properties>
                    <property name="retryIteration" value="0" />
                    <property name="repeatIteration" value="0" />
                  </properties>
                </test-case>
                <test-case id="1178" name="WhenCountingUsedBitsIn64BitValue_ResultMatchesHighBitSetPlusOne(50)" fullname="Unity.Netcode.EditorTests.BitCounterTests.WhenCountingUsedBitsIn64BitValue_ResultMatchesHighBitSetPlusOne(50)" methodname="WhenCountingUsedBitsIn64BitValue_ResultMatchesHighBitSetPlusOne" classname="Unity.Netcode.EditorTests.BitCounterTests" runstate="Runnable" seed="1601087674" result="Passed" start-time="2025-12-30 16:55:31Z" end-time="2025-12-30 16:55:31Z" duration="0.000076" asserts="0">
                  <properties>
                    <property name="retryIteration" value="0" />
                    <property name="repeatIteration" value="0" />
                  </properties>
                </test-case>
                <test-case id="1179" name="WhenCountingUsedBitsIn64BitValue_ResultMatchesHighBitSetPlusOne(51)" fullname="Unity.Netcode.EditorTests.BitCounterTests.WhenCountingUsedBitsIn64BitValue_ResultMatchesHighBitSetPlusOne(51)" methodname="WhenCountingUsedBitsIn64BitValue_ResultMatchesHighBitSetPlusOne" classname="Unity.Netcode.EditorTests.BitCounterTests" runstate="Runnable" seed="924145799" result="Passed" start-time="2025-12-30 16:55:31Z" end-time="2025-12-30 16:55:31Z" duration="0.000080" asserts="0">
                  <properties>
                    <property name="retryIteration" value="0" />
                    <property name="repeatIteration" value="0" />
                  </properties>
                </test-case>
                <test-case id="1180" name="WhenCountingUsedBitsIn64BitValue_ResultMatchesHighBitSetPlusOne(52)" fullname="Unity.Netcode.EditorTests.BitCounterTests.WhenCountingUsedBitsIn64BitValue_ResultMatchesHighBitSetPlusOne(52)" methodname="WhenCountingUsedBitsIn64BitValue_ResultMatchesHighBitSetPlusOne" classname="Unity.Netcode.EditorTests.BitCounterTests" runstate="Runnable" seed="1408398216" result="Passed" start-time="2025-12-30 16:55:31Z" end-time="2025-12-30 16:55:31Z" duration="0.000098" asserts="0">
                  <properties>
                    <property name="retryIteration" value="0" />
                    <property name="repeatIteration" value="0" />
                  </properties>
                </test-case>
                <test-case id="1181" name="WhenCountingUsedBitsIn64BitValue_ResultMatchesHighBitSetPlusOne(53)" fullname="Unity.Netcode.EditorTests.BitCounterTests.WhenCountingUsedBitsIn64BitValue_ResultMatchesHighBitSetPlusOne(53)" methodname="WhenCountingUsedBitsIn64BitValue_ResultMatchesHighBitSetPlusOne" classname="Unity.Netcode.EditorTests.BitCounterTests" runstate="Runnable" seed="1416637384" result="Passed" start-time="2025-12-30 16:55:31Z" end-time="2025-12-30 16:55:31Z" duration="0.000117" asserts="0">
                  <properties>
                    <property name="retryIteration" value="0" />
                    <property name="repeatIteration" value="0" />
                  </properties>
                </test-case>
                <test-case id="1182" name="WhenCountingUsedBitsIn64BitValue_ResultMatchesHighBitSetPlusOne(54)" fullname="Unity.Netcode.EditorTests.BitCounterTests.WhenCountingUsedBitsIn64BitValue_ResultMatchesHighBitSetPlusOne(54)" methodname="WhenCountingUsedBitsIn64BitValue_ResultMatchesHighBitSetPlusOne" classname="Unity.Netcode.EditorTests.BitCounterTests" runstate="Runnable" seed="2029245668" result="Passed" start-time="2025-12-30 16:55:31Z" end-time="2025-12-30 16:55:31Z" duration="0.000139" asserts="0">
                  <properties>
                    <property name="retryIteration" value="0" />
                    <property name="repeatIteration" value="0" />
                  </properties>
                </test-case>
                <test-case id="1183" name="WhenCountingUsedBitsIn64BitValue_ResultMatchesHighBitSetPlusOne(55)" fullname="Unity.Netcode.EditorTests.BitCounterTests.WhenCountingUsedBitsIn64BitValue_ResultMatchesHighBitSetPlusOne(55)" methodname="WhenCountingUsedBitsIn64BitValue_ResultMatchesHighBitSetPlusOne" classname="Unity.Netcode.EditorTests.BitCounterTests" runstate="Runnable" seed="261492429" result="Passed" start-time="2025-12-30 16:55:31Z" end-time="2025-12-30 16:55:31Z" duration="0.000088" asserts="0">
                  <properties>
                    <property name="retryIteration" value="0" />
                    <property name="repeatIteration" value="0" />
                  </properties>
                </test-case>
                <test-case id="1184" name="WhenCountingUsedBitsIn64BitValue_ResultMatchesHighBitSetPlusOne(56)" fullname="Unity.Netcode.EditorTests.BitCounterTests.WhenCountingUsedBitsIn64BitValue_ResultMatchesHighBitSetPlusOne(56)" methodname="WhenCountingUsedBitsIn64BitValue_ResultMatchesHighBitSetPlusOne" classname="Unity.Netcode.EditorTests.BitCounterTests" runstate="Runnable" seed="879122028" result="Passed" start-time="2025-12-30 16:55:31Z" end-time="2025-12-30 16:55:31Z" duration="0.000085" asserts="0">
                  <properties>
                    <property name="retryIteration" value="0" />
                    <property name="repeatIteration" value="0" />
                  </properties>
                </test-case>
                <test-case id="1185" name="WhenCountingUsedBitsIn64BitValue_ResultMatchesHighBitSetPlusOne(57)" fullname="Unity.Netcode.EditorTests.BitCounterTests.WhenCountingUsedBitsIn64BitValue_ResultMatchesHighBitSetPlusOne(57)" methodname="WhenCountingUsedBitsIn64BitValue_ResultMatchesHighBitSetPlusOne" classname="Unity.Netcode.EditorTests.BitCounterTests" runstate="Runnable" seed="1479686747" result="Passed" start-time="2025-12-30 16:55:31Z" end-time="2025-12-30 16:55:31Z" duration="0.000107" asserts="0">
                  <properties>
                    <property name="retryIteration" value="0" />
                    <property name="repeatIteration" value="0" />
                  </properties>
                </test-case>
                <test-case id="1186" name="WhenCountingUsedBitsIn64BitValue_ResultMatchesHighBitSetPlusOne(58)" fullname="Unity.Netcode.EditorTests.BitCounterTests.WhenCountingUsedBitsIn64BitValue_ResultMatchesHighBitSetPlusOne(58)" methodname="WhenCountingUsedBitsIn64BitValue_ResultMatchesHighBitSetPlusOne" classname="Unity.Netcode.EditorTests.BitCounterTests" runstate="Runnable" seed="75572767" result="Passed" start-time="2025-12-30 16:55:31Z" end-time="2025-12-30 16:55:31Z" duration="0.000064" asserts="0">
                  <properties>
                    <property name="retryIteration" value="0" />
                    <property name="repeatIteration" value="0" />
                  </properties>
                </test-case>
                <test-case id="1187" name="WhenCountingUsedBitsIn64BitValue_ResultMatchesHighBitSetPlusOne(59)" fullname="Unity.Netcode.EditorTests.BitCounterTests.WhenCountingUsedBitsIn64BitValue_ResultMatchesHighBitSetPlusOne(59)" methodname="WhenCountingUsedBitsIn64BitValue_ResultMatchesHighBitSetPlusOne" classname="Unity.Netcode.EditorTests.BitCounterTests" runstate="Runnable" seed="1062779092" result="Passed" start-time="2025-12-30 16:55:31Z" end-time="2025-12-30 16:55:31Z" duration="0.000053" asserts="0">
                  <properties>
                    <property name="retryIteration" value="0" />
                    <property name="repeatIteration" value="0" />
                  </properties>
                </test-case>
                <test-case id="1188" name="WhenCountingUsedBitsIn64BitValue_ResultMatchesHighBitSetPlusOne(60)" fullname="Unity.Netcode.EditorTests.BitCounterTests.WhenCountingUsedBitsIn64BitValue_ResultMatchesHighBitSetPlusOne(60)" methodname="WhenCountingUsedBitsIn64BitValue_ResultMatchesHighBitSetPlusOne" classname="Unity.Netcode.EditorTests.BitCounterTests" runstate="Runnable" seed="2053355924" result="Passed" start-time="2025-12-30 16:55:31Z" end-time="2025-12-30 16:55:31Z" duration="0.000071" asserts="0">
                  <properties>
                    <property name="retryIteration" value="0" />
                    <property name="repeatIteration" value="0" />
                  </properties>
                </test-case>
                <test-case id="1189" name="WhenCountingUsedBitsIn64BitValue_ResultMatchesHighBitSetPlusOne(61)" fullname="Unity.Netcode.EditorTests.BitCounterTests.WhenCountingUsedBitsIn64BitValue_ResultMatchesHighBitSetPlusOne(61)" methodname="WhenCountingUsedBitsIn64BitValue_ResultMatchesHighBitSetPlusOne" classname="Unity.Netcode.EditorTests.BitCounterTests" runstate="Runnable" seed="79694024" result="Passed" start-time="2025-12-30 16:55:31Z" end-time="2025-12-30 16:55:31Z" duration="0.000060" asserts="0">
                  <properties>
                    <property name="retryIteration" value="0" />
                    <property name="repeatIteration" value="0" />
                  </properties>
                </test-case>
                <test-case id="1190" name="WhenCountingUsedBitsIn64BitValue_ResultMatchesHighBitSetPlusOne(62)" fullname="Unity.Netcode.EditorTests.BitCounterTests.WhenCountingUsedBitsIn64BitValue_ResultMatchesHighBitSetPlusOne(62)" methodname="WhenCountingUsedBitsIn64BitValue_ResultMatchesHighBitSetPlusOne" classname="Unity.Netcode.EditorTests.BitCounterTests" runstate="Runnable" seed="9075603" result="Passed" start-time="2025-12-30 16:55:31Z" end-time="2025-12-30 16:55:31Z" duration="0.000066" asserts="0">
                  <properties>
                    <property name="retryIteration" value="0" />
                    <property name="repeatIteration" value="0" />
                  </properties>
                </test-case>
                <test-case id="1191" name="WhenCountingUsedBitsIn64BitValue_ResultMatchesHighBitSetPlusOne(63)" fullname="Unity.Netcode.EditorTests.BitCounterTests.WhenCountingUsedBitsIn64BitValue_ResultMatchesHighBitSetPlusOne(63)" methodname="WhenCountingUsedBitsIn64BitValue_ResultMatchesHighBitSetPlusOne" classname="Unity.Netcode.EditorTests.BitCounterTests" runstate="Runnable" seed="1893099442" result="Passed" start-time="2025-12-30 16:55:31Z" end-time="2025-12-30 16:55:31Z" duration="0.000179" asserts="0">
                  <properties>
                    <property name="retryIteration" value="0" />
                    <property name="repeatIteration" value="0" />
                  </properties>
                </test-case>
              </test-suite>
              <test-suite type="ParameterizedMethod" id="1323" name="WhenCountingUsedBytesIn32BitValue_ResultMatchesHighBitSetOver8PlusOne" fullname="Unity.Netcode.EditorTests.BitCounterTests.WhenCountingUsedBytesIn32BitValue_ResultMatchesHighBitSetOver8PlusOne" classname="Unity.Netcode.EditorTests.BitCounterTests" runstate="Runnable" testcasecount="32" result="Passed" start-time="2025-12-30 16:55:31Z" end-time="2025-12-30 16:55:31Z" duration="0.009697" total="32" passed="32" failed="0" inconclusive="0" skipped="0" asserts="0">
                <properties />
                <test-case id="1291" name="WhenCountingUsedBytesIn32BitValue_ResultMatchesHighBitSetOver8PlusOne(0)" fullname="Unity.Netcode.EditorTests.BitCounterTests.WhenCountingUsedBytesIn32BitValue_ResultMatchesHighBitSetOver8PlusOne(0)" methodname="WhenCountingUsedBytesIn32BitValue_ResultMatchesHighBitSetOver8PlusOne" classname="Unity.Netcode.EditorTests.BitCounterTests" runstate="Runnable" seed="126894228" result="Passed" start-time="2025-12-30 16:55:31Z" end-time="2025-12-30 16:55:31Z" duration="0.000282" asserts="0">
                  <properties>
                    <property name="retryIteration" value="0" />
                    <property name="repeatIteration" value="0" />
                  </properties>
                </test-case>
                <test-case id="1292" name="WhenCountingUsedBytesIn32BitValue_ResultMatchesHighBitSetOver8PlusOne(1)" fullname="Unity.Netcode.EditorTests.BitCounterTests.WhenCountingUsedBytesIn32BitValue_ResultMatchesHighBitSetOver8PlusOne(1)" methodname="WhenCountingUsedBytesIn32BitValue_ResultMatchesHighBitSetOver8PlusOne" classname="Unity.Netcode.EditorTests.BitCounterTests" runstate="Runnable" seed="1743185135" result="Passed" start-time="2025-12-30 16:55:31Z" end-time="2025-12-30 16:55:31Z" duration="0.000134" asserts="0">
                  <properties>
                    <property name="retryIteration" value="0" />
                    <property name="repeatIteration" value="0" />
                  </properties>
                </test-case>
                <test-case id="1293" name="WhenCountingUsedBytesIn32BitValue_ResultMatchesHighBitSetOver8PlusOne(2)" fullname="Unity.Netcode.EditorTests.BitCounterTests.WhenCountingUsedBytesIn32BitValue_ResultMatchesHighBitSetOver8PlusOne(2)" methodname="WhenCountingUsedBytesIn32BitValue_ResultMatchesHighBitSetOver8PlusOne" classname="Unity.Netcode.EditorTests.BitCounterTests" runstate="Runnable" seed="646093763" result="Passed" start-time="2025-12-30 16:55:31Z" end-time="2025-12-30 16:55:31Z" duration="0.000076" asserts="0">
                  <properties>
                    <property name="retryIteration" value="0" />
                    <property name="repeatIteration" value="0" />
                  </properties>
                </test-case>
                <test-case id="1294" name="WhenCountingUsedBytesIn32BitValue_ResultMatchesHighBitSetOver8PlusOne(3)" fullname="Unity.Netcode.EditorTests.BitCounterTests.WhenCountingUsedBytesIn32BitValue_ResultMatchesHighBitSetOver8PlusOne(3)" methodname="WhenCountingUsedBytesIn32BitValue_ResultMatchesHighBitSetOver8PlusOne" classname="Unity.Netcode.EditorTests.BitCounterTests" runstate="Runnable" seed="1666735162" result="Passed" start-time="2025-12-30 16:55:31Z" end-time="2025-12-30 16:55:31Z" duration="0.000106" asserts="0">
                  <properties>
                    <property name="retryIteration" value="0" />
                    <property name="repeatIteration" value="0" />
                  </properties>
                </test-case>
                <test-case id="1295" name="WhenCountingUsedBytesIn32BitValue_ResultMatchesHighBitSetOver8PlusOne(4)" fullname="Unity.Netcode.EditorTests.BitCounterTests.WhenCountingUsedBytesIn32BitValue_ResultMatchesHighBitSetOver8PlusOne(4)" methodname="WhenCountingUsedBytesIn32BitValue_ResultMatchesHighBitSetOver8PlusOne" classname="Unity.Netcode.EditorTests.BitCounterTests" runstate="Runnable" seed="123460847" result="Passed" start-time="2025-12-30 16:55:31Z" end-time="2025-12-30 16:55:31Z" duration="0.000102" asserts="0">
                  <properties>
                    <property name="retryIteration" value="0" />
                    <property name="repeatIteration" value="0" />
                  </properties>
                </test-case>
                <test-case id="1296" name="WhenCountingUsedBytesIn32BitValue_ResultMatchesHighBitSetOver8PlusOne(5)" fullname="Unity.Netcode.EditorTests.BitCounterTests.WhenCountingUsedBytesIn32BitValue_ResultMatchesHighBitSetOver8PlusOne(5)" methodname="WhenCountingUsedBytesIn32BitValue_ResultMatchesHighBitSetOver8PlusOne" classname="Unity.Netcode.EditorTests.BitCounterTests" runstate="Runnable" seed="1464868504" result="Passed" start-time="2025-12-30 16:55:31Z" end-time="2025-12-30 16:55:31Z" duration="0.000110" asserts="0">
                  <properties>
                    <property name="retryIteration" value="0" />
                    <property name="repeatIteration" value="0" />
                  </properties>
                </test-case>
                <test-case id="1297" name="WhenCountingUsedBytesIn32BitValue_ResultMatchesHighBitSetOver8PlusOne(6)" fullname="Unity.Netcode.EditorTests.BitCounterTests.WhenCountingUsedBytesIn32BitValue_ResultMatchesHighBitSetOver8PlusOne(6)" methodname="WhenCountingUsedBytesIn32BitValue_ResultMatchesHighBitSetOver8PlusOne" classname="Unity.Netcode.EditorTests.BitCounterTests" runstate="Runnable" seed="697690568" result="Passed" start-time="2025-12-30 16:55:31Z" end-time="2025-12-30 16:55:31Z" duration="0.000047" asserts="0">
                  <properties>
                    <property name="retryIteration" value="0" />
                    <property name="repeatIteration" value="0" />
                  </properties>
                </test-case>
                <test-case id="1298" name="WhenCountingUsedBytesIn32BitValue_ResultMatchesHighBitSetOver8PlusOne(7)" fullname="Unity.Netcode.EditorTests.BitCounterTests.WhenCountingUsedBytesIn32BitValue_ResultMatchesHighBitSetOver8PlusOne(7)" methodname="WhenCountingUsedBytesIn32BitValue_ResultMatchesHighBitSetOver8PlusOne" classname="Unity.Netcode.EditorTests.BitCounterTests" runstate="Runnable" seed="578571711" result="Passed" start-time="2025-12-30 16:55:31Z" end-time="2025-12-30 16:55:31Z" duration="0.000045" asserts="0">
                  <properties>
                    <property name="retryIteration" value="0" />
                    <property name="repeatIteration" value="0" />
                  </properties>
                </test-case>
                <test-case id="1299" name="WhenCountingUsedBytesIn32BitValue_ResultMatchesHighBitSetOver8PlusOne(8)" fullname="Unity.Netcode.EditorTests.BitCounterTests.WhenCountingUsedBytesIn32BitValue_ResultMatchesHighBitSetOver8PlusOne(8)" methodname="WhenCountingUsedBytesIn32BitValue_ResultMatchesHighBitSetOver8PlusOne" classname="Unity.Netcode.EditorTests.BitCounterTests" runstate="Runnable" seed="1691560553" result="Passed" start-time="2025-12-30 16:55:31Z" end-time="2025-12-30 16:55:31Z" duration="0.000065" asserts="0">
                  <properties>
                    <property name="retryIteration" value="0" />
                    <property name="repeatIteration" value="0" />
                  </properties>
                </test-case>
                <test-case id="1300" name="WhenCountingUsedBytesIn32BitValue_ResultMatchesHighBitSetOver8PlusOne(9)" fullname="Unity.Netcode.EditorTests.BitCounterTests.WhenCountingUsedBytesIn32BitValue_ResultMatchesHighBitSetOver8PlusOne(9)" methodname="WhenCountingUsedBytesIn32BitValue_ResultMatchesHighBitSetOver8PlusOne" classname="Unity.Netcode.EditorTests.BitCounterTests" runstate="Runnable" seed="780784096" result="Passed" start-time="2025-12-30 16:55:31Z" end-time="2025-12-30 16:55:31Z" duration="0.000085" asserts="0">
                  <properties>
                    <property name="retryIteration" value="0" />
                    <property name="repeatIteration" value="0" />
                  </properties>
                </test-case>
                <test-case id="1301" name="WhenCountingUsedBytesIn32BitValue_ResultMatchesHighBitSetOver8PlusOne(10)" fullname="Unity.Netcode.EditorTests.BitCounterTests.WhenCountingUsedBytesIn32BitValue_ResultMatchesHighBitSetOver8PlusOne(10)" methodname="WhenCountingUsedBytesIn32BitValue_ResultMatchesHighBitSetOver8PlusOne" classname="Unity.Netcode.EditorTests.BitCounterTests" runstate="Runnable" seed="870162598" result="Passed" start-time="2025-12-30 16:55:31Z" end-time="2025-12-30 16:55:31Z" duration="0.000061" asserts="0">
                  <properties>
                    <property name="retryIteration" value="0" />
                    <property name="repeatIteration" value="0" />
                  </properties>
                </test-case>
                <test-case id="1302" name="WhenCountingUsedBytesIn32BitValue_ResultMatchesHighBitSetOver8PlusOne(11)" fullname="Unity.Netcode.EditorTests.BitCounterTests.WhenCountingUsedBytesIn32BitValue_ResultMatchesHighBitSetOver8PlusOne(11)" methodname="WhenCountingUsedBytesIn32BitValue_ResultMatchesHighBitSetOver8PlusOne" classname="Unity.Netcode.EditorTests.BitCounterTests" runstate="Runnable" seed="1951384974" result="Passed" start-time="2025-12-30 16:55:31Z" end-time="2025-12-30 16:55:31Z" duration="0.000060" asserts="0">
                  <properties>
                    <property name="retryIteration" value="0" />
                    <property name="repeatIteration" value="0" />
                  </properties>
                </test-case>
                <test-case id="1303" name="WhenCountingUsedBytesIn32BitValue_ResultMatchesHighBitSetOver8PlusOne(12)" fullname="Unity.Netcode.EditorTests.BitCounterTests.WhenCountingUsedBytesIn32BitValue_ResultMatchesHighBitSetOver8PlusOne(12)" methodname="WhenCountingUsedBytesIn32BitValue_ResultMatchesHighBitSetOver8PlusOne" classname="Unity.Netcode.EditorTests.BitCounterTests" runstate="Runnable" seed="946296302" result="Passed" start-time="2025-12-30 16:55:31Z" end-time="2025-12-30 16:55:31Z" duration="0.000096" asserts="0">
                  <properties>
                    <property name="retryIteration" value="0" />
                    <property name="repeatIteration" value="0" />
                  </properties>
                </test-case>
                <test-case id="1304" name="WhenCountingUsedBytesIn32BitValue_ResultMatchesHighBitSetOver8PlusOne(13)" fullname="Unity.Netcode.EditorTests.BitCounterTests.WhenCountingUsedBytesIn32BitValue_ResultMatchesHighBitSetOver8PlusOne(13)" methodname="WhenCountingUsedBytesIn32BitValue_ResultMatchesHighBitSetOver8PlusOne" classname="Unity.Netcode.EditorTests.BitCounterTests" runstate="Runnable" seed="2019028366" result="Passed" start-time="2025-12-30 16:55:31Z" end-time="2025-12-30 16:55:31Z" duration="0.000059" asserts="0">
                  <properties>
                    <property name="retryIteration" value="0" />
                    <property name="repeatIteration" value="0" />
                  </properties>
                </test-case>
                <test-case id="1305" name="WhenCountingUsedBytesIn32BitValue_ResultMatchesHighBitSetOver8PlusOne(14)" fullname="Unity.Netcode.EditorTests.BitCounterTests.WhenCountingUsedBytesIn32BitValue_ResultMatchesHighBitSetOver8PlusOne(14)" methodname="WhenCountingUsedBytesIn32BitValue_ResultMatchesHighBitSetOver8PlusOne" classname="Unity.Netcode.EditorTests.BitCounterTests" runstate="Runnable" seed="1679661218" result="Passed" start-time="2025-12-30 16:55:31Z" end-time="2025-12-30 16:55:31Z" duration="0.000082" asserts="0">
                  <properties>
                    <property name="retryIteration" value="0" />
                    <property name="repeatIteration" value="0" />
                  </properties>
                </test-case>
                <test-case id="1306" name="WhenCountingUsedBytesIn32BitValue_ResultMatchesHighBitSetOver8PlusOne(15)" fullname="Unity.Netcode.EditorTests.BitCounterTests.WhenCountingUsedBytesIn32BitValue_ResultMatchesHighBitSetOver8PlusOne(15)" methodname="WhenCountingUsedBytesIn32BitValue_ResultMatchesHighBitSetOver8PlusOne" classname="Unity.Netcode.EditorTests.BitCounterTests" runstate="Runnable" seed="1396590652" result="Passed" start-time="2025-12-30 16:55:31Z" end-time="2025-12-30 16:55:31Z" duration="0.000083" asserts="0">
                  <properties>
                    <property name="retryIteration" value="0" />
                    <property name="repeatIteration" value="0" />
                  </properties>
                </test-case>
                <test-case id="1307" name="WhenCountingUsedBytesIn32BitValue_ResultMatchesHighBitSetOver8PlusOne(16)" fullname="Unity.Netcode.EditorTests.BitCounterTests.WhenCountingUsedBytesIn32BitValue_ResultMatchesHighBitSetOver8PlusOne(16)" methodname="WhenCountingUsedBytesIn32BitValue_ResultMatchesHighBitSetOver8PlusOne" classname="Unity.Netcode.EditorTests.BitCounterTests" runstate="Runnable" seed="1040509400" result="Passed" start-time="2025-12-30 16:55:31Z" end-time="2025-12-30 16:55:31Z" duration="0.000048" asserts="0">
                  <properties>
                    <property name="retryIteration" value="0" />
                    <property name="repeatIteration" value="0" />
                  </properties>
                </test-case>
                <test-case id="1308" name="WhenCountingUsedBytesIn32BitValue_ResultMatchesHighBitSetOver8PlusOne(17)" fullname="Unity.Netcode.EditorTests.BitCounterTests.WhenCountingUsedBytesIn32BitValue_ResultMatchesHighBitSetOver8PlusOne(17)" methodname="WhenCountingUsedBytesIn32BitValue_ResultMatchesHighBitSetOver8PlusOne" classname="Unity.Netcode.EditorTests.BitCounterTests" runstate="Runnable" seed="313819872" result="Passed" start-time="2025-12-30 16:55:31Z" end-time="2025-12-30 16:55:31Z" duration="0.000049" asserts="0">
                  <properties>
                    <property name="retryIteration" value="0" />
                    <property name="repeatIteration" value="0" />
                  </properties>
                </test-case>
                <test-case id="1309" name="WhenCountingUsedBytesIn32BitValue_ResultMatchesHighBitSetOver8PlusOne(18)" fullname="Unity.Netcode.EditorTests.BitCounterTests.WhenCountingUsedBytesIn32BitValue_ResultMatchesHighBitSetOver8PlusOne(18)" methodname="WhenCountingUsedBytesIn32BitValue_ResultMatchesHighBitSetOver8PlusOne" classname="Unity.Netcode.EditorTests.BitCounterTests" runstate="Runnable" seed="1509495798" result="Passed" start-time="2025-12-30 16:55:31Z" end-time="2025-12-30 16:55:31Z" duration="0.000050" asserts="0">
                  <properties>
                    <property name="retryIteration" value="0" />
                    <property name="repeatIteration" value="0" />
                  </properties>
                </test-case>
                <test-case id="1310" name="WhenCountingUsedBytesIn32BitValue_ResultMatchesHighBitSetOver8PlusOne(19)" fullname="Unity.Netcode.EditorTests.BitCounterTests.WhenCountingUsedBytesIn32BitValue_ResultMatchesHighBitSetOver8PlusOne(19)" methodname="WhenCountingUsedBytesIn32BitValue_ResultMatchesHighBitSetOver8PlusOne" classname="Unity.Netcode.EditorTests.BitCounterTests" runstate="Runnable" seed="1607422033" result="Passed" start-time="2025-12-30 16:55:31Z" end-time="2025-12-30 16:55:31Z" duration="0.000058" asserts="0">
                  <properties>
                    <property name="retryIteration" value="0" />
                    <property name="repeatIteration" value="0" />
                  </properties>
                </test-case>
                <test-case id="1311" name="WhenCountingUsedBytesIn32BitValue_ResultMatchesHighBitSetOver8PlusOne(20)" fullname="Unity.Netcode.EditorTests.BitCounterTests.WhenCountingUsedBytesIn32BitValue_ResultMatchesHighBitSetOver8PlusOne(20)" methodname="WhenCountingUsedBytesIn32BitValue_ResultMatchesHighBitSetOver8PlusOne" classname="Unity.Netcode.EditorTests.BitCounterTests" runstate="Runnable" seed="2027189598" result="Passed" start-time="2025-12-30 16:55:31Z" end-time="2025-12-30 16:55:31Z" duration="0.000047" asserts="0">
                  <properties>
                    <property name="retryIteration" value="0" />
                    <property name="repeatIteration" value="0" />
                  </properties>
                </test-case>
                <test-case id="1312" name="WhenCountingUsedBytesIn32BitValue_ResultMatchesHighBitSetOver8PlusOne(21)" fullname="Unity.Netcode.EditorTests.BitCounterTests.WhenCountingUsedBytesIn32BitValue_ResultMatchesHighBitSetOver8PlusOne(21)" methodname="WhenCountingUsedBytesIn32BitValue_ResultMatchesHighBitSetOver8PlusOne" classname="Unity.Netcode.EditorTests.BitCounterTests" runstate="Runnable" seed="1245258875" result="Passed" start-time="2025-12-30 16:55:31Z" end-time="2025-12-30 16:55:31Z" duration="0.000053" asserts="0">
                  <properties>
                    <property name="retryIteration" value="0" />
                    <property name="repeatIteration" value="0" />
                  </properties>
                </test-case>
                <test-case id="1313" name="WhenCountingUsedBytesIn32BitValue_ResultMatchesHighBitSetOver8PlusOne(22)" fullname="Unity.Netcode.EditorTests.BitCounterTests.WhenCountingUsedBytesIn32BitValue_ResultMatchesHighBitSetOver8PlusOne(22)" methodname="WhenCountingUsedBytesIn32BitValue_ResultMatchesHighBitSetOver8PlusOne" classname="Unity.Netcode.EditorTests.BitCounterTests" runstate="Runnable" seed="1211618472" result="Passed" start-time="2025-12-30 16:55:31Z" end-time="2025-12-30 16:55:31Z" duration="0.000050" asserts="0">
                  <properties>
                    <property name="retryIteration" value="0" />
                    <property name="repeatIteration" value="0" />
                  </properties>
                </test-case>
                <test-case id="1314" name="WhenCountingUsedBytesIn32BitValue_ResultMatchesHighBitSetOver8PlusOne(23)" fullname="Unity.Netcode.EditorTests.BitCounterTests.WhenCountingUsedBytesIn32BitValue_ResultMatchesHighBitSetOver8PlusOne(23)" methodname="WhenCountingUsedBytesIn32BitValue_ResultMatchesHighBitSetOver8PlusOne" classname="Unity.Netcode.EditorTests.BitCounterTests" runstate="Runnable" seed="928754913" result="Passed" start-time="2025-12-30 16:55:31Z" end-time="2025-12-30 16:55:31Z" duration="0.000070" asserts="0">
                  <properties>
                    <property name="retryIteration" value="0" />
                    <property name="repeatIteration" value="0" />
                  </properties>
                </test-case>
                <test-case id="1315" name="WhenCountingUsedBytesIn32BitValue_ResultMatchesHighBitSetOver8PlusOne(24)" fullname="Unity.Netcode.EditorTests.BitCounterTests.WhenCountingUsedBytesIn32BitValue_ResultMatchesHighBitSetOver8PlusOne(24)" methodname="WhenCountingUsedBytesIn32BitValue_ResultMatchesHighBitSetOver8PlusOne" classname="Unity.Netcode.EditorTests.BitCounterTests" runstate="Runnable" seed="23688031" result="Passed" start-time="2025-12-30 16:55:31Z" end-time="2025-12-30 16:55:31Z" duration="0.000071" asserts="0">
                  <properties>
                    <property name="retryIteration" value="0" />
                    <property name="repeatIteration" value="0" />
                  </properties>
                </test-case>
                <test-case id="1316" name="WhenCountingUsedBytesIn32BitValue_ResultMatchesHighBitSetOver8PlusOne(25)" fullname="Unity.Netcode.EditorTests.BitCounterTests.WhenCountingUsedBytesIn32BitValue_ResultMatchesHighBitSetOver8PlusOne(25)" methodname="WhenCountingUsedBytesIn32BitValue_ResultMatchesHighBitSetOver8PlusOne" classname="Unity.Netcode.EditorTests.BitCounterTests" runstate="Runnable" seed="966948685" result="Passed" start-time="2025-12-30 16:55:31Z" end-time="2025-12-30 16:55:31Z" duration="0.000080" asserts="0">
                  <properties>
                    <property name="retryIteration" value="0" />
                    <property name="repeatIteration" value="0" />
                  </properties>
                </test-case>
                <test-case id="1317" name="WhenCountingUsedBytesIn32BitValue_ResultMatchesHighBitSetOver8PlusOne(26)" fullname="Unity.Netcode.EditorTests.BitCounterTests.WhenCountingUsedBytesIn32BitValue_ResultMatchesHighBitSetOver8PlusOne(26)" methodname="WhenCountingUsedBytesIn32BitValue_ResultMatchesHighBitSetOver8PlusOne" classname="Unity.Netcode.EditorTests.BitCounterTests" runstate="Runnable" seed="2041113997" result="Passed" start-time="2025-12-30 16:55:31Z" end-time="2025-12-30 16:55:31Z" duration="0.000076" asserts="0">
                  <properties>
                    <property name="retryIteration" value="0" />
                    <property name="repeatIteration" value="0" />
                  </properties>
                </test-case>
                <test-case id="1318" name="WhenCountingUsedBytesIn32BitValue_ResultMatchesHighBitSetOver8PlusOne(27)" fullname="Unity.Netcode.EditorTests.BitCounterTests.WhenCountingUsedBytesIn32BitValue_ResultMatchesHighBitSetOver8PlusOne(27)" methodname="WhenCountingUsedBytesIn32BitValue_ResultMatchesHighBitSetOver8PlusOne" classname="Unity.Netcode.EditorTests.BitCounterTests" runstate="Runnable" seed="2056478254" result="Passed" start-time="2025-12-30 16:55:31Z" end-time="2025-12-30 16:55:31Z" duration="0.000064" asserts="0">
                  <properties>
                    <property name="retryIteration" value="0" />
                    <property name="repeatIteration" value="0" />
                  </properties>
                </test-case>
                <test-case id="1319" name="WhenCountingUsedBytesIn32BitValue_ResultMatchesHighBitSetOver8PlusOne(28)" fullname="Unity.Netcode.EditorTests.BitCounterTests.WhenCountingUsedBytesIn32BitValue_ResultMatchesHighBitSetOver8PlusOne(28)" methodname="WhenCountingUsedBytesIn32BitValue_ResultMatchesHighBitSetOver8PlusOne" classname="Unity.Netcode.EditorTests.BitCounterTests" runstate="Runnable" seed="200689175" result="Passed" start-time="2025-12-30 16:55:31Z" end-time="2025-12-30 16:55:31Z" duration="0.000073" asserts="0">
                  <properties>
                    <property name="retryIteration" value="0" />
                    <property name="repeatIteration" value="0" />
                  </properties>
                </test-case>
                <test-case id="1320" name="WhenCountingUsedBytesIn32BitValue_ResultMatchesHighBitSetOver8PlusOne(29)" fullname="Unity.Netcode.EditorTests.BitCounterTests.WhenCountingUsedBytesIn32BitValue_ResultMatchesHighBitSetOver8PlusOne(29)" methodname="WhenCountingUsedBytesIn32BitValue_ResultMatchesHighBitSetOver8PlusOne" classname="Unity.Netcode.EditorTests.BitCounterTests" runstate="Runnable" seed="1722450631" result="Passed" start-time="2025-12-30 16:55:31Z" end-time="2025-12-30 16:55:31Z" duration="0.000075" asserts="0">
                  <properties>
                    <property name="retryIteration" value="0" />
                    <property name="repeatIteration" value="0" />
                  </properties>
                </test-case>
                <test-case id="1321" name="WhenCountingUsedBytesIn32BitValue_ResultMatchesHighBitSetOver8PlusOne(30)" fullname="Unity.Netcode.EditorTests.BitCounterTests.WhenCountingUsedBytesIn32BitValue_ResultMatchesHighBitSetOver8PlusOne(30)" methodname="WhenCountingUsedBytesIn32BitValue_ResultMatchesHighBitSetOver8PlusOne" classname="Unity.Netcode.EditorTests.BitCounterTests" runstate="Runnable" seed="1861140162" result="Passed" start-time="2025-12-30 16:55:31Z" end-time="2025-12-30 16:55:31Z" duration="0.000052" asserts="0">
                  <properties>
                    <property name="retryIteration" value="0" />
                    <property name="repeatIteration" value="0" />
                  </properties>
                </test-case>
                <test-case id="1322" name="WhenCountingUsedBytesIn32BitValue_ResultMatchesHighBitSetOver8PlusOne(31)" fullname="Unity.Netcode.EditorTests.BitCounterTests.WhenCountingUsedBytesIn32BitValue_ResultMatchesHighBitSetOver8PlusOne(31)" methodname="WhenCountingUsedBytesIn32BitValue_ResultMatchesHighBitSetOver8PlusOne" classname="Unity.Netcode.EditorTests.BitCounterTests" runstate="Runnable" seed="1850975932" result="Passed" start-time="2025-12-30 16:55:31Z" end-time="2025-12-30 16:55:31Z" duration="0.000044" asserts="0">
                  <properties>
                    <property name="retryIteration" value="0" />
                    <property name="repeatIteration" value="0" />
                  </properties>
                </test-case>
              </test-suite>
              <test-suite type="ParameterizedMethod" id="1290" name="WhenCountingUsedBytesIn64BitValue_ResultMatchesHighBitSetOver8PlusOne" fullname="Unity.Netcode.EditorTests.BitCounterTests.WhenCountingUsedBytesIn64BitValue_ResultMatchesHighBitSetOver8PlusOne" classname="Unity.Netcode.EditorTests.BitCounterTests" runstate="Runnable" testcasecount="64" result="Passed" start-time="2025-12-30 16:55:31Z" end-time="2025-12-30 16:55:31Z" duration="0.008953" total="64" passed="64" failed="0" inconclusive="0" skipped="0" asserts="0">
                <properties />
                <test-case id="1226" name="WhenCountingUsedBytesIn64BitValue_ResultMatchesHighBitSetOver8PlusOne(0)" fullname="Unity.Netcode.EditorTests.BitCounterTests.WhenCountingUsedBytesIn64BitValue_ResultMatchesHighBitSetOver8PlusOne(0)" methodname="WhenCountingUsedBytesIn64BitValue_ResultMatchesHighBitSetOver8PlusOne" classname="Unity.Netcode.EditorTests.BitCounterTests" runstate="Runnable" seed="768100295" result="Passed" start-time="2025-12-30 16:55:31Z" end-time="2025-12-30 16:55:31Z" duration="0.000218" asserts="0">
                  <properties>
                    <property name="retryIteration" value="0" />
                    <property name="repeatIteration" value="0" />
                  </properties>
                </test-case>
                <test-case id="1227" name="WhenCountingUsedBytesIn64BitValue_ResultMatchesHighBitSetOver8PlusOne(1)" fullname="Unity.Netcode.EditorTests.BitCounterTests.WhenCountingUsedBytesIn64BitValue_ResultMatchesHighBitSetOver8PlusOne(1)" methodname="WhenCountingUsedBytesIn64BitValue_ResultMatchesHighBitSetOver8PlusOne" classname="Unity.Netcode.EditorTests.BitCounterTests" runstate="Runnable" seed="330917955" result="Passed" start-time="2025-12-30 16:55:31Z" end-time="2025-12-30 16:55:31Z" duration="0.000067" asserts="0">
                  <properties>
                    <property name="retryIteration" value="0" />
                    <property name="repeatIteration" value="0" />
                  </properties>
                </test-case>
                <test-case id="1228" name="WhenCountingUsedBytesIn64BitValue_ResultMatchesHighBitSetOver8PlusOne(2)" fullname="Unity.Netcode.EditorTests.BitCounterTests.WhenCountingUsedBytesIn64BitValue_ResultMatchesHighBitSetOver8PlusOne(2)" methodname="WhenCountingUsedBytesIn64BitValue_ResultMatchesHighBitSetOver8PlusOne" classname="Unity.Netcode.EditorTests.BitCounterTests" runstate="Runnable" seed="494136929" result="Passed" start-time="2025-12-30 16:55:31Z" end-time="2025-12-30 16:55:31Z" duration="0.000070" asserts="0">
                  <properties>
                    <property name="retryIteration" value="0" />
                    <property name="repeatIteration" value="0" />
                  </properties>
                </test-case>
                <test-case id="1229" name="WhenCountingUsedBytesIn64BitValue_ResultMatchesHighBitSetOver8PlusOne(3)" fullname="Unity.Netcode.EditorTests.BitCounterTests.WhenCountingUsedBytesIn64BitValue_ResultMatchesHighBitSetOver8PlusOne(3)" methodname="WhenCountingUsedBytesIn64BitValue_ResultMatchesHighBitSetOver8PlusOne" classname="Unity.Netcode.EditorTests.BitCounterTests" runstate="Runnable" seed="1406716533" result="Passed" start-time="2025-12-30 16:55:31Z" end-time="2025-12-30 16:55:31Z" duration="0.000156" asserts="0">
                  <properties>
                    <property name="retryIteration" value="0" />
                    <property name="repeatIteration" value="0" />
                  </properties>
                </test-case>
                <test-case id="1230" name="WhenCountingUsedBytesIn64BitValue_ResultMatchesHighBitSetOver8PlusOne(4)" fullname="Unity.Netcode.EditorTests.BitCounterTests.WhenCountingUsedBytesIn64BitValue_ResultMatchesHighBitSetOver8PlusOne(4)" methodname="WhenCountingUsedBytesIn64BitValue_ResultMatchesHighBitSetOver8PlusOne" classname="Unity.Netcode.EditorTests.BitCounterTests" runstate="Runnable" seed="1753415580" result="Passed" start-time="2025-12-30 16:55:31Z" end-time="2025-12-30 16:55:31Z" duration="0.000069" asserts="0">
                  <properties>
                    <property name="retryIteration" value="0" />
                    <property name="repeatIteration" value="0" />
                  </properties>
                </test-case>
                <test-case id="1231" name="WhenCountingUsedBytesIn64BitValue_ResultMatchesHighBitSetOver8PlusOne(5)" fullname="Unity.Netcode.EditorTests.BitCounterTests.WhenCountingUsedBytesIn64BitValue_ResultMatchesHighBitSetOver8PlusOne(5)" methodname="WhenCountingUsedBytesIn64BitValue_ResultMatchesHighBitSetOver8PlusOne" classname="Unity.Netcode.EditorTests.BitCounterTests" runstate="Runnable" seed="1793107454" result="Passed" start-time="2025-12-30 16:55:31Z" end-time="2025-12-30 16:55:31Z" duration="0.000042" asserts="0">
                  <properties>
                    <property name="retryIteration" value="0" />
                    <property name="repeatIteration" value="0" />
                  </properties>
                </test-case>
                <test-case id="1232" name="WhenCountingUsedBytesIn64BitValue_ResultMatchesHighBitSetOver8PlusOne(6)" fullname="Unity.Netcode.EditorTests.BitCounterTests.WhenCountingUsedBytesIn64BitValue_ResultMatchesHighBitSetOver8PlusOne(6)" methodname="WhenCountingUsedBytesIn64BitValue_ResultMatchesHighBitSetOver8PlusOne" classname="Unity.Netcode.EditorTests.BitCounterTests" runstate="Runnable" seed="332044224" result="Passed" start-time="2025-12-30 16:55:31Z" end-time="2025-12-30 16:55:31Z" duration="0.000043" asserts="0">
                  <properties>
                    <property name="retryIteration" value="0" />
                    <property name="repeatIteration" value="0" />
                  </properties>
                </test-case>
                <test-case id="1233" name="WhenCountingUsedBytesIn64BitValue_ResultMatchesHighBitSetOver8PlusOne(7)" fullname="Unity.Netcode.EditorTests.BitCounterTests.WhenCountingUsedBytesIn64BitValue_ResultMatchesHighBitSetOver8PlusOne(7)" methodname="WhenCountingUsedBytesIn64BitValue_ResultMatchesHighBitSetOver8PlusOne" classname="Unity.Netcode.EditorTests.BitCounterTests" runstate="Runnable" seed="705868358" result="Passed" start-time="2025-12-30 16:55:31Z" end-time="2025-12-30 16:55:31Z" duration="0.000041" asserts="0">
                  <properties>
                    <property name="retryIteration" value="0" />
                    <property name="repeatIteration" value="0" />
                  </properties>
                </test-case>
                <test-case id="1234" name="WhenCountingUsedBytesIn64BitValue_ResultMatchesHighBitSetOver8PlusOne(8)" fullname="Unity.Netcode.EditorTests.BitCounterTests.WhenCountingUsedBytesIn64BitValue_ResultMatchesHighBitSetOver8PlusOne(8)" methodname="WhenCountingUsedBytesIn64BitValue_ResultMatchesHighBitSetOver8PlusOne" classname="Unity.Netcode.EditorTests.BitCounterTests" runstate="Runnable" seed="794684909" result="Passed" start-time="2025-12-30 16:55:31Z" end-time="2025-12-30 16:55:31Z" duration="0.000039" asserts="0">
                  <properties>
                    <property name="retryIteration" value="0" />
                    <property name="repeatIteration" value="0" />
                  </properties>
                </test-case>
                <test-case id="1235" name="WhenCountingUsedBytesIn64BitValue_ResultMatchesHighBitSetOver8PlusOne(9)" fullname="Unity.Netcode.EditorTests.BitCounterTests.WhenCountingUsedBytesIn64BitValue_ResultMatchesHighBitSetOver8PlusOne(9)" methodname="WhenCountingUsedBytesIn64BitValue_ResultMatchesHighBitSetOver8PlusOne" classname="Unity.Netcode.EditorTests.BitCounterTests" runstate="Runnable" seed="1149065247" result="Passed" start-time="2025-12-30 16:55:31Z" end-time="2025-12-30 16:55:31Z" duration="0.000040" asserts="0">
                  <properties>
                    <property name="retryIteration" value="0" />
                    <property name="repeatIteration" value="0" />
                  </properties>
                </test-case>
                <test-case id="1236" name="WhenCountingUsedBytesIn64BitValue_ResultMatchesHighBitSetOver8PlusOne(10)" fullname="Unity.Netcode.EditorTests.BitCounterTests.WhenCountingUsedBytesIn64BitValue_ResultMatchesHighBitSetOver8PlusOne(10)" methodname="WhenCountingUsedBytesIn64BitValue_ResultMatchesHighBitSetOver8PlusOne" classname="Unity.Netcode.EditorTests.BitCounterTests" runstate="Runnable" seed="1844672635" result="Passed" start-time="2025-12-30 16:55:31Z" end-time="2025-12-30 16:55:31Z" duration="0.000037" asserts="0">
                  <properties>
                    <property name="retryIteration" value="0" />
                    <property name="repeatIteration" value="0" />
                  </properties>
                </test-case>
                <test-case id="1237" name="WhenCountingUsedBytesIn64BitValue_ResultMatchesHighBitSetOver8PlusOne(11)" fullname="Unity.Netcode.EditorTests.BitCounterTests.WhenCountingUsedBytesIn64BitValue_ResultMatchesHighBitSetOver8PlusOne(11)" methodname="WhenCountingUsedBytesIn64BitValue_ResultMatchesHighBitSetOver8PlusOne" classname="Unity.Netcode.EditorTests.BitCounterTests" runstate="Runnable" seed="606825143" result="Passed" start-time="2025-12-30 16:55:31Z" end-time="2025-12-30 16:55:31Z" duration="0.000043" asserts="0">
                  <properties>
                    <property name="retryIteration" value="0" />
                    <property name="repeatIteration" value="0" />
                  </properties>
                </test-case>
                <test-case id="1238" name="WhenCountingUsedBytesIn64BitValue_ResultMatchesHighBitSetOver8PlusOne(12)" fullname="Unity.Netcode.EditorTests.BitCounterTests.WhenCountingUsedBytesIn64BitValue_ResultMatchesHighBitSetOver8PlusOne(12)" methodname="WhenCountingUsedBytesIn64BitValue_ResultMatchesHighBitSetOver8PlusOne" classname="Unity.Netcode.EditorTests.BitCounterTests" runstate="Runnable" seed="1773715822" result="Passed" start-time="2025-12-30 16:55:31Z" end-time="2025-12-30 16:55:31Z" duration="0.000039" asserts="0">
                  <properties>
                    <property name="retryIteration" value="0" />
                    <property name="repeatIteration" value="0" />
                  </properties>
                </test-case>
                <test-case id="1239" name="WhenCountingUsedBytesIn64BitValue_ResultMatchesHighBitSetOver8PlusOne(13)" fullname="Unity.Netcode.EditorTests.BitCounterTests.WhenCountingUsedBytesIn64BitValue_ResultMatchesHighBitSetOver8PlusOne(13)" methodname="WhenCountingUsedBytesIn64BitValue_ResultMatchesHighBitSetOver8PlusOne" classname="Unity.Netcode.EditorTests.BitCounterTests" runstate="Runnable" seed="333422575" result="Passed" start-time="2025-12-30 16:55:31Z" end-time="2025-12-30 16:55:31Z" duration="0.000041" asserts="0">
                  <properties>
                    <property name="retryIteration" value="0" />
                    <property name="repeatIteration" value="0" />
                  </properties>
                </test-case>
                <test-case id="1240" name="WhenCountingUsedBytesIn64BitValue_ResultMatchesHighBitSetOver8PlusOne(14)" fullname="Unity.Netcode.EditorTests.BitCounterTests.WhenCountingUsedBytesIn64BitValue_ResultMatchesHighBitSetOver8PlusOne(14)" methodname="WhenCountingUsedBytesIn64BitValue_ResultMatchesHighBitSetOver8PlusOne" classname="Unity.Netcode.EditorTests.BitCounterTests" runstate="Runnable" seed="1844230820" result="Passed" start-time="2025-12-30 16:55:31Z" end-time="2025-12-30 16:55:31Z" duration="0.000039" asserts="0">
                  <properties>
                    <property name="retryIteration" value="0" />
                    <property name="repeatIteration" value="0" />
                  </properties>
                </test-case>
                <test-case id="1241" name="WhenCountingUsedBytesIn64BitValue_ResultMatchesHighBitSetOver8PlusOne(15)" fullname="Unity.Netcode.EditorTests.BitCounterTests.WhenCountingUsedBytesIn64BitValue_ResultMatchesHighBitSetOver8PlusOne(15)" methodname="WhenCountingUsedBytesIn64BitValue_ResultMatchesHighBitSetOver8PlusOne" classname="Unity.Netcode.EditorTests.BitCounterTests" runstate="Runnable" seed="1281313345" result="Passed" start-time="2025-12-30 16:55:31Z" end-time="2025-12-30 16:55:31Z" duration="0.000038" asserts="0">
                  <properties>
                    <property name="retryIteration" value="0" />
                    <property name="repeatIteration" value="0" />
                  </properties>
                </test-case>
                <test-case id="1242" name="WhenCountingUsedBytesIn64BitValue_ResultMatchesHighBitSetOver8PlusOne(16)" fullname="Unity.Netcode.EditorTests.BitCounterTests.WhenCountingUsedBytesIn64BitValue_ResultMatchesHighBitSetOver8PlusOne(16)" methodname="WhenCountingUsedBytesIn64BitValue_ResultMatchesHighBitSetOver8PlusOne" classname="Unity.Netcode.EditorTests.BitCounterTests" runstate="Runnable" seed="1385246514" result="Passed" start-time="2025-12-30 16:55:31Z" end-time="2025-12-30 16:55:31Z" duration="0.000040" asserts="0">
                  <properties>
                    <property name="retryIteration" value="0" />
                    <property name="repeatIteration" value="0" />
                  </properties>
                </test-case>
                <test-case id="1243" name="WhenCountingUsedBytesIn64BitValue_ResultMatchesHighBitSetOver8PlusOne(17)" fullname="Unity.Netcode.EditorTests.BitCounterTests.WhenCountingUsedBytesIn64BitValue_ResultMatchesHighBitSetOver8PlusOne(17)" methodname="WhenCountingUsedBytesIn64BitValue_ResultMatchesHighBitSetOver8PlusOne" classname="Unity.Netcode.EditorTests.BitCounterTests" runstate="Runnable" seed="886210851" result="Passed" start-time="2025-12-30 16:55:31Z" end-time="2025-12-30 16:55:31Z" duration="0.000042" asserts="0">
                  <properties>
                    <property name="retryIteration" value="0" />
                    <property name="repeatIteration" value="0" />
                  </properties>
                </test-case>
                <test-case id="1244" name="WhenCountingUsedBytesIn64BitValue_ResultMatchesHighBitSetOver8PlusOne(18)" fullname="Unity.Netcode.EditorTests.BitCounterTests.WhenCountingUsedBytesIn64BitValue_ResultMatchesHighBitSetOver8PlusOne(18)" methodname="WhenCountingUsedBytesIn64BitValue_ResultMatchesHighBitSetOver8PlusOne" classname="Unity.Netcode.EditorTests.BitCounterTests" runstate="Runnable" seed="1653632885" result="Passed" start-time="2025-12-30 16:55:31Z" end-time="2025-12-30 16:55:31Z" duration="0.000090" asserts="0">
                  <properties>
                    <property name="retryIteration" value="0" />
                    <property name="repeatIteration" value="0" />
                  </properties>
                </test-case>
                <test-case id="1245" name="WhenCountingUsedBytesIn64BitValue_ResultMatchesHighBitSetOver8PlusOne(19)" fullname="Unity.Netcode.EditorTests.BitCounterTests.WhenCountingUsedBytesIn64BitValue_ResultMatchesHighBitSetOver8PlusOne(19)" methodname="WhenCountingUsedBytesIn64BitValue_ResultMatchesHighBitSetOver8PlusOne" classname="Unity.Netcode.EditorTests.BitCounterTests" runstate="Runnable" seed="1755320285" result="Passed" start-time="2025-12-30 16:55:31Z" end-time="2025-12-30 16:55:31Z" duration="0.000084" asserts="0">
                  <properties>
                    <property name="retryIteration" value="0" />
                    <property name="repeatIteration" value="0" />
                  </properties>
                </test-case>
                <test-case id="1246" name="WhenCountingUsedBytesIn64BitValue_ResultMatchesHighBitSetOver8PlusOne(20)" fullname="Unity.Netcode.EditorTests.BitCounterTests.WhenCountingUsedBytesIn64BitValue_ResultMatchesHighBitSetOver8PlusOne(20)" methodname="WhenCountingUsedBytesIn64BitValue_ResultMatchesHighBitSetOver8PlusOne" classname="Unity.Netcode.EditorTests.BitCounterTests" runstate="Runnable" seed="1944518459" result="Passed" start-time="2025-12-30 16:55:31Z" end-time="2025-12-30 16:55:31Z" duration="0.000052" asserts="0">
                  <properties>
                    <property name="retryIteration" value="0" />
                    <property name="repeatIteration" value="0" />
                  </properties>
                </test-case>
                <test-case id="1247" name="WhenCountingUsedBytesIn64BitValue_ResultMatchesHighBitSetOver8PlusOne(21)" fullname="Unity.Netcode.EditorTests.BitCounterTests.WhenCountingUsedBytesIn64BitValue_ResultMatchesHighBitSetOver8PlusOne(21)" methodname="WhenCountingUsedBytesIn64BitValue_ResultMatchesHighBitSetOver8PlusOne" classname="Unity.Netcode.EditorTests.BitCounterTests" runstate="Runnable" seed="351314741" result="Passed" start-time="2025-12-30 16:55:31Z" end-time="2025-12-30 16:55:31Z" duration="0.000045" asserts="0">
                  <properties>
                    <property name="retryIteration" value="0" />
                    <property name="repeatIteration" value="0" />
                  </properties>
                </test-case>
                <test-case id="1248" name="WhenCountingUsedBytesIn64BitValue_ResultMatchesHighBitSetOver8PlusOne(22)" fullname="Unity.Netcode.EditorTests.BitCounterTests.WhenCountingUsedBytesIn64BitValue_ResultMatchesHighBitSetOver8PlusOne(22)" methodname="WhenCountingUsedBytesIn64BitValue_ResultMatchesHighBitSetOver8PlusOne" classname="Unity.Netcode.EditorTests.BitCounterTests" runstate="Runnable" seed="965694604" result="Passed" start-time="2025-12-30 16:55:31Z" end-time="2025-12-30 16:55:31Z" duration="0.000040" asserts="0">
                  <properties>
                    <property name="retryIteration" value="0" />
                    <property name="repeatIteration" value="0" />
                  </properties>
                </test-case>
                <test-case id="1249" name="WhenCountingUsedBytesIn64BitValue_ResultMatchesHighBitSetOver8PlusOne(23)" fullname="Unity.Netcode.EditorTests.BitCounterTests.WhenCountingUsedBytesIn64BitValue_ResultMatchesHighBitSetOver8PlusOne(23)" methodname="WhenCountingUsedBytesIn64BitValue_ResultMatchesHighBitSetOver8PlusOne" classname="Unity.Netcode.EditorTests.BitCounterTests" runstate="Runnable" seed="1813763575" result="Passed" start-time="2025-12-30 16:55:31Z" end-time="2025-12-30 16:55:31Z" duration="0.000042" asserts="0">
                  <properties>
                    <property name="retryIteration" value="0" />
                    <property name="repeatIteration" value="0" />
                  </properties>
                </test-case>
                <test-case id="1250" name="WhenCountingUsedBytesIn64BitValue_ResultMatchesHighBitSetOver8PlusOne(24)" fullname="Unity.Netcode.EditorTests.BitCounterTests.WhenCountingUsedBytesIn64BitValue_ResultMatchesHighBitSetOver8PlusOne(24)" methodname="WhenCountingUsedBytesIn64BitValue_ResultMatchesHighBitSetOver8PlusOne" classname="Unity.Netcode.EditorTests.BitCounterTests" runstate="Runnable" seed="298652967" result="Passed" start-time="2025-12-30 16:55:31Z" end-time="2025-12-30 16:55:31Z" duration="0.000044" asserts="0">
                  <properties>
                    <property name="retryIteration" value="0" />
                    <property name="repeatIteration" value="0" />
                  </properties>
                </test-case>
                <test-case id="1251" name="WhenCountingUsedBytesIn64BitValue_ResultMatchesHighBitSetOver8PlusOne(25)" fullname="Unity.Netcode.EditorTests.BitCounterTests.WhenCountingUsedBytesIn64BitValue_ResultMatchesHighBitSetOver8PlusOne(25)" methodname="WhenCountingUsedBytesIn64BitValue_ResultMatchesHighBitSetOver8PlusOne" classname="Unity.Netcode.EditorTests.BitCounterTests" runstate="Runnable" seed="1211254047" result="Passed" start-time="2025-12-30 16:55:31Z" end-time="2025-12-30 16:55:31Z" duration="0.000040" asserts="0">
                  <properties>
                    <property name="retryIteration" value="0" />
                    <property name="repeatIteration" value="0" />
                  </properties>
                </test-case>
                <test-case id="1252" name="WhenCountingUsedBytesIn64BitValue_ResultMatchesHighBitSetOver8PlusOne(26)" fullname="Unity.Netcode.EditorTests.BitCounterTests.WhenCountingUsedBytesIn64BitValue_ResultMatchesHighBitSetOver8PlusOne(26)" methodname="WhenCountingUsedBytesIn64BitValue_ResultMatchesHighBitSetOver8PlusOne" classname="Unity.Netcode.EditorTests.BitCounterTests" runstate="Runnable" seed="967754118" result="Passed" start-time="2025-12-30 16:55:31Z" end-time="2025-12-30 16:55:31Z" duration="0.000043" asserts="0">
                  <properties>
                    <property name="retryIteration" value="0" />
                    <property name="repeatIteration" value="0" />
                  </properties>
                </test-case>
                <test-case id="1253" name="WhenCountingUsedBytesIn64BitValue_ResultMatchesHighBitSetOver8PlusOne(27)" fullname="Unity.Netcode.EditorTests.BitCounterTests.WhenCountingUsedBytesIn64BitValue_ResultMatchesHighBitSetOver8PlusOne(27)" methodname="WhenCountingUsedBytesIn64BitValue_ResultMatchesHighBitSetOver8PlusOne" classname="Unity.Netcode.EditorTests.BitCounterTests" runstate="Runnable" seed="132152168" result="Passed" start-time="2025-12-30 16:55:31Z" end-time="2025-12-30 16:55:31Z" duration="0.000040" asserts="0">
                  <properties>
                    <property name="retryIteration" value="0" />
                    <property name="repeatIteration" value="0" />
                  </properties>
                </test-case>
                <test-case id="1254" name="WhenCountingUsedBytesIn64BitValue_ResultMatchesHighBitSetOver8PlusOne(28)" fullname="Unity.Netcode.EditorTests.BitCounterTests.WhenCountingUsedBytesIn64BitValue_ResultMatchesHighBitSetOver8PlusOne(28)" methodname="WhenCountingUsedBytesIn64BitValue_ResultMatchesHighBitSetOver8PlusOne" classname="Unity.Netcode.EditorTests.BitCounterTests" runstate="Runnable" seed="1067485250" result="Passed" start-time="2025-12-30 16:55:31Z" end-time="2025-12-30 16:55:31Z" duration="0.000041" asserts="0">
                  <properties>
                    <property name="retryIteration" value="0" />
                    <property name="repeatIteration" value="0" />
                  </properties>
                </test-case>
                <test-case id="1255" name="WhenCountingUsedBytesIn64BitValue_ResultMatchesHighBitSetOver8PlusOne(29)" fullname="Unity.Netcode.EditorTests.BitCounterTests.WhenCountingUsedBytesIn64BitValue_ResultMatchesHighBitSetOver8PlusOne(29)" methodname="WhenCountingUsedBytesIn64BitValue_ResultMatchesHighBitSetOver8PlusOne" classname="Unity.Netcode.EditorTests.BitCounterTests" runstate="Runnable" seed="678990030" result="Passed" start-time="2025-12-30 16:55:31Z" end-time="2025-12-30 16:55:31Z" duration="0.000037" asserts="0">
                  <properties>
                    <property name="retryIteration" value="0" />
                    <property name="repeatIteration" value="0" />
                  </properties>
                </test-case>
                <test-case id="1256" name="WhenCountingUsedBytesIn64BitValue_ResultMatchesHighBitSetOver8PlusOne(30)" fullname="Unity.Netcode.EditorTests.BitCounterTests.WhenCountingUsedBytesIn64BitValue_ResultMatchesHighBitSetOver8PlusOne(30)" methodname="WhenCountingUsedBytesIn64BitValue_ResultMatchesHighBitSetOver8PlusOne" classname="Unity.Netcode.EditorTests.BitCounterTests" runstate="Runnable" seed="1918024214" result="Passed" start-time="2025-12-30 16:55:31Z" end-time="2025-12-30 16:55:31Z" duration="0.000043" asserts="0">
                  <properties>
                    <property name="retryIteration" value="0" />
                    <property name="repeatIteration" value="0" />
                  </properties>
                </test-case>
                <test-case id="1257" name="WhenCountingUsedBytesIn64BitValue_ResultMatchesHighBitSetOver8PlusOne(31)" fullname="Unity.Netcode.EditorTests.BitCounterTests.WhenCountingUsedBytesIn64BitValue_ResultMatchesHighBitSetOver8PlusOne(31)" methodname="WhenCountingUsedBytesIn64BitValue_ResultMatchesHighBitSetOver8PlusOne" classname="Unity.Netcode.EditorTests.BitCounterTests" runstate="Runnable" seed="316133598" result="Passed" start-time="2025-12-30 16:55:31Z" end-time="2025-12-30 16:55:31Z" duration="0.000045" asserts="0">
                  <properties>
                    <property name="retryIteration" value="0" />
                    <property name="repeatIteration" value="0" />
                  </properties>
                </test-case>
                <test-case id="1258" name="WhenCountingUsedBytesIn64BitValue_ResultMatchesHighBitSetOver8PlusOne(32)" fullname="Unity.Netcode.EditorTests.BitCounterTests.WhenCountingUsedBytesIn64BitValue_ResultMatchesHighBitSetOver8PlusOne(32)" methodname="WhenCountingUsedBytesIn64BitValue_ResultMatchesHighBitSetOver8PlusOne" classname="Unity.Netcode.EditorTests.BitCounterTests" runstate="Runnable" seed="1444889572" result="Passed" start-time="2025-12-30 16:55:31Z" end-time="2025-12-30 16:55:31Z" duration="0.000041" asserts="0">
                  <properties>
                    <property name="retryIteration" value="0" />
                    <property name="repeatIteration" value="0" />
                  </properties>
                </test-case>
                <test-case id="1259" name="WhenCountingUsedBytesIn64BitValue_ResultMatchesHighBitSetOver8PlusOne(33)" fullname="Unity.Netcode.EditorTests.BitCounterTests.WhenCountingUsedBytesIn64BitValue_ResultMatchesHighBitSetOver8PlusOne(33)" methodname="WhenCountingUsedBytesIn64BitValue_ResultMatchesHighBitSetOver8PlusOne" classname="Unity.Netcode.EditorTests.BitCounterTests" runstate="Runnable" seed="2080348498" result="Passed" start-time="2025-12-30 16:55:31Z" end-time="2025-12-30 16:55:31Z" duration="0.000041" asserts="0">
                  <properties>
                    <property name="retryIteration" value="0" />
                    <property name="repeatIteration" value="0" />
                  </properties>
                </test-case>
                <test-case id="1260" name="WhenCountingUsedBytesIn64BitValue_ResultMatchesHighBitSetOver8PlusOne(34)" fullname="Unity.Netcode.EditorTests.BitCounterTests.WhenCountingUsedBytesIn64BitValue_ResultMatchesHighBitSetOver8PlusOne(34)" methodname="WhenCountingUsedBytesIn64BitValue_ResultMatchesHighBitSetOver8PlusOne" classname="Unity.Netcode.EditorTests.BitCounterTests" runstate="Runnable" seed="1111026494" result="Passed" start-time="2025-12-30 16:55:31Z" end-time="2025-12-30 16:55:31Z" duration="0.000043" asserts="0">
                  <properties>
                    <property name="retryIteration" value="0" />
                    <property name="repeatIteration" value="0" />
                  </properties>
                </test-case>
                <test-case id="1261" name="WhenCountingUsedBytesIn64BitValue_ResultMatchesHighBitSetOver8PlusOne(35)" fullname="Unity.Netcode.EditorTests.BitCounterTests.WhenCountingUsedBytesIn64BitValue_ResultMatchesHighBitSetOver8PlusOne(35)" methodname="WhenCountingUsedBytesIn64BitValue_ResultMatchesHighBitSetOver8PlusOne" classname="Unity.Netcode.EditorTests.BitCounterTests" runstate="Runnable" seed="1574759484" result="Passed" start-time="2025-12-30 16:55:31Z" end-time="2025-12-30 16:55:31Z" duration="0.000044" asserts="0">
                  <properties>
                    <property name="retryIteration" value="0" />
                    <property name="repeatIteration" value="0" />
                  </properties>
                </test-case>
                <test-case id="1262" name="WhenCountingUsedBytesIn64BitValue_ResultMatchesHighBitSetOver8PlusOne(36)" fullname="Unity.Netcode.EditorTests.BitCounterTests.WhenCountingUsedBytesIn64BitValue_ResultMatchesHighBitSetOver8PlusOne(36)" methodname="WhenCountingUsedBytesIn64BitValue_ResultMatchesHighBitSetOver8PlusOne" classname="Unity.Netcode.EditorTests.BitCounterTests" runstate="Runnable" seed="1456243369" result="Passed" start-time="2025-12-30 16:55:31Z" end-time="2025-12-30 16:55:31Z" duration="0.000039" asserts="0">
                  <properties>
                    <property name="retryIteration" value="0" />
                    <property name="repeatIteration" value="0" />
                  </properties>
                </test-case>
                <test-case id="1263" name="WhenCountingUsedBytesIn64BitValue_ResultMatchesHighBitSetOver8PlusOne(37)" fullname="Unity.Netcode.EditorTests.BitCounterTests.WhenCountingUsedBytesIn64BitValue_ResultMatchesHighBitSetOver8PlusOne(37)" methodname="WhenCountingUsedBytesIn64BitValue_ResultMatchesHighBitSetOver8PlusOne" classname="Unity.Netcode.EditorTests.BitCounterTests" runstate="Runnable" seed="429698009" result="Passed" start-time="2025-12-30 16:55:31Z" end-time="2025-12-30 16:55:31Z" duration="0.000043" asserts="0">
                  <properties>
                    <property name="retryIteration" value="0" />
                    <property name="repeatIteration" value="0" />
                  </properties>
                </test-case>
                <test-case id="1264" name="WhenCountingUsedBytesIn64BitValue_ResultMatchesHighBitSetOver8PlusOne(38)" fullname="Unity.Netcode.EditorTests.BitCounterTests.WhenCountingUsedBytesIn64BitValue_ResultMatchesHighBitSetOver8PlusOne(38)" methodname="WhenCountingUsedBytesIn64BitValue_ResultMatchesHighBitSetOver8PlusOne" classname="Unity.Netcode.EditorTests.BitCounterTests" runstate="Runnable" seed="1786516653" result="Passed" start-time="2025-12-30 16:55:31Z" end-time="2025-12-30 16:55:31Z" duration="0.000042" asserts="0">
                  <properties>
                    <property name="retryIteration" value="0" />
                    <property name="repeatIteration" value="0" />
                  </properties>
                </test-case>
                <test-case id="1265" name="WhenCountingUsedBytesIn64BitValue_ResultMatchesHighBitSetOver8PlusOne(39)" fullname="Unity.Netcode.EditorTests.BitCounterTests.WhenCountingUsedBytesIn64BitValue_ResultMatchesHighBitSetOver8PlusOne(39)" methodname="WhenCountingUsedBytesIn64BitValue_ResultMatchesHighBitSetOver8PlusOne" classname="Unity.Netcode.EditorTests.BitCounterTests" runstate="Runnable" seed="655194160" result="Passed" start-time="2025-12-30 16:55:31Z" end-time="2025-12-30 16:55:31Z" duration="0.000042" asserts="0">
                  <properties>
                    <property name="retryIteration" value="0" />
                    <property name="repeatIteration" value="0" />
                  </properties>
                </test-case>
                <test-case id="1266" name="WhenCountingUsedBytesIn64BitValue_ResultMatchesHighBitSetOver8PlusOne(40)" fullname="Unity.Netcode.EditorTests.BitCounterTests.WhenCountingUsedBytesIn64BitValue_ResultMatchesHighBitSetOver8PlusOne(40)" methodname="WhenCountingUsedBytesIn64BitValue_ResultMatchesHighBitSetOver8PlusOne" classname="Unity.Netcode.EditorTests.BitCounterTests" runstate="Runnable" seed="874301391" result="Passed" start-time="2025-12-30 16:55:31Z" end-time="2025-12-30 16:55:31Z" duration="0.000043" asserts="0">
                  <properties>
                    <property name="retryIteration" value="0" />
                    <property name="repeatIteration" value="0" />
                  </properties>
                </test-case>
                <test-case id="1267" name="WhenCountingUsedBytesIn64BitValue_ResultMatchesHighBitSetOver8PlusOne(41)" fullname="Unity.Netcode.EditorTests.BitCounterTests.WhenCountingUsedBytesIn64BitValue_ResultMatchesHighBitSetOver8PlusOne(41)" methodname="WhenCountingUsedBytesIn64BitValue_ResultMatchesHighBitSetOver8PlusOne" classname="Unity.Netcode.EditorTests.BitCounterTests" runstate="Runnable" seed="2105237191" result="Passed" start-time="2025-12-30 16:55:31Z" end-time="2025-12-30 16:55:31Z" duration="0.000041" asserts="0">
                  <properties>
                    <property name="retryIteration" value="0" />
                    <property name="repeatIteration" value="0" />
                  </properties>
                </test-case>
                <test-case id="1268" name="WhenCountingUsedBytesIn64BitValue_ResultMatchesHighBitSetOver8PlusOne(42)" fullname="Unity.Netcode.EditorTests.BitCounterTests.WhenCountingUsedBytesIn64BitValue_ResultMatchesHighBitSetOver8PlusOne(42)" methodname="WhenCountingUsedBytesIn64BitValue_ResultMatchesHighBitSetOver8PlusOne" classname="Unity.Netcode.EditorTests.BitCounterTests" runstate="Runnable" seed="1310434547" result="Passed" start-time="2025-12-30 16:55:31Z" end-time="2025-12-30 16:55:31Z" duration="0.000039" asserts="0">
                  <properties>
                    <property name="retryIteration" value="0" />
                    <property name="repeatIteration" value="0" />
                  </properties>
                </test-case>
                <test-case id="1269" name="WhenCountingUsedBytesIn64BitValue_ResultMatchesHighBitSetOver8PlusOne(43)" fullname="Unity.Netcode.EditorTests.BitCounterTests.WhenCountingUsedBytesIn64BitValue_ResultMatchesHighBitSetOver8PlusOne(43)" methodname="WhenCountingUsedBytesIn64BitValue_ResultMatchesHighBitSetOver8PlusOne" classname="Unity.Netcode.EditorTests.BitCounterTests" runstate="Runnable" seed="348122499" result="Passed" start-time="2025-12-30 16:55:31Z" end-time="2025-12-30 16:55:31Z" duration="0.000045" asserts="0">
                  <properties>
                    <property name="retryIteration" value="0" />
                    <property name="repeatIteration" value="0" />
                  </properties>
                </test-case>
                <test-case id="1270" name="WhenCountingUsedBytesIn64BitValue_ResultMatchesHighBitSetOver8PlusOne(44)" fullname="Unity.Netcode.EditorTests.BitCounterTests.WhenCountingUsedBytesIn64BitValue_ResultMatchesHighBitSetOver8PlusOne(44)" methodname="WhenCountingUsedBytesIn64BitValue_ResultMatchesHighBitSetOver8PlusOne" classname="Unity.Netcode.EditorTests.BitCounterTests" runstate="Runnable" seed="1710162152" result="Passed" start-time="2025-12-30 16:55:31Z" end-time="2025-12-30 16:55:31Z" duration="0.000044" asserts="0">
                  <properties>
                    <property name="retryIteration" value="0" />
                    <property name="repeatIteration" value="0" />
                  </properties>
                </test-case>
                <test-case id="1271" name="WhenCountingUsedBytesIn64BitValue_ResultMatchesHighBitSetOver8PlusOne(45)" fullname="Unity.Netcode.EditorTests.BitCounterTests.WhenCountingUsedBytesIn64BitValue_ResultMatchesHighBitSetOver8PlusOne(45)" methodname="WhenCountingUsedBytesIn64BitValue_ResultMatchesHighBitSetOver8PlusOne" classname="Unity.Netcode.EditorTests.BitCounterTests" runstate="Runnable" seed="93365069" result="Passed" start-time="2025-12-30 16:55:31Z" end-time="2025-12-30 16:55:31Z" duration="0.000043" asserts="0">
                  <properties>
                    <property name="retryIteration" value="0" />
                    <property name="repeatIteration" value="0" />
                  </properties>
                </test-case>
                <test-case id="1272" name="WhenCountingUsedBytesIn64BitValue_ResultMatchesHighBitSetOver8PlusOne(46)" fullname="Unity.Netcode.EditorTests.BitCounterTests.WhenCountingUsedBytesIn64BitValue_ResultMatchesHighBitSetOver8PlusOne(46)" methodname="WhenCountingUsedBytesIn64BitValue_ResultMatchesHighBitSetOver8PlusOne" classname="Unity.Netcode.EditorTests.BitCounterTests" runstate="Runnable" seed="1962509313" result="Passed" start-time="2025-12-30 16:55:31Z" end-time="2025-12-30 16:55:31Z" duration="0.000039" asserts="0">
                  <properties>
                    <property name="retryIteration" value="0" />
                    <property name="repeatIteration" value="0" />
                  </properties>
                </test-case>
                <test-case id="1273" name="WhenCountingUsedBytesIn64BitValue_ResultMatchesHighBitSetOver8PlusOne(47)" fullname="Unity.Netcode.EditorTests.BitCounterTests.WhenCountingUsedBytesIn64BitValue_ResultMatchesHighBitSetOver8PlusOne(47)" methodname="WhenCountingUsedBytesIn64BitValue_ResultMatchesHighBitSetOver8PlusOne" classname="Unity.Netcode.EditorTests.BitCounterTests" runstate="Runnable" seed="804486201" result="Passed" start-time="2025-12-30 16:55:31Z" end-time="2025-12-30 16:55:31Z" duration="0.000039" asserts="0">
                  <properties>
                    <property name="retryIteration" value="0" />
                    <property name="repeatIteration" value="0" />
                  </properties>
                </test-case>
                <test-case id="1274" name="WhenCountingUsedBytesIn64BitValue_ResultMatchesHighBitSetOver8PlusOne(48)" fullname="Unity.Netcode.EditorTests.BitCounterTests.WhenCountingUsedBytesIn64BitValue_ResultMatchesHighBitSetOver8PlusOne(48)" methodname="WhenCountingUsedBytesIn64BitValue_ResultMatchesHighBitSetOver8PlusOne" classname="Unity.Netcode.EditorTests.BitCounterTests" runstate="Runnable" seed="303137078" result="Passed" start-time="2025-12-30 16:55:31Z" end-time="2025-12-30 16:55:31Z" duration="0.000038" asserts="0">
                  <properties>
                    <property name="retryIteration" value="0" />
                    <property name="repeatIteration" value="0" />
                  </properties>
                </test-case>
                <test-case id="1275" name="WhenCountingUsedBytesIn64BitValue_ResultMatchesHighBitSetOver8PlusOne(49)" fullname="Unity.Netcode.EditorTests.BitCounterTests.WhenCountingUsedBytesIn64BitValue_ResultMatchesHighBitSetOver8PlusOne(49)" methodname="WhenCountingUsedBytesIn64BitValue_ResultMatchesHighBitSetOver8PlusOne" classname="Unity.Netcode.EditorTests.BitCounterTests" runstate="Runnable" seed="263840861" result="Passed" start-time="2025-12-30 16:55:31Z" end-time="2025-12-30 16:55:31Z" duration="0.000039" asserts="0">
                  <properties>
                    <property name="retryIteration" value="0" />
                    <property name="repeatIteration" value="0" />
                  </properties>
                </test-case>
                <test-case id="1276" name="WhenCountingUsedBytesIn64BitValue_ResultMatchesHighBitSetOver8PlusOne(50)" fullname="Unity.Netcode.EditorTests.BitCounterTests.WhenCountingUsedBytesIn64BitValue_ResultMatchesHighBitSetOver8PlusOne(50)" methodname="WhenCountingUsedBytesIn64BitValue_ResultMatchesHighBitSetOver8PlusOne" classname="Unity.Netcode.EditorTests.BitCounterTests" runstate="Runnable" seed="787180926" result="Passed" start-time="2025-12-30 16:55:31Z" end-time="2025-12-30 16:55:31Z" duration="0.000038" asserts="0">
                  <properties>
                    <property name="retryIteration" value="0" />
                    <property name="repeatIteration" value="0" />
                  </properties>
                </test-case>
                <test-case id="1277" name="WhenCountingUsedBytesIn64BitValue_ResultMatchesHighBitSetOver8PlusOne(51)" fullname="Unity.Netcode.EditorTests.BitCounterTests.WhenCountingUsedBytesIn64BitValue_ResultMatchesHighBitSetOver8PlusOne(51)" methodname="WhenCountingUsedBytesIn64BitValue_ResultMatchesHighBitSetOver8PlusOne" classname="Unity.Netcode.EditorTests.BitCounterTests" runstate="Runnable" seed="1772595298" result="Passed" start-time="2025-12-30 16:55:31Z" end-time="2025-12-30 16:55:31Z" duration="0.000041" asserts="0">
                  <properties>
                    <property name="retryIteration" value="0" />
                    <property name="repeatIteration" value="0" />
                  </properties>
                </test-case>
                <test-case id="1278" name="WhenCountingUsedBytesIn64BitValue_ResultMatchesHighBitSetOver8PlusOne(52)" fullname="Unity.Netcode.EditorTests.BitCounterTests.WhenCountingUsedBytesIn64BitValue_ResultMatchesHighBitSetOver8PlusOne(52)" methodname="WhenCountingUsedBytesIn64BitValue_ResultMatchesHighBitSetOver8PlusOne" classname="Unity.Netcode.EditorTests.BitCounterTests" runstate="Runnable" seed="2009244937" result="Passed" start-time="2025-12-30 16:55:31Z" end-time="2025-12-30 16:55:31Z" duration="0.000042" asserts="0">
                  <properties>
                    <property name="retryIteration" value="0" />
                    <property name="repeatIteration" value="0" />
                  </properties>
                </test-case>
                <test-case id="1279" name="WhenCountingUsedBytesIn64BitValue_ResultMatchesHighBitSetOver8PlusOne(53)" fullname="Unity.Netcode.EditorTests.BitCounterTests.WhenCountingUsedBytesIn64BitValue_ResultMatchesHighBitSetOver8PlusOne(53)" methodname="WhenCountingUsedBytesIn64BitValue_ResultMatchesHighBitSetOver8PlusOne" classname="Unity.Netcode.EditorTests.BitCounterTests" runstate="Runnable" seed="1521403036" result="Passed" start-time="2025-12-30 16:55:31Z" end-time="2025-12-30 16:55:31Z" duration="0.000038" asserts="0">
                  <properties>
                    <property name="retryIteration" value="0" />
                    <property name="repeatIteration" value="0" />
                  </properties>
                </test-case>
                <test-case id="1280" name="WhenCountingUsedBytesIn64BitValue_ResultMatchesHighBitSetOver8PlusOne(54)" fullname="Unity.Netcode.EditorTests.BitCounterTests.WhenCountingUsedBytesIn64BitValue_ResultMatchesHighBitSetOver8PlusOne(54)" methodname="WhenCountingUsedBytesIn64BitValue_ResultMatchesHighBitSetOver8PlusOne" classname="Unity.Netcode.EditorTests.BitCounterTests" runstate="Runnable" seed="2020935679" result="Passed" start-time="2025-12-30 16:55:31Z" end-time="2025-12-30 16:55:31Z" duration="0.000039" asserts="0">
                  <properties>
                    <property name="retryIteration" value="0" />
                    <property name="repeatIteration" value="0" />
                  </properties>
                </test-case>
                <test-case id="1281" name="WhenCountingUsedBytesIn64BitValue_ResultMatchesHighBitSetOver8PlusOne(55)" fullname="Unity.Netcode.EditorTests.BitCounterTests.WhenCountingUsedBytesIn64BitValue_ResultMatchesHighBitSetOver8PlusOne(55)" methodname="WhenCountingUsedBytesIn64BitValue_ResultMatchesHighBitSetOver8PlusOne" classname="Unity.Netcode.EditorTests.BitCounterTests" runstate="Runnable" seed="416785554" result="Passed" start-time="2025-12-30 16:55:31Z" end-time="2025-12-30 16:55:31Z" duration="0.000040" asserts="0">
                  <properties>
                    <property name="retryIteration" value="0" />
                    <property name="repeatIteration" value="0" />
                  </properties>
                </test-case>
                <test-case id="1282" name="WhenCountingUsedBytesIn64BitValue_ResultMatchesHighBitSetOver8PlusOne(56)" fullname="Unity.Netcode.EditorTests.BitCounterTests.WhenCountingUsedBytesIn64BitValue_ResultMatchesHighBitSetOver8PlusOne(56)" methodname="WhenCountingUsedBytesIn64BitValue_ResultMatchesHighBitSetOver8PlusOne" classname="Unity.Netcode.EditorTests.BitCounterTests" runstate="Runnable" seed="1512706998" result="Passed" start-time="2025-12-30 16:55:31Z" end-time="2025-12-30 16:55:31Z" duration="0.000043" asserts="0">
                  <properties>
                    <property name="retryIteration" value="0" />
                    <property name="repeatIteration" value="0" />
                  </properties>
                </test-case>
                <test-case id="1283" name="WhenCountingUsedBytesIn64BitValue_ResultMatchesHighBitSetOver8PlusOne(57)" fullname="Unity.Netcode.EditorTests.BitCounterTests.WhenCountingUsedBytesIn64BitValue_ResultMatchesHighBitSetOver8PlusOne(57)" methodname="WhenCountingUsedBytesIn64BitValue_ResultMatchesHighBitSetOver8PlusOne" classname="Unity.Netcode.EditorTests.BitCounterTests" runstate="Runnable" seed="827857001" result="Passed" start-time="2025-12-30 16:55:31Z" end-time="2025-12-30 16:55:31Z" duration="0.000041" asserts="0">
                  <properties>
                    <property name="retryIteration" value="0" />
                    <property name="repeatIteration" value="0" />
                  </properties>
                </test-case>
                <test-case id="1284" name="WhenCountingUsedBytesIn64BitValue_ResultMatchesHighBitSetOver8PlusOne(58)" fullname="Unity.Netcode.EditorTests.BitCounterTests.WhenCountingUsedBytesIn64BitValue_ResultMatchesHighBitSetOver8PlusOne(58)" methodname="WhenCountingUsedBytesIn64BitValue_ResultMatchesHighBitSetOver8PlusOne" classname="Unity.Netcode.EditorTests.BitCounterTests" runstate="Runnable" seed="1108063566" result="Passed" start-time="2025-12-30 16:55:31Z" end-time="2025-12-30 16:55:31Z" duration="0.000041" asserts="0">
                  <properties>
                    <property name="retryIteration" value="0" />
                    <property name="repeatIteration" value="0" />
                  </properties>
                </test-case>
                <test-case id="1285" name="WhenCountingUsedBytesIn64BitValue_ResultMatchesHighBitSetOver8PlusOne(59)" fullname="Unity.Netcode.EditorTests.BitCounterTests.WhenCountingUsedBytesIn64BitValue_ResultMatchesHighBitSetOver8PlusOne(59)" methodname="WhenCountingUsedBytesIn64BitValue_ResultMatchesHighBitSetOver8PlusOne" classname="Unity.Netcode.EditorTests.BitCounterTests" runstate="Runnable" seed="542161533" result="Passed" start-time="2025-12-30 16:55:31Z" end-time="2025-12-30 16:55:31Z" duration="0.000040" asserts="0">
                  <properties>
                    <property name="retryIteration" value="0" />
                    <property name="repeatIteration" value="0" />
                  </properties>
                </test-case>
                <test-case id="1286" name="WhenCountingUsedBytesIn64BitValue_ResultMatchesHighBitSetOver8PlusOne(60)" fullname="Unity.Netcode.EditorTests.BitCounterTests.WhenCountingUsedBytesIn64BitValue_ResultMatchesHighBitSetOver8PlusOne(60)" methodname="WhenCountingUsedBytesIn64BitValue_ResultMatchesHighBitSetOver8PlusOne" classname="Unity.Netcode.EditorTests.BitCounterTests" runstate="Runnable" seed="825353336" result="Passed" start-time="2025-12-30 16:55:31Z" end-time="2025-12-30 16:55:31Z" duration="0.000044" asserts="0">
                  <properties>
                    <property name="retryIteration" value="0" />
                    <property name="repeatIteration" value="0" />
                  </properties>
                </test-case>
                <test-case id="1287" name="WhenCountingUsedBytesIn64BitValue_ResultMatchesHighBitSetOver8PlusOne(61)" fullname="Unity.Netcode.EditorTests.BitCounterTests.WhenCountingUsedBytesIn64BitValue_ResultMatchesHighBitSetOver8PlusOne(61)" methodname="WhenCountingUsedBytesIn64BitValue_ResultMatchesHighBitSetOver8PlusOne" classname="Unity.Netcode.EditorTests.BitCounterTests" runstate="Runnable" seed="199892056" result="Passed" start-time="2025-12-30 16:55:31Z" end-time="2025-12-30 16:55:31Z" duration="0.000041" asserts="0">
                  <properties>
                    <property name="retryIteration" value="0" />
                    <property name="repeatIteration" value="0" />
                  </properties>
                </test-case>
                <test-case id="1288" name="WhenCountingUsedBytesIn64BitValue_ResultMatchesHighBitSetOver8PlusOne(62)" fullname="Unity.Netcode.EditorTests.BitCounterTests.WhenCountingUsedBytesIn64BitValue_ResultMatchesHighBitSetOver8PlusOne(62)" methodname="WhenCountingUsedBytesIn64BitValue_ResultMatchesHighBitSetOver8PlusOne" classname="Unity.Netcode.EditorTests.BitCounterTests" runstate="Runnable" seed="1785866755" result="Passed" start-time="2025-12-30 16:55:31Z" end-time="2025-12-30 16:55:31Z" duration="0.000043" asserts="0">
                  <properties>
                    <property name="retryIteration" value="0" />
                    <property name="repeatIteration" value="0" />
                  </properties>
                </test-case>
                <test-case id="1289" name="WhenCountingUsedBytesIn64BitValue_ResultMatchesHighBitSetOver8PlusOne(63)" fullname="Unity.Netcode.EditorTests.BitCounterTests.WhenCountingUsedBytesIn64BitValue_ResultMatchesHighBitSetOver8PlusOne(63)" methodname="WhenCountingUsedBytesIn64BitValue_ResultMatchesHighBitSetOver8PlusOne" classname="Unity.Netcode.EditorTests.BitCounterTests" runstate="Runnable" seed="115694879" result="Passed" start-time="2025-12-30 16:55:31Z" end-time="2025-12-30 16:55:31Z" duration="0.000042" asserts="0">
                  <properties>
                    <property name="retryIteration" value="0" />
                    <property name="repeatIteration" value="0" />
                  </properties>
                </test-case>
              </test-suite>
            </test-suite>
            <test-suite type="TestFixture" id="1324" name="BitReaderTests" fullname="Unity.Netcode.EditorTests.BitReaderTests" classname="Unity.Netcode.EditorTests.BitReaderTests" runstate="Runnable" testcasecount="132" result="Passed" start-time="2025-12-30 16:55:31Z" end-time="2025-12-30 16:55:31Z" duration="0.024164" total="132" passed="132" failed="0" inconclusive="0" skipped="0" asserts="0">
              <properties />
              <test-case id="1458" name="TestReadingBitsThrowsIfTryBeginReadNotCalled" fullname="Unity.Netcode.EditorTests.BitReaderTests.TestReadingBitsThrowsIfTryBeginReadNotCalled" methodname="TestReadingBitsThrowsIfTryBeginReadNotCalled" classname="Unity.Netcode.EditorTests.BitReaderTests" runstate="Runnable" seed="1623453563" result="Passed" start-time="2025-12-30 16:55:31Z" end-time="2025-12-30 16:55:31Z" duration="0.003526" asserts="0">
                <properties>
                  <property name="retryIteration" value="0" />
                  <property name="repeatIteration" value="0" />
                </properties>
              </test-case>
              <test-case id="1327" name="TestReadingMultipleBits" fullname="Unity.Netcode.EditorTests.BitReaderTests.TestReadingMultipleBits" methodname="TestReadingMultipleBits" classname="Unity.Netcode.EditorTests.BitReaderTests" runstate="Runnable" seed="428701943" result="Passed" start-time="2025-12-30 16:55:31Z" end-time="2025-12-30 16:55:31Z" duration="0.000856" asserts="0">
                <properties>
                  <property name="retryIteration" value="0" />
                  <property name="repeatIteration" value="0" />
                </properties>
              </test-case>
              <test-case id="1328" name="TestReadingMultipleBitsToLongs" fullname="Unity.Netcode.EditorTests.BitReaderTests.TestReadingMultipleBitsToLongs" methodname="TestReadingMultipleBitsToLongs" classname="Unity.Netcode.EditorTests.BitReaderTests" runstate="Runnable" seed="1491277063" result="Passed" start-time="2025-12-30 16:55:31Z" end-time="2025-12-30 16:55:31Z" duration="0.000693" asserts="0">
                <properties>
                  <property name="retryIteration" value="0" />
                  <property name="repeatIteration" value="0" />
                </properties>
              </test-case>
              <test-suite type="ParameterizedMethod" id="1393" name="TestReadingMultipleBytesToLongs" fullname="Unity.Netcode.EditorTests.BitReaderTests.TestReadingMultipleBytesToLongs" classname="Unity.Netcode.EditorTests.BitReaderTests" runstate="Runnable" testcasecount="64" result="Passed" start-time="2025-12-30 16:55:31Z" end-time="2025-12-30 16:55:31Z" duration="0.007711" total="64" passed="64" failed="0" inconclusive="0" skipped="0" asserts="0">
                <properties />
                <test-case id="1329" name="TestReadingMultipleBytesToLongs(1)" fullname="Unity.Netcode.EditorTests.BitReaderTests.TestReadingMultipleBytesToLongs(1)" methodname="TestReadingMultipleBytesToLongs" classname="Unity.Netcode.EditorTests.BitReaderTests" runstate="Runnable" seed="160342009" result="Passed" start-time="2025-12-30 16:55:31Z" end-time="2025-12-30 16:55:31Z" duration="0.000242" asserts="0">
                  <properties>
                    <property name="retryIteration" value="0" />
                    <property name="repeatIteration" value="0" />
                  </properties>
                </test-case>
                <test-case id="1330" name="TestReadingMultipleBytesToLongs(2)" fullname="Unity.Netcode.EditorTests.BitReaderTests.TestReadingMultipleBytesToLongs(2)" methodname="TestReadingMultipleBytesToLongs" classname="Unity.Netcode.EditorTests.BitReaderTests" runstate="Runnable" seed="1016515747" result="Passed" start-time="2025-12-30 16:55:31Z" end-time="2025-12-30 16:55:31Z" duration="0.000044" asserts="0">
                  <properties>
                    <property name="retryIteration" value="0" />
                    <property name="repeatIteration" value="0" />
                  </properties>
                </test-case>
                <test-case id="1331" name="TestReadingMultipleBytesToLongs(3)" fullname="Unity.Netcode.EditorTests.BitReaderTests.TestReadingMultipleBytesToLongs(3)" methodname="TestReadingMultipleBytesToLongs" classname="Unity.Netcode.EditorTests.BitReaderTests" runstate="Runnable" seed="297789617" result="Passed" start-time="2025-12-30 16:55:31Z" end-time="2025-12-30 16:55:31Z" duration="0.000040" asserts="0">
                  <properties>
                    <property name="retryIteration" value="0" />
                    <property name="repeatIteration" value="0" />
                  </properties>
                </test-case>
                <test-case id="1332" name="TestReadingMultipleBytesToLongs(4)" fullname="Unity.Netcode.EditorTests.BitReaderTests.TestReadingMultipleBytesToLongs(4)" methodname="TestReadingMultipleBytesToLongs" classname="Unity.Netcode.EditorTests.BitReaderTests" runstate="Runnable" seed="73395586" result="Passed" start-time="2025-12-30 16:55:31Z" end-time="2025-12-30 16:55:31Z" duration="0.000042" asserts="0">
                  <properties>
                    <property name="retryIteration" value="0" />
                    <property name="repeatIteration" value="0" />
                  </properties>
                </test-case>
                <test-case id="1333" name="TestReadingMultipleBytesToLongs(5)" fullname="Unity.Netcode.EditorTests.BitReaderTests.TestReadingMultipleBytesToLongs(5)" methodname="TestReadingMultipleBytesToLongs" classname="Unity.Netcode.EditorTests.BitReaderTests" runstate="Runnable" seed="285915456" result="Passed" start-time="2025-12-30 16:55:31Z" end-time="2025-12-30 16:55:31Z" duration="0.000039" asserts="0">
                  <properties>
                    <property name="retryIteration" value="0" />
                    <property name="repeatIteration" value="0" />
                  </properties>
                </test-case>
                <test-case id="1334" name="TestReadingMultipleBytesToLongs(6)" fullname="Unity.Netcode.EditorTests.BitReaderTests.TestReadingMultipleBytesToLongs(6)" methodname="TestReadingMultipleBytesToLongs" classname="Unity.Netcode.EditorTests.BitReaderTests" runstate="Runnable" seed="1996511334" result="Passed" start-time="2025-12-30 16:55:31Z" end-time="2025-12-30 16:55:31Z" duration="0.000040" asserts="0">
                  <properties>
                    <property name="retryIteration" value="0" />
                    <property name="repeatIteration" value="0" />
                  </properties>
                </test-case>
                <test-case id="1335" name="TestReadingMultipleBytesToLongs(7)" fullname="Unity.Netcode.EditorTests.BitReaderTests.TestReadingMultipleBytesToLongs(7)" methodname="TestReadingMultipleBytesToLongs" classname="Unity.Netcode.EditorTests.BitReaderTests" runstate="Runnable" seed="644691190" result="Passed" start-time="2025-12-30 16:55:31Z" end-time="2025-12-30 16:55:31Z" duration="0.000040" asserts="0">
                  <properties>
                    <property name="retryIteration" value="0" />
                    <property name="repeatIteration" value="0" />
                  </properties>
                </test-case>
                <test-case id="1336" name="TestReadingMultipleBytesToLongs(8)" fullname="Unity.Netcode.EditorTests.BitReaderTests.TestReadingMultipleBytesToLongs(8)" methodname="TestReadingMultipleBytesToLongs" classname="Unity.Netcode.EditorTests.BitReaderTests" runstate="Runnable" seed="724296895" result="Passed" start-time="2025-12-30 16:55:31Z" end-time="2025-12-30 16:55:31Z" duration="0.000104" asserts="0">
                  <properties>
                    <property name="retryIteration" value="0" />
                    <property name="repeatIteration" value="0" />
                  </properties>
                </test-case>
                <test-case id="1337" name="TestReadingMultipleBytesToLongs(9)" fullname="Unity.Netcode.EditorTests.BitReaderTests.TestReadingMultipleBytesToLongs(9)" methodname="TestReadingMultipleBytesToLongs" classname="Unity.Netcode.EditorTests.BitReaderTests" runstate="Runnable" seed="4353940" result="Passed" start-time="2025-12-30 16:55:31Z" end-time="2025-12-30 16:55:31Z" duration="0.000044" asserts="0">
                  <properties>
                    <property name="retryIteration" value="0" />
                    <property name="repeatIteration" value="0" />
                  </properties>
                </test-case>
                <test-case id="1338" name="TestReadingMultipleBytesToLongs(10)" fullname="Unity.Netcode.EditorTests.BitReaderTests.TestReadingMultipleBytesToLongs(10)" methodname="TestReadingMultipleBytesToLongs" classname="Unity.Netcode.EditorTests.BitReaderTests" runstate="Runnable" seed="1325006693" result="Passed" start-time="2025-12-30 16:55:31Z" end-time="2025-12-30 16:55:31Z" duration="0.000042" asserts="0">
                  <properties>
                    <property name="retryIteration" value="0" />
                    <property name="repeatIteration" value="0" />
                  </properties>
                </test-case>
                <test-case id="1339" name="TestReadingMultipleBytesToLongs(11)" fullname="Unity.Netcode.EditorTests.BitReaderTests.TestReadingMultipleBytesToLongs(11)" methodname="TestReadingMultipleBytesToLongs" classname="Unity.Netcode.EditorTests.BitReaderTests" runstate="Runnable" seed="1168371992" result="Passed" start-time="2025-12-30 16:55:31Z" end-time="2025-12-30 16:55:31Z" duration="0.000043" asserts="0">
                  <properties>
                    <property name="retryIteration" value="0" />
                    <property name="repeatIteration" value="0" />
                  </properties>
                </test-case>
                <test-case id="1340" name="TestReadingMultipleBytesToLongs(12)" fullname="Unity.Netcode.EditorTests.BitReaderTests.TestReadingMultipleBytesToLongs(12)" methodname="TestReadingMultipleBytesToLongs" classname="Unity.Netcode.EditorTests.BitReaderTests" runstate="Runnable" seed="2035977670" result="Passed" start-time="2025-12-30 16:55:31Z" end-time="2025-12-30 16:55:31Z" duration="0.000041" asserts="0">
                  <properties>
                    <property name="retryIteration" value="0" />
                    <property name="repeatIteration" value="0" />
                  </properties>
                </test-case>
                <test-case id="1341" name="TestReadingMultipleBytesToLongs(13)" fullname="Unity.Netcode.EditorTests.BitReaderTests.TestReadingMultipleBytesToLongs(13)" methodname="TestReadingMultipleBytesToLongs" classname="Unity.Netcode.EditorTests.BitReaderTests" runstate="Runnable" seed="462626703" result="Passed" start-time="2025-12-30 16:55:31Z" end-time="2025-12-30 16:55:31Z" duration="0.000044" asserts="0">
                  <properties>
                    <property name="retryIteration" value="0" />
                    <property name="repeatIteration" value="0" />
                  </properties>
                </test-case>
                <test-case id="1342" name="TestReadingMultipleBytesToLongs(14)" fullname="Unity.Netcode.EditorTests.BitReaderTests.TestReadingMultipleBytesToLongs(14)" methodname="TestReadingMultipleBytesToLongs" classname="Unity.Netcode.EditorTests.BitReaderTests" runstate="Runnable" seed="1513145122" result="Passed" start-time="2025-12-30 16:55:31Z" end-time="2025-12-30 16:55:31Z" duration="0.000040" asserts="0">
                  <properties>
                    <property name="retryIteration" value="0" />
                    <property name="repeatIteration" value="0" />
                  </properties>
                </test-case>
                <test-case id="1343" name="TestReadingMultipleBytesToLongs(15)" fullname="Unity.Netcode.EditorTests.BitReaderTests.TestReadingMultipleBytesToLongs(15)" methodname="TestReadingMultipleBytesToLongs" classname="Unity.Netcode.EditorTests.BitReaderTests" runstate="Runnable" seed="889914810" result="Passed" start-time="2025-12-30 16:55:31Z" end-time="2025-12-30 16:55:31Z" duration="0.000040" asserts="0">
                  <properties>
                    <property name="retryIteration" value="0" />
                    <property name="repeatIteration" value="0" />
                  </properties>
                </test-case>
                <test-case id="1344" name="TestReadingMultipleBytesToLongs(16)" fullname="Unity.Netcode.EditorTests.BitReaderTests.TestReadingMultipleBytesToLongs(16)" methodname="TestReadingMultipleBytesToLongs" classname="Unity.Netcode.EditorTests.BitReaderTests" runstate="Runnable" seed="487840404" result="Passed" start-time="2025-12-30 16:55:31Z" end-time="2025-12-30 16:55:31Z" duration="0.000040" asserts="0">
                  <properties>
                    <property name="retryIteration" value="0" />
                    <property name="repeatIteration" value="0" />
                  </properties>
                </test-case>
                <test-case id="1345" name="TestReadingMultipleBytesToLongs(17)" fullname="Unity.Netcode.EditorTests.BitReaderTests.TestReadingMultipleBytesToLongs(17)" methodname="TestReadingMultipleBytesToLongs" classname="Unity.Netcode.EditorTests.BitReaderTests" runstate="Runnable" seed="1631013861" result="Passed" start-time="2025-12-30 16:55:31Z" end-time="2025-12-30 16:55:31Z" duration="0.000040" asserts="0">
                  <properties>
                    <property name="retryIteration" value="0" />
                    <property name="repeatIteration" value="0" />
                  </properties>
                </test-case>
                <test-case id="1346" name="TestReadingMultipleBytesToLongs(18)" fullname="Unity.Netcode.EditorTests.BitReaderTests.TestReadingMultipleBytesToLongs(18)" methodname="TestReadingMultipleBytesToLongs" classname="Unity.Netcode.EditorTests.BitReaderTests" runstate="Runnable" seed="1074585945" result="Passed" start-time="2025-12-30 16:55:31Z" end-time="2025-12-30 16:55:31Z" duration="0.000038" asserts="0">
                  <properties>
                    <property name="retryIteration" value="0" />
                    <property name="repeatIteration" value="0" />
                  </properties>
                </test-case>
                <test-case id="1347" name="TestReadingMultipleBytesToLongs(19)" fullname="Unity.Netcode.EditorTests.BitReaderTests.TestReadingMultipleBytesToLongs(19)" methodname="TestReadingMultipleBytesToLongs" classname="Unity.Netcode.EditorTests.BitReaderTests" runstate="Runnable" seed="1942017357" result="Passed" start-time="2025-12-30 16:55:31Z" end-time="2025-12-30 16:55:31Z" duration="0.000039" asserts="0">
                  <properties>
                    <property name="retryIteration" value="0" />
                    <property name="repeatIteration" value="0" />
                  </properties>
                </test-case>
                <test-case id="1348" name="TestReadingMultipleBytesToLongs(20)" fullname="Unity.Netcode.EditorTests.BitReaderTests.TestReadingMultipleBytesToLongs(20)" methodname="TestReadingMultipleBytesToLongs" classname="Unity.Netcode.EditorTests.BitReaderTests" runstate="Runnable" seed="1012853319" result="Passed" start-time="2025-12-30 16:55:31Z" end-time="2025-12-30 16:55:31Z" duration="0.000038" asserts="0">
                  <properties>
                    <property name="retryIteration" value="0" />
                    <property name="repeatIteration" value="0" />
                  </properties>
                </test-case>
                <test-case id="1349" name="TestReadingMultipleBytesToLongs(21)" fullname="Unity.Netcode.EditorTests.BitReaderTests.TestReadingMultipleBytesToLongs(21)" methodname="TestReadingMultipleBytesToLongs" classname="Unity.Netcode.EditorTests.BitReaderTests" runstate="Runnable" seed="510900058" result="Passed" start-time="2025-12-30 16:55:31Z" end-time="2025-12-30 16:55:31Z" duration="0.000039" asserts="0">
                  <properties>
                    <property name="retryIteration" value="0" />
                    <property name="repeatIteration" value="0" />
                  </properties>
                </test-case>
                <test-case id="1350" name="TestReadingMultipleBytesToLongs(22)" fullname="Unity.Netcode.EditorTests.BitReaderTests.TestReadingMultipleBytesToLongs(22)" methodname="TestReadingMultipleBytesToLongs" classname="Unity.Netcode.EditorTests.BitReaderTests" runstate="Runnable" seed="423678909" result="Passed" start-time="2025-12-30 16:55:31Z" end-time="2025-12-30 16:55:31Z" duration="0.000038" asserts="0">
                  <properties>
                    <property name="retryIteration" value="0" />
                    <property name="repeatIteration" value="0" />
                  </properties>
                </test-case>
                <test-case id="1351" name="TestReadingMultipleBytesToLongs(23)" fullname="Unity.Netcode.EditorTests.BitReaderTests.TestReadingMultipleBytesToLongs(23)" methodname="TestReadingMultipleBytesToLongs" classname="Unity.Netcode.EditorTests.BitReaderTests" runstate="Runnable" seed="596374743" result="Passed" start-time="2025-12-30 16:55:31Z" end-time="2025-12-30 16:55:31Z" duration="0.000039" asserts="0">
                  <properties>
                    <property name="retryIteration" value="0" />
                    <property name="repeatIteration" value="0" />
                  </properties>
                </test-case>
                <test-case id="1352" name="TestReadingMultipleBytesToLongs(24)" fullname="Unity.Netcode.EditorTests.BitReaderTests.TestReadingMultipleBytesToLongs(24)" methodname="TestReadingMultipleBytesToLongs" classname="Unity.Netcode.EditorTests.BitReaderTests" runstate="Runnable" seed="1154904237" result="Passed" start-time="2025-12-30 16:55:31Z" end-time="2025-12-30 16:55:31Z" duration="0.000040" asserts="0">
                  <properties>
                    <property name="retryIteration" value="0" />
                    <property name="repeatIteration" value="0" />
                  </properties>
                </test-case>
                <test-case id="1353" name="TestReadingMultipleBytesToLongs(25)" fullname="Unity.Netcode.EditorTests.BitReaderTests.TestReadingMultipleBytesToLongs(25)" methodname="TestReadingMultipleBytesToLongs" classname="Unity.Netcode.EditorTests.BitReaderTests" runstate="Runnable" seed="1862778480" result="Passed" start-time="2025-12-30 16:55:31Z" end-time="2025-12-30 16:55:31Z" duration="0.000037" asserts="0">
                  <properties>
                    <property name="retryIteration" value="0" />
                    <property name="repeatIteration" value="0" />
                  </properties>
                </test-case>
                <test-case id="1354" name="TestReadingMultipleBytesToLongs(26)" fullname="Unity.Netcode.EditorTests.BitReaderTests.TestReadingMultipleBytesToLongs(26)" methodname="TestReadingMultipleBytesToLongs" classname="Unity.Netcode.EditorTests.BitReaderTests" runstate="Runnable" seed="510164270" result="Passed" start-time="2025-12-30 16:55:31Z" end-time="2025-12-30 16:55:31Z" duration="0.000036" asserts="0">
                  <properties>
                    <property name="retryIteration" value="0" />
                    <property name="repeatIteration" value="0" />
                  </properties>
                </test-case>
                <test-case id="1355" name="TestReadingMultipleBytesToLongs(27)" fullname="Unity.Netcode.EditorTests.BitReaderTests.TestReadingMultipleBytesToLongs(27)" methodname="TestReadingMultipleBytesToLongs" classname="Unity.Netcode.EditorTests.BitReaderTests" runstate="Runnable" seed="1339118955" result="Passed" start-time="2025-12-30 16:55:31Z" end-time="2025-12-30 16:55:31Z" duration="0.000040" asserts="0">
                  <properties>
                    <property name="retryIteration" value="0" />
                    <property name="repeatIteration" value="0" />
                  </properties>
                </test-case>
                <test-case id="1356" name="TestReadingMultipleBytesToLongs(28)" fullname="Unity.Netcode.EditorTests.BitReaderTests.TestReadingMultipleBytesToLongs(28)" methodname="TestReadingMultipleBytesToLongs" classname="Unity.Netcode.EditorTests.BitReaderTests" runstate="Runnable" seed="401875186" result="Passed" start-time="2025-12-30 16:55:31Z" end-time="2025-12-30 16:55:31Z" duration="0.000042" asserts="0">
                  <properties>
                    <property name="retryIteration" value="0" />
                    <property name="repeatIteration" value="0" />
                  </properties>
                </test-case>
                <test-case id="1357" name="TestReadingMultipleBytesToLongs(29)" fullname="Unity.Netcode.EditorTests.BitReaderTests.TestReadingMultipleBytesToLongs(29)" methodname="TestReadingMultipleBytesToLongs" classname="Unity.Netcode.EditorTests.BitReaderTests" runstate="Runnable" seed="251155527" result="Passed" start-time="2025-12-30 16:55:31Z" end-time="2025-12-30 16:55:31Z" duration="0.000038" asserts="0">
                  <properties>
                    <property name="retryIteration" value="0" />
                    <property name="repeatIteration" value="0" />
                  </properties>
                </test-case>
                <test-case id="1358" name="TestReadingMultipleBytesToLongs(30)" fullname="Unity.Netcode.EditorTests.BitReaderTests.TestReadingMultipleBytesToLongs(30)" methodname="TestReadingMultipleBytesToLongs" classname="Unity.Netcode.EditorTests.BitReaderTests" runstate="Runnable" seed="1371462758" result="Passed" start-time="2025-12-30 16:55:31Z" end-time="2025-12-30 16:55:31Z" duration="0.000038" asserts="0">
                  <properties>
                    <property name="retryIteration" value="0" />
                    <property name="repeatIteration" value="0" />
                  </properties>
                </test-case>
                <test-case id="1359" name="TestReadingMultipleBytesToLongs(31)" fullname="Unity.Netcode.EditorTests.BitReaderTests.TestReadingMultipleBytesToLongs(31)" methodname="TestReadingMultipleBytesToLongs" classname="Unity.Netcode.EditorTests.BitReaderTests" runstate="Runnable" seed="558503909" result="Passed" start-time="2025-12-30 16:55:31Z" end-time="2025-12-30 16:55:31Z" duration="0.000038" asserts="0">
                  <properties>
                    <property name="retryIteration" value="0" />
                    <property name="repeatIteration" value="0" />
                  </properties>
                </test-case>
                <test-case id="1360" name="TestReadingMultipleBytesToLongs(32)" fullname="Unity.Netcode.EditorTests.BitReaderTests.TestReadingMultipleBytesToLongs(32)" methodname="TestReadingMultipleBytesToLongs" classname="Unity.Netcode.EditorTests.BitReaderTests" runstate="Runnable" seed="1721482928" result="Passed" start-time="2025-12-30 16:55:31Z" end-time="2025-12-30 16:55:31Z" duration="0.000038" asserts="0">
                  <properties>
                    <property name="retryIteration" value="0" />
                    <property name="repeatIteration" value="0" />
                  </properties>
                </test-case>
                <test-case id="1361" name="TestReadingMultipleBytesToLongs(33)" fullname="Unity.Netcode.EditorTests.BitReaderTests.TestReadingMultipleBytesToLongs(33)" methodname="TestReadingMultipleBytesToLongs" classname="Unity.Netcode.EditorTests.BitReaderTests" runstate="Runnable" seed="1241101854" result="Passed" start-time="2025-12-30 16:55:31Z" end-time="2025-12-30 16:55:31Z" duration="0.000038" asserts="0">
                  <properties>
                    <property name="retryIteration" value="0" />
                    <property name="repeatIteration" value="0" />
                  </properties>
                </test-case>
                <test-case id="1362" name="TestReadingMultipleBytesToLongs(34)" fullname="Unity.Netcode.EditorTests.BitReaderTests.TestReadingMultipleBytesToLongs(34)" methodname="TestReadingMultipleBytesToLongs" classname="Unity.Netcode.EditorTests.BitReaderTests" runstate="Runnable" seed="1391110688" result="Passed" start-time="2025-12-30 16:55:31Z" end-time="2025-12-30 16:55:31Z" duration="0.000040" asserts="0">
                  <properties>
                    <property name="retryIteration" value="0" />
                    <property name="repeatIteration" value="0" />
                  </properties>
                </test-case>
                <test-case id="1363" name="TestReadingMultipleBytesToLongs(35)" fullname="Unity.Netcode.EditorTests.BitReaderTests.TestReadingMultipleBytesToLongs(35)" methodname="TestReadingMultipleBytesToLongs" classname="Unity.Netcode.EditorTests.BitReaderTests" runstate="Runnable" seed="482836309" result="Passed" start-time="2025-12-30 16:55:31Z" end-time="2025-12-30 16:55:31Z" duration="0.000042" asserts="0">
                  <properties>
                    <property name="retryIteration" value="0" />
                    <property name="repeatIteration" value="0" />
                  </properties>
                </test-case>
                <test-case id="1364" name="TestReadingMultipleBytesToLongs(36)" fullname="Unity.Netcode.EditorTests.BitReaderTests.TestReadingMultipleBytesToLongs(36)" methodname="TestReadingMultipleBytesToLongs" classname="Unity.Netcode.EditorTests.BitReaderTests" runstate="Runnable" seed="915663425" result="Passed" start-time="2025-12-30 16:55:31Z" end-time="2025-12-30 16:55:31Z" duration="0.000041" asserts="0">
                  <properties>
                    <property name="retryIteration" value="0" />
                    <property name="repeatIteration" value="0" />
                  </properties>
                </test-case>
                <test-case id="1365" name="TestReadingMultipleBytesToLongs(37)" fullname="Unity.Netcode.EditorTests.BitReaderTests.TestReadingMultipleBytesToLongs(37)" methodname="TestReadingMultipleBytesToLongs" classname="Unity.Netcode.EditorTests.BitReaderTests" runstate="Runnable" seed="1484456245" result="Passed" start-time="2025-12-30 16:55:31Z" end-time="2025-12-30 16:55:31Z" duration="0.000038" asserts="0">
                  <properties>
                    <property name="retryIteration" value="0" />
                    <property name="repeatIteration" value="0" />
                  </properties>
                </test-case>
                <test-case id="1366" name="TestReadingMultipleBytesToLongs(38)" fullname="Unity.Netcode.EditorTests.BitReaderTests.TestReadingMultipleBytesToLongs(38)" methodname="TestReadingMultipleBytesToLongs" classname="Unity.Netcode.EditorTests.BitReaderTests" runstate="Runnable" seed="930225065" result="Passed" start-time="2025-12-30 16:55:31Z" end-time="2025-12-30 16:55:31Z" duration="0.000037" asserts="0">
                  <properties>
                    <property name="retryIteration" value="0" />
                    <property name="repeatIteration" value="0" />
                  </properties>
                </test-case>
                <test-case id="1367" name="TestReadingMultipleBytesToLongs(39)" fullname="Unity.Netcode.EditorTests.BitReaderTests.TestReadingMultipleBytesToLongs(39)" methodname="TestReadingMultipleBytesToLongs" classname="Unity.Netcode.EditorTests.BitReaderTests" runstate="Runnable" seed="1962478506" result="Passed" start-time="2025-12-30 16:55:31Z" end-time="2025-12-30 16:55:31Z" duration="0.000037" asserts="0">
                  <properties>
                    <property name="retryIteration" value="0" />
                    <property name="repeatIteration" value="0" />
                  </properties>
                </test-case>
                <test-case id="1368" name="TestReadingMultipleBytesToLongs(40)" fullname="Unity.Netcode.EditorTests.BitReaderTests.TestReadingMultipleBytesToLongs(40)" methodname="TestReadingMultipleBytesToLongs" classname="Unity.Netcode.EditorTests.BitReaderTests" runstate="Runnable" seed="398287999" result="Passed" start-time="2025-12-30 16:55:31Z" end-time="2025-12-30 16:55:31Z" duration="0.000038" asserts="0">
                  <properties>
                    <property name="retryIteration" value="0" />
                    <property name="repeatIteration" value="0" />
                  </properties>
                </test-case>
                <test-case id="1369" name="TestReadingMultipleBytesToLongs(41)" fullname="Unity.Netcode.EditorTests.BitReaderTests.TestReadingMultipleBytesToLongs(41)" methodname="TestReadingMultipleBytesToLongs" classname="Unity.Netcode.EditorTests.BitReaderTests" runstate="Runnable" seed="3039541" result="Passed" start-time="2025-12-30 16:55:31Z" end-time="2025-12-30 16:55:31Z" duration="0.000041" asserts="0">
                  <properties>
                    <property name="retryIteration" value="0" />
                    <property name="repeatIteration" value="0" />
                  </properties>
                </test-case>
                <test-case id="1370" name="TestReadingMultipleBytesToLongs(42)" fullname="Unity.Netcode.EditorTests.BitReaderTests.TestReadingMultipleBytesToLongs(42)" methodname="TestReadingMultipleBytesToLongs" classname="Unity.Netcode.EditorTests.BitReaderTests" runstate="Runnable" seed="130094369" result="Passed" start-time="2025-12-30 16:55:31Z" end-time="2025-12-30 16:55:31Z" duration="0.000040" asserts="0">
                  <properties>
                    <property name="retryIteration" value="0" />
                    <property name="repeatIteration" value="0" />
                  </properties>
                </test-case>
                <test-case id="1371" name="TestReadingMultipleBytesToLongs(43)" fullname="Unity.Netcode.EditorTests.BitReaderTests.TestReadingMultipleBytesToLongs(43)" methodname="TestReadingMultipleBytesToLongs" classname="Unity.Netcode.EditorTests.BitReaderTests" runstate="Runnable" seed="307059713" result="Passed" start-time="2025-12-30 16:55:31Z" end-time="2025-12-30 16:55:31Z" duration="0.000040" asserts="0">
                  <properties>
                    <property name="retryIteration" value="0" />
                    <property name="repeatIteration" value="0" />
                  </properties>
                </test-case>
                <test-case id="1372" name="TestReadingMultipleBytesToLongs(44)" fullname="Unity.Netcode.EditorTests.BitReaderTests.TestReadingMultipleBytesToLongs(44)" methodname="TestReadingMultipleBytesToLongs" classname="Unity.Netcode.EditorTests.BitReaderTests" runstate="Runnable" seed="1972658762" result="Passed" start-time="2025-12-30 16:55:31Z" end-time="2025-12-30 16:55:31Z" duration="0.000039" asserts="0">
                  <properties>
                    <property name="retryIteration" value="0" />
                    <property name="repeatIteration" value="0" />
                  </properties>
                </test-case>
                <test-case id="1373" name="TestReadingMultipleBytesToLongs(45)" fullname="Unity.Netcode.EditorTests.BitReaderTests.TestReadingMultipleBytesToLongs(45)" methodname="TestReadingMultipleBytesToLongs" classname="Unity.Netcode.EditorTests.BitReaderTests" runstate="Runnable" seed="324463459" result="Passed" start-time="2025-12-30 16:55:31Z" end-time="2025-12-30 16:55:31Z" duration="0.000040" asserts="0">
                  <properties>
                    <property name="retryIteration" value="0" />
                    <property name="repeatIteration" value="0" />
                  </properties>
                </test-case>
                <test-case id="1374" name="TestReadingMultipleBytesToLongs(46)" fullname="Unity.Netcode.EditorTests.BitReaderTests.TestReadingMultipleBytesToLongs(46)" methodname="TestReadingMultipleBytesToLongs" classname="Unity.Netcode.EditorTests.BitReaderTests" runstate="Runnable" seed="1216052963" result="Passed" start-time="2025-12-30 16:55:31Z" end-time="2025-12-30 16:55:31Z" duration="0.000037" asserts="0">
                  <properties>
                    <property name="retryIteration" value="0" />
                    <property name="repeatIteration" value="0" />
                  </properties>
                </test-case>
                <test-case id="1375" name="TestReadingMultipleBytesToLongs(47)" fullname="Unity.Netcode.EditorTests.BitReaderTests.TestReadingMultipleBytesToLongs(47)" methodname="TestReadingMultipleBytesToLongs" classname="Unity.Netcode.EditorTests.BitReaderTests" runstate="Runnable" seed="2046572890" result="Passed" start-time="2025-12-30 16:55:31Z" end-time="2025-12-30 16:55:31Z" duration="0.000043" asserts="0">
                  <properties>
                    <property name="retryIteration" value="0" />
                    <property name="repeatIteration" value="0" />
                  </properties>
                </test-case>
                <test-case id="1376" name="TestReadingMultipleBytesToLongs(48)" fullname="Unity.Netcode.EditorTests.BitReaderTests.TestReadingMultipleBytesToLongs(48)" methodname="TestReadingMultipleBytesToLongs" classname="Unity.Netcode.EditorTests.BitReaderTests" runstate="Runnable" seed="1156528767" result="Passed" start-time="2025-12-30 16:55:31Z" end-time="2025-12-30 16:55:31Z" duration="0.000040" asserts="0">
                  <properties>
                    <property name="retryIteration" value="0" />
                    <property name="repeatIteration" value="0" />
                  </properties>
                </test-case>
                <test-case id="1377" name="TestReadingMultipleBytesToLongs(49)" fullname="Unity.Netcode.EditorTests.BitReaderTests.TestReadingMultipleBytesToLongs(49)" methodname="TestReadingMultipleBytesToLongs" classname="Unity.Netcode.EditorTests.BitReaderTests" runstate="Runnable" seed="845557292" result="Passed" start-time="2025-12-30 16:55:31Z" end-time="2025-12-30 16:55:31Z" duration="0.000039" asserts="0">
                  <properties>
                    <property name="retryIteration" value="0" />
                    <property name="repeatIteration" value="0" />
                  </properties>
                </test-case>
                <test-case id="1378" name="TestReadingMultipleBytesToLongs(50)" fullname="Unity.Netcode.EditorTests.BitReaderTests.TestReadingMultipleBytesToLongs(50)" methodname="TestReadingMultipleBytesToLongs" classname="Unity.Netcode.EditorTests.BitReaderTests" runstate="Runnable" seed="115034499" result="Passed" start-time="2025-12-30 16:55:31Z" end-time="2025-12-30 16:55:31Z" duration="0.000046" asserts="0">
                  <properties>
                    <property name="retryIteration" value="0" />
                    <property name="repeatIteration" value="0" />
                  </properties>
                </test-case>
                <test-case id="1379" name="TestReadingMultipleBytesToLongs(51)" fullname="Unity.Netcode.EditorTests.BitReaderTests.TestReadingMultipleBytesToLongs(51)" methodname="TestReadingMultipleBytesToLongs" classname="Unity.Netcode.EditorTests.BitReaderTests" runstate="Runnable" seed="1612427841" result="Passed" start-time="2025-12-30 16:55:31Z" end-time="2025-12-30 16:55:31Z" duration="0.000039" asserts="0">
                  <properties>
                    <property name="retryIteration" value="0" />
                    <property name="repeatIteration" value="0" />
                  </properties>
                </test-case>
                <test-case id="1380" name="TestReadingMultipleBytesToLongs(52)" fullname="Unity.Netcode.EditorTests.BitReaderTests.TestReadingMultipleBytesToLongs(52)" methodname="TestReadingMultipleBytesToLongs" classname="Unity.Netcode.EditorTests.BitReaderTests" runstate="Runnable" seed="105718183" result="Passed" start-time="2025-12-30 16:55:31Z" end-time="2025-12-30 16:55:31Z" duration="0.000040" asserts="0">
                  <properties>
                    <property name="retryIteration" value="0" />
                    <property name="repeatIteration" value="0" />
                  </properties>
                </test-case>
                <test-case id="1381" name="TestReadingMultipleBytesToLongs(53)" fullname="Unity.Netcode.EditorTests.BitReaderTests.TestReadingMultipleBytesToLongs(53)" methodname="TestReadingMultipleBytesToLongs" classname="Unity.Netcode.EditorTests.BitReaderTests" runstate="Runnable" seed="39598802" result="Passed" start-time="2025-12-30 16:55:31Z" end-time="2025-12-30 16:55:31Z" duration="0.000040" asserts="0">
                  <properties>
                    <property name="retryIteration" value="0" />
                    <property name="repeatIteration" value="0" />
                  </properties>
                </test-case>
                <test-case id="1382" name="TestReadingMultipleBytesToLongs(54)" fullname="Unity.Netcode.EditorTests.BitReaderTests.TestReadingMultipleBytesToLongs(54)" methodname="TestReadingMultipleBytesToLongs" classname="Unity.Netcode.EditorTests.BitReaderTests" runstate="Runnable" seed="1532933464" result="Passed" start-time="2025-12-30 16:55:31Z" end-time="2025-12-30 16:55:31Z" duration="0.000041" asserts="0">
                  <properties>
                    <property name="retryIteration" value="0" />
                    <property name="repeatIteration" value="0" />
                  </properties>
                </test-case>
                <test-case id="1383" name="TestReadingMultipleBytesToLongs(55)" fullname="Unity.Netcode.EditorTests.BitReaderTests.TestReadingMultipleBytesToLongs(55)" methodname="TestReadingMultipleBytesToLongs" classname="Unity.Netcode.EditorTests.BitReaderTests" runstate="Runnable" seed="703571311" result="Passed" start-time="2025-12-30 16:55:31Z" end-time="2025-12-30 16:55:31Z" duration="0.000039" asserts="0">
                  <properties>
                    <property name="retryIteration" value="0" />
                    <property name="repeatIteration" value="0" />
                  </properties>
                </test-case>
                <test-case id="1384" name="TestReadingMultipleBytesToLongs(56)" fullname="Unity.Netcode.EditorTests.BitReaderTests.TestReadingMultipleBytesToLongs(56)" methodname="TestReadingMultipleBytesToLongs" classname="Unity.Netcode.EditorTests.BitReaderTests" runstate="Runnable" seed="1884146747" result="Passed" start-time="2025-12-30 16:55:31Z" end-time="2025-12-30 16:55:31Z" duration="0.000039" asserts="0">
                  <properties>
                    <property name="retryIteration" value="0" />
                    <property name="repeatIteration" value="0" />
                  </properties>
                </test-case>
                <test-case id="1385" name="TestReadingMultipleBytesToLongs(57)" fullname="Unity.Netcode.EditorTests.BitReaderTests.TestReadingMultipleBytesToLongs(57)" methodname="TestReadingMultipleBytesToLongs" classname="Unity.Netcode.EditorTests.BitReaderTests" runstate="Runnable" seed="420141004" result="Passed" start-time="2025-12-30 16:55:31Z" end-time="2025-12-30 16:55:31Z" duration="0.000042" asserts="0">
                  <properties>
                    <property name="retryIteration" value="0" />
                    <property name="repeatIteration" value="0" />
                  </properties>
                </test-case>
                <test-case id="1386" name="TestReadingMultipleBytesToLongs(58)" fullname="Unity.Netcode.EditorTests.BitReaderTests.TestReadingMultipleBytesToLongs(58)" methodname="TestReadingMultipleBytesToLongs" classname="Unity.Netcode.EditorTests.BitReaderTests" runstate="Runnable" seed="1290369027" result="Passed" start-time="2025-12-30 16:55:31Z" end-time="2025-12-30 16:55:31Z" duration="0.000041" asserts="0">
                  <properties>
                    <property name="retryIteration" value="0" />
                    <property name="repeatIteration" value="0" />
                  </properties>
                </test-case>
                <test-case id="1387" name="TestReadingMultipleBytesToLongs(59)" fullname="Unity.Netcode.EditorTests.BitReaderTests.TestReadingMultipleBytesToLongs(59)" methodname="TestReadingMultipleBytesToLongs" classname="Unity.Netcode.EditorTests.BitReaderTests" runstate="Runnable" seed="358100753" result="Passed" start-time="2025-12-30 16:55:31Z" end-time="2025-12-30 16:55:31Z" duration="0.000039" asserts="0">
                  <properties>
                    <property name="retryIteration" value="0" />
                    <property name="repeatIteration" value="0" />
                  </properties>
                </test-case>
                <test-case id="1388" name="TestReadingMultipleBytesToLongs(60)" fullname="Unity.Netcode.EditorTests.BitReaderTests.TestReadingMultipleBytesToLongs(60)" methodname="TestReadingMultipleBytesToLongs" classname="Unity.Netcode.EditorTests.BitReaderTests" runstate="Runnable" seed="1923234833" result="Passed" start-time="2025-12-30 16:55:31Z" end-time="2025-12-30 16:55:31Z" duration="0.000038" asserts="0">
                  <properties>
                    <property name="retryIteration" value="0" />
                    <property name="repeatIteration" value="0" />
                  </properties>
                </test-case>
                <test-case id="1389" name="TestReadingMultipleBytesToLongs(61)" fullname="Unity.Netcode.EditorTests.BitReaderTests.TestReadingMultipleBytesToLongs(61)" methodname="TestReadingMultipleBytesToLongs" classname="Unity.Netcode.EditorTests.BitReaderTests" runstate="Runnable" seed="657392379" result="Passed" start-time="2025-12-30 16:55:31Z" end-time="2025-12-30 16:55:31Z" duration="0.000042" asserts="0">
                  <properties>
                    <property name="retryIteration" value="0" />
                    <property name="repeatIteration" value="0" />
                  </properties>
                </test-case>
                <test-case id="1390" name="TestReadingMultipleBytesToLongs(62)" fullname="Unity.Netcode.EditorTests.BitReaderTests.TestReadingMultipleBytesToLongs(62)" methodname="TestReadingMultipleBytesToLongs" classname="Unity.Netcode.EditorTests.BitReaderTests" runstate="Runnable" seed="242816004" result="Passed" start-time="2025-12-30 16:55:31Z" end-time="2025-12-30 16:55:31Z" duration="0.000044" asserts="0">
                  <properties>
                    <property name="retryIteration" value="0" />
                    <property name="repeatIteration" value="0" />
                  </properties>
                </test-case>
                <test-case id="1391" name="TestReadingMultipleBytesToLongs(63)" fullname="Unity.Netcode.EditorTests.BitReaderTests.TestReadingMultipleBytesToLongs(63)" methodname="TestReadingMultipleBytesToLongs" classname="Unity.Netcode.EditorTests.BitReaderTests" runstate="Runnable" seed="473141368" result="Passed" start-time="2025-12-30 16:55:31Z" end-time="2025-12-30 16:55:31Z" duration="0.000041" asserts="0">
                  <properties>
                    <property name="retryIteration" value="0" />
                    <property name="repeatIteration" value="0" />
                  </properties>
                </test-case>
                <test-case id="1392" name="TestReadingMultipleBytesToLongs(64)" fullname="Unity.Netcode.EditorTests.BitReaderTests.TestReadingMultipleBytesToLongs(64)" methodname="TestReadingMultipleBytesToLongs" classname="Unity.Netcode.EditorTests.BitReaderTests" runstate="Runnable" seed="780374829" result="Passed" start-time="2025-12-30 16:55:31Z" end-time="2025-12-30 16:55:31Z" duration="0.000043" asserts="0">
                  <properties>
                    <property name="retryIteration" value="0" />
                    <property name="repeatIteration" value="0" />
                  </properties>
                </test-case>
              </test-suite>
              <test-suite type="ParameterizedMethod" id="1457" name="TestReadingMultipleBytesToLongsMisaligned" fullname="Unity.Netcode.EditorTests.BitReaderTests.TestReadingMultipleBytesToLongsMisaligned" classname="Unity.Netcode.EditorTests.BitReaderTests" runstate="Runnable" testcasecount="63" result="Passed" start-time="2025-12-30 16:55:31Z" end-time="2025-12-30 16:55:31Z" duration="0.007798" total="63" passed="63" failed="0" inconclusive="0" skipped="0" asserts="0">
                <properties />
                <test-case id="1394" name="TestReadingMultipleBytesToLongsMisaligned(1)" fullname="Unity.Netcode.EditorTests.BitReaderTests.TestReadingMultipleBytesToLongsMisaligned(1)" methodname="TestReadingMultipleBytesToLongsMisaligned" classname="Unity.Netcode.EditorTests.BitReaderTests" runstate="Runnable" seed="1867318648" result="Passed" start-time="2025-12-30 16:55:31Z" end-time="2025-12-30 16:55:31Z" duration="0.000241" asserts="0">
                  <properties>
                    <property name="retryIteration" value="0" />
                    <property name="repeatIteration" value="0" />
                  </properties>
                </test-case>
                <test-case id="1395" name="TestReadingMultipleBytesToLongsMisaligned(2)" fullname="Unity.Netcode.EditorTests.BitReaderTests.TestReadingMultipleBytesToLongsMisaligned(2)" methodname="TestReadingMultipleBytesToLongsMisaligned" classname="Unity.Netcode.EditorTests.BitReaderTests" runstate="Runnable" seed="58313706" result="Passed" start-time="2025-12-30 16:55:31Z" end-time="2025-12-30 16:55:31Z" duration="0.000046" asserts="0">
                  <properties>
                    <property name="retryIteration" value="0" />
                    <property name="repeatIteration" value="0" />
                  </properties>
                </test-case>
                <test-case id="1396" name="TestReadingMultipleBytesToLongsMisaligned(3)" fullname="Unity.Netcode.EditorTests.BitReaderTests.TestReadingMultipleBytesToLongsMisaligned(3)" methodname="TestReadingMultipleBytesToLongsMisaligned" classname="Unity.Netcode.EditorTests.BitReaderTests" runstate="Runnable" seed="285997795" result="Passed" start-time="2025-12-30 16:55:31Z" end-time="2025-12-30 16:55:31Z" duration="0.000067" asserts="0">
                  <properties>
                    <property name="retryIteration" value="0" />
                    <property name="repeatIteration" value="0" />
                  </properties>
                </test-case>
                <test-case id="1397" name="TestReadingMultipleBytesToLongsMisaligned(4)" fullname="Unity.Netcode.EditorTests.BitReaderTests.TestReadingMultipleBytesToLongsMisaligned(4)" methodname="TestReadingMultipleBytesToLongsMisaligned" classname="Unity.Netcode.EditorTests.BitReaderTests" runstate="Runnable" seed="46045591" result="Passed" start-time="2025-12-30 16:55:31Z" end-time="2025-12-30 16:55:31Z" duration="0.000056" asserts="0">
                  <properties>
                    <property name="retryIteration" value="0" />
                    <property name="repeatIteration" value="0" />
                  </properties>
                </test-case>
                <test-case id="1398" name="TestReadingMultipleBytesToLongsMisaligned(5)" fullname="Unity.Netcode.EditorTests.BitReaderTests.TestReadingMultipleBytesToLongsMisaligned(5)" methodname="TestReadingMultipleBytesToLongsMisaligned" classname="Unity.Netcode.EditorTests.BitReaderTests" runstate="Runnable" seed="1230185799" result="Passed" start-time="2025-12-30 16:55:31Z" end-time="2025-12-30 16:55:31Z" duration="0.000043" asserts="0">
                  <properties>
                    <property name="retryIteration" value="0" />
                    <property name="repeatIteration" value="0" />
                  </properties>
                </test-case>
                <test-case id="1399" name="TestReadingMultipleBytesToLongsMisaligned(6)" fullname="Unity.Netcode.EditorTests.BitReaderTests.TestReadingMultipleBytesToLongsMisaligned(6)" methodname="TestReadingMultipleBytesToLongsMisaligned" classname="Unity.Netcode.EditorTests.BitReaderTests" runstate="Runnable" seed="1584000475" result="Passed" start-time="2025-12-30 16:55:31Z" end-time="2025-12-30 16:55:31Z" duration="0.000043" asserts="0">
                  <properties>
                    <property name="retryIteration" value="0" />
                    <property name="repeatIteration" value="0" />
                  </properties>
                </test-case>
                <test-case id="1400" name="TestReadingMultipleBytesToLongsMisaligned(7)" fullname="Unity.Netcode.EditorTests.BitReaderTests.TestReadingMultipleBytesToLongsMisaligned(7)" methodname="TestReadingMultipleBytesToLongsMisaligned" classname="Unity.Netcode.EditorTests.BitReaderTests" runstate="Runnable" seed="1911967135" result="Passed" start-time="2025-12-30 16:55:31Z" end-time="2025-12-30 16:55:31Z" duration="0.000040" asserts="0">
                  <properties>
                    <property name="retryIteration" value="0" />
                    <property name="repeatIteration" value="0" />
                  </properties>
                </test-case>
                <test-case id="1401" name="TestReadingMultipleBytesToLongsMisaligned(8)" fullname="Unity.Netcode.EditorTests.BitReaderTests.TestReadingMultipleBytesToLongsMisaligned(8)" methodname="TestReadingMultipleBytesToLongsMisaligned" classname="Unity.Netcode.EditorTests.BitReaderTests" runstate="Runnable" seed="1281908425" result="Passed" start-time="2025-12-30 16:55:31Z" end-time="2025-12-30 16:55:31Z" duration="0.000081" asserts="0">
                  <properties>
                    <property name="retryIteration" value="0" />
                    <property name="repeatIteration" value="0" />
                  </properties>
                </test-case>
                <test-case id="1402" name="TestReadingMultipleBytesToLongsMisaligned(9)" fullname="Unity.Netcode.EditorTests.BitReaderTests.TestReadingMultipleBytesToLongsMisaligned(9)" methodname="TestReadingMultipleBytesToLongsMisaligned" classname="Unity.Netcode.EditorTests.BitReaderTests" runstate="Runnable" seed="552335157" result="Passed" start-time="2025-12-30 16:55:31Z" end-time="2025-12-30 16:55:31Z" duration="0.000040" asserts="0">
                  <properties>
                    <property name="retryIteration" value="0" />
                    <property name="repeatIteration" value="0" />
                  </properties>
                </test-case>
                <test-case id="1403" name="TestReadingMultipleBytesToLongsMisaligned(10)" fullname="Unity.Netcode.EditorTests.BitReaderTests.TestReadingMultipleBytesToLongsMisaligned(10)" methodname="TestReadingMultipleBytesToLongsMisaligned" classname="Unity.Netcode.EditorTests.BitReaderTests" runstate="Runnable" seed="643679908" result="Passed" start-time="2025-12-30 16:55:31Z" end-time="2025-12-30 16:55:31Z" duration="0.000038" asserts="0">
                  <properties>
                    <property name="retryIteration" value="0" />
                    <property name="repeatIteration" value="0" />
                  </properties>
                </test-case>
                <test-case id="1404" name="TestReadingMultipleBytesToLongsMisaligned(11)" fullname="Unity.Netcode.EditorTests.BitReaderTests.TestReadingMultipleBytesToLongsMisaligned(11)" methodname="TestReadingMultipleBytesToLongsMisaligned" classname="Unity.Netcode.EditorTests.BitReaderTests" runstate="Runnable" seed="982762817" result="Passed" start-time="2025-12-30 16:55:31Z" end-time="2025-12-30 16:55:31Z" duration="0.000038" asserts="0">
                  <properties>
                    <property name="retryIteration" value="0" />
                    <property name="repeatIteration" value="0" />
                  </properties>
                </test-case>
                <test-case id="1405" name="TestReadingMultipleBytesToLongsMisaligned(12)" fullname="Unity.Netcode.EditorTests.BitReaderTests.TestReadingMultipleBytesToLongsMisaligned(12)" methodname="TestReadingMultipleBytesToLongsMisaligned" classname="Unity.Netcode.EditorTests.BitReaderTests" runstate="Runnable" seed="153152373" result="Passed" start-time="2025-12-30 16:55:31Z" end-time="2025-12-30 16:55:31Z" duration="0.000040" asserts="0">
                  <properties>
                    <property name="retryIteration" value="0" />
                    <property name="repeatIteration" value="0" />
                  </properties>
                </test-case>
                <test-case id="1406" name="TestReadingMultipleBytesToLongsMisaligned(13)" fullname="Unity.Netcode.EditorTests.BitReaderTests.TestReadingMultipleBytesToLongsMisaligned(13)" methodname="TestReadingMultipleBytesToLongsMisaligned" classname="Unity.Netcode.EditorTests.BitReaderTests" runstate="Runnable" seed="1622477963" result="Passed" start-time="2025-12-30 16:55:31Z" end-time="2025-12-30 16:55:31Z" duration="0.000041" asserts="0">
                  <properties>
                    <property name="retryIteration" value="0" />
                    <property name="repeatIteration" value="0" />
                  </properties>
                </test-case>
                <test-case id="1407" name="TestReadingMultipleBytesToLongsMisaligned(14)" fullname="Unity.Netcode.EditorTests.BitReaderTests.TestReadingMultipleBytesToLongsMisaligned(14)" methodname="TestReadingMultipleBytesToLongsMisaligned" classname="Unity.Netcode.EditorTests.BitReaderTests" runstate="Runnable" seed="659181744" result="Passed" start-time="2025-12-30 16:55:31Z" end-time="2025-12-30 16:55:31Z" duration="0.000041" asserts="0">
                  <properties>
                    <property name="retryIteration" value="0" />
                    <property name="repeatIteration" value="0" />
                  </properties>
                </test-case>
                <test-case id="1408" name="TestReadingMultipleBytesToLongsMisaligned(15)" fullname="Unity.Netcode.EditorTests.BitReaderTests.TestReadingMultipleBytesToLongsMisaligned(15)" methodname="TestReadingMultipleBytesToLongsMisaligned" classname="Unity.Netcode.EditorTests.BitReaderTests" runstate="Runnable" seed="793297780" result="Passed" start-time="2025-12-30 16:55:31Z" end-time="2025-12-30 16:55:31Z" duration="0.000042" asserts="0">
                  <properties>
                    <property name="retryIteration" value="0" />
                    <property name="repeatIteration" value="0" />
                  </properties>
                </test-case>
                <test-case id="1409" name="TestReadingMultipleBytesToLongsMisaligned(16)" fullname="Unity.Netcode.EditorTests.BitReaderTests.TestReadingMultipleBytesToLongsMisaligned(16)" methodname="TestReadingMultipleBytesToLongsMisaligned" classname="Unity.Netcode.EditorTests.BitReaderTests" runstate="Runnable" seed="101495763" result="Passed" start-time="2025-12-30 16:55:31Z" end-time="2025-12-30 16:55:31Z" duration="0.000041" asserts="0">
                  <properties>
                    <property name="retryIteration" value="0" />
                    <property name="repeatIteration" value="0" />
                  </properties>
                </test-case>
                <test-case id="1410" name="TestReadingMultipleBytesToLongsMisaligned(17)" fullname="Unity.Netcode.EditorTests.BitReaderTests.TestReadingMultipleBytesToLongsMisaligned(17)" methodname="TestReadingMultipleBytesToLongsMisaligned" classname="Unity.Netcode.EditorTests.BitReaderTests" runstate="Runnable" seed="1713173099" result="Passed" start-time="2025-12-30 16:55:31Z" end-time="2025-12-30 16:55:31Z" duration="0.000042" asserts="0">
                  <properties>
                    <property name="retryIteration" value="0" />
                    <property name="repeatIteration" value="0" />
                  </properties>
                </test-case>
                <test-case id="1411" name="TestReadingMultipleBytesToLongsMisaligned(18)" fullname="Unity.Netcode.EditorTests.BitReaderTests.TestReadingMultipleBytesToLongsMisaligned(18)" methodname="TestReadingMultipleBytesToLongsMisaligned" classname="Unity.Netcode.EditorTests.BitReaderTests" runstate="Runnable" seed="1626765833" result="Passed" start-time="2025-12-30 16:55:31Z" end-time="2025-12-30 16:55:31Z" duration="0.000041" asserts="0">
                  <properties>
                    <property name="retryIteration" value="0" />
                    <property name="repeatIteration" value="0" />
                  </properties>
                </test-case>
                <test-case id="1412" name="TestReadingMultipleBytesToLongsMisaligned(19)" fullname="Unity.Netcode.EditorTests.BitReaderTests.TestReadingMultipleBytesToLongsMisaligned(19)" methodname="TestReadingMultipleBytesToLongsMisaligned" classname="Unity.Netcode.EditorTests.BitReaderTests" runstate="Runnable" seed="1193276949" result="Passed" start-time="2025-12-30 16:55:31Z" end-time="2025-12-30 16:55:31Z" duration="0.000042" asserts="0">
                  <properties>
                    <property name="retryIteration" value="0" />
                    <property name="repeatIteration" value="0" />
                  </properties>
                </test-case>
                <test-case id="1413" name="TestReadingMultipleBytesToLongsMisaligned(20)" fullname="Unity.Netcode.EditorTests.BitReaderTests.TestReadingMultipleBytesToLongsMisaligned(20)" methodname="TestReadingMultipleBytesToLongsMisaligned" classname="Unity.Netcode.EditorTests.BitReaderTests" runstate="Runnable" seed="1641227002" result="Passed" start-time="2025-12-30 16:55:31Z" end-time="2025-12-30 16:55:31Z" duration="0.000042" asserts="0">
                  <properties>
                    <property name="retryIteration" value="0" />
                    <property name="repeatIteration" value="0" />
                  </properties>
                </test-case>
                <test-case id="1414" name="TestReadingMultipleBytesToLongsMisaligned(21)" fullname="Unity.Netcode.EditorTests.BitReaderTests.TestReadingMultipleBytesToLongsMisaligned(21)" methodname="TestReadingMultipleBytesToLongsMisaligned" classname="Unity.Netcode.EditorTests.BitReaderTests" runstate="Runnable" seed="1793270932" result="Passed" start-time="2025-12-30 16:55:31Z" end-time="2025-12-30 16:55:31Z" duration="0.000041" asserts="0">
                  <properties>
                    <property name="retryIteration" value="0" />
                    <property name="repeatIteration" value="0" />
                  </properties>
                </test-case>
                <test-case id="1415" name="TestReadingMultipleBytesToLongsMisaligned(22)" fullname="Unity.Netcode.EditorTests.BitReaderTests.TestReadingMultipleBytesToLongsMisaligned(22)" methodname="TestReadingMultipleBytesToLongsMisaligned" classname="Unity.Netcode.EditorTests.BitReaderTests" runstate="Runnable" seed="1324589471" result="Passed" start-time="2025-12-30 16:55:31Z" end-time="2025-12-30 16:55:31Z" duration="0.000040" asserts="0">
                  <properties>
                    <property name="retryIteration" value="0" />
                    <property name="repeatIteration" value="0" />
                  </properties>
                </test-case>
                <test-case id="1416" name="TestReadingMultipleBytesToLongsMisaligned(23)" fullname="Unity.Netcode.EditorTests.BitReaderTests.TestReadingMultipleBytesToLongsMisaligned(23)" methodname="TestReadingMultipleBytesToLongsMisaligned" classname="Unity.Netcode.EditorTests.BitReaderTests" runstate="Runnable" seed="263554949" result="Passed" start-time="2025-12-30 16:55:31Z" end-time="2025-12-30 16:55:31Z" duration="0.000044" asserts="0">
                  <properties>
                    <property name="retryIteration" value="0" />
                    <property name="repeatIteration" value="0" />
                  </properties>
                </test-case>
                <test-case id="1417" name="TestReadingMultipleBytesToLongsMisaligned(24)" fullname="Unity.Netcode.EditorTests.BitReaderTests.TestReadingMultipleBytesToLongsMisaligned(24)" methodname="TestReadingMultipleBytesToLongsMisaligned" classname="Unity.Netcode.EditorTests.BitReaderTests" runstate="Runnable" seed="630910082" result="Passed" start-time="2025-12-30 16:55:31Z" end-time="2025-12-30 16:55:31Z" duration="0.000039" asserts="0">
                  <properties>
                    <property name="retryIteration" value="0" />
                    <property name="repeatIteration" value="0" />
                  </properties>
                </test-case>
                <test-case id="1418" name="TestReadingMultipleBytesToLongsMisaligned(25)" fullname="Unity.Netcode.EditorTests.BitReaderTests.TestReadingMultipleBytesToLongsMisaligned(25)" methodname="TestReadingMultipleBytesToLongsMisaligned" classname="Unity.Netcode.EditorTests.BitReaderTests" runstate="Runnable" seed="1511145453" result="Passed" start-time="2025-12-30 16:55:31Z" end-time="2025-12-30 16:55:31Z" duration="0.000039" asserts="0">
                  <properties>
                    <property name="retryIteration" value="0" />
                    <property name="repeatIteration" value="0" />
                  </properties>
                </test-case>
                <test-case id="1419" name="TestReadingMultipleBytesToLongsMisaligned(26)" fullname="Unity.Netcode.EditorTests.BitReaderTests.TestReadingMultipleBytesToLongsMisaligned(26)" methodname="TestReadingMultipleBytesToLongsMisaligned" classname="Unity.Netcode.EditorTests.BitReaderTests" runstate="Runnable" seed="1241870204" result="Passed" start-time="2025-12-30 16:55:31Z" end-time="2025-12-30 16:55:31Z" duration="0.000041" asserts="0">
                  <properties>
                    <property name="retryIteration" value="0" />
                    <property name="repeatIteration" value="0" />
                  </properties>
                </test-case>
                <test-case id="1420" name="TestReadingMultipleBytesToLongsMisaligned(27)" fullname="Unity.Netcode.EditorTests.BitReaderTests.TestReadingMultipleBytesToLongsMisaligned(27)" methodname="TestReadingMultipleBytesToLongsMisaligned" classname="Unity.Netcode.EditorTests.BitReaderTests" runstate="Runnable" seed="224272444" result="Passed" start-time="2025-12-30 16:55:31Z" end-time="2025-12-30 16:55:31Z" duration="0.000042" asserts="0">
                  <properties>
                    <property name="retryIteration" value="0" />
                    <property name="repeatIteration" value="0" />
                  </properties>
                </test-case>
                <test-case id="1421" name="TestReadingMultipleBytesToLongsMisaligned(28)" fullname="Unity.Netcode.EditorTests.BitReaderTests.TestReadingMultipleBytesToLongsMisaligned(28)" methodname="TestReadingMultipleBytesToLongsMisaligned" classname="Unity.Netcode.EditorTests.BitReaderTests" runstate="Runnable" seed="1431186519" result="Passed" start-time="2025-12-30 16:55:31Z" end-time="2025-12-30 16:55:31Z" duration="0.000042" asserts="0">
                  <properties>
                    <property name="retryIteration" value="0" />
                    <property name="repeatIteration" value="0" />
                  </properties>
                </test-case>
                <test-case id="1422" name="TestReadingMultipleBytesToLongsMisaligned(29)" fullname="Unity.Netcode.EditorTests.BitReaderTests.TestReadingMultipleBytesToLongsMisaligned(29)" methodname="TestReadingMultipleBytesToLongsMisaligned" classname="Unity.Netcode.EditorTests.BitReaderTests" runstate="Runnable" seed="1885052883" result="Passed" start-time="2025-12-30 16:55:31Z" end-time="2025-12-30 16:55:31Z" duration="0.000041" asserts="0">
                  <properties>
                    <property name="retryIteration" value="0" />
                    <property name="repeatIteration" value="0" />
                  </properties>
                </test-case>
                <test-case id="1423" name="TestReadingMultipleBytesToLongsMisaligned(30)" fullname="Unity.Netcode.EditorTests.BitReaderTests.TestReadingMultipleBytesToLongsMisaligned(30)" methodname="TestReadingMultipleBytesToLongsMisaligned" classname="Unity.Netcode.EditorTests.BitReaderTests" runstate="Runnable" seed="1677197865" result="Passed" start-time="2025-12-30 16:55:31Z" end-time="2025-12-30 16:55:31Z" duration="0.000043" asserts="0">
                  <properties>
                    <property name="retryIteration" value="0" />
                    <property name="repeatIteration" value="0" />
                  </properties>
                </test-case>
                <test-case id="1424" name="TestReadingMultipleBytesToLongsMisaligned(31)" fullname="Unity.Netcode.EditorTests.BitReaderTests.TestReadingMultipleBytesToLongsMisaligned(31)" methodname="TestReadingMultipleBytesToLongsMisaligned" classname="Unity.Netcode.EditorTests.BitReaderTests" runstate="Runnable" seed="1077136001" result="Passed" start-time="2025-12-30 16:55:31Z" end-time="2025-12-30 16:55:31Z" duration="0.000054" asserts="0">
                  <properties>
                    <property name="retryIteration" value="0" />
                    <property name="repeatIteration" value="0" />
                  </properties>
                </test-case>
                <test-case id="1425" name="TestReadingMultipleBytesToLongsMisaligned(32)" fullname="Unity.Netcode.EditorTests.BitReaderTests.TestReadingMultipleBytesToLongsMisaligned(32)" methodname="TestReadingMultipleBytesToLongsMisaligned" classname="Unity.Netcode.EditorTests.BitReaderTests" runstate="Runnable" seed="1545222294" result="Passed" start-time="2025-12-30 16:55:31Z" end-time="2025-12-30 16:55:31Z" duration="0.000041" asserts="0">
                  <properties>
                    <property name="retryIteration" value="0" />
                    <property name="repeatIteration" value="0" />
                  </properties>
                </test-case>
                <test-case id="1426" name="TestReadingMultipleBytesToLongsMisaligned(33)" fullname="Unity.Netcode.EditorTests.BitReaderTests.TestReadingMultipleBytesToLongsMisaligned(33)" methodname="TestReadingMultipleBytesToLongsMisaligned" classname="Unity.Netcode.EditorTests.BitReaderTests" runstate="Runnable" seed="1818604853" result="Passed" start-time="2025-12-30 16:55:31Z" end-time="2025-12-30 16:55:31Z" duration="0.000043" asserts="0">
                  <properties>
                    <property name="retryIteration" value="0" />
                    <property name="repeatIteration" value="0" />
                  </properties>
                </test-case>
                <test-case id="1427" name="TestReadingMultipleBytesToLongsMisaligned(34)" fullname="Unity.Netcode.EditorTests.BitReaderTests.TestReadingMultipleBytesToLongsMisaligned(34)" methodname="TestReadingMultipleBytesToLongsMisaligned" classname="Unity.Netcode.EditorTests.BitReaderTests" runstate="Runnable" seed="394418416" result="Passed" start-time="2025-12-30 16:55:31Z" end-time="2025-12-30 16:55:31Z" duration="0.000041" asserts="0">
                  <properties>
                    <property name="retryIteration" value="0" />
                    <property name="repeatIteration" value="0" />
                  </properties>
                </test-case>
                <test-case id="1428" name="TestReadingMultipleBytesToLongsMisaligned(35)" fullname="Unity.Netcode.EditorTests.BitReaderTests.TestReadingMultipleBytesToLongsMisaligned(35)" methodname="TestReadingMultipleBytesToLongsMisaligned" classname="Unity.Netcode.EditorTests.BitReaderTests" runstate="Runnable" seed="1002677243" result="Passed" start-time="2025-12-30 16:55:31Z" end-time="2025-12-30 16:55:31Z" duration="0.000044" asserts="0">
                  <properties>
                    <property name="retryIteration" value="0" />
                    <property name="repeatIteration" value="0" />
                  </properties>
                </test-case>
                <test-case id="1429" name="TestReadingMultipleBytesToLongsMisaligned(36)" fullname="Unity.Netcode.EditorTests.BitReaderTests.TestReadingMultipleBytesToLongsMisaligned(36)" methodname="TestReadingMultipleBytesToLongsMisaligned" classname="Unity.Netcode.EditorTests.BitReaderTests" runstate="Runnable" seed="282050294" result="Passed" start-time="2025-12-30 16:55:31Z" end-time="2025-12-30 16:55:31Z" duration="0.000045" asserts="0">
                  <properties>
                    <property name="retryIteration" value="0" />
                    <property name="repeatIteration" value="0" />
                  </properties>
                </test-case>
                <test-case id="1430" name="TestReadingMultipleBytesToLongsMisaligned(37)" fullname="Unity.Netcode.EditorTests.BitReaderTests.TestReadingMultipleBytesToLongsMisaligned(37)" methodname="TestReadingMultipleBytesToLongsMisaligned" classname="Unity.Netcode.EditorTests.BitReaderTests" runstate="Runnable" seed="771196921" result="Passed" start-time="2025-12-30 16:55:31Z" end-time="2025-12-30 16:55:31Z" duration="0.000042" asserts="0">
                  <properties>
                    <property name="retryIteration" value="0" />
                    <property name="repeatIteration" value="0" />
                  </properties>
                </test-case>
                <test-case id="1431" name="TestReadingMultipleBytesToLongsMisaligned(38)" fullname="Unity.Netcode.EditorTests.BitReaderTests.TestReadingMultipleBytesToLongsMisaligned(38)" methodname="TestReadingMultipleBytesToLongsMisaligned" classname="Unity.Netcode.EditorTests.BitReaderTests" runstate="Runnable" seed="1095604788" result="Passed" start-time="2025-12-30 16:55:31Z" end-time="2025-12-30 16:55:31Z" duration="0.000040" asserts="0">
                  <properties>
                    <property name="retryIteration" value="0" />
                    <property name="repeatIteration" value="0" />
                  </properties>
                </test-case>
                <test-case id="1432" name="TestReadingMultipleBytesToLongsMisaligned(39)" fullname="Unity.Netcode.EditorTests.BitReaderTests.TestReadingMultipleBytesToLongsMisaligned(39)" methodname="TestReadingMultipleBytesToLongsMisaligned" classname="Unity.Netcode.EditorTests.BitReaderTests" runstate="Runnable" seed="984469554" result="Passed" start-time="2025-12-30 16:55:31Z" end-time="2025-12-30 16:55:31Z" duration="0.000043" asserts="0">
                  <properties>
                    <property name="retryIteration" value="0" />
                    <property name="repeatIteration" value="0" />
                  </properties>
                </test-case>
                <test-case id="1433" name="TestReadingMultipleBytesToLongsMisaligned(40)" fullname="Unity.Netcode.EditorTests.BitReaderTests.TestReadingMultipleBytesToLongsMisaligned(40)" methodname="TestReadingMultipleBytesToLongsMisaligned" classname="Unity.Netcode.EditorTests.BitReaderTests" runstate="Runnable" seed="2077583990" result="Passed" start-time="2025-12-30 16:55:31Z" end-time="2025-12-30 16:55:31Z" duration="0.000044" asserts="0">
                  <properties>
                    <property name="retryIteration" value="0" />
                    <property name="repeatIteration" value="0" />
                  </properties>
                </test-case>
                <test-case id="1434" name="TestReadingMultipleBytesToLongsMisaligned(41)" fullname="Unity.Netcode.EditorTests.BitReaderTests.TestReadingMultipleBytesToLongsMisaligned(41)" methodname="TestReadingMultipleBytesToLongsMisaligned" classname="Unity.Netcode.EditorTests.BitReaderTests" runstate="Runnable" seed="2043102796" result="Passed" start-time="2025-12-30 16:55:31Z" end-time="2025-12-30 16:55:31Z" duration="0.000040" asserts="0">
                  <properties>
                    <property name="retryIteration" value="0" />
                    <property name="repeatIteration" value="0" />
                  </properties>
                </test-case>
                <test-case id="1435" name="TestReadingMultipleBytesToLongsMisaligned(42)" fullname="Unity.Netcode.EditorTests.BitReaderTests.TestReadingMultipleBytesToLongsMisaligned(42)" methodname="TestReadingMultipleBytesToLongsMisaligned" classname="Unity.Netcode.EditorTests.BitReaderTests" runstate="Runnable" seed="1840497386" result="Passed" start-time="2025-12-30 16:55:31Z" end-time="2025-12-30 16:55:31Z" duration="0.000042" asserts="0">
                  <properties>
                    <property name="retryIteration" value="0" />
                    <property name="repeatIteration" value="0" />
                  </properties>
                </test-case>
                <test-case id="1436" name="TestReadingMultipleBytesToLongsMisaligned(43)" fullname="Unity.Netcode.EditorTests.BitReaderTests.TestReadingMultipleBytesToLongsMisaligned(43)" methodname="TestReadingMultipleBytesToLongsMisaligned" classname="Unity.Netcode.EditorTests.BitReaderTests" runstate="Runnable" seed="1027339327" result="Passed" start-time="2025-12-30 16:55:31Z" end-time="2025-12-30 16:55:31Z" duration="0.000043" asserts="0">
                  <properties>
                    <property name="retryIteration" value="0" />
                    <property name="repeatIteration" value="0" />
                  </properties>
                </test-case>
                <test-case id="1437" name="TestReadingMultipleBytesToLongsMisaligned(44)" fullname="Unity.Netcode.EditorTests.BitReaderTests.TestReadingMultipleBytesToLongsMisaligned(44)" methodname="TestReadingMultipleBytesToLongsMisaligned" classname="Unity.Netcode.EditorTests.BitReaderTests" runstate="Runnable" seed="165128886" result="Passed" start-time="2025-12-30 16:55:31Z" end-time="2025-12-30 16:55:31Z" duration="0.000042" asserts="0">
                  <properties>
                    <property name="retryIteration" value="0" />
                    <property name="repeatIteration" value="0" />
                  </properties>
                </test-case>
                <test-case id="1438" name="TestReadingMultipleBytesToLongsMisaligned(45)" fullname="Unity.Netcode.EditorTests.BitReaderTests.TestReadingMultipleBytesToLongsMisaligned(45)" methodname="TestReadingMultipleBytesToLongsMisaligned" classname="Unity.Netcode.EditorTests.BitReaderTests" runstate="Runnable" seed="1809963315" result="Passed" start-time="2025-12-30 16:55:31Z" end-time="2025-12-30 16:55:31Z" duration="0.000046" asserts="0">
                  <properties>
                    <property name="retryIteration" value="0" />
                    <property name="repeatIteration" value="0" />
                  </properties>
                </test-case>
                <test-case id="1439" name="TestReadingMultipleBytesToLongsMisaligned(46)" fullname="Unity.Netcode.EditorTests.BitReaderTests.TestReadingMultipleBytesToLongsMisaligned(46)" methodname="TestReadingMultipleBytesToLongsMisaligned" classname="Unity.Netcode.EditorTests.BitReaderTests" runstate="Runnable" seed="430894713" result="Passed" start-time="2025-12-30 16:55:31Z" end-time="2025-12-30 16:55:31Z" duration="0.000041" asserts="0">
                  <properties>
                    <property name="retryIteration" value="0" />
                    <property name="repeatIteration" value="0" />
                  </properties>
                </test-case>
                <test-case id="1440" name="TestReadingMultipleBytesToLongsMisaligned(47)" fullname="Unity.Netcode.EditorTests.BitReaderTests.TestReadingMultipleBytesToLongsMisaligned(47)" methodname="TestReadingMultipleBytesToLongsMisaligned" classname="Unity.Netcode.EditorTests.BitReaderTests" runstate="Runnable" seed="1859799762" result="Passed" start-time="2025-12-30 16:55:31Z" end-time="2025-12-30 16:55:31Z" duration="0.000040" asserts="0">
                  <properties>
                    <property name="retryIteration" value="0" />
                    <property name="repeatIteration" value="0" />
                  </properties>
                </test-case>
                <test-case id="1441" name="TestReadingMultipleBytesToLongsMisaligned(48)" fullname="Unity.Netcode.EditorTests.BitReaderTests.TestReadingMultipleBytesToLongsMisaligned(48)" methodname="TestReadingMultipleBytesToLongsMisaligned" classname="Unity.Netcode.EditorTests.BitReaderTests" runstate="Runnable" seed="1468764706" result="Passed" start-time="2025-12-30 16:55:31Z" end-time="2025-12-30 16:55:31Z" duration="0.000039" asserts="0">
                  <properties>
                    <property name="retryIteration" value="0" />
                    <property name="repeatIteration" value="0" />
                  </properties>
                </test-case>
                <test-case id="1442" name="TestReadingMultipleBytesToLongsMisaligned(49)" fullname="Unity.Netcode.EditorTests.BitReaderTests.TestReadingMultipleBytesToLongsMisaligned(49)" methodname="TestReadingMultipleBytesToLongsMisaligned" classname="Unity.Netcode.EditorTests.BitReaderTests" runstate="Runnable" seed="407655019" result="Passed" start-time="2025-12-30 16:55:31Z" end-time="2025-12-30 16:55:31Z" duration="0.000047" asserts="0">
                  <properties>
                    <property name="retryIteration" value="0" />
                    <property name="repeatIteration" value="0" />
                  </properties>
                </test-case>
                <test-case id="1443" name="TestReadingMultipleBytesToLongsMisaligned(50)" fullname="Unity.Netcode.EditorTests.BitReaderTests.TestReadingMultipleBytesToLongsMisaligned(50)" methodname="TestReadingMultipleBytesToLongsMisaligned" classname="Unity.Netcode.EditorTests.BitReaderTests" runstate="Runnable" seed="643290099" result="Passed" start-time="2025-12-30 16:55:31Z" end-time="2025-12-30 16:55:31Z" duration="0.000042" asserts="0">
                  <properties>
                    <property name="retryIteration" value="0" />
                    <property name="repeatIteration" value="0" />
                  </properties>
                </test-case>
                <test-case id="1444" name="TestReadingMultipleBytesToLongsMisaligned(51)" fullname="Unity.Netcode.EditorTests.BitReaderTests.TestReadingMultipleBytesToLongsMisaligned(51)" methodname="TestReadingMultipleBytesToLongsMisaligned" classname="Unity.Netcode.EditorTests.BitReaderTests" runstate="Runnable" seed="1199787170" result="Passed" start-time="2025-12-30 16:55:31Z" end-time="2025-12-30 16:55:31Z" duration="0.000041" asserts="0">
                  <properties>
                    <property name="retryIteration" value="0" />
                    <property name="repeatIteration" value="0" />
                  </properties>
                </test-case>
                <test-case id="1445" name="TestReadingMultipleBytesToLongsMisaligned(52)" fullname="Unity.Netcode.EditorTests.BitReaderTests.TestReadingMultipleBytesToLongsMisaligned(52)" methodname="TestReadingMultipleBytesToLongsMisaligned" classname="Unity.Netcode.EditorTests.BitReaderTests" runstate="Runnable" seed="302556381" result="Passed" start-time="2025-12-30 16:55:31Z" end-time="2025-12-30 16:55:31Z" duration="0.000043" asserts="0">
                  <properties>
                    <property name="retryIteration" value="0" />
                    <property name="repeatIteration" value="0" />
                  </properties>
                </test-case>
                <test-case id="1446" name="TestReadingMultipleBytesToLongsMisaligned(53)" fullname="Unity.Netcode.EditorTests.BitReaderTests.TestReadingMultipleBytesToLongsMisaligned(53)" methodname="TestReadingMultipleBytesToLongsMisaligned" classname="Unity.Netcode.EditorTests.BitReaderTests" runstate="Runnable" seed="1276838459" result="Passed" start-time="2025-12-30 16:55:31Z" end-time="2025-12-30 16:55:31Z" duration="0.000042" asserts="0">
                  <properties>
                    <property name="retryIteration" value="0" />
                    <property name="repeatIteration" value="0" />
                  </properties>
                </test-case>
                <test-case id="1447" name="TestReadingMultipleBytesToLongsMisaligned(54)" fullname="Unity.Netcode.EditorTests.BitReaderTests.TestReadingMultipleBytesToLongsMisaligned(54)" methodname="TestReadingMultipleBytesToLongsMisaligned" classname="Unity.Netcode.EditorTests.BitReaderTests" runstate="Runnable" seed="1323856462" result="Passed" start-time="2025-12-30 16:55:31Z" end-time="2025-12-30 16:55:31Z" duration="0.000047" asserts="0">
                  <properties>
                    <property name="retryIteration" value="0" />
                    <property name="repeatIteration" value="0" />
                  </properties>
                </test-case>
                <test-case id="1448" name="TestReadingMultipleBytesToLongsMisaligned(55)" fullname="Unity.Netcode.EditorTests.BitReaderTests.TestReadingMultipleBytesToLongsMisaligned(55)" methodname="TestReadingMultipleBytesToLongsMisaligned" classname="Unity.Netcode.EditorTests.BitReaderTests" runstate="Runnable" seed="983644610" result="Passed" start-time="2025-12-30 16:55:31Z" end-time="2025-12-30 16:55:31Z" duration="0.000043" asserts="0">
                  <properties>
                    <property name="retryIteration" value="0" />
                    <property name="repeatIteration" value="0" />
                  </properties>
                </test-case>
                <test-case id="1449" name="TestReadingMultipleBytesToLongsMisaligned(56)" fullname="Unity.Netcode.EditorTests.BitReaderTests.TestReadingMultipleBytesToLongsMisaligned(56)" methodname="TestReadingMultipleBytesToLongsMisaligned" classname="Unity.Netcode.EditorTests.BitReaderTests" runstate="Runnable" seed="542729177" result="Passed" start-time="2025-12-30 16:55:31Z" end-time="2025-12-30 16:55:31Z" duration="0.000041" asserts="0">
                  <properties>
                    <property name="retryIteration" value="0" />
                    <property name="repeatIteration" value="0" />
                  </properties>
                </test-case>
                <test-case id="1450" name="TestReadingMultipleBytesToLongsMisaligned(57)" fullname="Unity.Netcode.EditorTests.BitReaderTests.TestReadingMultipleBytesToLongsMisaligned(57)" methodname="TestReadingMultipleBytesToLongsMisaligned" classname="Unity.Netcode.EditorTests.BitReaderTests" runstate="Runnable" seed="1942242404" result="Passed" start-time="2025-12-30 16:55:31Z" end-time="2025-12-30 16:55:31Z" duration="0.000044" asserts="0">
                  <properties>
                    <property name="retryIteration" value="0" />
                    <property name="repeatIteration" value="0" />
                  </properties>
                </test-case>
                <test-case id="1451" name="TestReadingMultipleBytesToLongsMisaligned(58)" fullname="Unity.Netcode.EditorTests.BitReaderTests.TestReadingMultipleBytesToLongsMisaligned(58)" methodname="TestReadingMultipleBytesToLongsMisaligned" classname="Unity.Netcode.EditorTests.BitReaderTests" runstate="Runnable" seed="1802571360" result="Passed" start-time="2025-12-30 16:55:31Z" end-time="2025-12-30 16:55:31Z" duration="0.000042" asserts="0">
                  <properties>
                    <property name="retryIteration" value="0" />
                    <property name="repeatIteration" value="0" />
                  </properties>
                </test-case>
                <test-case id="1452" name="TestReadingMultipleBytesToLongsMisaligned(59)" fullname="Unity.Netcode.EditorTests.BitReaderTests.TestReadingMultipleBytesToLongsMisaligned(59)" methodname="TestReadingMultipleBytesToLongsMisaligned" classname="Unity.Netcode.EditorTests.BitReaderTests" runstate="Runnable" seed="682383785" result="Passed" start-time="2025-12-30 16:55:31Z" end-time="2025-12-30 16:55:31Z" duration="0.000043" asserts="0">
                  <properties>
                    <property name="retryIteration" value="0" />
                    <property name="repeatIteration" value="0" />
                  </properties>
                </test-case>
                <test-case id="1453" name="TestReadingMultipleBytesToLongsMisaligned(60)" fullname="Unity.Netcode.EditorTests.BitReaderTests.TestReadingMultipleBytesToLongsMisaligned(60)" methodname="TestReadingMultipleBytesToLongsMisaligned" classname="Unity.Netcode.EditorTests.BitReaderTests" runstate="Runnable" seed="2135799242" result="Passed" start-time="2025-12-30 16:55:31Z" end-time="2025-12-30 16:55:31Z" duration="0.000044" asserts="0">
                  <properties>
                    <property name="retryIteration" value="0" />
                    <property name="repeatIteration" value="0" />
                  </properties>
                </test-case>
                <test-case id="1454" name="TestReadingMultipleBytesToLongsMisaligned(61)" fullname="Unity.Netcode.EditorTests.BitReaderTests.TestReadingMultipleBytesToLongsMisaligned(61)" methodname="TestReadingMultipleBytesToLongsMisaligned" classname="Unity.Netcode.EditorTests.BitReaderTests" runstate="Runnable" seed="1359728031" result="Passed" start-time="2025-12-30 16:55:31Z" end-time="2025-12-30 16:55:31Z" duration="0.000042" asserts="0">
                  <properties>
                    <property name="retryIteration" value="0" />
                    <property name="repeatIteration" value="0" />
                  </properties>
                </test-case>
                <test-case id="1455" name="TestReadingMultipleBytesToLongsMisaligned(62)" fullname="Unity.Netcode.EditorTests.BitReaderTests.TestReadingMultipleBytesToLongsMisaligned(62)" methodname="TestReadingMultipleBytesToLongsMisaligned" classname="Unity.Netcode.EditorTests.BitReaderTests" runstate="Runnable" seed="480780616" result="Passed" start-time="2025-12-30 16:55:31Z" end-time="2025-12-30 16:55:31Z" duration="0.000041" asserts="0">
                  <properties>
                    <property name="retryIteration" value="0" />
                    <property name="repeatIteration" value="0" />
                  </properties>
                </test-case>
                <test-case id="1456" name="TestReadingMultipleBytesToLongsMisaligned(63)" fullname="Unity.Netcode.EditorTests.BitReaderTests.TestReadingMultipleBytesToLongsMisaligned(63)" methodname="TestReadingMultipleBytesToLongsMisaligned" classname="Unity.Netcode.EditorTests.BitReaderTests" runstate="Runnable" seed="1544339189" result="Passed" start-time="2025-12-30 16:55:31Z" end-time="2025-12-30 16:55:31Z" duration="0.000042" asserts="0">
                  <properties>
                    <property name="retryIteration" value="0" />
                    <property name="repeatIteration" value="0" />
                  </properties>
                </test-case>
              </test-suite>
              <test-case id="1325" name="TestReadingOneBit" fullname="Unity.Netcode.EditorTests.BitReaderTests.TestReadingOneBit" methodname="TestReadingOneBit" classname="Unity.Netcode.EditorTests.BitReaderTests" runstate="Runnable" seed="1294238" result="Passed" start-time="2025-12-30 16:55:31Z" end-time="2025-12-30 16:55:31Z" duration="0.000257" asserts="0">
                <properties>
                  <property name="retryIteration" value="0" />
                  <property name="repeatIteration" value="0" />
                </properties>
              </test-case>
              <test-case id="1326" name="TestTryBeginReadBits" fullname="Unity.Netcode.EditorTests.BitReaderTests.TestTryBeginReadBits" methodname="TestTryBeginReadBits" classname="Unity.Netcode.EditorTests.BitReaderTests" runstate="Runnable" seed="426058628" result="Passed" start-time="2025-12-30 16:55:31Z" end-time="2025-12-30 16:55:31Z" duration="0.000577" asserts="0">
                <properties>
                  <property name="retryIteration" value="0" />
                  <property name="repeatIteration" value="0" />
                </properties>
              </test-case>
            </test-suite>
            <test-suite type="TestFixture" id="1459" name="BitWriterTests" fullname="Unity.Netcode.EditorTests.BitWriterTests" classname="Unity.Netcode.EditorTests.BitWriterTests" runstate="Runnable" testcasecount="132" result="Passed" start-time="2025-12-30 16:55:31Z" end-time="2025-12-30 16:55:31Z" duration="0.019259" total="132" passed="132" failed="0" inconclusive="0" skipped="0" asserts="0">
              <properties />
              <test-case id="1461" name="TestTryBeginWriteBits" fullname="Unity.Netcode.EditorTests.BitWriterTests.TestTryBeginWriteBits" methodname="TestTryBeginWriteBits" classname="Unity.Netcode.EditorTests.BitWriterTests" runstate="Runnable" seed="2036799469" result="Passed" start-time="2025-12-30 16:55:31Z" end-time="2025-12-30 16:55:31Z" duration="0.000530" asserts="0">
                <properties>
                  <property name="retryIteration" value="0" />
                  <property name="repeatIteration" value="0" />
                </properties>
              </test-case>
              <test-case id="1593" name="TestWritingBitsThrowsIfTryBeginWriteNotCalled" fullname="Unity.Netcode.EditorTests.BitWriterTests.TestWritingBitsThrowsIfTryBeginWriteNotCalled" methodname="TestWritingBitsThrowsIfTryBeginWriteNotCalled" classname="Unity.Netcode.EditorTests.BitWriterTests" runstate="Runnable" seed="263352549" result="Passed" start-time="2025-12-30 16:55:31Z" end-time="2025-12-30 16:55:31Z" duration="0.000735" asserts="0">
                <properties>
                  <property name="retryIteration" value="0" />
                  <property name="repeatIteration" value="0" />
                </properties>
              </test-case>
              <test-case id="1462" name="TestWritingMultipleBits" fullname="Unity.Netcode.EditorTests.BitWriterTests.TestWritingMultipleBits" methodname="TestWritingMultipleBits" classname="Unity.Netcode.EditorTests.BitWriterTests" runstate="Runnable" seed="2060363590" result="Passed" start-time="2025-12-30 16:55:31Z" end-time="2025-12-30 16:55:31Z" duration="0.000235" asserts="0">
                <properties>
                  <property name="retryIteration" value="0" />
                  <property name="repeatIteration" value="0" />
                </properties>
              </test-case>
              <test-case id="1463" name="TestWritingMultipleBitsFromLongs" fullname="Unity.Netcode.EditorTests.BitWriterTests.TestWritingMultipleBitsFromLongs" methodname="TestWritingMultipleBitsFromLongs" classname="Unity.Netcode.EditorTests.BitWriterTests" runstate="Runnable" seed="264229084" result="Passed" start-time="2025-12-30 16:55:31Z" end-time="2025-12-30 16:55:31Z" duration="0.000160" asserts="0">
                <properties>
                  <property name="retryIteration" value="0" />
                  <property name="repeatIteration" value="0" />
                </properties>
              </test-case>
              <test-suite type="ParameterizedMethod" id="1528" name="TestWritingMultipleBytesFromLongs" fullname="Unity.Netcode.EditorTests.BitWriterTests.TestWritingMultipleBytesFromLongs" classname="Unity.Netcode.EditorTests.BitWriterTests" runstate="Runnable" testcasecount="64" result="Passed" start-time="2025-12-30 16:55:31Z" end-time="2025-12-30 16:55:31Z" duration="0.007251" total="64" passed="64" failed="0" inconclusive="0" skipped="0" asserts="0">
                <properties />
                <test-case id="1464" name="TestWritingMultipleBytesFromLongs(1)" fullname="Unity.Netcode.EditorTests.BitWriterTests.TestWritingMultipleBytesFromLongs(1)" methodname="TestWritingMultipleBytesFromLongs" classname="Unity.Netcode.EditorTests.BitWriterTests" runstate="Runnable" seed="1759688864" result="Passed" start-time="2025-12-30 16:55:31Z" end-time="2025-12-30 16:55:31Z" duration="0.000140" asserts="0">
                  <properties>
                    <property name="retryIteration" value="0" />
                    <property name="repeatIteration" value="0" />
                  </properties>
                </test-case>
                <test-case id="1465" name="TestWritingMultipleBytesFromLongs(2)" fullname="Unity.Netcode.EditorTests.BitWriterTests.TestWritingMultipleBytesFromLongs(2)" methodname="TestWritingMultipleBytesFromLongs" classname="Unity.Netcode.EditorTests.BitWriterTests" runstate="Runnable" seed="1328129675" result="Passed" start-time="2025-12-30 16:55:31Z" end-time="2025-12-30 16:55:31Z" duration="0.000046" asserts="0">
                  <properties>
                    <property name="retryIteration" value="0" />
                    <property name="repeatIteration" value="0" />
                  </properties>
                </test-case>
                <test-case id="1466" name="TestWritingMultipleBytesFromLongs(3)" fullname="Unity.Netcode.EditorTests.BitWriterTests.TestWritingMultipleBytesFromLongs(3)" methodname="TestWritingMultipleBytesFromLongs" classname="Unity.Netcode.EditorTests.BitWriterTests" runstate="Runnable" seed="633973480" result="Passed" start-time="2025-12-30 16:55:31Z" end-time="2025-12-30 16:55:31Z" duration="0.000042" asserts="0">
                  <properties>
                    <property name="retryIteration" value="0" />
                    <property name="repeatIteration" value="0" />
                  </properties>
                </test-case>
                <test-case id="1467" name="TestWritingMultipleBytesFromLongs(4)" fullname="Unity.Netcode.EditorTests.BitWriterTests.TestWritingMultipleBytesFromLongs(4)" methodname="TestWritingMultipleBytesFromLongs" classname="Unity.Netcode.EditorTests.BitWriterTests" runstate="Runnable" seed="201935647" result="Passed" start-time="2025-12-30 16:55:31Z" end-time="2025-12-30 16:55:31Z" duration="0.000043" asserts="0">
                  <properties>
                    <property name="retryIteration" value="0" />
                    <property name="repeatIteration" value="0" />
                  </properties>
                </test-case>
                <test-case id="1468" name="TestWritingMultipleBytesFromLongs(5)" fullname="Unity.Netcode.EditorTests.BitWriterTests.TestWritingMultipleBytesFromLongs(5)" methodname="TestWritingMultipleBytesFromLongs" classname="Unity.Netcode.EditorTests.BitWriterTests" runstate="Runnable" seed="1131715221" result="Passed" start-time="2025-12-30 16:55:31Z" end-time="2025-12-30 16:55:31Z" duration="0.000042" asserts="0">
                  <properties>
                    <property name="retryIteration" value="0" />
                    <property name="repeatIteration" value="0" />
                  </properties>
                </test-case>
                <test-case id="1469" name="TestWritingMultipleBytesFromLongs(6)" fullname="Unity.Netcode.EditorTests.BitWriterTests.TestWritingMultipleBytesFromLongs(6)" methodname="TestWritingMultipleBytesFromLongs" classname="Unity.Netcode.EditorTests.BitWriterTests" runstate="Runnable" seed="2082312683" result="Passed" start-time="2025-12-30 16:55:31Z" end-time="2025-12-30 16:55:31Z" duration="0.000041" asserts="0">
                  <properties>
                    <property name="retryIteration" value="0" />
                    <property name="repeatIteration" value="0" />
                  </properties>
                </test-case>
                <test-case id="1470" name="TestWritingMultipleBytesFromLongs(7)" fullname="Unity.Netcode.EditorTests.BitWriterTests.TestWritingMultipleBytesFromLongs(7)" methodname="TestWritingMultipleBytesFromLongs" classname="Unity.Netcode.EditorTests.BitWriterTests" runstate="Runnable" seed="1593142702" result="Passed" start-time="2025-12-30 16:55:31Z" end-time="2025-12-30 16:55:31Z" duration="0.000039" asserts="0">
                  <properties>
                    <property name="retryIteration" value="0" />
                    <property name="repeatIteration" value="0" />
                  </properties>
                </test-case>
                <test-case id="1471" name="TestWritingMultipleBytesFromLongs(8)" fullname="Unity.Netcode.EditorTests.BitWriterTests.TestWritingMultipleBytesFromLongs(8)" methodname="TestWritingMultipleBytesFromLongs" classname="Unity.Netcode.EditorTests.BitWriterTests" runstate="Runnable" seed="1777873498" result="Passed" start-time="2025-12-30 16:55:31Z" end-time="2025-12-30 16:55:31Z" duration="0.000081" asserts="0">
                  <properties>
                    <property name="retryIteration" value="0" />
                    <property name="repeatIteration" value="0" />
                  </properties>
                </test-case>
                <test-case id="1472" name="TestWritingMultipleBytesFromLongs(9)" fullname="Unity.Netcode.EditorTests.BitWriterTests.TestWritingMultipleBytesFromLongs(9)" methodname="TestWritingMultipleBytesFromLongs" classname="Unity.Netcode.EditorTests.BitWriterTests" runstate="Runnable" seed="1409176430" result="Passed" start-time="2025-12-30 16:55:31Z" end-time="2025-12-30 16:55:31Z" duration="0.000041" asserts="0">
                  <properties>
                    <property name="retryIteration" value="0" />
                    <property name="repeatIteration" value="0" />
                  </properties>
                </test-case>
                <test-case id="1473" name="TestWritingMultipleBytesFromLongs(10)" fullname="Unity.Netcode.EditorTests.BitWriterTests.TestWritingMultipleBytesFromLongs(10)" methodname="TestWritingMultipleBytesFromLongs" classname="Unity.Netcode.EditorTests.BitWriterTests" runstate="Runnable" seed="528729412" result="Passed" start-time="2025-12-30 16:55:31Z" end-time="2025-12-30 16:55:31Z" duration="0.000039" asserts="0">
                  <properties>
                    <property name="retryIteration" value="0" />
                    <property name="repeatIteration" value="0" />
                  </properties>
                </test-case>
                <test-case id="1474" name="TestWritingMultipleBytesFromLongs(11)" fullname="Unity.Netcode.EditorTests.BitWriterTests.TestWritingMultipleBytesFromLongs(11)" methodname="TestWritingMultipleBytesFromLongs" classname="Unity.Netcode.EditorTests.BitWriterTests" runstate="Runnable" seed="34281899" result="Passed" start-time="2025-12-30 16:55:31Z" end-time="2025-12-30 16:55:31Z" duration="0.000042" asserts="0">
                  <properties>
                    <property name="retryIteration" value="0" />
                    <property name="repeatIteration" value="0" />
                  </properties>
                </test-case>
                <test-case id="1475" name="TestWritingMultipleBytesFromLongs(12)" fullname="Unity.Netcode.EditorTests.BitWriterTests.TestWritingMultipleBytesFromLongs(12)" methodname="TestWritingMultipleBytesFromLongs" classname="Unity.Netcode.EditorTests.BitWriterTests" runstate="Runnable" seed="1708803594" result="Passed" start-time="2025-12-30 16:55:31Z" end-time="2025-12-30 16:55:31Z" duration="0.000041" asserts="0">
                  <properties>
                    <property name="retryIteration" value="0" />
                    <property name="repeatIteration" value="0" />
                  </properties>
                </test-case>
                <test-case id="1476" name="TestWritingMultipleBytesFromLongs(13)" fullname="Unity.Netcode.EditorTests.BitWriterTests.TestWritingMultipleBytesFromLongs(13)" methodname="TestWritingMultipleBytesFromLongs" classname="Unity.Netcode.EditorTests.BitWriterTests" runstate="Runnable" seed="1673755239" result="Passed" start-time="2025-12-30 16:55:31Z" end-time="2025-12-30 16:55:31Z" duration="0.000041" asserts="0">
                  <properties>
                    <property name="retryIteration" value="0" />
                    <property name="repeatIteration" value="0" />
                  </properties>
                </test-case>
                <test-case id="1477" name="TestWritingMultipleBytesFromLongs(14)" fullname="Unity.Netcode.EditorTests.BitWriterTests.TestWritingMultipleBytesFromLongs(14)" methodname="TestWritingMultipleBytesFromLongs" classname="Unity.Netcode.EditorTests.BitWriterTests" runstate="Runnable" seed="2099668886" result="Passed" start-time="2025-12-30 16:55:31Z" end-time="2025-12-30 16:55:31Z" duration="0.000038" asserts="0">
                  <properties>
                    <property name="retryIteration" value="0" />
                    <property name="repeatIteration" value="0" />
                  </properties>
                </test-case>
                <test-case id="1478" name="TestWritingMultipleBytesFromLongs(15)" fullname="Unity.Netcode.EditorTests.BitWriterTests.TestWritingMultipleBytesFromLongs(15)" methodname="TestWritingMultipleBytesFromLongs" classname="Unity.Netcode.EditorTests.BitWriterTests" runstate="Runnable" seed="1768603370" result="Passed" start-time="2025-12-30 16:55:31Z" end-time="2025-12-30 16:55:31Z" duration="0.000039" asserts="0">
                  <properties>
                    <property name="retryIteration" value="0" />
                    <property name="repeatIteration" value="0" />
                  </properties>
                </test-case>
                <test-case id="1479" name="TestWritingMultipleBytesFromLongs(16)" fullname="Unity.Netcode.EditorTests.BitWriterTests.TestWritingMultipleBytesFromLongs(16)" methodname="TestWritingMultipleBytesFromLongs" classname="Unity.Netcode.EditorTests.BitWriterTests" runstate="Runnable" seed="59066138" result="Passed" start-time="2025-12-30 16:55:31Z" end-time="2025-12-30 16:55:31Z" duration="0.000040" asserts="0">
                  <properties>
                    <property name="retryIteration" value="0" />
                    <property name="repeatIteration" value="0" />
                  </properties>
                </test-case>
                <test-case id="1480" name="TestWritingMultipleBytesFromLongs(17)" fullname="Unity.Netcode.EditorTests.BitWriterTests.TestWritingMultipleBytesFromLongs(17)" methodname="TestWritingMultipleBytesFromLongs" classname="Unity.Netcode.EditorTests.BitWriterTests" runstate="Runnable" seed="935501880" result="Passed" start-time="2025-12-30 16:55:31Z" end-time="2025-12-30 16:55:31Z" duration="0.000040" asserts="0">
                  <properties>
                    <property name="retryIteration" value="0" />
                    <property name="repeatIteration" value="0" />
                  </properties>
                </test-case>
                <test-case id="1481" name="TestWritingMultipleBytesFromLongs(18)" fullname="Unity.Netcode.EditorTests.BitWriterTests.TestWritingMultipleBytesFromLongs(18)" methodname="TestWritingMultipleBytesFromLongs" classname="Unity.Netcode.EditorTests.BitWriterTests" runstate="Runnable" seed="1288396654" result="Passed" start-time="2025-12-30 16:55:31Z" end-time="2025-12-30 16:55:31Z" duration="0.000040" asserts="0">
                  <properties>
                    <property name="retryIteration" value="0" />
                    <property name="repeatIteration" value="0" />
                  </properties>
                </test-case>
                <test-case id="1482" name="TestWritingMultipleBytesFromLongs(19)" fullname="Unity.Netcode.EditorTests.BitWriterTests.TestWritingMultipleBytesFromLongs(19)" methodname="TestWritingMultipleBytesFromLongs" classname="Unity.Netcode.EditorTests.BitWriterTests" runstate="Runnable" seed="1368066280" result="Passed" start-time="2025-12-30 16:55:31Z" end-time="2025-12-30 16:55:31Z" duration="0.000039" asserts="0">
                  <properties>
                    <property name="retryIteration" value="0" />
                    <property name="repeatIteration" value="0" />
                  </properties>
                </test-case>
                <test-case id="1483" name="TestWritingMultipleBytesFromLongs(20)" fullname="Unity.Netcode.EditorTests.BitWriterTests.TestWritingMultipleBytesFromLongs(20)" methodname="TestWritingMultipleBytesFromLongs" classname="Unity.Netcode.EditorTests.BitWriterTests" runstate="Runnable" seed="191160123" result="Passed" start-time="2025-12-30 16:55:31Z" end-time="2025-12-30 16:55:31Z" duration="0.000040" asserts="0">
                  <properties>
                    <property name="retryIteration" value="0" />
                    <property name="repeatIteration" value="0" />
                  </properties>
                </test-case>
                <test-case id="1484" name="TestWritingMultipleBytesFromLongs(21)" fullname="Unity.Netcode.EditorTests.BitWriterTests.TestWritingMultipleBytesFromLongs(21)" methodname="TestWritingMultipleBytesFromLongs" classname="Unity.Netcode.EditorTests.BitWriterTests" runstate="Runnable" seed="977917681" result="Passed" start-time="2025-12-30 16:55:31Z" end-time="2025-12-30 16:55:31Z" duration="0.000041" asserts="0">
                  <properties>
                    <property name="retryIteration" value="0" />
                    <property name="repeatIteration" value="0" />
                  </properties>
                </test-case>
                <test-case id="1485" name="TestWritingMultipleBytesFromLongs(22)" fullname="Unity.Netcode.EditorTests.BitWriterTests.TestWritingMultipleBytesFromLongs(22)" methodname="TestWritingMultipleBytesFromLongs" classname="Unity.Netcode.EditorTests.BitWriterTests" runstate="Runnable" seed="1682343332" result="Passed" start-time="2025-12-30 16:55:31Z" end-time="2025-12-30 16:55:31Z" duration="0.000040" asserts="0">
                  <properties>
                    <property name="retryIteration" value="0" />
                    <property name="repeatIteration" value="0" />
                  </properties>
                </test-case>
                <test-case id="1486" name="TestWritingMultipleBytesFromLongs(23)" fullname="Unity.Netcode.EditorTests.BitWriterTests.TestWritingMultipleBytesFromLongs(23)" methodname="TestWritingMultipleBytesFromLongs" classname="Unity.Netcode.EditorTests.BitWriterTests" runstate="Runnable" seed="342492895" result="Passed" start-time="2025-12-30 16:55:31Z" end-time="2025-12-30 16:55:31Z" duration="0.000043" asserts="0">
                  <properties>
                    <property name="retryIteration" value="0" />
                    <property name="repeatIteration" value="0" />
                  </properties>
                </test-case>
                <test-case id="1487" name="TestWritingMultipleBytesFromLongs(24)" fullname="Unity.Netcode.EditorTests.BitWriterTests.TestWritingMultipleBytesFromLongs(24)" methodname="TestWritingMultipleBytesFromLongs" classname="Unity.Netcode.EditorTests.BitWriterTests" runstate="Runnable" seed="641155578" result="Passed" start-time="2025-12-30 16:55:31Z" end-time="2025-12-30 16:55:31Z" duration="0.000039" asserts="0">
                  <properties>
                    <property name="retryIteration" value="0" />
                    <property name="repeatIteration" value="0" />
                  </properties>
                </test-case>
                <test-case id="1488" name="TestWritingMultipleBytesFromLongs(25)" fullname="Unity.Netcode.EditorTests.BitWriterTests.TestWritingMultipleBytesFromLongs(25)" methodname="TestWritingMultipleBytesFromLongs" classname="Unity.Netcode.EditorTests.BitWriterTests" runstate="Runnable" seed="1965306614" result="Passed" start-time="2025-12-30 16:55:31Z" end-time="2025-12-30 16:55:31Z" duration="0.000038" asserts="0">
                  <properties>
                    <property name="retryIteration" value="0" />
                    <property name="repeatIteration" value="0" />
                  </properties>
                </test-case>
                <test-case id="1489" name="TestWritingMultipleBytesFromLongs(26)" fullname="Unity.Netcode.EditorTests.BitWriterTests.TestWritingMultipleBytesFromLongs(26)" methodname="TestWritingMultipleBytesFromLongs" classname="Unity.Netcode.EditorTests.BitWriterTests" runstate="Runnable" seed="1451333602" result="Passed" start-time="2025-12-30 16:55:31Z" end-time="2025-12-30 16:55:31Z" duration="0.000043" asserts="0">
                  <properties>
                    <property name="retryIteration" value="0" />
                    <property name="repeatIteration" value="0" />
                  </properties>
                </test-case>
                <test-case id="1490" name="TestWritingMultipleBytesFromLongs(27)" fullname="Unity.Netcode.EditorTests.BitWriterTests.TestWritingMultipleBytesFromLongs(27)" methodname="TestWritingMultipleBytesFromLongs" classname="Unity.Netcode.EditorTests.BitWriterTests" runstate="Runnable" seed="1709518732" result="Passed" start-time="2025-12-30 16:55:31Z" end-time="2025-12-30 16:55:31Z" duration="0.000043" asserts="0">
                  <properties>
                    <property name="retryIteration" value="0" />
                    <property name="repeatIteration" value="0" />
                  </properties>
                </test-case>
                <test-case id="1491" name="TestWritingMultipleBytesFromLongs(28)" fullname="Unity.Netcode.EditorTests.BitWriterTests.TestWritingMultipleBytesFromLongs(28)" methodname="TestWritingMultipleBytesFromLongs" classname="Unity.Netcode.EditorTests.BitWriterTests" runstate="Runnable" seed="1571858311" result="Passed" start-time="2025-12-30 16:55:31Z" end-time="2025-12-30 16:55:31Z" duration="0.000040" asserts="0">
                  <properties>
                    <property name="retryIteration" value="0" />
                    <property name="repeatIteration" value="0" />
                  </properties>
                </test-case>
                <test-case id="1492" name="TestWritingMultipleBytesFromLongs(29)" fullname="Unity.Netcode.EditorTests.BitWriterTests.TestWritingMultipleBytesFromLongs(29)" methodname="TestWritingMultipleBytesFromLongs" classname="Unity.Netcode.EditorTests.BitWriterTests" runstate="Runnable" seed="1273630386" result="Passed" start-time="2025-12-30 16:55:31Z" end-time="2025-12-30 16:55:31Z" duration="0.000040" asserts="0">
                  <properties>
                    <property name="retryIteration" value="0" />
                    <property name="repeatIteration" value="0" />
                  </properties>
                </test-case>
                <test-case id="1493" name="TestWritingMultipleBytesFromLongs(30)" fullname="Unity.Netcode.EditorTests.BitWriterTests.TestWritingMultipleBytesFromLongs(30)" methodname="TestWritingMultipleBytesFromLongs" classname="Unity.Netcode.EditorTests.BitWriterTests" runstate="Runnable" seed="1094695690" result="Passed" start-time="2025-12-30 16:55:31Z" end-time="2025-12-30 16:55:31Z" duration="0.000038" asserts="0">
                  <properties>
                    <property name="retryIteration" value="0" />
                    <property name="repeatIteration" value="0" />
                  </properties>
                </test-case>
                <test-case id="1494" name="TestWritingMultipleBytesFromLongs(31)" fullname="Unity.Netcode.EditorTests.BitWriterTests.TestWritingMultipleBytesFromLongs(31)" methodname="TestWritingMultipleBytesFromLongs" classname="Unity.Netcode.EditorTests.BitWriterTests" runstate="Runnable" seed="1928203850" result="Passed" start-time="2025-12-30 16:55:31Z" end-time="2025-12-30 16:55:31Z" duration="0.000041" asserts="0">
                  <properties>
                    <property name="retryIteration" value="0" />
                    <property name="repeatIteration" value="0" />
                  </properties>
                </test-case>
                <test-case id="1495" name="TestWritingMultipleBytesFromLongs(32)" fullname="Unity.Netcode.EditorTests.BitWriterTests.TestWritingMultipleBytesFromLongs(32)" methodname="TestWritingMultipleBytesFromLongs" classname="Unity.Netcode.EditorTests.BitWriterTests" runstate="Runnable" seed="1024826737" result="Passed" start-time="2025-12-30 16:55:31Z" end-time="2025-12-30 16:55:31Z" duration="0.000041" asserts="0">
                  <properties>
                    <property name="retryIteration" value="0" />
                    <property name="repeatIteration" value="0" />
                  </properties>
                </test-case>
                <test-case id="1496" name="TestWritingMultipleBytesFromLongs(33)" fullname="Unity.Netcode.EditorTests.BitWriterTests.TestWritingMultipleBytesFromLongs(33)" methodname="TestWritingMultipleBytesFromLongs" classname="Unity.Netcode.EditorTests.BitWriterTests" runstate="Runnable" seed="69342086" result="Passed" start-time="2025-12-30 16:55:31Z" end-time="2025-12-30 16:55:31Z" duration="0.000040" asserts="0">
                  <properties>
                    <property name="retryIteration" value="0" />
                    <property name="repeatIteration" value="0" />
                  </properties>
                </test-case>
                <test-case id="1497" name="TestWritingMultipleBytesFromLongs(34)" fullname="Unity.Netcode.EditorTests.BitWriterTests.TestWritingMultipleBytesFromLongs(34)" methodname="TestWritingMultipleBytesFromLongs" classname="Unity.Netcode.EditorTests.BitWriterTests" runstate="Runnable" seed="1791548661" result="Passed" start-time="2025-12-30 16:55:31Z" end-time="2025-12-30 16:55:31Z" duration="0.000040" asserts="0">
                  <properties>
                    <property name="retryIteration" value="0" />
                    <property name="repeatIteration" value="0" />
                  </properties>
                </test-case>
                <test-case id="1498" name="TestWritingMultipleBytesFromLongs(35)" fullname="Unity.Netcode.EditorTests.BitWriterTests.TestWritingMultipleBytesFromLongs(35)" methodname="TestWritingMultipleBytesFromLongs" classname="Unity.Netcode.EditorTests.BitWriterTests" runstate="Runnable" seed="1476388473" result="Passed" start-time="2025-12-30 16:55:31Z" end-time="2025-12-30 16:55:31Z" duration="0.000040" asserts="0">
                  <properties>
                    <property name="retryIteration" value="0" />
                    <property name="repeatIteration" value="0" />
                  </properties>
                </test-case>
                <test-case id="1499" name="TestWritingMultipleBytesFromLongs(36)" fullname="Unity.Netcode.EditorTests.BitWriterTests.TestWritingMultipleBytesFromLongs(36)" methodname="TestWritingMultipleBytesFromLongs" classname="Unity.Netcode.EditorTests.BitWriterTests" runstate="Runnable" seed="1079537432" result="Passed" start-time="2025-12-30 16:55:31Z" end-time="2025-12-30 16:55:31Z" duration="0.000042" asserts="0">
                  <properties>
                    <property name="retryIteration" value="0" />
                    <property name="repeatIteration" value="0" />
                  </properties>
                </test-case>
                <test-case id="1500" name="TestWritingMultipleBytesFromLongs(37)" fullname="Unity.Netcode.EditorTests.BitWriterTests.TestWritingMultipleBytesFromLongs(37)" methodname="TestWritingMultipleBytesFromLongs" classname="Unity.Netcode.EditorTests.BitWriterTests" runstate="Runnable" seed="1246916325" result="Passed" start-time="2025-12-30 16:55:31Z" end-time="2025-12-30 16:55:31Z" duration="0.000041" asserts="0">
                  <properties>
                    <property name="retryIteration" value="0" />
                    <property name="repeatIteration" value="0" />
                  </properties>
                </test-case>
                <test-case id="1501" name="TestWritingMultipleBytesFromLongs(38)" fullname="Unity.Netcode.EditorTests.BitWriterTests.TestWritingMultipleBytesFromLongs(38)" methodname="TestWritingMultipleBytesFromLongs" classname="Unity.Netcode.EditorTests.BitWriterTests" runstate="Runnable" seed="685467142" result="Passed" start-time="2025-12-30 16:55:31Z" end-time="2025-12-30 16:55:31Z" duration="0.000039" asserts="0">
                  <properties>
                    <property name="retryIteration" value="0" />
                    <property name="repeatIteration" value="0" />
                  </properties>
                </test-case>
                <test-case id="1502" name="TestWritingMultipleBytesFromLongs(39)" fullname="Unity.Netcode.EditorTests.BitWriterTests.TestWritingMultipleBytesFromLongs(39)" methodname="TestWritingMultipleBytesFromLongs" classname="Unity.Netcode.EditorTests.BitWriterTests" runstate="Runnable" seed="913669700" result="Passed" start-time="2025-12-30 16:55:31Z" end-time="2025-12-30 16:55:31Z" duration="0.000040" asserts="0">
                  <properties>
                    <property name="retryIteration" value="0" />
                    <property name="repeatIteration" value="0" />
                  </properties>
                </test-case>
                <test-case id="1503" name="TestWritingMultipleBytesFromLongs(40)" fullname="Unity.Netcode.EditorTests.BitWriterTests.TestWritingMultipleBytesFromLongs(40)" methodname="TestWritingMultipleBytesFromLongs" classname="Unity.Netcode.EditorTests.BitWriterTests" runstate="Runnable" seed="1754434640" result="Passed" start-time="2025-12-30 16:55:31Z" end-time="2025-12-30 16:55:31Z" duration="0.000042" asserts="0">
                  <properties>
                    <property name="retryIteration" value="0" />
                    <property name="repeatIteration" value="0" />
                  </properties>
                </test-case>
                <test-case id="1504" name="TestWritingMultipleBytesFromLongs(41)" fullname="Unity.Netcode.EditorTests.BitWriterTests.TestWritingMultipleBytesFromLongs(41)" methodname="TestWritingMultipleBytesFromLongs" classname="Unity.Netcode.EditorTests.BitWriterTests" runstate="Runnable" seed="205342979" result="Passed" start-time="2025-12-30 16:55:31Z" end-time="2025-12-30 16:55:31Z" duration="0.000040" asserts="0">
                  <properties>
                    <property name="retryIteration" value="0" />
                    <property name="repeatIteration" value="0" />
                  </properties>
                </test-case>
                <test-case id="1505" name="TestWritingMultipleBytesFromLongs(42)" fullname="Unity.Netcode.EditorTests.BitWriterTests.TestWritingMultipleBytesFromLongs(42)" methodname="TestWritingMultipleBytesFromLongs" classname="Unity.Netcode.EditorTests.BitWriterTests" runstate="Runnable" seed="15174147" result="Passed" start-time="2025-12-30 16:55:31Z" end-time="2025-12-30 16:55:31Z" duration="0.000042" asserts="0">
                  <properties>
                    <property name="retryIteration" value="0" />
                    <property name="repeatIteration" value="0" />
                  </properties>
                </test-case>
                <test-case id="1506" name="TestWritingMultipleBytesFromLongs(43)" fullname="Unity.Netcode.EditorTests.BitWriterTests.TestWritingMultipleBytesFromLongs(43)" methodname="TestWritingMultipleBytesFromLongs" classname="Unity.Netcode.EditorTests.BitWriterTests" runstate="Runnable" seed="1417540322" result="Passed" start-time="2025-12-30 16:55:31Z" end-time="2025-12-30 16:55:31Z" duration="0.000041" asserts="0">
                  <properties>
                    <property name="retryIteration" value="0" />
                    <property name="repeatIteration" value="0" />
                  </properties>
                </test-case>
                <test-case id="1507" name="TestWritingMultipleBytesFromLongs(44)" fullname="Unity.Netcode.EditorTests.BitWriterTests.TestWritingMultipleBytesFromLongs(44)" methodname="TestWritingMultipleBytesFromLongs" classname="Unity.Netcode.EditorTests.BitWriterTests" runstate="Runnable" seed="923406759" result="Passed" start-time="2025-12-30 16:55:31Z" end-time="2025-12-30 16:55:31Z" duration="0.000041" asserts="0">
                  <properties>
                    <property name="retryIteration" value="0" />
                    <property name="repeatIteration" value="0" />
                  </properties>
                </test-case>
                <test-case id="1508" name="TestWritingMultipleBytesFromLongs(45)" fullname="Unity.Netcode.EditorTests.BitWriterTests.TestWritingMultipleBytesFromLongs(45)" methodname="TestWritingMultipleBytesFromLongs" classname="Unity.Netcode.EditorTests.BitWriterTests" runstate="Runnable" seed="1264479257" result="Passed" start-time="2025-12-30 16:55:31Z" end-time="2025-12-30 16:55:31Z" duration="0.000041" asserts="0">
                  <properties>
                    <property name="retryIteration" value="0" />
                    <property name="repeatIteration" value="0" />
                  </properties>
                </test-case>
                <test-case id="1509" name="TestWritingMultipleBytesFromLongs(46)" fullname="Unity.Netcode.EditorTests.BitWriterTests.TestWritingMultipleBytesFromLongs(46)" methodname="TestWritingMultipleBytesFromLongs" classname="Unity.Netcode.EditorTests.BitWriterTests" runstate="Runnable" seed="1547098779" result="Passed" start-time="2025-12-30 16:55:31Z" end-time="2025-12-30 16:55:31Z" duration="0.000040" asserts="0">
                  <properties>
                    <property name="retryIteration" value="0" />
                    <property name="repeatIteration" value="0" />
                  </properties>
                </test-case>
                <test-case id="1510" name="TestWritingMultipleBytesFromLongs(47)" fullname="Unity.Netcode.EditorTests.BitWriterTests.TestWritingMultipleBytesFromLongs(47)" methodname="TestWritingMultipleBytesFromLongs" classname="Unity.Netcode.EditorTests.BitWriterTests" runstate="Runnable" seed="1685315641" result="Passed" start-time="2025-12-30 16:55:31Z" end-time="2025-12-30 16:55:31Z" duration="0.000042" asserts="0">
                  <properties>
                    <property name="retryIteration" value="0" />
                    <property name="repeatIteration" value="0" />
                  </properties>
                </test-case>
                <test-case id="1511" name="TestWritingMultipleBytesFromLongs(48)" fullname="Unity.Netcode.EditorTests.BitWriterTests.TestWritingMultipleBytesFromLongs(48)" methodname="TestWritingMultipleBytesFromLongs" classname="Unity.Netcode.EditorTests.BitWriterTests" runstate="Runnable" seed="638620155" result="Passed" start-time="2025-12-30 16:55:31Z" end-time="2025-12-30 16:55:31Z" duration="0.000040" asserts="0">
                  <properties>
                    <property name="retryIteration" value="0" />
                    <property name="repeatIteration" value="0" />
                  </properties>
                </test-case>
                <test-case id="1512" name="TestWritingMultipleBytesFromLongs(49)" fullname="Unity.Netcode.EditorTests.BitWriterTests.TestWritingMultipleBytesFromLongs(49)" methodname="TestWritingMultipleBytesFromLongs" classname="Unity.Netcode.EditorTests.BitWriterTests" runstate="Runnable" seed="880394156" result="Passed" start-time="2025-12-30 16:55:31Z" end-time="2025-12-30 16:55:31Z" duration="0.000041" asserts="0">
                  <properties>
                    <property name="retryIteration" value="0" />
                    <property name="repeatIteration" value="0" />
                  </properties>
                </test-case>
                <test-case id="1513" name="TestWritingMultipleBytesFromLongs(50)" fullname="Unity.Netcode.EditorTests.BitWriterTests.TestWritingMultipleBytesFromLongs(50)" methodname="TestWritingMultipleBytesFromLongs" classname="Unity.Netcode.EditorTests.BitWriterTests" runstate="Runnable" seed="1457793766" result="Passed" start-time="2025-12-30 16:55:31Z" end-time="2025-12-30 16:55:31Z" duration="0.000042" asserts="0">
                  <properties>
                    <property name="retryIteration" value="0" />
                    <property name="repeatIteration" value="0" />
                  </properties>
                </test-case>
                <test-case id="1514" name="TestWritingMultipleBytesFromLongs(51)" fullname="Unity.Netcode.EditorTests.BitWriterTests.TestWritingMultipleBytesFromLongs(51)" methodname="TestWritingMultipleBytesFromLongs" classname="Unity.Netcode.EditorTests.BitWriterTests" runstate="Runnable" seed="164770829" result="Passed" start-time="2025-12-30 16:55:31Z" end-time="2025-12-30 16:55:31Z" duration="0.000041" asserts="0">
                  <properties>
                    <property name="retryIteration" value="0" />
                    <property name="repeatIteration" value="0" />
                  </properties>
                </test-case>
                <test-case id="1515" name="TestWritingMultipleBytesFromLongs(52)" fullname="Unity.Netcode.EditorTests.BitWriterTests.TestWritingMultipleBytesFromLongs(52)" methodname="TestWritingMultipleBytesFromLongs" classname="Unity.Netcode.EditorTests.BitWriterTests" runstate="Runnable" seed="676685207" result="Passed" start-time="2025-12-30 16:55:31Z" end-time="2025-12-30 16:55:31Z" duration="0.000040" asserts="0">
                  <properties>
                    <property name="retryIteration" value="0" />
                    <property name="repeatIteration" value="0" />
                  </properties>
                </test-case>
                <test-case id="1516" name="TestWritingMultipleBytesFromLongs(53)" fullname="Unity.Netcode.EditorTests.BitWriterTests.TestWritingMultipleBytesFromLongs(53)" methodname="TestWritingMultipleBytesFromLongs" classname="Unity.Netcode.EditorTests.BitWriterTests" runstate="Runnable" seed="514554186" result="Passed" start-time="2025-12-30 16:55:31Z" end-time="2025-12-30 16:55:31Z" duration="0.000042" asserts="0">
                  <properties>
                    <property name="retryIteration" value="0" />
                    <property name="repeatIteration" value="0" />
                  </properties>
                </test-case>
                <test-case id="1517" name="TestWritingMultipleBytesFromLongs(54)" fullname="Unity.Netcode.EditorTests.BitWriterTests.TestWritingMultipleBytesFromLongs(54)" methodname="TestWritingMultipleBytesFromLongs" classname="Unity.Netcode.EditorTests.BitWriterTests" runstate="Runnable" seed="1360824928" result="Passed" start-time="2025-12-30 16:55:31Z" end-time="2025-12-30 16:55:31Z" duration="0.000044" asserts="0">
                  <properties>
                    <property name="retryIteration" value="0" />
                    <property name="repeatIteration" value="0" />
                  </properties>
                </test-case>
                <test-case id="1518" name="TestWritingMultipleBytesFromLongs(55)" fullname="Unity.Netcode.EditorTests.BitWriterTests.TestWritingMultipleBytesFromLongs(55)" methodname="TestWritingMultipleBytesFromLongs" classname="Unity.Netcode.EditorTests.BitWriterTests" runstate="Runnable" seed="1960945839" result="Passed" start-time="2025-12-30 16:55:31Z" end-time="2025-12-30 16:55:31Z" duration="0.000040" asserts="0">
                  <properties>
                    <property name="retryIteration" value="0" />
                    <property name="repeatIteration" value="0" />
                  </properties>
                </test-case>
                <test-case id="1519" name="TestWritingMultipleBytesFromLongs(56)" fullname="Unity.Netcode.EditorTests.BitWriterTests.TestWritingMultipleBytesFromLongs(56)" methodname="TestWritingMultipleBytesFromLongs" classname="Unity.Netcode.EditorTests.BitWriterTests" runstate="Runnable" seed="77345532" result="Passed" start-time="2025-12-30 16:55:31Z" end-time="2025-12-30 16:55:31Z" duration="0.000042" asserts="0">
                  <properties>
                    <property name="retryIteration" value="0" />
                    <property name="repeatIteration" value="0" />
                  </properties>
                </test-case>
                <test-case id="1520" name="TestWritingMultipleBytesFromLongs(57)" fullname="Unity.Netcode.EditorTests.BitWriterTests.TestWritingMultipleBytesFromLongs(57)" methodname="TestWritingMultipleBytesFromLongs" classname="Unity.Netcode.EditorTests.BitWriterTests" runstate="Runnable" seed="985636780" result="Passed" start-time="2025-12-30 16:55:31Z" end-time="2025-12-30 16:55:31Z" duration="0.000041" asserts="0">
                  <properties>
                    <property name="retryIteration" value="0" />
                    <property name="repeatIteration" value="0" />
                  </properties>
                </test-case>
                <test-case id="1521" name="TestWritingMultipleBytesFromLongs(58)" fullname="Unity.Netcode.EditorTests.BitWriterTests.TestWritingMultipleBytesFromLongs(58)" methodname="TestWritingMultipleBytesFromLongs" classname="Unity.Netcode.EditorTests.BitWriterTests" runstate="Runnable" seed="2140301549" result="Passed" start-time="2025-12-30 16:55:31Z" end-time="2025-12-30 16:55:31Z" duration="0.000041" asserts="0">
                  <properties>
                    <property name="retryIteration" value="0" />
                    <property name="repeatIteration" value="0" />
                  </properties>
                </test-case>
                <test-case id="1522" name="TestWritingMultipleBytesFromLongs(59)" fullname="Unity.Netcode.EditorTests.BitWriterTests.TestWritingMultipleBytesFromLongs(59)" methodname="TestWritingMultipleBytesFromLongs" classname="Unity.Netcode.EditorTests.BitWriterTests" runstate="Runnable" seed="384112680" result="Passed" start-time="2025-12-30 16:55:31Z" end-time="2025-12-30 16:55:31Z" duration="0.000042" asserts="0">
                  <properties>
                    <property name="retryIteration" value="0" />
                    <property name="repeatIteration" value="0" />
                  </properties>
                </test-case>
                <test-case id="1523" name="TestWritingMultipleBytesFromLongs(60)" fullname="Unity.Netcode.EditorTests.BitWriterTests.TestWritingMultipleBytesFromLongs(60)" methodname="TestWritingMultipleBytesFromLongs" classname="Unity.Netcode.EditorTests.BitWriterTests" runstate="Runnable" seed="1827865266" result="Passed" start-time="2025-12-30 16:55:31Z" end-time="2025-12-30 16:55:31Z" duration="0.000042" asserts="0">
                  <properties>
                    <property name="retryIteration" value="0" />
                    <property name="repeatIteration" value="0" />
                  </properties>
                </test-case>
                <test-case id="1524" name="TestWritingMultipleBytesFromLongs(61)" fullname="Unity.Netcode.EditorTests.BitWriterTests.TestWritingMultipleBytesFromLongs(61)" methodname="TestWritingMultipleBytesFromLongs" classname="Unity.Netcode.EditorTests.BitWriterTests" runstate="Runnable" seed="372793951" result="Passed" start-time="2025-12-30 16:55:31Z" end-time="2025-12-30 16:55:31Z" duration="0.000043" asserts="0">
                  <properties>
                    <property name="retryIteration" value="0" />
                    <property name="repeatIteration" value="0" />
                  </properties>
                </test-case>
                <test-case id="1525" name="TestWritingMultipleBytesFromLongs(62)" fullname="Unity.Netcode.EditorTests.BitWriterTests.TestWritingMultipleBytesFromLongs(62)" methodname="TestWritingMultipleBytesFromLongs" classname="Unity.Netcode.EditorTests.BitWriterTests" runstate="Runnable" seed="21284391" result="Passed" start-time="2025-12-30 16:55:31Z" end-time="2025-12-30 16:55:31Z" duration="0.000043" asserts="0">
                  <properties>
                    <property name="retryIteration" value="0" />
                    <property name="repeatIteration" value="0" />
                  </properties>
                </test-case>
                <test-case id="1526" name="TestWritingMultipleBytesFromLongs(63)" fullname="Unity.Netcode.EditorTests.BitWriterTests.TestWritingMultipleBytesFromLongs(63)" methodname="TestWritingMultipleBytesFromLongs" classname="Unity.Netcode.EditorTests.BitWriterTests" runstate="Runnable" seed="504243112" result="Passed" start-time="2025-12-30 16:55:31Z" end-time="2025-12-30 16:55:31Z" duration="0.000043" asserts="0">
                  <properties>
                    <property name="retryIteration" value="0" />
                    <property name="repeatIteration" value="0" />
                  </properties>
                </test-case>
                <test-case id="1527" name="TestWritingMultipleBytesFromLongs(64)" fullname="Unity.Netcode.EditorTests.BitWriterTests.TestWritingMultipleBytesFromLongs(64)" methodname="TestWritingMultipleBytesFromLongs" classname="Unity.Netcode.EditorTests.BitWriterTests" runstate="Runnable" seed="314480740" result="Passed" start-time="2025-12-30 16:55:31Z" end-time="2025-12-30 16:55:31Z" duration="0.000041" asserts="0">
                  <properties>
                    <property name="retryIteration" value="0" />
                    <property name="repeatIteration" value="0" />
                  </properties>
                </test-case>
              </test-suite>
              <test-suite type="ParameterizedMethod" id="1592" name="TestWritingMultipleBytesFromLongsMisaligned" fullname="Unity.Netcode.EditorTests.BitWriterTests.TestWritingMultipleBytesFromLongsMisaligned" classname="Unity.Netcode.EditorTests.BitWriterTests" runstate="Runnable" testcasecount="63" result="Passed" start-time="2025-12-30 16:55:31Z" end-time="2025-12-30 16:55:31Z" duration="0.007899" total="63" passed="63" failed="0" inconclusive="0" skipped="0" asserts="0">
                <properties />
                <test-case id="1529" name="TestWritingMultipleBytesFromLongsMisaligned(1)" fullname="Unity.Netcode.EditorTests.BitWriterTests.TestWritingMultipleBytesFromLongsMisaligned(1)" methodname="TestWritingMultipleBytesFromLongsMisaligned" classname="Unity.Netcode.EditorTests.BitWriterTests" runstate="Runnable" seed="915075256" result="Passed" start-time="2025-12-30 16:55:31Z" end-time="2025-12-30 16:55:31Z" duration="0.000249" asserts="0">
                  <properties>
                    <property name="retryIteration" value="0" />
                    <property name="repeatIteration" value="0" />
                  </properties>
                </test-case>
                <test-case id="1530" name="TestWritingMultipleBytesFromLongsMisaligned(2)" fullname="Unity.Netcode.EditorTests.BitWriterTests.TestWritingMultipleBytesFromLongsMisaligned(2)" methodname="TestWritingMultipleBytesFromLongsMisaligned" classname="Unity.Netcode.EditorTests.BitWriterTests" runstate="Runnable" seed="1605281009" result="Passed" start-time="2025-12-30 16:55:31Z" end-time="2025-12-30 16:55:31Z" duration="0.000079" asserts="0">
                  <properties>
                    <property name="retryIteration" value="0" />
                    <property name="repeatIteration" value="0" />
                  </properties>
                </test-case>
                <test-case id="1531" name="TestWritingMultipleBytesFromLongsMisaligned(3)" fullname="Unity.Netcode.EditorTests.BitWriterTests.TestWritingMultipleBytesFromLongsMisaligned(3)" methodname="TestWritingMultipleBytesFromLongsMisaligned" classname="Unity.Netcode.EditorTests.BitWriterTests" runstate="Runnable" seed="564872616" result="Passed" start-time="2025-12-30 16:55:31Z" end-time="2025-12-30 16:55:31Z" duration="0.000049" asserts="0">
                  <properties>
                    <property name="retryIteration" value="0" />
                    <property name="repeatIteration" value="0" />
                  </properties>
                </test-case>
                <test-case id="1532" name="TestWritingMultipleBytesFromLongsMisaligned(4)" fullname="Unity.Netcode.EditorTests.BitWriterTests.TestWritingMultipleBytesFromLongsMisaligned(4)" methodname="TestWritingMultipleBytesFromLongsMisaligned" classname="Unity.Netcode.EditorTests.BitWriterTests" runstate="Runnable" seed="2138258453" result="Passed" start-time="2025-12-30 16:55:31Z" end-time="2025-12-30 16:55:31Z" duration="0.000045" asserts="0">
                  <properties>
                    <property name="retryIteration" value="0" />
                    <property name="repeatIteration" value="0" />
                  </properties>
                </test-case>
                <test-case id="1533" name="TestWritingMultipleBytesFromLongsMisaligned(5)" fullname="Unity.Netcode.EditorTests.BitWriterTests.TestWritingMultipleBytesFromLongsMisaligned(5)" methodname="TestWritingMultipleBytesFromLongsMisaligned" classname="Unity.Netcode.EditorTests.BitWriterTests" runstate="Runnable" seed="2039897586" result="Passed" start-time="2025-12-30 16:55:31Z" end-time="2025-12-30 16:55:31Z" duration="0.000043" asserts="0">
                  <properties>
                    <property name="retryIteration" value="0" />
                    <property name="repeatIteration" value="0" />
                  </properties>
                </test-case>
                <test-case id="1534" name="TestWritingMultipleBytesFromLongsMisaligned(6)" fullname="Unity.Netcode.EditorTests.BitWriterTests.TestWritingMultipleBytesFromLongsMisaligned(6)" methodname="TestWritingMultipleBytesFromLongsMisaligned" classname="Unity.Netcode.EditorTests.BitWriterTests" runstate="Runnable" seed="2022432406" result="Passed" start-time="2025-12-30 16:55:31Z" end-time="2025-12-30 16:55:31Z" duration="0.000044" asserts="0">
                  <properties>
                    <property name="retryIteration" value="0" />
                    <property name="repeatIteration" value="0" />
                  </properties>
                </test-case>
                <test-case id="1535" name="TestWritingMultipleBytesFromLongsMisaligned(7)" fullname="Unity.Netcode.EditorTests.BitWriterTests.TestWritingMultipleBytesFromLongsMisaligned(7)" methodname="TestWritingMultipleBytesFromLongsMisaligned" classname="Unity.Netcode.EditorTests.BitWriterTests" runstate="Runnable" seed="871431434" result="Passed" start-time="2025-12-30 16:55:31Z" end-time="2025-12-30 16:55:31Z" duration="0.000042" asserts="0">
                  <properties>
                    <property name="retryIteration" value="0" />
                    <property name="repeatIteration" value="0" />
                  </properties>
                </test-case>
                <test-case id="1536" name="TestWritingMultipleBytesFromLongsMisaligned(8)" fullname="Unity.Netcode.EditorTests.BitWriterTests.TestWritingMultipleBytesFromLongsMisaligned(8)" methodname="TestWritingMultipleBytesFromLongsMisaligned" classname="Unity.Netcode.EditorTests.BitWriterTests" runstate="Runnable" seed="1594326302" result="Passed" start-time="2025-12-30 16:55:31Z" end-time="2025-12-30 16:55:31Z" duration="0.000101" asserts="0">
                  <properties>
                    <property name="retryIteration" value="0" />
                    <property name="repeatIteration" value="0" />
                  </properties>
                </test-case>
                <test-case id="1537" name="TestWritingMultipleBytesFromLongsMisaligned(9)" fullname="Unity.Netcode.EditorTests.BitWriterTests.TestWritingMultipleBytesFromLongsMisaligned(9)" methodname="TestWritingMultipleBytesFromLongsMisaligned" classname="Unity.Netcode.EditorTests.BitWriterTests" runstate="Runnable" seed="505824841" result="Passed" start-time="2025-12-30 16:55:31Z" end-time="2025-12-30 16:55:31Z" duration="0.000047" asserts="0">
                  <properties>
                    <property name="retryIteration" value="0" />
                    <property name="repeatIteration" value="0" />
                  </properties>
                </test-case>
                <test-case id="1538" name="TestWritingMultipleBytesFromLongsMisaligned(10)" fullname="Unity.Netcode.EditorTests.BitWriterTests.TestWritingMultipleBytesFromLongsMisaligned(10)" methodname="TestWritingMultipleBytesFromLongsMisaligned" classname="Unity.Netcode.EditorTests.BitWriterTests" runstate="Runnable" seed="363683384" result="Passed" start-time="2025-12-30 16:55:31Z" end-time="2025-12-30 16:55:31Z" duration="0.000045" asserts="0">
                  <properties>
                    <property name="retryIteration" value="0" />
                    <property name="repeatIteration" value="0" />
                  </properties>
                </test-case>
                <test-case id="1539" name="TestWritingMultipleBytesFromLongsMisaligned(11)" fullname="Unity.Netcode.EditorTests.BitWriterTests.TestWritingMultipleBytesFromLongsMisaligned(11)" methodname="TestWritingMultipleBytesFromLongsMisaligned" classname="Unity.Netcode.EditorTests.BitWriterTests" runstate="Runnable" seed="1262488935" result="Passed" start-time="2025-12-30 16:55:31Z" end-time="2025-12-30 16:55:31Z" duration="0.000048" asserts="0">
                  <properties>
                    <property name="retryIteration" value="0" />
                    <property name="repeatIteration" value="0" />
                  </properties>
                </test-case>
                <test-case id="1540" name="TestWritingMultipleBytesFromLongsMisaligned(12)" fullname="Unity.Netcode.EditorTests.BitWriterTests.TestWritingMultipleBytesFromLongsMisaligned(12)" methodname="TestWritingMultipleBytesFromLongsMisaligned" classname="Unity.Netcode.EditorTests.BitWriterTests" runstate="Runnable" seed="254586249" result="Passed" start-time="2025-12-30 16:55:31Z" end-time="2025-12-30 16:55:31Z" duration="0.000045" asserts="0">
                  <properties>
                    <property name="retryIteration" value="0" />
                    <property name="repeatIteration" value="0" />
                  </properties>
                </test-case>
                <test-case id="1541" name="TestWritingMultipleBytesFromLongsMisaligned(13)" fullname="Unity.Netcode.EditorTests.BitWriterTests.TestWritingMultipleBytesFromLongsMisaligned(13)" methodname="TestWritingMultipleBytesFromLongsMisaligned" classname="Unity.Netcode.EditorTests.BitWriterTests" runstate="Runnable" seed="2057331397" result="Passed" start-time="2025-12-30 16:55:31Z" end-time="2025-12-30 16:55:31Z" duration="0.000047" asserts="0">
                  <properties>
                    <property name="retryIteration" value="0" />
                    <property name="repeatIteration" value="0" />
                  </properties>
                </test-case>
                <test-case id="1542" name="TestWritingMultipleBytesFromLongsMisaligned(14)" fullname="Unity.Netcode.EditorTests.BitWriterTests.TestWritingMultipleBytesFromLongsMisaligned(14)" methodname="TestWritingMultipleBytesFromLongsMisaligned" classname="Unity.Netcode.EditorTests.BitWriterTests" runstate="Runnable" seed="1818737346" result="Passed" start-time="2025-12-30 16:55:31Z" end-time="2025-12-30 16:55:31Z" duration="0.000048" asserts="0">
                  <properties>
                    <property name="retryIteration" value="0" />
                    <property name="repeatIteration" value="0" />
                  </properties>
                </test-case>
                <test-case id="1543" name="TestWritingMultipleBytesFromLongsMisaligned(15)" fullname="Unity.Netcode.EditorTests.BitWriterTests.TestWritingMultipleBytesFromLongsMisaligned(15)" methodname="TestWritingMultipleBytesFromLongsMisaligned" classname="Unity.Netcode.EditorTests.BitWriterTests" runstate="Runnable" seed="355153920" result="Passed" start-time="2025-12-30 16:55:31Z" end-time="2025-12-30 16:55:31Z" duration="0.000049" asserts="0">
                  <properties>
                    <property name="retryIteration" value="0" />
                    <property name="repeatIteration" value="0" />
                  </properties>
                </test-case>
                <test-case id="1544" name="TestWritingMultipleBytesFromLongsMisaligned(16)" fullname="Unity.Netcode.EditorTests.BitWriterTests.TestWritingMultipleBytesFromLongsMisaligned(16)" methodname="TestWritingMultipleBytesFromLongsMisaligned" classname="Unity.Netcode.EditorTests.BitWriterTests" runstate="Runnable" seed="192660454" result="Passed" start-time="2025-12-30 16:55:31Z" end-time="2025-12-30 16:55:31Z" duration="0.000052" asserts="0">
                  <properties>
                    <property name="retryIteration" value="0" />
                    <property name="repeatIteration" value="0" />
                  </properties>
                </test-case>
                <test-case id="1545" name="TestWritingMultipleBytesFromLongsMisaligned(17)" fullname="Unity.Netcode.EditorTests.BitWriterTests.TestWritingMultipleBytesFromLongsMisaligned(17)" methodname="TestWritingMultipleBytesFromLongsMisaligned" classname="Unity.Netcode.EditorTests.BitWriterTests" runstate="Runnable" seed="415058296" result="Passed" start-time="2025-12-30 16:55:31Z" end-time="2025-12-30 16:55:31Z" duration="0.000046" asserts="0">
                  <properties>
                    <property name="retryIteration" value="0" />
                    <property name="repeatIteration" value="0" />
                  </properties>
                </test-case>
                <test-case id="1546" name="TestWritingMultipleBytesFromLongsMisaligned(18)" fullname="Unity.Netcode.EditorTests.BitWriterTests.TestWritingMultipleBytesFromLongsMisaligned(18)" methodname="TestWritingMultipleBytesFromLongsMisaligned" classname="Unity.Netcode.EditorTests.BitWriterTests" runstate="Runnable" seed="1085872353" result="Passed" start-time="2025-12-30 16:55:31Z" end-time="2025-12-30 16:55:31Z" duration="0.000049" asserts="0">
                  <properties>
                    <property name="retryIteration" value="0" />
                    <property name="repeatIteration" value="0" />
                  </properties>
                </test-case>
                <test-case id="1547" name="TestWritingMultipleBytesFromLongsMisaligned(19)" fullname="Unity.Netcode.EditorTests.BitWriterTests.TestWritingMultipleBytesFromLongsMisaligned(19)" methodname="TestWritingMultipleBytesFromLongsMisaligned" classname="Unity.Netcode.EditorTests.BitWriterTests" runstate="Runnable" seed="1514129911" result="Passed" start-time="2025-12-30 16:55:31Z" end-time="2025-12-30 16:55:31Z" duration="0.000045" asserts="0">
                  <properties>
                    <property name="retryIteration" value="0" />
                    <property name="repeatIteration" value="0" />
                  </properties>
                </test-case>
                <test-case id="1548" name="TestWritingMultipleBytesFromLongsMisaligned(20)" fullname="Unity.Netcode.EditorTests.BitWriterTests.TestWritingMultipleBytesFromLongsMisaligned(20)" methodname="TestWritingMultipleBytesFromLongsMisaligned" classname="Unity.Netcode.EditorTests.BitWriterTests" runstate="Runnable" seed="273176465" result="Passed" start-time="2025-12-30 16:55:31Z" end-time="2025-12-30 16:55:31Z" duration="0.000044" asserts="0">
                  <properties>
                    <property name="retryIteration" value="0" />
                    <property name="repeatIteration" value="0" />
                  </properties>
                </test-case>
                <test-case id="1549" name="TestWritingMultipleBytesFromLongsMisaligned(21)" fullname="Unity.Netcode.EditorTests.BitWriterTests.TestWritingMultipleBytesFromLongsMisaligned(21)" methodname="TestWritingMultipleBytesFromLongsMisaligned" classname="Unity.Netcode.EditorTests.BitWriterTests" runstate="Runnable" seed="689450031" result="Passed" start-time="2025-12-30 16:55:31Z" end-time="2025-12-30 16:55:31Z" duration="0.000045" asserts="0">
                  <properties>
                    <property name="retryIteration" value="0" />
                    <property name="repeatIteration" value="0" />
                  </properties>
                </test-case>
                <test-case id="1550" name="TestWritingMultipleBytesFromLongsMisaligned(22)" fullname="Unity.Netcode.EditorTests.BitWriterTests.TestWritingMultipleBytesFromLongsMisaligned(22)" methodname="TestWritingMultipleBytesFromLongsMisaligned" classname="Unity.Netcode.EditorTests.BitWriterTests" runstate="Runnable" seed="1213659473" result="Passed" start-time="2025-12-30 16:55:31Z" end-time="2025-12-30 16:55:31Z" duration="0.000043" asserts="0">
                  <properties>
                    <property name="retryIteration" value="0" />
                    <property name="repeatIteration" value="0" />
                  </properties>
                </test-case>
                <test-case id="1551" name="TestWritingMultipleBytesFromLongsMisaligned(23)" fullname="Unity.Netcode.EditorTests.BitWriterTests.TestWritingMultipleBytesFromLongsMisaligned(23)" methodname="TestWritingMultipleBytesFromLongsMisaligned" classname="Unity.Netcode.EditorTests.BitWriterTests" runstate="Runnable" seed="1587448805" result="Passed" start-time="2025-12-30 16:55:31Z" end-time="2025-12-30 16:55:31Z" duration="0.000043" asserts="0">
                  <properties>
                    <property name="retryIteration" value="0" />
                    <property name="repeatIteration" value="0" />
                  </properties>
                </test-case>
                <test-case id="1552" name="TestWritingMultipleBytesFromLongsMisaligned(24)" fullname="Unity.Netcode.EditorTests.BitWriterTests.TestWritingMultipleBytesFromLongsMisaligned(24)" methodname="TestWritingMultipleBytesFromLongsMisaligned" classname="Unity.Netcode.EditorTests.BitWriterTests" runstate="Runnable" seed="2016211114" result="Passed" start-time="2025-12-30 16:55:31Z" end-time="2025-12-30 16:55:31Z" duration="0.000044" asserts="0">
                  <properties>
                    <property name="retryIteration" value="0" />
                    <property name="repeatIteration" value="0" />
                  </properties>
                </test-case>
                <test-case id="1553" name="TestWritingMultipleBytesFromLongsMisaligned(25)" fullname="Unity.Netcode.EditorTests.BitWriterTests.TestWritingMultipleBytesFromLongsMisaligned(25)" methodname="TestWritingMultipleBytesFromLongsMisaligned" classname="Unity.Netcode.EditorTests.BitWriterTests" runstate="Runnable" seed="180014893" result="Passed" start-time="2025-12-30 16:55:31Z" end-time="2025-12-30 16:55:31Z" duration="0.000047" asserts="0">
                  <properties>
                    <property name="retryIteration" value="0" />
                    <property name="repeatIteration" value="0" />
                  </properties>
                </test-case>
                <test-case id="1554" name="TestWritingMultipleBytesFromLongsMisaligned(26)" fullname="Unity.Netcode.EditorTests.BitWriterTests.TestWritingMultipleBytesFromLongsMisaligned(26)" methodname="TestWritingMultipleBytesFromLongsMisaligned" classname="Unity.Netcode.EditorTests.BitWriterTests" runstate="Runnable" seed="1502644318" result="Passed" start-time="2025-12-30 16:55:31Z" end-time="2025-12-30 16:55:31Z" duration="0.000044" asserts="0">
                  <properties>
                    <property name="retryIteration" value="0" />
                    <property name="repeatIteration" value="0" />
                  </properties>
                </test-case>
                <test-case id="1555" name="TestWritingMultipleBytesFromLongsMisaligned(27)" fullname="Unity.Netcode.EditorTests.BitWriterTests.TestWritingMultipleBytesFromLongsMisaligned(27)" methodname="TestWritingMultipleBytesFromLongsMisaligned" classname="Unity.Netcode.EditorTests.BitWriterTests" runstate="Runnable" seed="1620054786" result="Passed" start-time="2025-12-30 16:55:31Z" end-time="2025-12-30 16:55:31Z" duration="0.000044" asserts="0">
                  <properties>
                    <property name="retryIteration" value="0" />
                    <property name="repeatIteration" value="0" />
                  </properties>
                </test-case>
                <test-case id="1556" name="TestWritingMultipleBytesFromLongsMisaligned(28)" fullname="Unity.Netcode.EditorTests.BitWriterTests.TestWritingMultipleBytesFromLongsMisaligned(28)" methodname="TestWritingMultipleBytesFromLongsMisaligned" classname="Unity.Netcode.EditorTests.BitWriterTests" runstate="Runnable" seed="2023323585" result="Passed" start-time="2025-12-30 16:55:31Z" end-time="2025-12-30 16:55:31Z" duration="0.000044" asserts="0">
                  <properties>
                    <property name="retryIteration" value="0" />
                    <property name="repeatIteration" value="0" />
                  </properties>
                </test-case>
                <test-case id="1557" name="TestWritingMultipleBytesFromLongsMisaligned(29)" fullname="Unity.Netcode.EditorTests.BitWriterTests.TestWritingMultipleBytesFromLongsMisaligned(29)" methodname="TestWritingMultipleBytesFromLongsMisaligned" classname="Unity.Netcode.EditorTests.BitWriterTests" runstate="Runnable" seed="226149404" result="Passed" start-time="2025-12-30 16:55:31Z" end-time="2025-12-30 16:55:31Z" duration="0.000043" asserts="0">
                  <properties>
                    <property name="retryIteration" value="0" />
                    <property name="repeatIteration" value="0" />
                  </properties>
                </test-case>
                <test-case id="1558" name="TestWritingMultipleBytesFromLongsMisaligned(30)" fullname="Unity.Netcode.EditorTests.BitWriterTests.TestWritingMultipleBytesFromLongsMisaligned(30)" methodname="TestWritingMultipleBytesFromLongsMisaligned" classname="Unity.Netcode.EditorTests.BitWriterTests" runstate="Runnable" seed="1620297907" result="Passed" start-time="2025-12-30 16:55:31Z" end-time="2025-12-30 16:55:31Z" duration="0.000048" asserts="0">
                  <properties>
                    <property name="retryIteration" value="0" />
                    <property name="repeatIteration" value="0" />
                  </properties>
                </test-case>
                <test-case id="1559" name="TestWritingMultipleBytesFromLongsMisaligned(31)" fullname="Unity.Netcode.EditorTests.BitWriterTests.TestWritingMultipleBytesFromLongsMisaligned(31)" methodname="TestWritingMultipleBytesFromLongsMisaligned" classname="Unity.Netcode.EditorTests.BitWriterTests" runstate="Runnable" seed="613788270" result="Passed" start-time="2025-12-30 16:55:31Z" end-time="2025-12-30 16:55:31Z" duration="0.000045" asserts="0">
                  <properties>
                    <property name="retryIteration" value="0" />
                    <property name="repeatIteration" value="0" />
                  </properties>
                </test-case>
                <test-case id="1560" name="TestWritingMultipleBytesFromLongsMisaligned(32)" fullname="Unity.Netcode.EditorTests.BitWriterTests.TestWritingMultipleBytesFromLongsMisaligned(32)" methodname="TestWritingMultipleBytesFromLongsMisaligned" classname="Unity.Netcode.EditorTests.BitWriterTests" runstate="Runnable" seed="497098394" result="Passed" start-time="2025-12-30 16:55:31Z" end-time="2025-12-30 16:55:31Z" duration="0.000045" asserts="0">
                  <properties>
                    <property name="retryIteration" value="0" />
                    <property name="repeatIteration" value="0" />
                  </properties>
                </test-case>
                <test-case id="1561" name="TestWritingMultipleBytesFromLongsMisaligned(33)" fullname="Unity.Netcode.EditorTests.BitWriterTests.TestWritingMultipleBytesFromLongsMisaligned(33)" methodname="TestWritingMultipleBytesFromLongsMisaligned" classname="Unity.Netcode.EditorTests.BitWriterTests" runstate="Runnable" seed="1473465550" result="Passed" start-time="2025-12-30 16:55:31Z" end-time="2025-12-30 16:55:31Z" duration="0.000041" asserts="0">
                  <properties>
                    <property name="retryIteration" value="0" />
                    <property name="repeatIteration" value="0" />
                  </properties>
                </test-case>
                <test-case id="1562" name="TestWritingMultipleBytesFromLongsMisaligned(34)" fullname="Unity.Netcode.EditorTests.BitWriterTests.TestWritingMultipleBytesFromLongsMisaligned(34)" methodname="TestWritingMultipleBytesFromLongsMisaligned" classname="Unity.Netcode.EditorTests.BitWriterTests" runstate="Runnable" seed="304476730" result="Passed" start-time="2025-12-30 16:55:31Z" end-time="2025-12-30 16:55:31Z" duration="0.000044" asserts="0">
                  <properties>
                    <property name="retryIteration" value="0" />
                    <property name="repeatIteration" value="0" />
                  </properties>
                </test-case>
                <test-case id="1563" name="TestWritingMultipleBytesFromLongsMisaligned(35)" fullname="Unity.Netcode.EditorTests.BitWriterTests.TestWritingMultipleBytesFromLongsMisaligned(35)" methodname="TestWritingMultipleBytesFromLongsMisaligned" classname="Unity.Netcode.EditorTests.BitWriterTests" runstate="Runnable" seed="1374720239" result="Passed" start-time="2025-12-30 16:55:31Z" end-time="2025-12-30 16:55:31Z" duration="0.000045" asserts="0">
                  <properties>
                    <property name="retryIteration" value="0" />
                    <property name="repeatIteration" value="0" />
                  </properties>
                </test-case>
                <test-case id="1564" name="TestWritingMultipleBytesFromLongsMisaligned(36)" fullname="Unity.Netcode.EditorTests.BitWriterTests.TestWritingMultipleBytesFromLongsMisaligned(36)" methodname="TestWritingMultipleBytesFromLongsMisaligned" classname="Unity.Netcode.EditorTests.BitWriterTests" runstate="Runnable" seed="2011267986" result="Passed" start-time="2025-12-30 16:55:31Z" end-time="2025-12-30 16:55:31Z" duration="0.000045" asserts="0">
                  <properties>
                    <property name="retryIteration" value="0" />
                    <property name="repeatIteration" value="0" />
                  </properties>
                </test-case>
                <test-case id="1565" name="TestWritingMultipleBytesFromLongsMisaligned(37)" fullname="Unity.Netcode.EditorTests.BitWriterTests.TestWritingMultipleBytesFromLongsMisaligned(37)" methodname="TestWritingMultipleBytesFromLongsMisaligned" classname="Unity.Netcode.EditorTests.BitWriterTests" runstate="Runnable" seed="1642157023" result="Passed" start-time="2025-12-30 16:55:31Z" end-time="2025-12-30 16:55:31Z" duration="0.000042" asserts="0">
                  <properties>
                    <property name="retryIteration" value="0" />
                    <property name="repeatIteration" value="0" />
                  </properties>
                </test-case>
                <test-case id="1566" name="TestWritingMultipleBytesFromLongsMisaligned(38)" fullname="Unity.Netcode.EditorTests.BitWriterTests.TestWritingMultipleBytesFromLongsMisaligned(38)" methodname="TestWritingMultipleBytesFromLongsMisaligned" classname="Unity.Netcode.EditorTests.BitWriterTests" runstate="Runnable" seed="2107718320" result="Passed" start-time="2025-12-30 16:55:31Z" end-time="2025-12-30 16:55:31Z" duration="0.000044" asserts="0">
                  <properties>
                    <property name="retryIteration" value="0" />
                    <property name="repeatIteration" value="0" />
                  </properties>
                </test-case>
                <test-case id="1567" name="TestWritingMultipleBytesFromLongsMisaligned(39)" fullname="Unity.Netcode.EditorTests.BitWriterTests.TestWritingMultipleBytesFromLongsMisaligned(39)" methodname="TestWritingMultipleBytesFromLongsMisaligned" classname="Unity.Netcode.EditorTests.BitWriterTests" runstate="Runnable" seed="2068407916" result="Passed" start-time="2025-12-30 16:55:31Z" end-time="2025-12-30 16:55:31Z" duration="0.000045" asserts="0">
                  <properties>
                    <property name="retryIteration" value="0" />
                    <property name="repeatIteration" value="0" />
                  </properties>
                </test-case>
                <test-case id="1568" name="TestWritingMultipleBytesFromLongsMisaligned(40)" fullname="Unity.Netcode.EditorTests.BitWriterTests.TestWritingMultipleBytesFromLongsMisaligned(40)" methodname="TestWritingMultipleBytesFromLongsMisaligned" classname="Unity.Netcode.EditorTests.BitWriterTests" runstate="Runnable" seed="17590620" result="Passed" start-time="2025-12-30 16:55:31Z" end-time="2025-12-30 16:55:31Z" duration="0.000044" asserts="0">
                  <properties>
                    <property name="retryIteration" value="0" />
                    <property name="repeatIteration" value="0" />
                  </properties>
                </test-case>
                <test-case id="1569" name="TestWritingMultipleBytesFromLongsMisaligned(41)" fullname="Unity.Netcode.EditorTests.BitWriterTests.TestWritingMultipleBytesFromLongsMisaligned(41)" methodname="TestWritingMultipleBytesFromLongsMisaligned" classname="Unity.Netcode.EditorTests.BitWriterTests" runstate="Runnable" seed="98052021" result="Passed" start-time="2025-12-30 16:55:31Z" end-time="2025-12-30 16:55:31Z" duration="0.000044" asserts="0">
                  <properties>
                    <property name="retryIteration" value="0" />
                    <property name="repeatIteration" value="0" />
                  </properties>
                </test-case>
                <test-case id="1570" name="TestWritingMultipleBytesFromLongsMisaligned(42)" fullname="Unity.Netcode.EditorTests.BitWriterTests.TestWritingMultipleBytesFromLongsMisaligned(42)" methodname="TestWritingMultipleBytesFromLongsMisaligned" classname="Unity.Netcode.EditorTests.BitWriterTests" runstate="Runnable" seed="340537309" result="Passed" start-time="2025-12-30 16:55:31Z" end-time="2025-12-30 16:55:31Z" duration="0.000044" asserts="0">
                  <properties>
                    <property name="retryIteration" value="0" />
                    <property name="repeatIteration" value="0" />
                  </properties>
                </test-case>
                <test-case id="1571" name="TestWritingMultipleBytesFromLongsMisaligned(43)" fullname="Unity.Netcode.EditorTests.BitWriterTests.TestWritingMultipleBytesFromLongsMisaligned(43)" methodname="TestWritingMultipleBytesFromLongsMisaligned" classname="Unity.Netcode.EditorTests.BitWriterTests" runstate="Runnable" seed="1707890861" result="Passed" start-time="2025-12-30 16:55:31Z" end-time="2025-12-30 16:55:31Z" duration="0.000043" asserts="0">
                  <properties>
                    <property name="retryIteration" value="0" />
                    <property name="repeatIteration" value="0" />
                  </properties>
                </test-case>
                <test-case id="1572" name="TestWritingMultipleBytesFromLongsMisaligned(44)" fullname="Unity.Netcode.EditorTests.BitWriterTests.TestWritingMultipleBytesFromLongsMisaligned(44)" methodname="TestWritingMultipleBytesFromLongsMisaligned" classname="Unity.Netcode.EditorTests.BitWriterTests" runstate="Runnable" seed="754992755" result="Passed" start-time="2025-12-30 16:55:31Z" end-time="2025-12-30 16:55:31Z" duration="0.000042" asserts="0">
                  <properties>
                    <property name="retryIteration" value="0" />
                    <property name="repeatIteration" value="0" />
                  </properties>
                </test-case>
                <test-case id="1573" name="TestWritingMultipleBytesFromLongsMisaligned(45)" fullname="Unity.Netcode.EditorTests.BitWriterTests.TestWritingMultipleBytesFromLongsMisaligned(45)" methodname="TestWritingMultipleBytesFromLongsMisaligned" classname="Unity.Netcode.EditorTests.BitWriterTests" runstate="Runnable" seed="1698578022" result="Passed" start-time="2025-12-30 16:55:31Z" end-time="2025-12-30 16:55:31Z" duration="0.000044" asserts="0">
                  <properties>
                    <property name="retryIteration" value="0" />
                    <property name="repeatIteration" value="0" />
                  </properties>
                </test-case>
                <test-case id="1574" name="TestWritingMultipleBytesFromLongsMisaligned(46)" fullname="Unity.Netcode.EditorTests.BitWriterTests.TestWritingMultipleBytesFromLongsMisaligned(46)" methodname="TestWritingMultipleBytesFromLongsMisaligned" classname="Unity.Netcode.EditorTests.BitWriterTests" runstate="Runnable" seed="1948799019" result="Passed" start-time="2025-12-30 16:55:31Z" end-time="2025-12-30 16:55:31Z" duration="0.000043" asserts="0">
                  <properties>
                    <property name="retryIteration" value="0" />
                    <property name="repeatIteration" value="0" />
                  </properties>
                </test-case>
                <test-case id="1575" name="TestWritingMultipleBytesFromLongsMisaligned(47)" fullname="Unity.Netcode.EditorTests.BitWriterTests.TestWritingMultipleBytesFromLongsMisaligned(47)" methodname="TestWritingMultipleBytesFromLongsMisaligned" classname="Unity.Netcode.EditorTests.BitWriterTests" runstate="Runnable" seed="1430846552" result="Passed" start-time="2025-12-30 16:55:31Z" end-time="2025-12-30 16:55:31Z" duration="0.000046" asserts="0">
                  <properties>
                    <property name="retryIteration" value="0" />
                    <property name="repeatIteration" value="0" />
                  </properties>
                </test-case>
                <test-case id="1576" name="TestWritingMultipleBytesFromLongsMisaligned(48)" fullname="Unity.Netcode.EditorTests.BitWriterTests.TestWritingMultipleBytesFromLongsMisaligned(48)" methodname="TestWritingMultipleBytesFromLongsMisaligned" classname="Unity.Netcode.EditorTests.BitWriterTests" runstate="Runnable" seed="69188625" result="Passed" start-time="2025-12-30 16:55:31Z" end-time="2025-12-30 16:55:31Z" duration="0.000043" asserts="0">
                  <properties>
                    <property name="retryIteration" value="0" />
                    <property name="repeatIteration" value="0" />
                  </properties>
                </test-case>
                <test-case id="1577" name="TestWritingMultipleBytesFromLongsMisaligned(49)" fullname="Unity.Netcode.EditorTests.BitWriterTests.TestWritingMultipleBytesFromLongsMisaligned(49)" methodname="TestWritingMultipleBytesFromLongsMisaligned" classname="Unity.Netcode.EditorTests.BitWriterTests" runstate="Runnable" seed="785758303" result="Passed" start-time="2025-12-30 16:55:31Z" end-time="2025-12-30 16:55:31Z" duration="0.000044" asserts="0">
                  <properties>
                    <property name="retryIteration" value="0" />
                    <property name="repeatIteration" value="0" />
                  </properties>
                </test-case>
                <test-case id="1578" name="TestWritingMultipleBytesFromLongsMisaligned(50)" fullname="Unity.Netcode.EditorTests.BitWriterTests.TestWritingMultipleBytesFromLongsMisaligned(50)" methodname="TestWritingMultipleBytesFromLongsMisaligned" classname="Unity.Netcode.EditorTests.BitWriterTests" runstate="Runnable" seed="1382644903" result="Passed" start-time="2025-12-30 16:55:31Z" end-time="2025-12-30 16:55:31Z" duration="0.000046" asserts="0">
                  <properties>
                    <property name="retryIteration" value="0" />
                    <property name="repeatIteration" value="0" />
                  </properties>
                </test-case>
                <test-case id="1579" name="TestWritingMultipleBytesFromLongsMisaligned(51)" fullname="Unity.Netcode.EditorTests.BitWriterTests.TestWritingMultipleBytesFromLongsMisaligned(51)" methodname="TestWritingMultipleBytesFromLongsMisaligned" classname="Unity.Netcode.EditorTests.BitWriterTests" runstate="Runnable" seed="2011489435" result="Passed" start-time="2025-12-30 16:55:31Z" end-time="2025-12-30 16:55:31Z" duration="0.000050" asserts="0">
                  <properties>
                    <property name="retryIteration" value="0" />
                    <property name="repeatIteration" value="0" />
                  </properties>
                </test-case>
                <test-case id="1580" name="TestWritingMultipleBytesFromLongsMisaligned(52)" fullname="Unity.Netcode.EditorTests.BitWriterTests.TestWritingMultipleBytesFromLongsMisaligned(52)" methodname="TestWritingMultipleBytesFromLongsMisaligned" classname="Unity.Netcode.EditorTests.BitWriterTests" runstate="Runnable" seed="225859496" result="Passed" start-time="2025-12-30 16:55:31Z" end-time="2025-12-30 16:55:31Z" duration="0.000047" asserts="0">
                  <properties>
                    <property name="retryIteration" value="0" />
                    <property name="repeatIteration" value="0" />
                  </properties>
                </test-case>
                <test-case id="1581" name="TestWritingMultipleBytesFromLongsMisaligned(53)" fullname="Unity.Netcode.EditorTests.BitWriterTests.TestWritingMultipleBytesFromLongsMisaligned(53)" methodname="TestWritingMultipleBytesFromLongsMisaligned" classname="Unity.Netcode.EditorTests.BitWriterTests" runstate="Runnable" seed="983085197" result="Passed" start-time="2025-12-30 16:55:31Z" end-time="2025-12-30 16:55:31Z" duration="0.000046" asserts="0">
                  <properties>
                    <property name="retryIteration" value="0" />
                    <property name="repeatIteration" value="0" />
                  </properties>
                </test-case>
                <test-case id="1582" name="TestWritingMultipleBytesFromLongsMisaligned(54)" fullname="Unity.Netcode.EditorTests.BitWriterTests.TestWritingMultipleBytesFromLongsMisaligned(54)" methodname="TestWritingMultipleBytesFromLongsMisaligned" classname="Unity.Netcode.EditorTests.BitWriterTests" runstate="Runnable" seed="85165133" result="Passed" start-time="2025-12-30 16:55:31Z" end-time="2025-12-30 16:55:31Z" duration="0.000044" asserts="0">
                  <properties>
                    <property name="retryIteration" value="0" />
                    <property name="repeatIteration" value="0" />
                  </properties>
                </test-case>
                <test-case id="1583" name="TestWritingMultipleBytesFromLongsMisaligned(55)" fullname="Unity.Netcode.EditorTests.BitWriterTests.TestWritingMultipleBytesFromLongsMisaligned(55)" methodname="TestWritingMultipleBytesFromLongsMisaligned" classname="Unity.Netcode.EditorTests.BitWriterTests" runstate="Runnable" seed="1480943551" result="Passed" start-time="2025-12-30 16:55:31Z" end-time="2025-12-30 16:55:31Z" duration="0.000046" asserts="0">
                  <properties>
                    <property name="retryIteration" value="0" />
                    <property name="repeatIteration" value="0" />
                  </properties>
                </test-case>
                <test-case id="1584" name="TestWritingMultipleBytesFromLongsMisaligned(56)" fullname="Unity.Netcode.EditorTests.BitWriterTests.TestWritingMultipleBytesFromLongsMisaligned(56)" methodname="TestWritingMultipleBytesFromLongsMisaligned" classname="Unity.Netcode.EditorTests.BitWriterTests" runstate="Runnable" seed="1848899430" result="Passed" start-time="2025-12-30 16:55:31Z" end-time="2025-12-30 16:55:31Z" duration="0.000046" asserts="0">
                  <properties>
                    <property name="retryIteration" value="0" />
                    <property name="repeatIteration" value="0" />
                  </properties>
                </test-case>
                <test-case id="1585" name="TestWritingMultipleBytesFromLongsMisaligned(57)" fullname="Unity.Netcode.EditorTests.BitWriterTests.TestWritingMultipleBytesFromLongsMisaligned(57)" methodname="TestWritingMultipleBytesFromLongsMisaligned" classname="Unity.Netcode.EditorTests.BitWriterTests" runstate="Runnable" seed="17832204" result="Passed" start-time="2025-12-30 16:55:31Z" end-time="2025-12-30 16:55:31Z" duration="0.000047" asserts="0">
                  <properties>
                    <property name="retryIteration" value="0" />
                    <property name="repeatIteration" value="0" />
                  </properties>
                </test-case>
                <test-case id="1586" name="TestWritingMultipleBytesFromLongsMisaligned(58)" fullname="Unity.Netcode.EditorTests.BitWriterTests.TestWritingMultipleBytesFromLongsMisaligned(58)" methodname="TestWritingMultipleBytesFromLongsMisaligned" classname="Unity.Netcode.EditorTests.BitWriterTests" runstate="Runnable" seed="696145149" result="Passed" start-time="2025-12-30 16:55:31Z" end-time="2025-12-30 16:55:31Z" duration="0.000044" asserts="0">
                  <properties>
                    <property name="retryIteration" value="0" />
                    <property name="repeatIteration" value="0" />
                  </properties>
                </test-case>
                <test-case id="1587" name="TestWritingMultipleBytesFromLongsMisaligned(59)" fullname="Unity.Netcode.EditorTests.BitWriterTests.TestWritingMultipleBytesFromLongsMisaligned(59)" methodname="TestWritingMultipleBytesFromLongsMisaligned" classname="Unity.Netcode.EditorTests.BitWriterTests" runstate="Runnable" seed="1958243560" result="Passed" start-time="2025-12-30 16:55:31Z" end-time="2025-12-30 16:55:31Z" duration="0.000056" asserts="0">
                  <properties>
                    <property name="retryIteration" value="0" />
                    <property name="repeatIteration" value="0" />
                  </properties>
                </test-case>
                <test-case id="1588" name="TestWritingMultipleBytesFromLongsMisaligned(60)" fullname="Unity.Netcode.EditorTests.BitWriterTests.TestWritingMultipleBytesFromLongsMisaligned(60)" methodname="TestWritingMultipleBytesFromLongsMisaligned" classname="Unity.Netcode.EditorTests.BitWriterTests" runstate="Runnable" seed="537253268" result="Passed" start-time="2025-12-30 16:55:31Z" end-time="2025-12-30 16:55:31Z" duration="0.000044" asserts="0">
                  <properties>
                    <property name="retryIteration" value="0" />
                    <property name="repeatIteration" value="0" />
                  </properties>
                </test-case>
                <test-case id="1589" name="TestWritingMultipleBytesFromLongsMisaligned(61)" fullname="Unity.Netcode.EditorTests.BitWriterTests.TestWritingMultipleBytesFromLongsMisaligned(61)" methodname="TestWritingMultipleBytesFromLongsMisaligned" classname="Unity.Netcode.EditorTests.BitWriterTests" runstate="Runnable" seed="402377620" result="Passed" start-time="2025-12-30 16:55:31Z" end-time="2025-12-30 16:55:31Z" duration="0.000046" asserts="0">
                  <properties>
                    <property name="retryIteration" value="0" />
                    <property name="repeatIteration" value="0" />
                  </properties>
                </test-case>
                <test-case id="1590" name="TestWritingMultipleBytesFromLongsMisaligned(62)" fullname="Unity.Netcode.EditorTests.BitWriterTests.TestWritingMultipleBytesFromLongsMisaligned(62)" methodname="TestWritingMultipleBytesFromLongsMisaligned" classname="Unity.Netcode.EditorTests.BitWriterTests" runstate="Runnable" seed="995591496" result="Passed" start-time="2025-12-30 16:55:31Z" end-time="2025-12-30 16:55:31Z" duration="0.000049" asserts="0">
                  <properties>
                    <property name="retryIteration" value="0" />
                    <property name="repeatIteration" value="0" />
                  </properties>
                </test-case>
                <test-case id="1591" name="TestWritingMultipleBytesFromLongsMisaligned(63)" fullname="Unity.Netcode.EditorTests.BitWriterTests.TestWritingMultipleBytesFromLongsMisaligned(63)" methodname="TestWritingMultipleBytesFromLongsMisaligned" classname="Unity.Netcode.EditorTests.BitWriterTests" runstate="Runnable" seed="1368176898" result="Passed" start-time="2025-12-30 16:55:31Z" end-time="2025-12-30 16:55:31Z" duration="0.000045" asserts="0">
                  <properties>
                    <property name="retryIteration" value="0" />
                    <property name="repeatIteration" value="0" />
                  </properties>
                </test-case>
              </test-suite>
              <test-case id="1460" name="TestWritingOneBit" fullname="Unity.Netcode.EditorTests.BitWriterTests.TestWritingOneBit" methodname="TestWritingOneBit" classname="Unity.Netcode.EditorTests.BitWriterTests" runstate="Runnable" seed="1536810793" result="Passed" start-time="2025-12-30 16:55:31Z" end-time="2025-12-30 16:55:31Z" duration="0.000219" asserts="0">
                <properties>
                  <property name="retryIteration" value="0" />
                  <property name="repeatIteration" value="0" />
                </properties>
              </test-case>
            </test-suite>
            <test-suite type="TestFixture" id="1594" name="BufferSerializerTests" fullname="Unity.Netcode.EditorTests.BufferSerializerTests" classname="Unity.Netcode.EditorTests.BufferSerializerTests" runstate="Runnable" testcasecount="12" result="Passed" start-time="2025-12-30 16:55:31Z" end-time="2025-12-30 16:55:31Z" duration="0.007483" total="12" passed="12" failed="0" inconclusive="0" skipped="0" asserts="0">
              <properties />
              <test-case id="1596" name="TestGetUnderlyingStructs" fullname="Unity.Netcode.EditorTests.BufferSerializerTests.TestGetUnderlyingStructs" methodname="TestGetUnderlyingStructs" classname="Unity.Netcode.EditorTests.BufferSerializerTests" runstate="Runnable" seed="2126803302" result="Passed" start-time="2025-12-30 16:55:31Z" end-time="2025-12-30 16:55:31Z" duration="0.000961" asserts="0">
                <properties>
                  <property name="retryIteration" value="0" />
                  <property name="repeatIteration" value="0" />
                </properties>
              </test-case>
              <test-case id="1595" name="TestIsReaderIsWriter" fullname="Unity.Netcode.EditorTests.BufferSerializerTests.TestIsReaderIsWriter" methodname="TestIsReaderIsWriter" classname="Unity.Netcode.EditorTests.BufferSerializerTests" runstate="Runnable" seed="1166616402" result="Passed" start-time="2025-12-30 16:55:31Z" end-time="2025-12-30 16:55:31Z" duration="0.000239" asserts="0">
                <properties>
                  <property name="retryIteration" value="0" />
                  <property name="repeatIteration" value="0" />
                </properties>
              </test-case>
              <test-case id="1599" name="TestSerializingArrays" fullname="Unity.Netcode.EditorTests.BufferSerializerTests.TestSerializingArrays" methodname="TestSerializingArrays" classname="Unity.Netcode.EditorTests.BufferSerializerTests" runstate="Runnable" seed="535153130" result="Passed" start-time="2025-12-30 16:55:31Z" end-time="2025-12-30 16:55:31Z" duration="0.000828" asserts="0">
                <properties>
                  <property name="retryIteration" value="0" />
                  <property name="repeatIteration" value="0" />
                </properties>
              </test-case>
              <test-case id="1605" name="TestSerializingArraysPreChecked" fullname="Unity.Netcode.EditorTests.BufferSerializerTests.TestSerializingArraysPreChecked" methodname="TestSerializingArraysPreChecked" classname="Unity.Netcode.EditorTests.BufferSerializerTests" runstate="Runnable" seed="389687341" result="Passed" start-time="2025-12-30 16:55:31Z" end-time="2025-12-30 16:55:31Z" duration="0.000720" asserts="0">
                <properties>
                  <property name="retryIteration" value="0" />
                  <property name="repeatIteration" value="0" />
                </properties>
              </test-case>
              <test-case id="1598" name="TestSerializingBytes" fullname="Unity.Netcode.EditorTests.BufferSerializerTests.TestSerializingBytes" methodname="TestSerializingBytes" classname="Unity.Netcode.EditorTests.BufferSerializerTests" runstate="Runnable" seed="1776858100" result="Passed" start-time="2025-12-30 16:55:31Z" end-time="2025-12-30 16:55:31Z" duration="0.000220" asserts="0">
                <properties>
                  <property name="retryIteration" value="0" />
                  <property name="repeatIteration" value="0" />
                </properties>
              </test-case>
              <test-case id="1604" name="TestSerializingBytesPreChecked" fullname="Unity.Netcode.EditorTests.BufferSerializerTests.TestSerializingBytesPreChecked" methodname="TestSerializingBytesPreChecked" classname="Unity.Netcode.EditorTests.BufferSerializerTests" runstate="Runnable" seed="610631621" result="Passed" start-time="2025-12-30 16:55:31Z" end-time="2025-12-30 16:55:31Z" duration="0.000279" asserts="0">
                <properties>
                  <property name="retryIteration" value="0" />
                  <property name="repeatIteration" value="0" />
                </properties>
              </test-case>
              <test-suite type="ParameterizedMethod" id="1602" name="TestSerializingStrings" fullname="Unity.Netcode.EditorTests.BufferSerializerTests.TestSerializingStrings" classname="Unity.Netcode.EditorTests.BufferSerializerTests" runstate="Runnable" testcasecount="2" result="Passed" start-time="2025-12-30 16:55:31Z" end-time="2025-12-30 16:55:31Z" duration="0.001043" total="2" passed="2" failed="0" inconclusive="0" skipped="0" asserts="0">
                <properties />
                <test-case id="1600" name="TestSerializingStrings(True)" fullname="Unity.Netcode.EditorTests.BufferSerializerTests.TestSerializingStrings(True)" methodname="TestSerializingStrings" classname="Unity.Netcode.EditorTests.BufferSerializerTests" runstate="Runnable" seed="590339959" result="Passed" start-time="2025-12-30 16:55:31Z" end-time="2025-12-30 16:55:31Z" duration="0.000550" asserts="0">
                  <properties>
                    <property name="retryIteration" value="0" />
                    <property name="repeatIteration" value="0" />
                  </properties>
                </test-case>
                <test-case id="1601" name="TestSerializingStrings(False)" fullname="Unity.Netcode.EditorTests.BufferSerializerTests.TestSerializingStrings(False)" methodname="TestSerializingStrings" classname="Unity.Netcode.EditorTests.BufferSerializerTests" runstate="Runnable" seed="2050037122" result="Passed" start-time="2025-12-30 16:55:31Z" end-time="2025-12-30 16:55:31Z" duration="0.000050" asserts="0">
                  <properties>
                    <property name="retryIteration" value="0" />
                    <property name="repeatIteration" value="0" />
                  </properties>
                </test-case>
              </test-suite>
              <test-suite type="ParameterizedMethod" id="1608" name="TestSerializingStringsPreChecked" fullname="Unity.Netcode.EditorTests.BufferSerializerTests.TestSerializingStringsPreChecked" classname="Unity.Netcode.EditorTests.BufferSerializerTests" runstate="Runnable" testcasecount="2" result="Passed" start-time="2025-12-30 16:55:31Z" end-time="2025-12-30 16:55:31Z" duration="0.001029" total="2" passed="2" failed="0" inconclusive="0" skipped="0" asserts="0">
                <properties />
                <test-case id="1606" name="TestSerializingStringsPreChecked(True)" fullname="Unity.Netcode.EditorTests.BufferSerializerTests.TestSerializingStringsPreChecked(True)" methodname="TestSerializingStringsPreChecked" classname="Unity.Netcode.EditorTests.BufferSerializerTests" runstate="Runnable" seed="1191760130" result="Passed" start-time="2025-12-30 16:55:31Z" end-time="2025-12-30 16:55:31Z" duration="0.000408" asserts="0">
                  <properties>
                    <property name="retryIteration" value="0" />
                    <property name="repeatIteration" value="0" />
                  </properties>
                </test-case>
                <test-case id="1607" name="TestSerializingStringsPreChecked(False)" fullname="Unity.Netcode.EditorTests.BufferSerializerTests.TestSerializingStringsPreChecked(False)" methodname="TestSerializingStringsPreChecked" classname="Unity.Netcode.EditorTests.BufferSerializerTests" runstate="Runnable" seed="1742672807" result="Passed" start-time="2025-12-30 16:55:31Z" end-time="2025-12-30 16:55:31Z" duration="0.000072" asserts="0">
                  <properties>
                    <property name="retryIteration" value="0" />
                    <property name="repeatIteration" value="0" />
                  </properties>
                </test-case>
              </test-suite>
              <test-case id="1597" name="TestSerializingValues" fullname="Unity.Netcode.EditorTests.BufferSerializerTests.TestSerializingValues" methodname="TestSerializingValues" classname="Unity.Netcode.EditorTests.BufferSerializerTests" runstate="Runnable" seed="367386552" result="Passed" start-time="2025-12-30 16:55:31Z" end-time="2025-12-30 16:55:31Z" duration="0.000318" asserts="0">
                <properties>
                  <property name="retryIteration" value="0" />
                  <property name="repeatIteration" value="0" />
                </properties>
              </test-case>
              <test-case id="1603" name="TestSerializingValuesPreChecked" fullname="Unity.Netcode.EditorTests.BufferSerializerTests.TestSerializingValuesPreChecked" methodname="TestSerializingValuesPreChecked" classname="Unity.Netcode.EditorTests.BufferSerializerTests" runstate="Runnable" seed="869162088" result="Passed" start-time="2025-12-30 16:55:31Z" end-time="2025-12-30 16:55:31Z" duration="0.000420" asserts="0">
                <properties>
                  <property name="retryIteration" value="0" />
                  <property name="repeatIteration" value="0" />
                </properties>
              </test-case>
            </test-suite>
            <test-suite type="TestFixture" id="1021" name="BuildTests" fullname="Unity.Netcode.EditorTests.BuildTests" classname="Unity.Netcode.EditorTests.BuildTests" runstate="Runnable" testcasecount="1" result="Passed" start-time="2025-12-30 16:55:31Z" end-time="2025-12-30 16:55:52Z" duration="20.885491" total="1" passed="1" failed="0" inconclusive="0" skipped="0" asserts="0">
              <properties />
              <test-case id="1022" name="BasicBuildTest" fullname="Unity.Netcode.EditorTests.BuildTests.BasicBuildTest" methodname="BasicBuildTest" classname="Unity.Netcode.EditorTests.BuildTests" runstate="Runnable" seed="319302836" result="Passed" start-time="2025-12-30 16:55:31Z" end-time="2025-12-30 16:55:52Z" duration="20.884722" asserts="0">
                <properties>
                  <property name="Timeout" value="900000" />
                  <property name="retryIteration" value="0" />
                  <property name="repeatIteration" value="0" />
                </properties>
                <output><![CDATA[Built In Data does not have any associated AddressableAssetGroupSchemas. Data from this group will not be included in the build. If this is unexpected the AddressableGroup may have become corrupted.
Addressable content successfully built (duration : 0:00:00.023)
3 URP assets included in build
- URP-Performant - Assets/Settings/URP-Performant.asset
	 - URP-Performant-Renderer - Assets/Settings/URP-Performant-Renderer.asset - UnityEngine.Rendering.Universal.UniversalRendererData
- URP-Balanced - Assets/Settings/URP-Balanced.asset
	 - URP-Balanced-Renderer - Assets/Settings/URP-Balanced-Renderer.asset - UnityEngine.Rendering.Universal.UniversalRendererData
- URP-HighFidelity - Assets/Settings/URP-HighFidelity.asset
	 - URP-HighFidelity-Renderer - Assets/Settings/URP-HighFidelity-Renderer.asset - UnityEngine.Rendering.Universal.UniversalRendererData

Value 0 is out of range for TEnum, setting to 0.
BuildRunner: This project is using Steamworks, but has not yet configured the steamApiInterfaceVersionsArray. The builder attempted to automatically configure this field, but it was unable to determine the api version information. This field is required for Steamworks versions v1.58 and later if the LibraryManagedBySDK platform flag is defined for Steam.
Assets/Scripts/Gameplay/Cooking/IngredientItem.cs(383,20): warning CS0618: 'ServerRpcAttribute.RequireOwnership' is obsolete: 'ServerRpc with RequireOwnership is deprecated. Use [Rpc(SendTo.Server, InvokePermission = RpcInvokePermission.Everyone)] or [Rpc(SendTo.Server, InvokePermission = RpcInvokePermission.Owner)] instead.)]'
Assets/Scripts/Gameplay/RoundTimer.cs(98,20): warning CS0618: 'ServerRpcAttribute.RequireOwnership' is obsolete: 'ServerRpc with RequireOwnership is deprecated. Use [Rpc(SendTo.Server, InvokePermission = RpcInvokePermission.Everyone)] or [Rpc(SendTo.Server, InvokePermission = RpcInvokePermission.Owner)] instead.)]'
Assets/Scripts/Gameplay/RoundTimer.cs(112,20): warning CS0618: 'ServerRpcAttribute.RequireOwnership' is obsolete: 'ServerRpc with RequireOwnership is deprecated. Use [Rpc(SendTo.Server, InvokePermission = RpcInvokePermission.Everyone)] or [Rpc(SendTo.Server, InvokePermission = RpcInvokePermission.Owner)] instead.)]'
Assets/Scripts/Gameplay/RoundTimer.cs(124,20): warning CS0618: 'ServerRpcAttribute.RequireOwnership' is obsolete: 'ServerRpc with RequireOwnership is deprecated. Use [Rpc(SendTo.Server, InvokePermission = RpcInvokePermission.Everyone)] or [Rpc(SendTo.Server, InvokePermission = RpcInvokePermission.Owner)] instead.)]'
Assets/Scripts/Gameplay/RoundTimer.cs(138,20): warning CS0618: 'ServerRpcAttribute.RequireOwnership' is obsolete: 'ServerRpc with RequireOwnership is deprecated. Use [Rpc(SendTo.Server, InvokePermission = RpcInvokePermission.Everyone)] or [Rpc(SendTo.Server, InvokePermission = RpcInvokePermission.Owner)] instead.)]'
Assets/Scripts/Gameplay/Scoring/NetworkScoreManager.cs(84,20): warning CS0618: 'ServerRpcAttribute.RequireOwnership' is obsolete: 'ServerRpc with RequireOwnership is deprecated. Use [Rpc(SendTo.Server, InvokePermission = RpcInvokePermission.Everyone)] or [Rpc(SendTo.Server, InvokePermission = RpcInvokePermission.Owner)] instead.)]'
Assets/Scripts/Gameplay/Scoring/NetworkScoreManager.cs(135,20): warning CS0618: 'ServerRpcAttribute.RequireOwnership' is obsolete: 'ServerRpc with RequireOwnership is deprecated. Use [Rpc(SendTo.Server, InvokePermission = RpcInvokePermission.Everyone)] or [Rpc(SendTo.Server, InvokePermission = RpcInvokePermission.Owner)] instead.)]'
Assets/Scripts/Gameplay/Scoring/NetworkScoreManager.cs(188,20): warning CS0618: 'ServerRpcAttribute.RequireOwnership' is obsolete: 'ServerRpc with RequireOwnership is deprecated. Use [Rpc(SendTo.Server, InvokePermission = RpcInvokePermission.Everyone)] or [Rpc(SendTo.Server, InvokePermission = RpcInvokePermission.Owner)] instead.)]'
Assets/Scripts/Gameplay/Scoring/ScoreManager.cs(229,20): warning CS0618: 'ServerRpcAttribute.RequireOwnership' is obsolete: 'ServerRpc with RequireOwnership is deprecated. Use [Rpc(SendTo.Server, InvokePermission = RpcInvokePermission.Everyone)] or [Rpc(SendTo.Server, InvokePermission = RpcInvokePermission.Owner)] instead.)]'
Assets/Scripts/Gameplay/Scoring/ScoreManager.cs(238,20): warning CS0618: 'ServerRpcAttribute.RequireOwnership' is obsolete: 'ServerRpc with RequireOwnership is deprecated. Use [Rpc(SendTo.Server, InvokePermission = RpcInvokePermission.Everyone)] or [Rpc(SendTo.Server, InvokePermission = RpcInvokePermission.Owner)] instead.)]'
Assets/Scripts/Gameplay/Cooking/OrderManager.cs(286,20): warning CS0618: 'ServerRpcAttribute.RequireOwnership' is obsolete: 'ServerRpc with RequireOwnership is deprecated. Use [Rpc(SendTo.Server, InvokePermission = RpcInvokePermission.Everyone)] or [Rpc(SendTo.Server, InvokePermission = RpcInvokePermission.Owner)] instead.)]'
Assets/Scripts/Gameplay/Cooking/PlateItem.cs(334,20): warning CS0618: 'ServerRpcAttribute.RequireOwnership' is obsolete: 'ServerRpc with RequireOwnership is deprecated. Use [Rpc(SendTo.Server, InvokePermission = RpcInvokePermission.Everyone)] or [Rpc(SendTo.Server, InvokePermission = RpcInvokePermission.Owner)] instead.)]'
Assets/Scripts/Gameplay/Stations/CookingStation.cs(464,20): warning CS0618: 'ServerRpcAttribute.RequireOwnership' is obsolete: 'ServerRpc with RequireOwnership is deprecated. Use [Rpc(SendTo.Server, InvokePermission = RpcInvokePermission.Everyone)] or [Rpc(SendTo.Server, InvokePermission = RpcInvokePermission.Owner)] instead.)]'
Assets/Scripts/Gameplay/Stations/IngredientSpawner.cs(255,22): warning CS0108: 'IngredientSpawner.InteractServerRpc(NetworkObjectReference)' hides inherited member 'CookingStation.InteractServerRpc(NetworkObjectReference)'. Use the new keyword if hiding was intended.
Assets/Scripts/Gameplay/Stations/IngredientSpawner.cs(254,20): warning CS0618: 'ServerRpcAttribute.RequireOwnership' is obsolete: 'ServerRpc with RequireOwnership is deprecated. Use [Rpc(SendTo.Server, InvokePermission = RpcInvokePermission.Everyone)] or [Rpc(SendTo.Server, InvokePermission = RpcInvokePermission.Owner)] instead.)]'
Assets/Scripts/Gameplay/Stations/StationNetworkController.cs(96,20): warning CS0618: 'ServerRpcAttribute.RequireOwnership' is obsolete: 'ServerRpc with RequireOwnership is deprecated. Use [Rpc(SendTo.Server, InvokePermission = RpcInvokePermission.Everyone)] or [Rpc(SendTo.Server, InvokePermission = RpcInvokePermission.Owner)] instead.)]'
Assets/Scripts/Gameplay/Stations/StationNetworkController.cs(130,20): warning CS0618: 'ServerRpcAttribute.RequireOwnership' is obsolete: 'ServerRpc with RequireOwnership is deprecated. Use [Rpc(SendTo.Server, InvokePermission = RpcInvokePermission.Everyone)] or [Rpc(SendTo.Server, InvokePermission = RpcInvokePermission.Owner)] instead.)]'
Assets/Scripts/Core/RemoteConfig/Interfaces/IRemoteConfigService.cs(19,23): warning CS0108: 'IRemoteConfigService.Initialize()' hides inherited member 'IInitializable.Initialize()'. Use the new keyword if hiding was intended.
Assets/Scripts/Core/State/NetworkGameStateManager.cs(97,20): warning CS0618: 'ServerRpcAttribute.RequireOwnership' is obsolete: 'ServerRpc with RequireOwnership is deprecated. Use [Rpc(SendTo.Server, InvokePermission = RpcInvokePermission.Everyone)] or [Rpc(SendTo.Server, InvokePermission = RpcInvokePermission.Owner)] instead.)]'
Assets/Scripts/UI/Components/Tabs/SkinsTabComponent.cs(106,31): warning CS0618: 'SkinItem.unlocked' is obsolete: 'Use unlockedByDefault instead'
Assets/Scripts/UI/Components/Tabs/SkinsTabComponent.cs(141,31): warning CS0618: 'SkinItem.unlocked' is obsolete: 'Use unlockedByDefault instead'
Assets/Scripts/UI/Components/Tabs/SkinsTabComponent.cs(183,39): warning CS0618: 'SkinItem.unlocked' is obsolete: 'Use unlockedByDefault instead'
Assets/Scripts/Gameplay/Stations/IngredientSpawner.cs(47,41): warning CS0618: 'Object.FindObjectOfType<T>()' is obsolete: 'Object.FindObjectOfType has been deprecated. Use Object.FindFirstObjectByType instead or if finding any instance is acceptable the faster Object.FindAnyObjectByType'
Assets/Scripts/UI/DebugConsoleUI.cs(53,13): warning CS0162: Unreachable code detected
Assets/Scripts/UI/DebugConsoleUI.cs(65,13): warning CS0162: Unreachable code detected
Assets/Scripts/Gameplay/Spawning/SpawnManager.cs(41,31): warning CS0618: 'Object.FindObjectsOfType<T>()' is obsolete: 'Object.FindObjectsOfType has been deprecated. Use Object.FindObjectsByType instead which lets you decide whether you need the results sorted or not.  FindObjectsOfType sorts the results by InstanceID but if you do not need this using FindObjectSortMode.None is considerably faster.'
Assets/Scripts/Gameplay/Spawning/SpawnManagerIntegration.cs(23,33): warning CS0618: 'Object.FindObjectOfType<T>()' is obsolete: 'Object.FindObjectOfType has been deprecated. Use Object.FindFirstObjectByType instead or if finding any instance is acceptable the faster Object.FindAnyObjectByType'
Assets/Scripts/UI/Components/Tabs/SettingsTabComponent.cs(149,94): warning CS0618: 'Resolution.refreshRate' is obsolete: 'Resolution.refreshRate is obsolete. Use refreshRateRatio instead.'
Assets/Scripts/UI/JoystickEditorUI.cs(239,53): warning CS0618: 'Object.FindObjectOfType<T>()' is obsolete: 'Object.FindObjectOfType has been deprecated. Use Object.FindFirstObjectByType instead or if finding any instance is acceptable the faster Object.FindAnyObjectByType'
Assets/Scripts/UI/DebugConsoleUI.cs(389,13): warning CS0162: Unreachable code detected
Assets/Scripts/UI/Components/Tabs/SettingsTabComponent.cs(323,88): warning CS0618: 'Resolution.refreshRate' is obsolete: 'Resolution.refreshRate is obsolete. Use refreshRateRatio instead.'
Assets/Scripts/UI/Components/Tabs/SettingsTabComponent.cs(323,25): warning CS0618: 'Screen.SetResolution(int, int, bool, int)' is obsolete: 'SetResolution(int, int, bool, int) is obsolete. Use SetResolution(int, int, FullScreenMode, RefreshRate) instead.'
Assets/Scripts/UI/UIExtensions.cs(61,33): warning CS0618: 'VisualElement.transform' is obsolete: 'When writing the value, use VisualElement.style.translate, VisualElement.style.rotate or VisualElement.style.scale instead. When reading the value, use VisualElement.resolvedStyle.translate, scale and rotate'
Assets/Scripts/UI/UIExtensions.cs(61,33): warning CS0618: 'ITransform.position' is obsolete: 'When reading the value, use VisualElement.resolvedStyle.translate. When writing the value, use VisualElement.style.translate instead.'
Assets/Scripts/UI/UIExtensions.cs(71,21): warning CS0618: 'VisualElement.transform' is obsolete: 'When writing the value, use VisualElement.style.translate, VisualElement.style.rotate or VisualElement.style.scale instead. When reading the value, use VisualElement.resolvedStyle.translate, scale and rotate'
Assets/Scripts/UI/UIExtensions.cs(71,21): warning CS0618: 'ITransform.position' is obsolete: 'When reading the value, use VisualElement.resolvedStyle.translate. When writing the value, use VisualElement.style.translate instead.'
Assets/Scripts/UI/Popups/FriendsPopup.cs(396,28): warning CS1998: This async method lacks 'await' operators and will run synchronously. Consider using the 'await' operator to await non-blocking API calls, or 'await Task.Run(...)' to do CPU-bound work on a background thread.
Assets/Scripts/UI/Components/Tabs/SettingsTabComponent.cs(539,28): warning CS1998: This async method lacks 'await' operators and will run synchronously. Consider using the 'await' operator to await non-blocking API calls, or 'await Task.Run(...)' to do CPU-bound work on a background thread.
Assets/Scripts/UI/Screens/NotificationScreen.cs(82,30): warning CS1998: This async method lacks 'await' operators and will run synchronously. Consider using the 'await' operator to await non-blocking API calls, or 'await Task.Run(...)' to do CPU-bound work on a background thread.
Assets/Scripts/Core/Networking/Bot/BotSpawner.cs(79,38): warning CS0618: 'Object.FindObjectsOfType<T>()' is obsolete: 'Object.FindObjectsOfType has been deprecated. Use Object.FindObjectsByType instead which lets you decide whether you need the results sorted or not.  FindObjectsOfType sorts the results by InstanceID but if you do not need this using FindObjectSortMode.None is considerably faster.'
Assets/Scripts/Core/RemoteConfig/Providers/FirebaseConfigProvider.cs(58,33): warning CS1998: This async method lacks 'await' operators and will run synchronously. Consider using the 'await' operator to await non-blocking API calls, or 'await Task.Run(...)' to do CPU-bound work on a background thread.
Assets/Scripts/Core/Networking/Services/PlayerManager.cs(23,41): warning CS0067: The event 'PlayerManager.OnPlayerLeft' is never used
Assets/Scripts/Core/Networking/Services/LobbyService.cs(24,41): warning CS0067: The event 'LobbyService.OnPartyMemberLeft' is never used
Assets/Scripts/Core/Networking/Services/PlayerManager.cs(22,41): warning CS0067: The event 'PlayerManager.OnPlayerJoined' is never used
Assets/Scripts/Core/Networking/Services/FriendsService.cs(28,41): warning CS0067: The event 'FriendsService.OnFriendAdded' is never used
Assets/Scripts/Core/Networking/Services/LobbyService.cs(23,41): warning CS0067: The event 'LobbyService.OnPartyMemberJoined' is never used
Assets/Scripts/Gameplay/Scoring/ScoreManager.cs(16,38): warning CS0414: The field 'ScoreManager._baseOrderPoints' is assigned but its value is never used
Assets/Scripts/Gameplay/Cooking/OrderManager.cs(24,38): warning CS0414: The field 'OrderManager._perfectBonus' is assigned but its value is never used
Assets/Scripts/UI/Screens/NotificationScreen.cs(44,22): warning CS0414: The field 'NotificationScreen._isShowing' is assigned but its value is never used
Assets/Scripts/Gameplay/Cooking/OrderManager.cs(20,40): warning CS0414: The field 'OrderManager._difficultyScalingFactor' is assigned but its value is never used
Assets/Scripts/Gameplay/Camera/EditorOnlyCamera.cs(20,39): warning CS0414: The field 'EditorOnlyCamera._showInfo' is assigned but its value is never used
Assets/Scripts/Gameplay/Scoring/ScoreManager.cs(18,38): warning CS0414: The field 'ScoreManager._perfectBonus' is assigned but its value is never used
Assets/Scripts/Core/Logging/LoggingService.cs(21,22): warning CS0414: The field 'LoggingService._isLoggingInternally' is assigned but its value is never used
Assets/Scripts/Gameplay/Cooking/OrderManager.cs(23,38): warning CS0414: The field 'OrderManager._timeBonus' is assigned but its value is never used
Assets/Scripts/Gameplay/Cooking/OrderManager.cs(21,40): warning CS0414: The field 'OrderManager._orderTimeLimit' is assigned but its value is never used
Assets/Scripts/Gameplay/Cooking/OrderManager.cs(22,38): warning CS0414: The field 'OrderManager._baseOrderPoints' is assigned but its value is never used
Shader warning in 'Hidden/Sentis/Pad': integer modulus may be much slower, try using uints if possible. at Packages/com.unity.ai.inference/Runtime/Core/Resources/Sentis/PixelShaders/Pad.shader(55) (on metal)

Compiling Subshader: 0, Pass: , Fragment program with INT WRAP
Platform defines: SHADER_API_DESKTOP UNITY_ENABLE_DETAIL_NORMALMAP UNITY_ENABLE_REFLECTION_BUFFERS UNITY_FRAMEBUFFER_FETCH_AVAILABLE UNITY_LIGHTMAP_FULL_HDR UNITY_LIGHT_PROBE_PROXY_VOLUME UNITY_NEEDS_RENDERPASS_FBFETCH_FALLBACK UNITY_PBS_USE_BRDF1 UNITY_SPECCUBE_BLENDING UNITY_SPECCUBE_BOX_PROJECTION UNITY_USE_DITHER_MASK_FOR_ALPHABLENDED_SHADOWS
Disabled keywords: CONSTANT EDGE REFLECT SHADER_API_GLES30 SHADER_API_GLES31 SHADER_API_GLES32 SYMMETRIC UNITY_ASTC_NORMALMAP_ENCODING UNITY_COLORSPACE_GAMMA UNITY_HARDWARE_TIER1 UNITY_HARDWARE_TIER2 UNITY_HARDWARE_TIER3 UNITY_LIGHTMAP_DLDR_ENCODING UNITY_LIGHTMAP_RGBM_ENCODING UNITY_METAL_SHADOWS_USE_POINT_FILTERING UNITY_NO_DXT5nm UNITY_NO_SCREENSPACE_SHADOWS UNITY_PBS_USE_BRDF2 UNITY_PBS_USE_BRDF3 UNITY_PRETRANSFORM_TO_DISPLAY_ORIENTATION UNITY_UNIFIED_SHADER_PRECISION_MODEL UNITY_VIRTUAL_TEXTURING
Shader warning in 'Hidden/Sentis/ConvTranspose': integer modulus may be much slower, try using uints if possible. at Packages/com.unity.ai.inference/Runtime/Core/Resources/Sentis/PixelShaders/ConvTranspose.shader(215) (on metal)

Compiling Subshader: 0, Pass: , Fragment program with CONVTRANSPOSE2D DILATIONX_GT_STRIDE DILATIONZ_GT_STRIDE NONE
Platform defines: SHADER_API_DESKTOP UNITY_ENABLE_DETAIL_NORMALMAP UNITY_ENABLE_REFLECTION_BUFFERS UNITY_FRAMEBUFFER_FETCH_AVAILABLE UNITY_LIGHTMAP_FULL_HDR UNITY_LIGHT_PROBE_PROXY_VOLUME UNITY_NEEDS_RENDERPASS_FBFETCH_FALLBACK UNITY_PBS_USE_BRDF1 UNITY_SPECCUBE_BLENDING UNITY_SPECCUBE_BOX_PROJECTION UNITY_USE_DITHER_MASK_FOR_ALPHABLENDED_SHADOWS
Disabled keywords: CONVTRANSPOSE1D CONVTRANSPOSE3D DILATIONX_GT_ONE_LTE_STRIDE DILATIONY_GT_ONE_LTE_STRIDE DILATIONY_GT_STRIDE DILATIONZ_GT_ONE_LTE_STRIDE GROUPS_ENABLED RELU SHADER_API_GLES30 SHADER_API_GLES31 SHADER_API_GLES32 UNITY_ASTC_NORMALMAP_ENCODING UNITY_COLORSPACE_GAMMA UNITY_HARDWARE_TIER1 UNITY_HARDWARE_TIER2 UNITY_HARDWARE_TIER3 UNITY_LIGHTMAP_DLDR_ENCODING UNITY_LIGHTMAP_RGBM_ENCODING UNITY_METAL_SHADOWS_USE_POINT_FILTERING UNITY_NO_DXT5nm UNITY_NO_SCREENSPACE_SHADOWS UNITY_PBS_USE_BRDF2 UNITY_PBS_USE_BRDF3 UNITY_PRETRANSFORM_TO_DISPLAY_ORIENTATION UNITY_UNIFIED_SHADER_PRECISION_MODEL UNITY_VIRTUAL_TEXTURING USEBIAS
Shader warning in 'Hidden/Sentis/ConvTranspose': integer modulus may be much slower, try using uints if possible. at Packages/com.unity.ai.inference/Runtime/Core/Resources/Sentis/PixelShaders/ConvTranspose.shader(218) (on metal)

Compiling Subshader: 0, Pass: , Fragment program with CONVTRANSPOSE2D DILATIONX_GT_STRIDE DILATIONZ_GT_STRIDE NONE
Platform defines: SHADER_API_DESKTOP UNITY_ENABLE_DETAIL_NORMALMAP UNITY_ENABLE_REFLECTION_BUFFERS UNITY_FRAMEBUFFER_FETCH_AVAILABLE UNITY_LIGHTMAP_FULL_HDR UNITY_LIGHT_PROBE_PROXY_VOLUME UNITY_NEEDS_RENDERPASS_FBFETCH_FALLBACK UNITY_PBS_USE_BRDF1 UNITY_SPECCUBE_BLENDING UNITY_SPECCUBE_BOX_PROJECTION UNITY_USE_DITHER_MASK_FOR_ALPHABLENDED_SHADOWS
Disabled keywords: CONVTRANSPOSE1D CONVTRANSPOSE3D DILATIONX_GT_ONE_LTE_STRIDE DILATIONY_GT_ONE_LTE_STRIDE DILATIONY_GT_STRIDE DILATIONZ_GT_ONE_LTE_STRIDE GROUPS_ENABLED RELU SHADER_API_GLES30 SHADER_API_GLES31 SHADER_API_GLES32 UNITY_ASTC_NORMALMAP_ENCODING UNITY_COLORSPACE_GAMMA UNITY_HARDWARE_TIER1 UNITY_HARDWARE_TIER2 UNITY_HARDWARE_TIER3 UNITY_LIGHTMAP_DLDR_ENCODING UNITY_LIGHTMAP_RGBM_ENCODING UNITY_METAL_SHADOWS_USE_POINT_FILTERING UNITY_NO_DXT5nm UNITY_NO_SCREENSPACE_SHADOWS UNITY_PBS_USE_BRDF2 UNITY_PBS_USE_BRDF3 UNITY_PRETRANSFORM_TO_DISPLAY_ORIENTATION UNITY_UNIFIED_SHADER_PRECISION_MODEL UNITY_VIRTUAL_TEXTURING USEBIAS
Shader warning in 'Hidden/Sentis/ConvTranspose': integer modulus may be much slower, try using uints if possible. at Packages/com.unity.ai.inference/Runtime/Core/Resources/Sentis/PixelShaders/ConvTranspose.shader(256) (on metal)

Compiling Subshader: 0, Pass: , Fragment program with CONVTRANSPOSE3D DILATIONY_GT_STRIDE DILATIONZ_GT_STRIDE NONE
Platform defines: SHADER_API_DESKTOP UNITY_ENABLE_DETAIL_NORMALMAP UNITY_ENABLE_REFLECTION_BUFFERS UNITY_FRAMEBUFFER_FETCH_AVAILABLE UNITY_LIGHTMAP_FULL_HDR UNITY_LIGHT_PROBE_PROXY_VOLUME UNITY_NEEDS_RENDERPASS_FBFETCH_FALLBACK UNITY_PBS_USE_BRDF1 UNITY_SPECCUBE_BLENDING UNITY_SPECCUBE_BOX_PROJECTION UNITY_USE_DITHER_MASK_FOR_ALPHABLENDED_SHADOWS
Disabled keywords: CONVTRANSPOSE1D CONVTRANSPOSE2D DILATIONX_GT_ONE_LTE_STRIDE DILATIONX_GT_STRIDE DILATIONY_GT_ONE_LTE_STRIDE DILATIONZ_GT_ONE_LTE_STRIDE GROUPS_ENABLED RELU SHADER_API_GLES30 SHADER_API_GLES31 SHADER_API_GLES32 UNITY_ASTC_NORMALMAP_ENCODING UNITY_COLORSPACE_GAMMA UNITY_HARDWARE_TIER1 UNITY_HARDWARE_TIER2 UNITY_HARDWARE_TIER3 UNITY_LIGHTMAP_DLDR_ENCODING UNITY_LIGHTMAP_RGBM_ENCODING UNITY_METAL_SHADOWS_USE_POINT_FILTERING UNITY_NO_DXT5nm UNITY_NO_SCREENSPACE_SHADOWS UNITY_PBS_USE_BRDF2 UNITY_PBS_USE_BRDF3 UNITY_PRETRANSFORM_TO_DISPLAY_ORIENTATION UNITY_UNIFIED_SHADER_PRECISION_MODEL UNITY_VIRTUAL_TEXTURING USEBIAS
Shader warning in 'Hidden/Sentis/ConvTranspose': integer modulus may be much slower, try using uints if possible. at Packages/com.unity.ai.inference/Runtime/Core/Resources/Sentis/PixelShaders/ConvTranspose.shader(259) (on metal)

Compiling Subshader: 0, Pass: , Fragment program with CONVTRANSPOSE3D DILATIONY_GT_STRIDE DILATIONZ_GT_STRIDE NONE
Platform defines: SHADER_API_DESKTOP UNITY_ENABLE_DETAIL_NORMALMAP UNITY_ENABLE_REFLECTION_BUFFERS UNITY_FRAMEBUFFER_FETCH_AVAILABLE UNITY_LIGHTMAP_FULL_HDR UNITY_LIGHT_PROBE_PROXY_VOLUME UNITY_NEEDS_RENDERPASS_FBFETCH_FALLBACK UNITY_PBS_USE_BRDF1 UNITY_SPECCUBE_BLENDING UNITY_SPECCUBE_BOX_PROJECTION UNITY_USE_DITHER_MASK_FOR_ALPHABLENDED_SHADOWS
Disabled keywords: CONVTRANSPOSE1D CONVTRANSPOSE2D DILATIONX_GT_ONE_LTE_STRIDE DILATIONX_GT_STRIDE DILATIONY_GT_ONE_LTE_STRIDE DILATIONZ_GT_ONE_LTE_STRIDE GROUPS_ENABLED RELU SHADER_API_GLES30 SHADER_API_GLES31 SHADER_API_GLES32 UNITY_ASTC_NORMALMAP_ENCODING UNITY_COLORSPACE_GAMMA UNITY_HARDWARE_TIER1 UNITY_HARDWARE_TIER2 UNITY_HARDWARE_TIER3 UNITY_LIGHTMAP_DLDR_ENCODING UNITY_LIGHTMAP_RGBM_ENCODING UNITY_METAL_SHADOWS_USE_POINT_FILTERING UNITY_NO_DXT5nm UNITY_NO_SCREENSPACE_SHADOWS UNITY_PBS_USE_BRDF2 UNITY_PBS_USE_BRDF3 UNITY_PRETRANSFORM_TO_DISPLAY_ORIENTATION UNITY_UNIFIED_SHADER_PRECISION_MODEL UNITY_VIRTUAL_TEXTURING USEBIAS
Shader warning in 'Hidden/Sentis/ConvTranspose': integer modulus may be much slower, try using uints if possible. at Packages/com.unity.ai.inference/Runtime/Core/Resources/Sentis/PixelShaders/ConvTranspose.shader(296) (on metal)

Compiling Subshader: 0, Pass: , Fragment program with CONVTRANSPOSE3D DILATIONY_GT_STRIDE DILATIONZ_GT_STRIDE NONE
Platform defines: SHADER_API_DESKTOP UNITY_ENABLE_DETAIL_NORMALMAP UNITY_ENABLE_REFLECTION_BUFFERS UNITY_FRAMEBUFFER_FETCH_AVAILABLE UNITY_LIGHTMAP_FULL_HDR UNITY_LIGHT_PROBE_PROXY_VOLUME UNITY_NEEDS_RENDERPASS_FBFETCH_FALLBACK UNITY_PBS_USE_BRDF1 UNITY_SPECCUBE_BLENDING UNITY_SPECCUBE_BOX_PROJECTION UNITY_USE_DITHER_MASK_FOR_ALPHABLENDED_SHADOWS
Disabled keywords: CONVTRANSPOSE1D CONVTRANSPOSE2D DILATIONX_GT_ONE_LTE_STRIDE DILATIONX_GT_STRIDE DILATIONY_GT_ONE_LTE_STRIDE DILATIONZ_GT_ONE_LTE_STRIDE GROUPS_ENABLED RELU SHADER_API_GLES30 SHADER_API_GLES31 SHADER_API_GLES32 UNITY_ASTC_NORMALMAP_ENCODING UNITY_COLORSPACE_GAMMA UNITY_HARDWARE_TIER1 UNITY_HARDWARE_TIER2 UNITY_HARDWARE_TIER3 UNITY_LIGHTMAP_DLDR_ENCODING UNITY_LIGHTMAP_RGBM_ENCODING UNITY_METAL_SHADOWS_USE_POINT_FILTERING UNITY_NO_DXT5nm UNITY_NO_SCREENSPACE_SHADOWS UNITY_PBS_USE_BRDF2 UNITY_PBS_USE_BRDF3 UNITY_PRETRANSFORM_TO_DISPLAY_ORIENTATION UNITY_UNIFIED_SHADER_PRECISION_MODEL UNITY_VIRTUAL_TEXTURING USEBIAS
Shader warning in 'Hidden/Sentis/ConvTranspose': integer modulus may be much slower, try using uints if possible. at Packages/com.unity.ai.inference/Runtime/Core/Resources/Sentis/PixelShaders/ConvTranspose.shader(299) (on metal)

Compiling Subshader: 0, Pass: , Fragment program with CONVTRANSPOSE3D DILATIONY_GT_STRIDE DILATIONZ_GT_STRIDE NONE
Platform defines: SHADER_API_DESKTOP UNITY_ENABLE_DETAIL_NORMALMAP UNITY_ENABLE_REFLECTION_BUFFERS UNITY_FRAMEBUFFER_FETCH_AVAILABLE UNITY_LIGHTMAP_FULL_HDR UNITY_LIGHT_PROBE_PROXY_VOLUME UNITY_NEEDS_RENDERPASS_FBFETCH_FALLBACK UNITY_PBS_USE_BRDF1 UNITY_SPECCUBE_BLENDING UNITY_SPECCUBE_BOX_PROJECTION UNITY_USE_DITHER_MASK_FOR_ALPHABLENDED_SHADOWS
Disabled keywords: CONVTRANSPOSE1D CONVTRANSPOSE2D DILATIONX_GT_ONE_LTE_STRIDE DILATIONX_GT_STRIDE DILATIONY_GT_ONE_LTE_STRIDE DILATIONZ_GT_ONE_LTE_STRIDE GROUPS_ENABLED RELU SHADER_API_GLES30 SHADER_API_GLES31 SHADER_API_GLES32 UNITY_ASTC_NORMALMAP_ENCODING UNITY_COLORSPACE_GAMMA UNITY_HARDWARE_TIER1 UNITY_HARDWARE_TIER2 UNITY_HARDWARE_TIER3 UNITY_LIGHTMAP_DLDR_ENCODING UNITY_LIGHTMAP_RGBM_ENCODING UNITY_METAL_SHADOWS_USE_POINT_FILTERING UNITY_NO_DXT5nm UNITY_NO_SCREENSPACE_SHADOWS UNITY_PBS_USE_BRDF2 UNITY_PBS_USE_BRDF3 UNITY_PRETRANSFORM_TO_DISPLAY_ORIENTATION UNITY_UNIFIED_SHADER_PRECISION_MODEL UNITY_VIRTUAL_TEXTURING USEBIAS
Shader warning in 'Hidden/Sentis/ScatterND': 'j': loop control variable conflicts with a previous declaration in the outer scope; most recent declaration will be used at Packages/com.unity.ai.inference/Runtime/Core/Resources/Sentis/PixelShaders/ScatterND.shader(72) (on metal)

Compiling Subshader: 0, Pass: , Vertex program with ReduceMul
Platform defines: SHADER_API_DESKTOP UNITY_ENABLE_DETAIL_NORMALMAP UNITY_ENABLE_REFLECTION_BUFFERS UNITY_FRAMEBUFFER_FETCH_AVAILABLE UNITY_LIGHTMAP_FULL_HDR UNITY_LIGHT_PROBE_PROXY_VOLUME UNITY_NEEDS_RENDERPASS_FBFETCH_FALLBACK UNITY_PBS_USE_BRDF1 UNITY_SPECCUBE_BLENDING UNITY_SPECCUBE_BOX_PROJECTION UNITY_USE_DITHER_MASK_FOR_ALPHABLENDED_SHADOWS
Disabled keywords: K_LARGE ReduceAdd ReduceMax ReduceMin ReduceNone SHADER_API_GLES30 SHADER_API_GLES31 SHADER_API_GLES32 ScatterInt UNITY_ASTC_NORMALMAP_ENCODING UNITY_COLORSPACE_GAMMA UNITY_HARDWARE_TIER1 UNITY_HARDWARE_TIER2 UNITY_HARDWARE_TIER3 UNITY_LIGHTMAP_DLDR_ENCODING UNITY_LIGHTMAP_RGBM_ENCODING UNITY_METAL_SHADOWS_USE_POINT_FILTERING UNITY_NO_DXT5nm UNITY_NO_SCREENSPACE_SHADOWS UNITY_PBS_USE_BRDF2 UNITY_PBS_USE_BRDF3 UNITY_PRETRANSFORM_TO_DISPLAY_ORIENTATION UNITY_UNIFIED_SHADER_PRECISION_MODEL UNITY_VIRTUAL_TEXTURING
Shader warning in 'Hidden/Sentis/ScatterND': signed/unsigned mismatch, unsigned assumed at Packages/com.unity.ai.inference/Runtime/Core/Resources/Sentis/PixelShaders/ScatterND.shader(75) (on metal)

Compiling Subshader: 0, Pass: , Vertex program with ReduceMul
Platform defines: SHADER_API_DESKTOP UNITY_ENABLE_DETAIL_NORMALMAP UNITY_ENABLE_REFLECTION_BUFFERS UNITY_FRAMEBUFFER_FETCH_AVAILABLE UNITY_LIGHTMAP_FULL_HDR UNITY_LIGHT_PROBE_PROXY_VOLUME UNITY_NEEDS_RENDERPASS_FBFETCH_FALLBACK UNITY_PBS_USE_BRDF1 UNITY_SPECCUBE_BLENDING UNITY_SPECCUBE_BOX_PROJECTION UNITY_USE_DITHER_MASK_FOR_ALPHABLENDED_SHADOWS
Disabled keywords: K_LARGE ReduceAdd ReduceMax ReduceMin ReduceNone SHADER_API_GLES30 SHADER_API_GLES31 SHADER_API_GLES32 ScatterInt UNITY_ASTC_NORMALMAP_ENCODING UNITY_COLORSPACE_GAMMA UNITY_HARDWARE_TIER1 UNITY_HARDWARE_TIER2 UNITY_HARDWARE_TIER3 UNITY_LIGHTMAP_DLDR_ENCODING UNITY_LIGHTMAP_RGBM_ENCODING UNITY_METAL_SHADOWS_USE_POINT_FILTERING UNITY_NO_DXT5nm UNITY_NO_SCREENSPACE_SHADOWS UNITY_PBS_USE_BRDF2 UNITY_PBS_USE_BRDF3 UNITY_PRETRANSFORM_TO_DISPLAY_ORIENTATION UNITY_UNIFIED_SHADER_PRECISION_MODEL UNITY_VIRTUAL_TEXTURING
Shader warning in 'Hidden/Sentis/ScatterND': signed/unsigned mismatch, unsigned assumed at Packages/com.unity.ai.inference/Runtime/Core/Resources/Sentis/PixelShaders/ScatterND.shader(77) (on metal)

Compiling Subshader: 0, Pass: , Vertex program with ReduceMul
Platform defines: SHADER_API_DESKTOP UNITY_ENABLE_DETAIL_NORMALMAP UNITY_ENABLE_REFLECTION_BUFFERS UNITY_FRAMEBUFFER_FETCH_AVAILABLE UNITY_LIGHTMAP_FULL_HDR UNITY_LIGHT_PROBE_PROXY_VOLUME UNITY_NEEDS_RENDERPASS_FBFETCH_FALLBACK UNITY_PBS_USE_BRDF1 UNITY_SPECCUBE_BLENDING UNITY_SPECCUBE_BOX_PROJECTION UNITY_USE_DITHER_MASK_FOR_ALPHABLENDED_SHADOWS
Disabled keywords: K_LARGE ReduceAdd ReduceMax ReduceMin ReduceNone SHADER_API_GLES30 SHADER_API_GLES31 SHADER_API_GLES32 ScatterInt UNITY_ASTC_NORMALMAP_ENCODING UNITY_COLORSPACE_GAMMA UNITY_HARDWARE_TIER1 UNITY_HARDWARE_TIER2 UNITY_HARDWARE_TIER3 UNITY_LIGHTMAP_DLDR_ENCODING UNITY_LIGHTMAP_RGBM_ENCODING UNITY_METAL_SHADOWS_USE_POINT_FILTERING UNITY_NO_DXT5nm UNITY_NO_SCREENSPACE_SHADOWS UNITY_PBS_USE_BRDF2 UNITY_PBS_USE_BRDF3 UNITY_PRETRANSFORM_TO_DISPLAY_ORIENTATION UNITY_UNIFIED_SHADER_PRECISION_MODEL UNITY_VIRTUAL_TEXTURING
Shader warning in 'Hidden/Sentis/ScatterND': signed/unsigned mismatch, unsigned assumed at Packages/com.unity.ai.inference/Runtime/Core/Resources/Sentis/PixelShaders/ScatterND.shader(79) (on metal)

Compiling Subshader: 0, Pass: , Vertex program with ReduceMul
Platform defines: SHADER_API_DESKTOP UNITY_ENABLE_DETAIL_NORMALMAP UNITY_ENABLE_REFLECTION_BUFFERS UNITY_FRAMEBUFFER_FETCH_AVAILABLE UNITY_LIGHTMAP_FULL_HDR UNITY_LIGHT_PROBE_PROXY_VOLUME UNITY_NEEDS_RENDERPASS_FBFETCH_FALLBACK UNITY_PBS_USE_BRDF1 UNITY_SPECCUBE_BLENDING UNITY_SPECCUBE_BOX_PROJECTION UNITY_USE_DITHER_MASK_FOR_ALPHABLENDED_SHADOWS
Disabled keywords: K_LARGE ReduceAdd ReduceMax ReduceMin ReduceNone SHADER_API_GLES30 SHADER_API_GLES31 SHADER_API_GLES32 ScatterInt UNITY_ASTC_NORMALMAP_ENCODING UNITY_COLORSPACE_GAMMA UNITY_HARDWARE_TIER1 UNITY_HARDWARE_TIER2 UNITY_HARDWARE_TIER3 UNITY_LIGHTMAP_DLDR_ENCODING UNITY_LIGHTMAP_RGBM_ENCODING UNITY_METAL_SHADOWS_USE_POINT_FILTERING UNITY_NO_DXT5nm UNITY_NO_SCREENSPACE_SHADOWS UNITY_PBS_USE_BRDF2 UNITY_PBS_USE_BRDF3 UNITY_PRETRANSFORM_TO_DISPLAY_ORIENTATION UNITY_UNIFIED_SHADER_PRECISION_MODEL UNITY_VIRTUAL_TEXTURING
Shader warning in 'Hidden/Sentis/ScatterND': signed/unsigned mismatch, unsigned assumed at Packages/com.unity.ai.inference/Runtime/Core/Resources/Sentis/PixelShaders/ScatterND.shader(81) (on metal)

Compiling Subshader: 0, Pass: , Vertex program with ReduceMul
Platform defines: SHADER_API_DESKTOP UNITY_ENABLE_DETAIL_NORMALMAP UNITY_ENABLE_REFLECTION_BUFFERS UNITY_FRAMEBUFFER_FETCH_AVAILABLE UNITY_LIGHTMAP_FULL_HDR UNITY_LIGHT_PROBE_PROXY_VOLUME UNITY_NEEDS_RENDERPASS_FBFETCH_FALLBACK UNITY_PBS_USE_BRDF1 UNITY_SPECCUBE_BLENDING UNITY_SPECCUBE_BOX_PROJECTION UNITY_USE_DITHER_MASK_FOR_ALPHABLENDED_SHADOWS
Disabled keywords: K_LARGE ReduceAdd ReduceMax ReduceMin ReduceNone SHADER_API_GLES30 SHADER_API_GLES31 SHADER_API_GLES32 ScatterInt UNITY_ASTC_NORMALMAP_ENCODING UNITY_COLORSPACE_GAMMA UNITY_HARDWARE_TIER1 UNITY_HARDWARE_TIER2 UNITY_HARDWARE_TIER3 UNITY_LIGHTMAP_DLDR_ENCODING UNITY_LIGHTMAP_RGBM_ENCODING UNITY_METAL_SHADOWS_USE_POINT_FILTERING UNITY_NO_DXT5nm UNITY_NO_SCREENSPACE_SHADOWS UNITY_PBS_USE_BRDF2 UNITY_PBS_USE_BRDF3 UNITY_PRETRANSFORM_TO_DISPLAY_ORIENTATION UNITY_UNIFIED_SHADER_PRECISION_MODEL UNITY_VIRTUAL_TEXTURING
Shader warning in 'Hidden/Sentis/ScatterND': signed/unsigned mismatch, unsigned assumed at Packages/com.unity.ai.inference/Runtime/Core/Resources/Sentis/PixelShaders/ScatterND.shader(86) (on metal)

Compiling Subshader: 0, Pass: , Vertex program with K_LARGE ReduceNone
Platform defines: SHADER_API_DESKTOP UNITY_ENABLE_DETAIL_NORMALMAP UNITY_ENABLE_REFLECTION_BUFFERS UNITY_FRAMEBUFFER_FETCH_AVAILABLE UNITY_LIGHTMAP_FULL_HDR UNITY_LIGHT_PROBE_PROXY_VOLUME UNITY_NEEDS_RENDERPASS_FBFETCH_FALLBACK UNITY_PBS_USE_BRDF1 UNITY_SPECCUBE_BLENDING UNITY_SPECCUBE_BOX_PROJECTION UNITY_USE_DITHER_MASK_FOR_ALPHABLENDED_SHADOWS
Disabled keywords: ReduceAdd ReduceMax ReduceMin ReduceMul SHADER_API_GLES30 SHADER_API_GLES31 SHADER_API_GLES32 ScatterInt UNITY_ASTC_NORMALMAP_ENCODING UNITY_COLORSPACE_GAMMA UNITY_HARDWARE_TIER1 UNITY_HARDWARE_TIER2 UNITY_HARDWARE_TIER3 UNITY_LIGHTMAP_DLDR_ENCODING UNITY_LIGHTMAP_RGBM_ENCODING UNITY_METAL_SHADOWS_USE_POINT_FILTERING UNITY_NO_DXT5nm UNITY_NO_SCREENSPACE_SHADOWS UNITY_PBS_USE_BRDF2 UNITY_PBS_USE_BRDF3 UNITY_PRETRANSFORM_TO_DISPLAY_ORIENTATION UNITY_UNIFIED_SHADER_PRECISION_MODEL UNITY_VIRTUAL_TEXTURING
Shader warning in 'Hidden/Sentis/ScatterND': signed/unsigned mismatch, unsigned assumed at Packages/com.unity.ai.inference/Runtime/Core/Resources/Sentis/PixelShaders/ScatterND.shader(88) (on metal)

Compiling Subshader: 0, Pass: , Vertex program with K_LARGE ReduceNone
Platform defines: SHADER_API_DESKTOP UNITY_ENABLE_DETAIL_NORMALMAP UNITY_ENABLE_REFLECTION_BUFFERS UNITY_FRAMEBUFFER_FETCH_AVAILABLE UNITY_LIGHTMAP_FULL_HDR UNITY_LIGHT_PROBE_PROXY_VOLUME UNITY_NEEDS_RENDERPASS_FBFETCH_FALLBACK UNITY_PBS_USE_BRDF1 UNITY_SPECCUBE_BLENDING UNITY_SPECCUBE_BOX_PROJECTION UNITY_USE_DITHER_MASK_FOR_ALPHABLENDED_SHADOWS
Disabled keywords: ReduceAdd ReduceMax ReduceMin ReduceMul SHADER_API_GLES30 SHADER_API_GLES31 SHADER_API_GLES32 ScatterInt UNITY_ASTC_NORMALMAP_ENCODING UNITY_COLORSPACE_GAMMA UNITY_HARDWARE_TIER1 UNITY_HARDWARE_TIER2 UNITY_HARDWARE_TIER3 UNITY_LIGHTMAP_DLDR_ENCODING UNITY_LIGHTMAP_RGBM_ENCODING UNITY_METAL_SHADOWS_USE_POINT_FILTERING UNITY_NO_DXT5nm UNITY_NO_SCREENSPACE_SHADOWS UNITY_PBS_USE_BRDF2 UNITY_PBS_USE_BRDF3 UNITY_PRETRANSFORM_TO_DISPLAY_ORIENTATION UNITY_UNIFIED_SHADER_PRECISION_MODEL UNITY_VIRTUAL_TEXTURING
Shader warning in 'Hidden/Sentis/ScatterND': signed/unsigned mismatch, unsigned assumed at Packages/com.unity.ai.inference/Runtime/Core/Resources/Sentis/PixelShaders/ScatterND.shader(90) (on metal)

Compiling Subshader: 0, Pass: , Vertex program with K_LARGE ReduceNone
Platform defines: SHADER_API_DESKTOP UNITY_ENABLE_DETAIL_NORMALMAP UNITY_ENABLE_REFLECTION_BUFFERS UNITY_FRAMEBUFFER_FETCH_AVAILABLE UNITY_LIGHTMAP_FULL_HDR UNITY_LIGHT_PROBE_PROXY_VOLUME UNITY_NEEDS_RENDERPASS_FBFETCH_FALLBACK UNITY_PBS_USE_BRDF1 UNITY_SPECCUBE_BLENDING UNITY_SPECCUBE_BOX_PROJECTION UNITY_USE_DITHER_MASK_FOR_ALPHABLENDED_SHADOWS
Disabled keywords: ReduceAdd ReduceMax ReduceMin ReduceMul SHADER_API_GLES30 SHADER_API_GLES31 SHADER_API_GLES32 ScatterInt UNITY_ASTC_NORMALMAP_ENCODING UNITY_COLORSPACE_GAMMA UNITY_HARDWARE_TIER1 UNITY_HARDWARE_TIER2 UNITY_HARDWARE_TIER3 UNITY_LIGHTMAP_DLDR_ENCODING UNITY_LIGHTMAP_RGBM_ENCODING UNITY_METAL_SHADOWS_USE_POINT_FILTERING UNITY_NO_DXT5nm UNITY_NO_SCREENSPACE_SHADOWS UNITY_PBS_USE_BRDF2 UNITY_PBS_USE_BRDF3 UNITY_PRETRANSFORM_TO_DISPLAY_ORIENTATION UNITY_UNIFIED_SHADER_PRECISION_MODEL UNITY_VIRTUAL_TEXTURING
Shader warning in 'Hidden/Sentis/ScatterND': signed/unsigned mismatch, unsigned assumed at Packages/com.unity.ai.inference/Runtime/Core/Resources/Sentis/PixelShaders/ScatterND.shader(92) (on metal)

Compiling Subshader: 0, Pass: , Vertex program with K_LARGE ReduceNone
Platform defines: SHADER_API_DESKTOP UNITY_ENABLE_DETAIL_NORMALMAP UNITY_ENABLE_REFLECTION_BUFFERS UNITY_FRAMEBUFFER_FETCH_AVAILABLE UNITY_LIGHTMAP_FULL_HDR UNITY_LIGHT_PROBE_PROXY_VOLUME UNITY_NEEDS_RENDERPASS_FBFETCH_FALLBACK UNITY_PBS_USE_BRDF1 UNITY_SPECCUBE_BLENDING UNITY_SPECCUBE_BOX_PROJECTION UNITY_USE_DITHER_MASK_FOR_ALPHABLENDED_SHADOWS
Disabled keywords: ReduceAdd ReduceMax ReduceMin ReduceMul SHADER_API_GLES30 SHADER_API_GLES31 SHADER_API_GLES32 ScatterInt UNITY_ASTC_NORMALMAP_ENCODING UNITY_COLORSPACE_GAMMA UNITY_HARDWARE_TIER1 UNITY_HARDWARE_TIER2 UNITY_HARDWARE_TIER3 UNITY_LIGHTMAP_DLDR_ENCODING UNITY_LIGHTMAP_RGBM_ENCODING UNITY_METAL_SHADOWS_USE_POINT_FILTERING UNITY_NO_DXT5nm UNITY_NO_SCREENSPACE_SHADOWS UNITY_PBS_USE_BRDF2 UNITY_PBS_USE_BRDF3 UNITY_PRETRANSFORM_TO_DISPLAY_ORIENTATION UNITY_UNIFIED_SHADER_PRECISION_MODEL UNITY_VIRTUAL_TEXTURING
Shader warning in 'Hidden/Sentis/GridSample': signed/unsigned mismatch, unsigned assumed at Packages/com.unity.ai.inference/Runtime/Core/Resources/Sentis/PixelShaders/GridSample.shader(44) (on metal)

Compiling Subshader: 0, Pass: , Vertex program with GRIDSAMPLE1D NEAREST ZEROS
Platform defines: SHADER_API_DESKTOP UNITY_ENABLE_DETAIL_NORMALMAP UNITY_ENABLE_REFLECTION_BUFFERS UNITY_FRAMEBUFFER_FETCH_AVAILABLE UNITY_LIGHTMAP_FULL_HDR UNITY_LIGHT_PROBE_PROXY_VOLUME UNITY_NEEDS_RENDERPASS_FBFETCH_FALLBACK UNITY_PBS_USE_BRDF1 UNITY_SPECCUBE_BLENDING UNITY_SPECCUBE_BOX_PROJECTION UNITY_USE_DITHER_MASK_FOR_ALPHABLENDED_SHADOWS
Disabled keywords: ALIGN_CORNERS BORDER GRIDSAMPLE2D GRIDSAMPLE3D LINEAR REFLECTION SHADER_API_GLES30 SHADER_API_GLES31 SHADER_API_GLES32 UNITY_ASTC_NORMALMAP_ENCODING UNITY_COLORSPACE_GAMMA UNITY_HARDWARE_TIER1 UNITY_HARDWARE_TIER2 UNITY_HARDWARE_TIER3 UNITY_LIGHTMAP_DLDR_ENCODING UNITY_LIGHTMAP_RGBM_ENCODING UNITY_METAL_SHADOWS_USE_POINT_FILTERING UNITY_NO_DXT5nm UNITY_NO_SCREENSPACE_SHADOWS UNITY_PBS_USE_BRDF2 UNITY_PBS_USE_BRDF3 UNITY_PRETRANSFORM_TO_DISPLAY_ORIENTATION UNITY_UNIFIED_SHADER_PRECISION_MODEL UNITY_VIRTUAL_TEXTURING
Shader warning in 'Hidden/Sentis/GridSample': signed/unsigned mismatch, unsigned assumed at Packages/com.unity.ai.inference/Runtime/Core/Resources/Sentis/PixelShaders/GridSample.shader(47) (on metal)

Compiling Subshader: 0, Pass: , Vertex program with GRIDSAMPLE2D LINEAR ZEROS
Platform defines: SHADER_API_DESKTOP UNITY_ENABLE_DETAIL_NORMALMAP UNITY_ENABLE_REFLECTION_BUFFERS UNITY_FRAMEBUFFER_FETCH_AVAILABLE UNITY_LIGHTMAP_FULL_HDR UNITY_LIGHT_PROBE_PROXY_VOLUME UNITY_NEEDS_RENDERPASS_FBFETCH_FALLBACK UNITY_PBS_USE_BRDF1 UNITY_SPECCUBE_BLENDING UNITY_SPECCUBE_BOX_PROJECTION UNITY_USE_DITHER_MASK_FOR_ALPHABLENDED_SHADOWS
Disabled keywords: ALIGN_CORNERS BORDER GRIDSAMPLE1D GRIDSAMPLE3D NEAREST REFLECTION SHADER_API_GLES30 SHADER_API_GLES31 SHADER_API_GLES32 UNITY_ASTC_NORMALMAP_ENCODING UNITY_COLORSPACE_GAMMA UNITY_HARDWARE_TIER1 UNITY_HARDWARE_TIER2 UNITY_HARDWARE_TIER3 UNITY_LIGHTMAP_DLDR_ENCODING UNITY_LIGHTMAP_RGBM_ENCODING UNITY_METAL_SHADOWS_USE_POINT_FILTERING UNITY_NO_DXT5nm UNITY_NO_SCREENSPACE_SHADOWS UNITY_PBS_USE_BRDF2 UNITY_PBS_USE_BRDF3 UNITY_PRETRANSFORM_TO_DISPLAY_ORIENTATION UNITY_UNIFIED_SHADER_PRECISION_MODEL UNITY_VIRTUAL_TEXTURING
Shader warning in 'Hidden/Sentis/GridSample': signed/unsigned mismatch, unsigned assumed at Packages/com.unity.ai.inference/Runtime/Core/Resources/Sentis/PixelShaders/GridSample.shader(50) (on metal)

Compiling Subshader: 0, Pass: , Vertex program with GRIDSAMPLE3D LINEAR ZEROS
Platform defines: SHADER_API_DESKTOP UNITY_ENABLE_DETAIL_NORMALMAP UNITY_ENABLE_REFLECTION_BUFFERS UNITY_FRAMEBUFFER_FETCH_AVAILABLE UNITY_LIGHTMAP_FULL_HDR UNITY_LIGHT_PROBE_PROXY_VOLUME UNITY_NEEDS_RENDERPASS_FBFETCH_FALLBACK UNITY_PBS_USE_BRDF1 UNITY_SPECCUBE_BLENDING UNITY_SPECCUBE_BOX_PROJECTION UNITY_USE_DITHER_MASK_FOR_ALPHABLENDED_SHADOWS
Disabled keywords: ALIGN_CORNERS BORDER GRIDSAMPLE1D GRIDSAMPLE2D NEAREST REFLECTION SHADER_API_GLES30 SHADER_API_GLES31 SHADER_API_GLES32 UNITY_ASTC_NORMALMAP_ENCODING UNITY_COLORSPACE_GAMMA UNITY_HARDWARE_TIER1 UNITY_HARDWARE_TIER2 UNITY_HARDWARE_TIER3 UNITY_LIGHTMAP_DLDR_ENCODING UNITY_LIGHTMAP_RGBM_ENCODING UNITY_METAL_SHADOWS_USE_POINT_FILTERING UNITY_NO_DXT5nm UNITY_NO_SCREENSPACE_SHADOWS UNITY_PBS_USE_BRDF2 UNITY_PBS_USE_BRDF3 UNITY_PRETRANSFORM_TO_DISPLAY_ORIENTATION UNITY_UNIFIED_SHADER_PRECISION_MODEL UNITY_VIRTUAL_TEXTURING
Shader warning in 'Hidden/Sentis/ScatterElements': signed/unsigned mismatch, unsigned assumed at Packages/com.unity.ai.inference/Runtime/Core/Resources/Sentis/PixelShaders/ScatterElements.shader(147) (on metal)

Compiling Subshader: 0, Pass: , Vertex program with NoFastPath ReduceAdd ScatterInt
Platform defines: SHADER_API_DESKTOP UNITY_ENABLE_DETAIL_NORMALMAP UNITY_ENABLE_REFLECTION_BUFFERS UNITY_FRAMEBUFFER_FETCH_AVAILABLE UNITY_LIGHTMAP_FULL_HDR UNITY_LIGHT_PROBE_PROXY_VOLUME UNITY_NEEDS_RENDERPASS_FBFETCH_FALLBACK UNITY_PBS_USE_BRDF1 UNITY_SPECCUBE_BLENDING UNITY_SPECCUBE_BOX_PROJECTION UNITY_USE_DITHER_MASK_FOR_ALPHABLENDED_SHADOWS
Disabled keywords: ReduceMax ReduceMin ReduceMul ReduceNone SHADER_API_GLES30 SHADER_API_GLES31 SHADER_API_GLES32 UNITY_ASTC_NORMALMAP_ENCODING UNITY_COLORSPACE_GAMMA UNITY_HARDWARE_TIER1 UNITY_HARDWARE_TIER2 UNITY_HARDWARE_TIER3 UNITY_LIGHTMAP_DLDR_ENCODING UNITY_LIGHTMAP_RGBM_ENCODING UNITY_METAL_SHADOWS_USE_POINT_FILTERING UNITY_NO_DXT5nm UNITY_NO_SCREENSPACE_SHADOWS UNITY_PBS_USE_BRDF2 UNITY_PBS_USE_BRDF3 UNITY_PRETRANSFORM_TO_DISPLAY_ORIENTATION UNITY_UNIFIED_SHADER_PRECISION_MODEL UNITY_VIRTUAL_TEXTURING UseDiv4Mask
Shader warning in 'Hidden/Sentis/ScatterElements': signed/unsigned mismatch, unsigned assumed at Packages/com.unity.ai.inference/Runtime/Core/Resources/Sentis/PixelShaders/ScatterElements.shader(202) (on metal)

Compiling Subshader: 0, Pass: , Vertex program with NoFastPath ReduceAdd ScatterInt
Platform defines: SHADER_API_DESKTOP UNITY_ENABLE_DETAIL_NORMALMAP UNITY_ENABLE_REFLECTION_BUFFERS UNITY_FRAMEBUFFER_FETCH_AVAILABLE UNITY_LIGHTMAP_FULL_HDR UNITY_LIGHT_PROBE_PROXY_VOLUME UNITY_NEEDS_RENDERPASS_FBFETCH_FALLBACK UNITY_PBS_USE_BRDF1 UNITY_SPECCUBE_BLENDING UNITY_SPECCUBE_BOX_PROJECTION UNITY_USE_DITHER_MASK_FOR_ALPHABLENDED_SHADOWS
Disabled keywords: ReduceMax ReduceMin ReduceMul ReduceNone SHADER_API_GLES30 SHADER_API_GLES31 SHADER_API_GLES32 UNITY_ASTC_NORMALMAP_ENCODING UNITY_COLORSPACE_GAMMA UNITY_HARDWARE_TIER1 UNITY_HARDWARE_TIER2 UNITY_HARDWARE_TIER3 UNITY_LIGHTMAP_DLDR_ENCODING UNITY_LIGHTMAP_RGBM_ENCODING UNITY_METAL_SHADOWS_USE_POINT_FILTERING UNITY_NO_DXT5nm UNITY_NO_SCREENSPACE_SHADOWS UNITY_PBS_USE_BRDF2 UNITY_PBS_USE_BRDF3 UNITY_PRETRANSFORM_TO_DISPLAY_ORIENTATION UNITY_UNIFIED_SHADER_PRECISION_MODEL UNITY_VIRTUAL_TEXTURING UseDiv4Mask
Shader warning in 'Hidden/Sentis/SliceSet': integer divides may be much slower, try using uints if possible. at Packages/com.unity.ai.inference/Runtime/Core/Resources/Sentis/PixelShaders/SliceSet.shader(55) (on metal)

Compiling Subshader: 0, Pass: , Fragment program with BLOCKWISE
Platform defines: SHADER_API_DESKTOP UNITY_ENABLE_DETAIL_NORMALMAP UNITY_ENABLE_REFLECTION_BUFFERS UNITY_FRAMEBUFFER_FETCH_AVAILABLE UNITY_LIGHTMAP_FULL_HDR UNITY_LIGHT_PROBE_PROXY_VOLUME UNITY_NEEDS_RENDERPASS_FBFETCH_FALLBACK UNITY_PBS_USE_BRDF1 UNITY_SPECCUBE_BLENDING UNITY_SPECCUBE_BOX_PROJECTION UNITY_USE_DITHER_MASK_FOR_ALPHABLENDED_SHADOWS
Disabled keywords: INT SHADER_API_GLES30 SHADER_API_GLES31 SHADER_API_GLES32 UNITY_ASTC_NORMALMAP_ENCODING UNITY_COLORSPACE_GAMMA UNITY_HARDWARE_TIER1 UNITY_HARDWARE_TIER2 UNITY_HARDWARE_TIER3 UNITY_LIGHTMAP_DLDR_ENCODING UNITY_LIGHTMAP_RGBM_ENCODING UNITY_METAL_SHADOWS_USE_POINT_FILTERING UNITY_NO_DXT5nm UNITY_NO_SCREENSPACE_SHADOWS UNITY_PBS_USE_BRDF2 UNITY_PBS_USE_BRDF3 UNITY_PRETRANSFORM_TO_DISPLAY_ORIENTATION UNITY_UNIFIED_SHADER_PRECISION_MODEL UNITY_VIRTUAL_TEXTURING
Shader warning in 'Hidden/Sentis/SliceSet': signed/unsigned mismatch, unsigned assumed at Packages/com.unity.ai.inference/Runtime/Core/Resources/Sentis/PixelShaders/SliceSet.shader(57) (on metal)

Compiling Subshader: 0, Pass: , Vertex program with BLOCKWISE INT
Platform defines: SHADER_API_DESKTOP UNITY_ENABLE_DETAIL_NORMALMAP UNITY_ENABLE_REFLECTION_BUFFERS UNITY_FRAMEBUFFER_FETCH_AVAILABLE UNITY_LIGHTMAP_FULL_HDR UNITY_LIGHT_PROBE_PROXY_VOLUME UNITY_NEEDS_RENDERPASS_FBFETCH_FALLBACK UNITY_PBS_USE_BRDF1 UNITY_SPECCUBE_BLENDING UNITY_SPECCUBE_BOX_PROJECTION UNITY_USE_DITHER_MASK_FOR_ALPHABLENDED_SHADOWS
Disabled keywords: SHADER_API_GLES30 SHADER_API_GLES31 SHADER_API_GLES32 UNITY_ASTC_NORMALMAP_ENCODING UNITY_COLORSPACE_GAMMA UNITY_HARDWARE_TIER1 UNITY_HARDWARE_TIER2 UNITY_HARDWARE_TIER3 UNITY_LIGHTMAP_DLDR_ENCODING UNITY_LIGHTMAP_RGBM_ENCODING UNITY_METAL_SHADOWS_USE_POINT_FILTERING UNITY_NO_DXT5nm UNITY_NO_SCREENSPACE_SHADOWS UNITY_PBS_USE_BRDF2 UNITY_PBS_USE_BRDF3 UNITY_PRETRANSFORM_TO_DISPLAY_ORIENTATION UNITY_UNIFIED_SHADER_PRECISION_MODEL UNITY_VIRTUAL_TEXTURING
Shader warning in 'Hidden/Sentis/SliceSet': integer divides may be much slower, try using uints if possible. at Packages/com.unity.ai.inference/Runtime/Core/Resources/Sentis/PixelShaders/SliceSet.shader(69) (on metal)

Compiling Subshader: 0, Pass: , Fragment program with INT
Platform defines: SHADER_API_DESKTOP UNITY_ENABLE_DETAIL_NORMALMAP UNITY_ENABLE_REFLECTION_BUFFERS UNITY_FRAMEBUFFER_FETCH_AVAILABLE UNITY_LIGHTMAP_FULL_HDR UNITY_LIGHT_PROBE_PROXY_VOLUME UNITY_NEEDS_RENDERPASS_FBFETCH_FALLBACK UNITY_PBS_USE_BRDF1 UNITY_SPECCUBE_BLENDING UNITY_SPECCUBE_BOX_PROJECTION UNITY_USE_DITHER_MASK_FOR_ALPHABLENDED_SHADOWS
Disabled keywords: BLOCKWISE SHADER_API_GLES30 SHADER_API_GLES31 SHADER_API_GLES32 UNITY_ASTC_NORMALMAP_ENCODING UNITY_COLORSPACE_GAMMA UNITY_HARDWARE_TIER1 UNITY_HARDWARE_TIER2 UNITY_HARDWARE_TIER3 UNITY_LIGHTMAP_DLDR_ENCODING UNITY_LIGHTMAP_RGBM_ENCODING UNITY_METAL_SHADOWS_USE_POINT_FILTERING UNITY_NO_DXT5nm UNITY_NO_SCREENSPACE_SHADOWS UNITY_PBS_USE_BRDF2 UNITY_PBS_USE_BRDF3 UNITY_PRETRANSFORM_TO_DISPLAY_ORIENTATION UNITY_UNIFIED_SHADER_PRECISION_MODEL UNITY_VIRTUAL_TEXTURING
Shader warning in 'Hidden/Sentis/SliceSet': signed/unsigned mismatch, unsigned assumed at Packages/com.unity.ai.inference/Runtime/Core/Resources/Sentis/PixelShaders/SliceSet.shader(71) (on metal)

Compiling Subshader: 0, Pass: <Unnamed Pass 0>, Vertex program with <no keywords>
Platform defines: SHADER_API_DESKTOP UNITY_ENABLE_DETAIL_NORMALMAP UNITY_ENABLE_REFLECTION_BUFFERS UNITY_FRAMEBUFFER_FETCH_AVAILABLE UNITY_LIGHTMAP_FULL_HDR UNITY_LIGHT_PROBE_PROXY_VOLUME UNITY_NEEDS_RENDERPASS_FBFETCH_FALLBACK UNITY_PBS_USE_BRDF1 UNITY_SPECCUBE_BLENDING UNITY_SPECCUBE_BOX_PROJECTION UNITY_USE_DITHER_MASK_FOR_ALPHABLENDED_SHADOWS
Disabled keywords: BLOCKWISE INT SHADER_API_GLES30 SHADER_API_GLES31 SHADER_API_GLES32 UNITY_ASTC_NORMALMAP_ENCODING UNITY_COLORSPACE_GAMMA UNITY_HARDWARE_TIER1 UNITY_HARDWARE_TIER2 UNITY_HARDWARE_TIER3 UNITY_LIGHTMAP_DLDR_ENCODING UNITY_LIGHTMAP_RGBM_ENCODING UNITY_METAL_SHADOWS_USE_POINT_FILTERING UNITY_NO_DXT5nm UNITY_NO_SCREENSPACE_SHADOWS UNITY_PBS_USE_BRDF2 UNITY_PBS_USE_BRDF3 UNITY_PRETRANSFORM_TO_DISPLAY_ORIENTATION UNITY_UNIFIED_SHADER_PRECISION_MODEL UNITY_VIRTUAL_TEXTURING
Shader warning in 'ConvGeneric': "TRANSPOSE_OUTPUT variants not supported with NON_UNIFORM_CONVGROUP_PER_OC, make sure this variant is not used" at kernel Conv1D_OutTransposed_4eoc_4esp at ConvGeneric.compute(548)
Shader warning in 'ConvGeneric': "TRANSPOSE_OUTPUT variants not supported with NON_UNIFORM_CONVGROUP_PER_OC, make sure this variant is not used" at kernel Conv1D_OutTransposed_4eoc_4esp at Packages/com.unity.ai.inference/Runtime/Core/Resources/Sentis/ComputeShaders/ConvGeneric.compute(548)
Shader warning in 'ConvGeneric': "TRANSPOSE_OUTPUT variants not supported with NON_UNIFORM_CONVGROUP_PER_OC, make sure this variant is not used" at kernel Conv1D_OutTransposed_4eoc_4esp at ConvGeneric.compute(547)
Shader warning in 'ConvGeneric': "TRANSPOSE_OUTPUT variants not supported with NON_UNIFORM_CONVGROUP_PER_OC, make sure this variant is not used" at kernel Conv1D_OutTransposed_4eoc_4esp at ConvGeneric.compute(548)
Shader warning in 'ConvGeneric': "TRANSPOSE_OUTPUT variants not supported with NON_UNIFORM_CONVGROUP_PER_OC, make sure this variant is not used" at kernel Conv1D_OutTransposed_4eoc_4esp at Packages/com.unity.ai.inference/Runtime/Core/Resources/Sentis/ComputeShaders/ConvGeneric.compute(547)
Shader warning in 'ConvGeneric': "TRANSPOSE_OUTPUT variants not supported with NON_UNIFORM_CONVGROUP_PER_OC, make sure this variant is not used" at kernel Conv1D_OutTransposed_4eoc_4esp at Packages/com.unity.ai.inference/Runtime/Core/Resources/Sentis/ComputeShaders/ConvGeneric.compute(548)
Shader warning in 'ConvGeneric': "TRANSPOSE_OUTPUT variants not supported with NON_UNIFORM_CONVGROUP_PER_OC, make sure this variant is not used" at kernel Conv1D_OutTransposed_4eoc_4esp at ConvGeneric.compute(547)
Shader warning in 'ConvGeneric': "TRANSPOSE_OUTPUT variants not supported with NON_UNIFORM_CONVGROUP_PER_OC, make sure this variant is not used" at kernel Conv1D_OutTransposed_4eoc_4esp at ConvGeneric.compute(548)
Shader warning in 'ConvGeneric': "TRANSPOSE_OUTPUT variants not supported with NON_UNIFORM_CONVGROUP_PER_OC, make sure this variant is not used" at kernel Conv1D_OutTransposed_4eoc_4esp at Packages/com.unity.ai.inference/Runtime/Core/Resources/Sentis/ComputeShaders/ConvGeneric.compute(547)
Shader warning in 'ConvGeneric': "TRANSPOSE_OUTPUT variants not supported with NON_UNIFORM_CONVGROUP_PER_OC, make sure this variant is not used" at kernel Conv1D_OutTransposed_4eoc_4esp at Packages/com.unity.ai.inference/Runtime/Core/Resources/Sentis/ComputeShaders/ConvGeneric.compute(548)
Shader warning in 'ConvGeneric': "TRANSPOSE_OUTPUT variants not supported with NON_UNIFORM_CONVGROUP_PER_OC, make sure this variant is not used" at kernel Conv1D_OutTransposed_4eoc_4esp at ConvGeneric.compute(546)
Shader warning in 'ConvGeneric': "TRANSPOSE_OUTPUT variants not supported with NON_UNIFORM_CONVGROUP_PER_OC, make sure this variant is not used" at kernel Conv1D_OutTransposed_4eoc_4esp at ConvGeneric.compute(547)
Shader warning in 'ConvGeneric': "TRANSPOSE_OUTPUT variants not supported with NON_UNIFORM_CONVGROUP_PER_OC, make sure this variant is not used" at kernel Conv1D_OutTransposed_4eoc_4esp at ConvGeneric.compute(548)
Shader warning in 'ConvGeneric': "TRANSPOSE_OUTPUT variants not supported with NON_UNIFORM_CONVGROUP_PER_OC, make sure this variant is not used" at kernel Conv1D_OutTransposed_4eoc_4esp at Packages/com.unity.ai.inference/Runtime/Core/Resources/Sentis/ComputeShaders/ConvGeneric.compute(546)
Shader warning in 'ConvGeneric': "TRANSPOSE_OUTPUT variants not supported with NON_UNIFORM_CONVGROUP_PER_OC, make sure this variant is not used" at kernel Conv1D_OutTransposed_4eoc_4esp at Packages/com.unity.ai.inference/Runtime/Core/Resources/Sentis/ComputeShaders/ConvGeneric.compute(547)
Shader warning in 'ConvGeneric': "TRANSPOSE_OUTPUT variants not supported with NON_UNIFORM_CONVGROUP_PER_OC, make sure this variant is not used" at kernel Conv1D_OutTransposed_4eoc_4esp at Packages/com.unity.ai.inference/Runtime/Core/Resources/Sentis/ComputeShaders/ConvGeneric.compute(548)
Shader warning in 'ConvGeneric': "TRANSPOSE_OUTPUT variants not supported with NON_UNIFORM_CONVGROUP_PER_OC, make sure this variant is not used" at kernel Conv1D_OutTransposed_4eoc_4esp at ConvGeneric.compute(546)
Shader warning in 'ConvGeneric': "TRANSPOSE_OUTPUT variants not supported with NON_UNIFORM_CONVGROUP_PER_OC, make sure this variant is not used" at kernel Conv1D_OutTransposed_4eoc_4esp at ConvGeneric.compute(547)
Shader warning in 'ConvGeneric': "TRANSPOSE_OUTPUT variants not supported with NON_UNIFORM_CONVGROUP_PER_OC, make sure this variant is not used" at kernel Conv1DComplex_OutTransposed_4eoc_4esp at ConvGeneric.compute(548)
Shader warning in 'ConvGeneric': "TRANSPOSE_OUTPUT variants not supported with NON_UNIFORM_CONVGROUP_PER_OC, make sure this variant is not used" at kernel Conv1D_OutTransposed_4eoc_4esp at ConvGeneric.compute(548)
Shader warning in 'ConvGeneric': "TRANSPOSE_OUTPUT variants not supported with NON_UNIFORM_CONVGROUP_PER_OC, make sure this variant is not used" at kernel Conv1D_OutTransposed_4eoc_4esp at Packages/com.unity.ai.inference/Runtime/Core/Resources/Sentis/ComputeShaders/ConvGeneric.compute(546)
Shader warning in 'ConvGeneric': "TRANSPOSE_OUTPUT variants not supported with NON_UNIFORM_CONVGROUP_PER_OC, make sure this variant is not used" at kernel Conv1D_OutTransposed_4eoc_4esp at Packages/com.unity.ai.inference/Runtime/Core/Resources/Sentis/ComputeShaders/ConvGeneric.compute(547)
Shader warning in 'ConvGeneric': "TRANSPOSE_OUTPUT variants not supported with NON_UNIFORM_CONVGROUP_PER_OC, make sure this variant is not used" at kernel Conv1DComplex_OutTransposed_4eoc_4esp at Packages/com.unity.ai.inference/Runtime/Core/Resources/Sentis/ComputeShaders/ConvGeneric.compute(548)
Shader warning in 'ConvGeneric': "TRANSPOSE_OUTPUT variants not supported with NON_UNIFORM_CONVGROUP_PER_OC, make sure this variant is not used" at kernel Conv1D_OutTransposed_4eoc_4esp at Packages/com.unity.ai.inference/Runtime/Core/Resources/Sentis/ComputeShaders/ConvGeneric.compute(548)
Shader warning in 'ConvGeneric': "TRANSPOSE_OUTPUT variants not supported with NON_UNIFORM_CONVGROUP_PER_OC, make sure this variant is not used" at kernel Conv1D_OutTransposed_4eoc_4esp at ConvGeneric.compute(546)
Shader warning in 'ConvGeneric': "TRANSPOSE_OUTPUT variants not supported with NON_UNIFORM_CONVGROUP_PER_OC, make sure this variant is not used" at kernel Conv1DComplex_OutTransposed_4eoc_4esp at ConvGeneric.compute(547)
Shader warning in 'ConvGeneric': "TRANSPOSE_OUTPUT variants not supported with NON_UNIFORM_CONVGROUP_PER_OC, make sure this variant is not used" at kernel Conv1D_OutTransposed_4eoc_4esp at ConvGeneric.compute(547)
Shader warning in 'ConvGeneric': "TRANSPOSE_OUTPUT variants not supported with NON_UNIFORM_CONVGROUP_PER_OC, make sure this variant is not used" at kernel Conv1DComplex_OutTransposed_4eoc_4esp at ConvGeneric.compute(548)
Shader warning in 'ConvGeneric': "TRANSPOSE_OUTPUT variants not supported with NON_UNIFORM_CONVGROUP_PER_OC, make sure this variant is not used" at kernel Conv1D_OutTransposed_4eoc_4esp at ConvGeneric.compute(548)
Shader warning in 'ConvGeneric': "TRANSPOSE_OUTPUT variants not supported with NON_UNIFORM_CONVGROUP_PER_OC, make sure this variant is not used" at kernel Conv1D_OutTransposed_4eoc_4esp at Packages/com.unity.ai.inference/Runtime/Core/Resources/Sentis/ComputeShaders/ConvGeneric.compute(546)
Shader warning in 'ConvGeneric': "TRANSPOSE_OUTPUT variants not supported with NON_UNIFORM_CONVGROUP_PER_OC, make sure this variant is not used" at kernel Conv1DComplex_OutTransposed_4eoc_4esp at Packages/com.unity.ai.inference/Runtime/Core/Resources/Sentis/ComputeShaders/ConvGeneric.compute(547)
Shader warning in 'ConvGeneric': "TRANSPOSE_OUTPUT variants not supported with NON_UNIFORM_CONVGROUP_PER_OC, make sure this variant is not used" at kernel Conv1D_OutTransposed_4eoc_4esp at Packages/com.unity.ai.inference/Runtime/Core/Resources/Sentis/ComputeShaders/ConvGeneric.compute(547)
Shader warning in 'ConvGeneric': "TRANSPOSE_OUTPUT variants not supported with NON_UNIFORM_CONVGROUP_PER_OC, make sure this variant is not used" at kernel Conv1DComplex_OutTransposed_4eoc_4esp at Packages/com.unity.ai.inference/Runtime/Core/Resources/Sentis/ComputeShaders/ConvGeneric.compute(548)
Shader warning in 'ConvGeneric': "TRANSPOSE_OUTPUT variants not supported with NON_UNIFORM_CONVGROUP_PER_OC, make sure this variant is not used" at kernel Conv1D_OutTransposed_4eoc_4esp at Packages/com.unity.ai.inference/Runtime/Core/Resources/Sentis/ComputeShaders/ConvGeneric.compute(548)
Shader warning in 'ConvGeneric': "TRANSPOSE_OUTPUT variants not supported with NON_UNIFORM_CONVGROUP_PER_OC, make sure this variant is not used" at kernel Conv1D_OutTransposed_4eoc_4esp at ConvGeneric.compute(546)
Shader warning in 'ConvGeneric': "TRANSPOSE_OUTPUT variants not supported with NON_UNIFORM_CONVGROUP_PER_OC, make sure this variant is not used" at kernel Conv1DComplex_OutTransposed_4eoc_4esp at ConvGeneric.compute(547)
Shader warning in 'ConvGeneric': "TRANSPOSE_OUTPUT variants not supported with NON_UNIFORM_CONVGROUP_PER_OC, make sure this variant is not used" at kernel Conv1D_OutTransposed_4eoc_4esp at ConvGeneric.compute(547)
Shader warning in 'ConvGeneric': "TRANSPOSE_OUTPUT variants not supported with NON_UNIFORM_CONVGROUP_PER_OC, make sure this variant is not used" at kernel Conv1DComplex_OutTransposed_4eoc_4esp at ConvGeneric.compute(548)
Shader warning in 'ConvGeneric': "TRANSPOSE_OUTPUT variants not supported with NON_UNIFORM_CONVGROUP_PER_OC, make sure this variant is not used" at kernel Conv1D_OutTransposed_4eoc_4esp at ConvGeneric.compute(548)
Shader warning in 'ConvGeneric': "TRANSPOSE_OUTPUT variants not supported with NON_UNIFORM_CONVGROUP_PER_OC, make sure this variant is not used" at kernel Conv1D_OutTransposed_4eoc_4esp at Packages/com.unity.ai.inference/Runtime/Core/Resources/Sentis/ComputeShaders/ConvGeneric.compute(546)
Shader warning in 'ConvGeneric': "TRANSPOSE_OUTPUT variants not supported with NON_UNIFORM_CONVGROUP_PER_OC, make sure this variant is not used" at kernel Conv1DComplex_OutTransposed_4eoc_4esp at Packages/com.unity.ai.inference/Runtime/Core/Resources/Sentis/ComputeShaders/ConvGeneric.compute(547)
Shader warning in 'ConvGeneric': "TRANSPOSE_OUTPUT variants not supported with NON_UNIFORM_CONVGROUP_PER_OC, make sure this variant is not used" at kernel Conv1D_OutTransposed_4eoc_4esp at Packages/com.unity.ai.inference/Runtime/Core/Resources/Sentis/ComputeShaders/ConvGeneric.compute(547)
Shader warning in 'ConvGeneric': "TRANSPOSE_OUTPUT variants not supported with NON_UNIFORM_CONVGROUP_PER_OC, make sure this variant is not used" at kernel Conv1DComplex_OutTransposed_4eoc_4esp at Packages/com.unity.ai.inference/Runtime/Core/Resources/Sentis/ComputeShaders/ConvGeneric.compute(548)
Shader warning in 'ConvGeneric': "TRANSPOSE_OUTPUT variants not supported with NON_UNIFORM_CONVGROUP_PER_OC, make sure this variant is not used" at kernel Conv1D_OutTransposed_4eoc_4esp at Packages/com.unity.ai.inference/Runtime/Core/Resources/Sentis/ComputeShaders/ConvGeneric.compute(548)
Shader warning in 'ConvGeneric': "TRANSPOSE_OUTPUT variants not supported with NON_UNIFORM_CONVGROUP_PER_OC, make sure this variant is not used" at kernel Conv1DComplex_OutTransposed_4eoc_4esp at ConvGeneric.compute(546)
Shader warning in 'ConvGeneric': "TRANSPOSE_OUTPUT variants not supported with NON_UNIFORM_CONVGROUP_PER_OC, make sure this variant is not used" at kernel Conv1D_OutTransposed_4eoc_4esp at ConvGeneric.compute(546)
Shader warning in 'ConvGeneric': "TRANSPOSE_OUTPUT variants not supported with NON_UNIFORM_CONVGROUP_PER_OC, make sure this variant is not used" at kernel Conv1DComplex_OutTransposed_4eoc_4esp at ConvGeneric.compute(547)
Shader warning in 'ConvGeneric': "TRANSPOSE_OUTPUT variants not supported with NON_UNIFORM_CONVGROUP_PER_OC, make sure this variant is not used" at kernel Conv1D_OutTransposed_4eoc_4esp at ConvGeneric.compute(547)
Shader warning in 'ConvGeneric': "TRANSPOSE_OUTPUT variants not supported with NON_UNIFORM_CONVGROUP_PER_OC, make sure this variant is not used" at kernel Conv1DComplex_OutTransposed_4eoc_4esp at ConvGeneric.compute(548)
Shader warning in 'ConvGeneric': "TRANSPOSE_OUTPUT variants not supported with NON_UNIFORM_CONVGROUP_PER_OC, make sure this variant is not used" at kernel Conv1D_OutTransposed_4eoc_4esp at ConvGeneric.compute(548)
Shader warning in 'ConvGeneric': "TRANSPOSE_OUTPUT variants not supported with NON_UNIFORM_CONVGROUP_PER_OC, make sure this variant is not used" at kernel Conv1DComplex_OutTransposed_4eoc_4esp at Packages/com.unity.ai.inference/Runtime/Core/Resources/Sentis/ComputeShaders/ConvGeneric.compute(546)
Shader warning in 'ConvGeneric': "TRANSPOSE_OUTPUT variants not supported with NON_UNIFORM_CONVGROUP_PER_OC, make sure this variant is not used" at kernel Conv1D_OutTransposed_4eoc_4esp at Packages/com.unity.ai.inference/Runtime/Core/Resources/Sentis/ComputeShaders/ConvGeneric.compute(546)
Shader warning in 'ConvGeneric': "TRANSPOSE_OUTPUT variants not supported with NON_UNIFORM_CONVGROUP_PER_OC, make sure this variant is not used" at kernel Conv1DComplex_OutTransposed_4eoc_4esp at Packages/com.unity.ai.inference/Runtime/Core/Resources/Sentis/ComputeShaders/ConvGeneric.compute(547)
Shader warning in 'ConvGeneric': "TRANSPOSE_OUTPUT variants not supported with NON_UNIFORM_CONVGROUP_PER_OC, make sure this variant is not used" at kernel Conv1D_OutTransposed_4eoc_4esp at Packages/com.unity.ai.inference/Runtime/Core/Resources/Sentis/ComputeShaders/ConvGeneric.compute(547)
Shader warning in 'ConvGeneric': "TRANSPOSE_OUTPUT variants not supported with NON_UNIFORM_CONVGROUP_PER_OC, make sure this variant is not used" at kernel Conv1DComplex_OutTransposed_4eoc_4esp at Packages/com.unity.ai.inference/Runtime/Core/Resources/Sentis/ComputeShaders/ConvGeneric.compute(548)
Shader warning in 'ConvGeneric': "TRANSPOSE_OUTPUT variants not supported with NON_UNIFORM_CONVGROUP_PER_OC, make sure this variant is not used" at kernel Conv1D_OutTransposed_4eoc_4esp at Packages/com.unity.ai.inference/Runtime/Core/Resources/Sentis/ComputeShaders/ConvGeneric.compute(548)
Shader warning in 'ConvGeneric': "TRANSPOSE_OUTPUT variants not supported with NON_UNIFORM_CONVGROUP_PER_OC, make sure this variant is not used" at kernel Conv1DComplex_OutTransposed_4eoc_4esp at ConvGeneric.compute(546)
Shader warning in 'ConvGeneric': "TRANSPOSE_OUTPUT variants not supported with NON_UNIFORM_CONVGROUP_PER_OC, make sure this variant is not used" at kernel Conv1D_OutTransposed_4eoc_4esp at ConvGeneric.compute(546)
Shader warning in 'ConvGeneric': "TRANSPOSE_OUTPUT variants not supported with NON_UNIFORM_CONVGROUP_PER_OC, make sure this variant is not used" at kernel Conv1DComplex_OutTransposed_4eoc_4esp at ConvGeneric.compute(547)
Shader warning in 'ConvGeneric': "TRANSPOSE_OUTPUT variants not supported with NON_UNIFORM_CONVGROUP_PER_OC, make sure this variant is not used" at kernel Conv1D_OutTransposed_4eoc_4esp at ConvGeneric.compute(547)
Shader warning in 'ConvGeneric': "TRANSPOSE_OUTPUT variants not supported with NON_UNIFORM_CONVGROUP_PER_OC, make sure this variant is not used" at kernel Conv1DComplex_OutTransposed_4eoc_4esp at ConvGeneric.compute(548)
Shader warning in 'ConvGeneric': "TRANSPOSE_OUTPUT variants not supported with NON_UNIFORM_CONVGROUP_PER_OC, make sure this variant is not used" at kernel Conv1D_OutTransposed_4eoc_4esp at ConvGeneric.compute(548)
Shader warning in 'ConvGeneric': "TRANSPOSE_OUTPUT variants not supported with NON_UNIFORM_CONVGROUP_PER_OC, make sure this variant is not used" at kernel Conv1D_Scaled_OutTransposed_4eoc_4esp at ConvGeneric.compute(548)
Shader warning in 'ConvGeneric': "TRANSPOSE_OUTPUT variants not supported with NON_UNIFORM_CONVGROUP_PER_OC, make sure this variant is not used" at kernel Conv1DComplex_OutTransposed_4eoc_4esp at Packages/com.unity.ai.inference/Runtime/Core/Resources/Sentis/ComputeShaders/ConvGeneric.compute(546)
Shader warning in 'ConvGeneric': "TRANSPOSE_OUTPUT variants not supported with NON_UNIFORM_CONVGROUP_PER_OC, make sure this variant is not used" at kernel Conv1D_OutTransposed_4eoc_4esp at Packages/com.unity.ai.inference/Runtime/Core/Resources/Sentis/ComputeShaders/ConvGeneric.compute(546)
Shader warning in 'ConvGeneric': "TRANSPOSE_OUTPUT variants not supported with NON_UNIFORM_CONVGROUP_PER_OC, make sure this variant is not used" at kernel Conv1DComplex_OutTransposed_4eoc_4esp at Packages/com.unity.ai.inference/Runtime/Core/Resources/Sentis/ComputeShaders/ConvGeneric.compute(547)
Shader warning in 'ConvGeneric': "TRANSPOSE_OUTPUT variants not supported with NON_UNIFORM_CONVGROUP_PER_OC, make sure this variant is not used" at kernel Conv1D_OutTransposed_4eoc_4esp at Packages/com.unity.ai.inference/Runtime/Core/Resources/Sentis/ComputeShaders/ConvGeneric.compute(547)
Shader warning in 'ConvGeneric': "TRANSPOSE_OUTPUT variants not supported with NON_UNIFORM_CONVGROUP_PER_OC, make sure this variant is not used" at kernel Conv1DComplex_OutTransposed_4eoc_4esp at Packages/com.unity.ai.inference/Runtime/Core/Resources/Sentis/ComputeShaders/ConvGeneric.compute(548)
Shader warning in 'ConvGeneric': "TRANSPOSE_OUTPUT variants not supported with NON_UNIFORM_CONVGROUP_PER_OC, make sure this variant is not used" at kernel Conv1D_OutTransposed_4eoc_4esp at Packages/com.unity.ai.inference/Runtime/Core/Resources/Sentis/ComputeShaders/ConvGeneric.compute(548)
Shader warning in 'ConvGeneric': "TRANSPOSE_OUTPUT variants not supported with NON_UNIFORM_CONVGROUP_PER_OC, make sure this variant is not used" at kernel Conv1D_Scaled_OutTransposed_4eoc_4esp at Packages/com.unity.ai.inference/Runtime/Core/Resources/Sentis/ComputeShaders/ConvGeneric.compute(548)
Shader warning in 'ConvGeneric': "TRANSPOSE_OUTPUT variants not supported with NON_UNIFORM_CONVGROUP_PER_OC, make sure this variant is not used" at kernel Conv1DComplex_OutTransposed_4eoc_4esp at ConvGeneric.compute(546)
Shader warning in 'ConvGeneric': "TRANSPOSE_OUTPUT variants not supported with NON_UNIFORM_CONVGROUP_PER_OC, make sure this variant is not used" at kernel Conv1D_OutTransposed_4eoc_4esp at ConvGeneric.compute(546)
Shader warning in 'ConvGeneric': "TRANSPOSE_OUTPUT variants not supported with NON_UNIFORM_CONVGROUP_PER_OC, make sure this variant is not used" at kernel Conv1DComplex_OutTransposed_4eoc_4esp at ConvGeneric.compute(547)
Shader warning in 'ConvGeneric': "TRANSPOSE_OUTPUT variants not supported with NON_UNIFORM_CONVGROUP_PER_OC, make sure this variant is not used" at kernel Conv1D_OutTransposed_4eoc_4esp at ConvGeneric.compute(547)
Shader warning in 'ConvGeneric': "TRANSPOSE_OUTPUT variants not supported with NON_UNIFORM_CONVGROUP_PER_OC, make sure this variant is not used" at kernel Conv1D_Scaled_OutTransposed_4eoc_4esp at ConvGeneric.compute(547)
Shader warning in 'ConvGeneric': "TRANSPOSE_OUTPUT variants not supported with NON_UNIFORM_CONVGROUP_PER_OC, make sure this variant is not used" at kernel Conv1DComplex_OutTransposed_4eoc_4esp at ConvGeneric.compute(548)
Shader warning in 'ConvGeneric': "TRANSPOSE_OUTPUT variants not supported with NON_UNIFORM_CONVGROUP_PER_OC, make sure this variant is not used" at kernel Conv1D_OutTransposed_4eoc_4esp at ConvGeneric.compute(548)
Shader warning in 'ConvGeneric': "TRANSPOSE_OUTPUT variants not supported with NON_UNIFORM_CONVGROUP_PER_OC, make sure this variant is not used" at kernel Conv1D_Scaled_OutTransposed_4eoc_4esp at ConvGeneric.compute(548)
Shader warning in 'ConvGeneric': "TRANSPOSE_OUTPUT variants not supported with NON_UNIFORM_CONVGROUP_PER_OC, make sure this variant is not used" at kernel Conv1DComplex_OutTransposed_4eoc_4esp at Packages/com.unity.ai.inference/Runtime/Core/Resources/Sentis/ComputeShaders/ConvGeneric.compute(546)
Shader warning in 'ConvGeneric': "TRANSPOSE_OUTPUT variants not supported with NON_UNIFORM_CONVGROUP_PER_OC, make sure this variant is not used" at kernel Conv1D_OutTransposed_4eoc_4esp at Packages/com.unity.ai.inference/Runtime/Core/Resources/Sentis/ComputeShaders/ConvGeneric.compute(546)
Shader warning in 'ConvGeneric': "TRANSPOSE_OUTPUT variants not supported with NON_UNIFORM_CONVGROUP_PER_OC, make sure this variant is not used" at kernel Conv1DComplex_OutTransposed_4eoc_4esp at Packages/com.unity.ai.inference/Runtime/Core/Resources/Sentis/ComputeShaders/ConvGeneric.compute(547)
Shader warning in 'ConvGeneric': "TRANSPOSE_OUTPUT variants not supported with NON_UNIFORM_CONVGROUP_PER_OC, make sure this variant is not used" at kernel Conv1D_OutTransposed_4eoc_4esp at Packages/com.unity.ai.inference/Runtime/Core/Resources/Sentis/ComputeShaders/ConvGeneric.compute(547)
Shader warning in 'ConvGeneric': "TRANSPOSE_OUTPUT variants not supported with NON_UNIFORM_CONVGROUP_PER_OC, make sure this variant is not used" at kernel Conv1D_Scaled_OutTransposed_4eoc_4esp at Packages/com.unity.ai.inference/Runtime/Core/Resources/Sentis/ComputeShaders/ConvGeneric.compute(547)
Shader warning in 'ConvGeneric': "TRANSPOSE_OUTPUT variants not supported with NON_UNIFORM_CONVGROUP_PER_OC, make sure this variant is not used" at kernel Conv1DComplex_OutTransposed_4eoc_4esp at Packages/com.unity.ai.inference/Runtime/Core/Resources/Sentis/ComputeShaders/ConvGeneric.compute(548)
Shader warning in 'ConvGeneric': "TRANSPOSE_OUTPUT variants not supported with NON_UNIFORM_CONVGROUP_PER_OC, make sure this variant is not used" at kernel Conv1D_OutTransposed_4eoc_4esp at Packages/com.unity.ai.inference/Runtime/Core/Resources/Sentis/ComputeShaders/ConvGeneric.compute(548)
Shader warning in 'ConvGeneric': "TRANSPOSE_OUTPUT variants not supported with NON_UNIFORM_CONVGROUP_PER_OC, make sure this variant is not used" at kernel Conv1D_Scaled_OutTransposed_4eoc_4esp at Packages/com.unity.ai.inference/Runtime/Core/Resources/Sentis/ComputeShaders/ConvGeneric.compute(548)
Shader warning in 'ConvGeneric': "TRANSPOSE_OUTPUT variants not supported with NON_UNIFORM_CONVGROUP_PER_OC, make sure this variant is not used" at kernel Conv1DComplex_OutTransposed_4eoc_4esp at ConvGeneric.compute(546)
Shader warning in 'ConvGeneric': "TRANSPOSE_OUTPUT variants not supported with NON_UNIFORM_CONVGROUP_PER_OC, make sure this variant is not used" at kernel Conv1D_OutTransposed_4eoc_4esp at ConvGeneric.compute(546)
Shader warning in 'ConvGeneric': "TRANSPOSE_OUTPUT variants not supported with NON_UNIFORM_CONVGROUP_PER_OC, make sure this variant is not used" at kernel Conv1DComplex_OutTransposed_4eoc_4esp at ConvGeneric.compute(547)
Shader warning in 'ConvGeneric': "TRANSPOSE_OUTPUT variants not supported with NON_UNIFORM_CONVGROUP_PER_OC, make sure this variant is not used" at kernel Conv1D_OutTransposed_4eoc_4esp at ConvGeneric.compute(547)
Shader warning in 'ConvGeneric': "TRANSPOSE_OUTPUT variants not supported with NON_UNIFORM_CONVGROUP_PER_OC, make sure this variant is not used" at kernel Conv1D_Scaled_OutTransposed_4eoc_4esp at ConvGeneric.compute(547)
Shader warning in 'ConvGeneric': "TRANSPOSE_OUTPUT variants not supported with NON_UNIFORM_CONVGROUP_PER_OC, make sure this variant is not used" at kernel Conv1DComplex_OutTransposed_4eoc_4esp at ConvGeneric.compute(548)
Shader warning in 'ConvGeneric': "TRANSPOSE_OUTPUT variants not supported with NON_UNIFORM_CONVGROUP_PER_OC, make sure this variant is not used" at kernel Conv1D_OutTransposed_4eoc_4esp at ConvGeneric.compute(548)
Shader warning in 'ConvGeneric': "TRANSPOSE_OUTPUT variants not supported with NON_UNIFORM_CONVGROUP_PER_OC, make sure this variant is not used" at kernel Conv1D_Scaled_OutTransposed_4eoc_4esp at ConvGeneric.compute(548)
Shader warning in 'ConvGeneric': "TRANSPOSE_OUTPUT variants not supported with NON_UNIFORM_CONVGROUP_PER_OC, make sure this variant is not used" at kernel Conv1DComplex_OutTransposed_4eoc_4esp at Packages/com.unity.ai.inference/Runtime/Core/Resources/Sentis/ComputeShaders/ConvGeneric.compute(546)
Shader warning in 'ConvGeneric': "TRANSPOSE_OUTPUT variants not supported with NON_UNIFORM_CONVGROUP_PER_OC, make sure this variant is not used" at kernel Conv1D_OutTransposed_4eoc_4esp at Packages/com.unity.ai.inference/Runtime/Core/Resources/Sentis/ComputeShaders/ConvGeneric.compute(546)
Shader warning in 'ConvGeneric': "TRANSPOSE_OUTPUT variants not supported with NON_UNIFORM_CONVGROUP_PER_OC, make sure this variant is not used" at kernel Conv1DComplex_OutTransposed_4eoc_4esp at Packages/com.unity.ai.inference/Runtime/Core/Resources/Sentis/ComputeShaders/ConvGeneric.compute(547)
Shader warning in 'ConvGeneric': "TRANSPOSE_OUTPUT variants not supported with NON_UNIFORM_CONVGROUP_PER_OC, make sure this variant is not used" at kernel Conv1D_OutTransposed_4eoc_4esp at Packages/com.unity.ai.inference/Runtime/Core/Resources/Sentis/ComputeShaders/ConvGeneric.compute(547)
Shader warning in 'ConvGeneric': "TRANSPOSE_OUTPUT variants not supported with NON_UNIFORM_CONVGROUP_PER_OC, make sure this variant is not used" at kernel Conv1D_Scaled_OutTransposed_4eoc_4esp at Packages/com.unity.ai.inference/Runtime/Core/Resources/Sentis/ComputeShaders/ConvGeneric.compute(547)
Shader warning in 'ConvGeneric': "TRANSPOSE_OUTPUT variants not supported with NON_UNIFORM_CONVGROUP_PER_OC, make sure this variant is not used" at kernel Conv1DComplex_OutTransposed_4eoc_4esp at Packages/com.unity.ai.inference/Runtime/Core/Resources/Sentis/ComputeShaders/ConvGeneric.compute(548)
Shader warning in 'ConvGeneric': "TRANSPOSE_OUTPUT variants not supported with NON_UNIFORM_CONVGROUP_PER_OC, make sure this variant is not used" at kernel Conv1D_OutTransposed_4eoc_4esp at Packages/com.unity.ai.inference/Runtime/Core/Resources/Sentis/ComputeShaders/ConvGeneric.compute(548)
Shader warning in 'ConvGeneric': "TRANSPOSE_OUTPUT variants not supported with NON_UNIFORM_CONVGROUP_PER_OC, make sure this variant is not used" at kernel Conv1D_Scaled_OutTransposed_4eoc_4esp at Packages/com.unity.ai.inference/Runtime/Core/Resources/Sentis/ComputeShaders/ConvGeneric.compute(548)
Shader warning in 'ConvGeneric': "TRANSPOSE_OUTPUT variants not supported with NON_UNIFORM_CONVGROUP_PER_OC, make sure this variant is not used" at kernel Conv1DComplex_OutTransposed_4eoc_4esp at ConvGeneric.compute(546)
Shader warning in 'ConvGeneric': "TRANSPOSE_OUTPUT variants not supported with NON_UNIFORM_CONVGROUP_PER_OC, make sure this variant is not used" at kernel Conv1D_OutTransposed_4eoc_4esp at ConvGeneric.compute(546)
Shader warning in 'ConvGeneric': "TRANSPOSE_OUTPUT variants not supported with NON_UNIFORM_CONVGROUP_PER_OC, make sure this variant is not used" at kernel Conv1D_Scaled_OutTransposed_4eoc_4esp at ConvGeneric.compute(546)
Shader warning in 'ConvGeneric': "TRANSPOSE_OUTPUT variants not supported with NON_UNIFORM_CONVGROUP_PER_OC, make sure this variant is not used" at kernel Conv1DComplex_OutTransposed_4eoc_4esp at ConvGeneric.compute(547)
Shader warning in 'ConvGeneric': "TRANSPOSE_OUTPUT variants not supported with NON_UNIFORM_CONVGROUP_PER_OC, make sure this variant is not used" at kernel Conv1D_OutTransposed_4eoc_4esp at ConvGeneric.compute(547)
Shader warning in 'ConvGeneric': "TRANSPOSE_OUTPUT variants not supported with NON_UNIFORM_CONVGROUP_PER_OC, make sure this variant is not used" at kernel Conv1D_Scaled_OutTransposed_4eoc_4esp at ConvGeneric.compute(547)
Shader warning in 'ConvGeneric': "TRANSPOSE_OUTPUT variants not supported with NON_UNIFORM_CONVGROUP_PER_OC, make sure this variant is not used" at kernel Conv1DComplex_OutTransposed_4eoc_4esp at ConvGeneric.compute(548)
Shader warning in 'ConvGeneric': "TRANSPOSE_OUTPUT variants not supported with NON_UNIFORM_CONVGROUP_PER_OC, make sure this variant is not used" at kernel Conv1D_OutTransposed_4eoc_4esp at ConvGeneric.compute(548)
Shader warning in 'ConvGeneric': "TRANSPOSE_OUTPUT variants not supported with NON_UNIFORM_CONVGROUP_PER_OC, make sure this variant is not used" at kernel Conv1D_Scaled_OutTransposed_4eoc_4esp at ConvGeneric.compute(548)
Shader warning in 'ConvGeneric': "TRANSPOSE_OUTPUT variants not supported with NON_UNIFORM_CONVGROUP_PER_OC, make sure this variant is not used" at kernel Conv1DComplex_OutTransposed_4eoc_4esp at Packages/com.unity.ai.inference/Runtime/Core/Resources/Sentis/ComputeShaders/ConvGeneric.compute(546)
Shader warning in 'ConvGeneric': "TRANSPOSE_OUTPUT variants not supported with NON_UNIFORM_CONVGROUP_PER_OC, make sure this variant is not used" at kernel Conv1D_OutTransposed_4eoc_4esp at Packages/com.unity.ai.inference/Runtime/Core/Resources/Sentis/ComputeShaders/ConvGeneric.compute(546)
Shader warning in 'ConvGeneric': "TRANSPOSE_OUTPUT variants not supported with NON_UNIFORM_CONVGROUP_PER_OC, make sure this variant is not used" at kernel Conv1D_Scaled_OutTransposed_4eoc_4esp at Packages/com.unity.ai.inference/Runtime/Core/Resources/Sentis/ComputeShaders/ConvGeneric.compute(546)
Shader warning in 'ConvGeneric': "TRANSPOSE_OUTPUT variants not supported with NON_UNIFORM_CONVGROUP_PER_OC, make sure this variant is not used" at kernel Conv1DComplex_OutTransposed_4eoc_4esp at Packages/com.unity.ai.inference/Runtime/Core/Resources/Sentis/ComputeShaders/ConvGeneric.compute(547)
Shader warning in 'ConvGeneric': "TRANSPOSE_OUTPUT variants not supported with NON_UNIFORM_CONVGROUP_PER_OC, make sure this variant is not used" at kernel Conv1D_OutTransposed_4eoc_4esp at Packages/com.unity.ai.inference/Runtime/Core/Resources/Sentis/ComputeShaders/ConvGeneric.compute(547)
Shader warning in 'ConvGeneric': "TRANSPOSE_OUTPUT variants not supported with NON_UNIFORM_CONVGROUP_PER_OC, make sure this variant is not used" at kernel Conv1D_Scaled_OutTransposed_4eoc_4esp at Packages/com.unity.ai.inference/Runtime/Core/Resources/Sentis/ComputeShaders/ConvGeneric.compute(547)
Shader warning in 'ConvGeneric': "TRANSPOSE_OUTPUT variants not supported with NON_UNIFORM_CONVGROUP_PER_OC, make sure this variant is not used" at kernel Conv1DComplex_OutTransposed_4eoc_4esp at Packages/com.unity.ai.inference/Runtime/Core/Resources/Sentis/ComputeShaders/ConvGeneric.compute(548)
Shader warning in 'ConvGeneric': "TRANSPOSE_OUTPUT variants not supported with NON_UNIFORM_CONVGROUP_PER_OC, make sure this variant is not used" at kernel Conv1D_OutTransposed_4eoc_4esp at Packages/com.unity.ai.inference/Runtime/Core/Resources/Sentis/ComputeShaders/ConvGeneric.compute(548)
Shader warning in 'ConvGeneric': "TRANSPOSE_OUTPUT variants not supported with NON_UNIFORM_CONVGROUP_PER_OC, make sure this variant is not used" at kernel Conv1D_Scaled_OutTransposed_4eoc_4esp at Packages/com.unity.ai.inference/Runtime/Core/Resources/Sentis/ComputeShaders/ConvGeneric.compute(548)
Shader warning in 'ConvGeneric': "TRANSPOSE_OUTPUT variants not supported with NON_UNIFORM_CONVGROUP_PER_OC, make sure this variant is not used" at kernel Conv1DComplex_OutTransposed_4eoc_4esp at ConvGeneric.compute(546)
Shader warning in 'ConvGeneric': "TRANSPOSE_OUTPUT variants not supported with NON_UNIFORM_CONVGROUP_PER_OC, make sure this variant is not used" at kernel Conv1D_OutTransposed_4eoc_4esp at ConvGeneric.compute(546)
Shader warning in 'ConvGeneric': "TRANSPOSE_OUTPUT variants not supported with NON_UNIFORM_CONVGROUP_PER_OC, make sure this variant is not used" at kernel Conv1D_Scaled_OutTransposed_4eoc_4esp at ConvGeneric.compute(546)
Shader warning in 'ConvGeneric': "TRANSPOSE_OUTPUT variants not supported with NON_UNIFORM_CONVGROUP_PER_OC, make sure this variant is not used" at kernel Conv1DComplex_OutTransposed_4eoc_4esp at ConvGeneric.compute(547)
Shader warning in 'ConvGeneric': "TRANSPOSE_OUTPUT variants not supported with NON_UNIFORM_CONVGROUP_PER_OC, make sure this variant is not used" at kernel Conv1D_OutTransposed_4eoc_4esp at ConvGeneric.compute(547)
Shader warning in 'ConvGeneric': "TRANSPOSE_OUTPUT variants not supported with NON_UNIFORM_CONVGROUP_PER_OC, make sure this variant is not used" at kernel Conv1D_Scaled_OutTransposed_4eoc_4esp at ConvGeneric.compute(547)
Shader warning in 'ConvGeneric': "TRANSPOSE_OUTPUT variants not supported with NON_UNIFORM_CONVGROUP_PER_OC, make sure this variant is not used" at kernel Conv1DComplex_OutTransposed_4eoc_4esp at ConvGeneric.compute(548)
Shader warning in 'ConvGeneric': "TRANSPOSE_OUTPUT variants not supported with NON_UNIFORM_CONVGROUP_PER_OC, make sure this variant is not used" at kernel Conv1D_OutTransposed_4eoc_4esp at ConvGeneric.compute(548)
Shader warning in 'ConvGeneric': "TRANSPOSE_OUTPUT variants not supported with NON_UNIFORM_CONVGROUP_PER_OC, make sure this variant is not used" at kernel Conv1D_Scaled_Complex_OutTransposed_4eoc_4esp at ConvGeneric.compute(548)
Shader warning in 'ConvGeneric': "TRANSPOSE_OUTPUT variants not supported with NON_UNIFORM_CONVGROUP_PER_OC, make sure this variant is not used" at kernel Conv1D_Scaled_OutTransposed_4eoc_4esp at ConvGeneric.compute(548)
Shader warning in 'ConvGeneric': "TRANSPOSE_OUTPUT variants not supported with NON_UNIFORM_CONVGROUP_PER_OC, make sure this variant is not used" at kernel Conv1DComplex_OutTransposed_4eoc_4esp at Packages/com.unity.ai.inference/Runtime/Core/Resources/Sentis/ComputeShaders/ConvGeneric.compute(546)
Shader warning in 'ConvGeneric': "TRANSPOSE_OUTPUT variants not supported with NON_UNIFORM_CONVGROUP_PER_OC, make sure this variant is not used" at kernel Conv1D_OutTransposed_4eoc_4esp at Packages/com.unity.ai.inference/Runtime/Core/Resources/Sentis/ComputeShaders/ConvGeneric.compute(546)
Shader warning in 'ConvGeneric': "TRANSPOSE_OUTPUT variants not supported with NON_UNIFORM_CONVGROUP_PER_OC, make sure this variant is not used" at kernel Conv1D_Scaled_OutTransposed_4eoc_4esp at Packages/com.unity.ai.inference/Runtime/Core/Resources/Sentis/ComputeShaders/ConvGeneric.compute(546)
Shader warning in 'ConvGeneric': "TRANSPOSE_OUTPUT variants not supported with NON_UNIFORM_CONVGROUP_PER_OC, make sure this variant is not used" at kernel Conv1DComplex_OutTransposed_4eoc_4esp at Packages/com.unity.ai.inference/Runtime/Core/Resources/Sentis/ComputeShaders/ConvGeneric.compute(547)
Shader warning in 'ConvGeneric': "TRANSPOSE_OUTPUT variants not supported with NON_UNIFORM_CONVGROUP_PER_OC, make sure this variant is not used" at kernel Conv1D_OutTransposed_4eoc_4esp at Packages/com.unity.ai.inference/Runtime/Core/Resources/Sentis/ComputeShaders/ConvGeneric.compute(547)
Shader warning in 'ConvGeneric': "TRANSPOSE_OUTPUT variants not supported with NON_UNIFORM_CONVGROUP_PER_OC, make sure this variant is not used" at kernel Conv1D_Scaled_OutTransposed_4eoc_4esp at Packages/com.unity.ai.inference/Runtime/Core/Resources/Sentis/ComputeShaders/ConvGeneric.compute(547)
Shader warning in 'ConvGeneric': "TRANSPOSE_OUTPUT variants not supported with NON_UNIFORM_CONVGROUP_PER_OC, make sure this variant is not used" at kernel Conv1DComplex_OutTransposed_4eoc_4esp at Packages/com.unity.ai.inference/Runtime/Core/Resources/Sentis/ComputeShaders/ConvGeneric.compute(548)
Shader warning in 'ConvGeneric': "TRANSPOSE_OUTPUT variants not supported with NON_UNIFORM_CONVGROUP_PER_OC, make sure this variant is not used" at kernel Conv1D_OutTransposed_4eoc_4esp at Packages/com.unity.ai.inference/Runtime/Core/Resources/Sentis/ComputeShaders/ConvGeneric.compute(548)
Shader warning in 'ConvGeneric': "TRANSPOSE_OUTPUT variants not supported with NON_UNIFORM_CONVGROUP_PER_OC, make sure this variant is not used" at kernel Conv1D_Scaled_Complex_OutTransposed_4eoc_4esp at Packages/com.unity.ai.inference/Runtime/Core/Resources/Sentis/ComputeShaders/ConvGeneric.compute(548)
Shader warning in 'ConvGeneric': "TRANSPOSE_OUTPUT variants not supported with NON_UNIFORM_CONVGROUP_PER_OC, make sure this variant is not used" at kernel Conv1D_Scaled_OutTransposed_4eoc_4esp at Packages/com.unity.ai.inference/Runtime/Core/Resources/Sentis/ComputeShaders/ConvGeneric.compute(548)
Shader warning in 'ConvGeneric': "TRANSPOSE_OUTPUT variants not supported with NON_UNIFORM_CONVGROUP_PER_OC, make sure this variant is not used" at kernel Conv1DComplex_OutTransposed_4eoc_4esp at ConvGeneric.compute(546)
Shader warning in 'ConvGeneric': "TRANSPOSE_OUTPUT variants not supported with NON_UNIFORM_CONVGROUP_PER_OC, make sure this variant is not used" at kernel Conv1D_OutTransposed_4eoc_4esp at ConvGeneric.compute(546)
Shader warning in 'ConvGeneric': "TRANSPOSE_OUTPUT variants not supported with NON_UNIFORM_CONVGROUP_PER_OC, make sure this variant is not used" at kernel Conv1D_Scaled_OutTransposed_4eoc_4esp at ConvGeneric.compute(546)
Shader warning in 'ConvGeneric': "TRANSPOSE_OUTPUT variants not supported with NON_UNIFORM_CONVGROUP_PER_OC, make sure this variant is not used" at kernel Conv1DComplex_OutTransposed_4eoc_4esp at ConvGeneric.compute(547)
Shader warning in 'ConvGeneric': "TRANSPOSE_OUTPUT variants not supported with NON_UNIFORM_CONVGROUP_PER_OC, make sure this variant is not used" at kernel Conv1D_OutTransposed_4eoc_4esp at ConvGeneric.compute(547)
Shader warning in 'ConvGeneric': "TRANSPOSE_OUTPUT variants not supported with NON_UNIFORM_CONVGROUP_PER_OC, make sure this variant is not used" at kernel Conv1D_Scaled_Complex_OutTransposed_4eoc_4esp at ConvGeneric.compute(547)
Shader warning in 'ConvGeneric': "TRANSPOSE_OUTPUT variants not supported with NON_UNIFORM_CONVGROUP_PER_OC, make sure this variant is not used" at kernel Conv1D_Scaled_OutTransposed_4eoc_4esp at ConvGeneric.compute(547)
Shader warning in 'ConvGeneric': "TRANSPOSE_OUTPUT variants not supported with NON_UNIFORM_CONVGROUP_PER_OC, make sure this variant is not used" at kernel Conv1DComplex_OutTransposed_4eoc_4esp at ConvGeneric.compute(548)
Shader warning in 'ConvGeneric': "TRANSPOSE_OUTPUT variants not supported with NON_UNIFORM_CONVGROUP_PER_OC, make sure this variant is not used" at kernel Conv1D_OutTransposed_4eoc_4esp at ConvGeneric.compute(548)
Shader warning in 'ConvGeneric': "TRANSPOSE_OUTPUT variants not supported with NON_UNIFORM_CONVGROUP_PER_OC, make sure this variant is not used" at kernel Conv1D_Scaled_Complex_OutTransposed_4eoc_4esp at ConvGeneric.compute(548)
Shader warning in 'ConvGeneric': "TRANSPOSE_OUTPUT variants not supported with NON_UNIFORM_CONVGROUP_PER_OC, make sure this variant is not used" at kernel Conv1D_Scaled_OutTransposed_4eoc_4esp at ConvGeneric.compute(548)
Shader warning in 'ConvGeneric': "TRANSPOSE_OUTPUT variants not supported with NON_UNIFORM_CONVGROUP_PER_OC, make sure this variant is not used" at kernel Conv1DComplex_OutTransposed_4eoc_4esp at Packages/com.unity.ai.inference/Runtime/Core/Resources/Sentis/ComputeShaders/ConvGeneric.compute(546)
Shader warning in 'ConvGeneric': "TRANSPOSE_OUTPUT variants not supported with NON_UNIFORM_CONVGROUP_PER_OC, make sure this variant is not used" at kernel Conv1D_OutTransposed_4eoc_4esp at Packages/com.unity.ai.inference/Runtime/Core/Resources/Sentis/ComputeShaders/ConvGeneric.compute(546)
Shader warning in 'ConvGeneric': "TRANSPOSE_OUTPUT variants not supported with NON_UNIFORM_CONVGROUP_PER_OC, make sure this variant is not used" at kernel Conv1D_Scaled_OutTransposed_4eoc_4esp at Packages/com.unity.ai.inference/Runtime/Core/Resources/Sentis/ComputeShaders/ConvGeneric.compute(546)
Shader warning in 'ConvGeneric': "TRANSPOSE_OUTPUT variants not supported with NON_UNIFORM_CONVGROUP_PER_OC, make sure this variant is not used" at kernel Conv1DComplex_OutTransposed_4eoc_4esp at Packages/com.unity.ai.inference/Runtime/Core/Resources/Sentis/ComputeShaders/ConvGeneric.compute(547)
Shader warning in 'ConvGeneric': "TRANSPOSE_OUTPUT variants not supported with NON_UNIFORM_CONVGROUP_PER_OC, make sure this variant is not used" at kernel Conv1D_OutTransposed_4eoc_4esp at Packages/com.unity.ai.inference/Runtime/Core/Resources/Sentis/ComputeShaders/ConvGeneric.compute(547)
Shader warning in 'ConvGeneric': "TRANSPOSE_OUTPUT variants not supported with NON_UNIFORM_CONVGROUP_PER_OC, make sure this variant is not used" at kernel Conv1D_Scaled_Complex_OutTransposed_4eoc_4esp at Packages/com.unity.ai.inference/Runtime/Core/Resources/Sentis/ComputeShaders/ConvGeneric.compute(547)
Shader warning in 'ConvGeneric': "TRANSPOSE_OUTPUT variants not supported with NON_UNIFORM_CONVGROUP_PER_OC, make sure this variant is not used" at kernel Conv1D_Scaled_OutTransposed_4eoc_4esp at Packages/com.unity.ai.inference/Runtime/Core/Resources/Sentis/ComputeShaders/ConvGeneric.compute(547)
Shader warning in 'ConvGeneric': "TRANSPOSE_OUTPUT variants not supported with NON_UNIFORM_CONVGROUP_PER_OC, make sure this variant is not used" at kernel Conv1DComplex_OutTransposed_4eoc_4esp at Packages/com.unity.ai.inference/Runtime/Core/Resources/Sentis/ComputeShaders/ConvGeneric.compute(548)
Shader warning in 'ConvGeneric': "TRANSPOSE_OUTPUT variants not supported with NON_UNIFORM_CONVGROUP_PER_OC, make sure this variant is not used" at kernel Conv1D_OutTransposed_4eoc_4esp at Packages/com.unity.ai.inference/Runtime/Core/Resources/Sentis/ComputeShaders/ConvGeneric.compute(548)
Shader warning in 'ConvGeneric': "TRANSPOSE_OUTPUT variants not supported with NON_UNIFORM_CONVGROUP_PER_OC, make sure this variant is not used" at kernel Conv1D_Scaled_Complex_OutTransposed_4eoc_4esp at Packages/com.unity.ai.inference/Runtime/Core/Resources/Sentis/ComputeShaders/ConvGeneric.compute(548)
Shader warning in 'ConvGeneric': "TRANSPOSE_OUTPUT variants not supported with NON_UNIFORM_CONVGROUP_PER_OC, make sure this variant is not used" at kernel Conv1D_Scaled_OutTransposed_4eoc_4esp at Packages/com.unity.ai.inference/Runtime/Core/Resources/Sentis/ComputeShaders/ConvGeneric.compute(548)
Shader warning in 'ConvGeneric': "TRANSPOSE_OUTPUT variants not supported with NON_UNIFORM_CONVGROUP_PER_OC, make sure this variant is not used" at kernel Conv1DComplex_OutTransposed_4eoc_4esp at ConvGeneric.compute(546)
Shader warning in 'ConvGeneric': "TRANSPOSE_OUTPUT variants not supported with NON_UNIFORM_CONVGROUP_PER_OC, make sure this variant is not used" at kernel Conv1D_OutTransposed_4eoc_4esp at ConvGeneric.compute(546)
Shader warning in 'ConvGeneric': "TRANSPOSE_OUTPUT variants not supported with NON_UNIFORM_CONVGROUP_PER_OC, make sure this variant is not used" at kernel Conv1D_Scaled_OutTransposed_4eoc_4esp at ConvGeneric.compute(546)
Shader warning in 'ConvGeneric': "TRANSPOSE_OUTPUT variants not supported with NON_UNIFORM_CONVGROUP_PER_OC, make sure this variant is not used" at kernel Conv1DComplex_OutTransposed_4eoc_4esp at ConvGeneric.compute(547)
Shader warning in 'ConvGeneric': "TRANSPOSE_OUTPUT variants not supported with NON_UNIFORM_CONVGROUP_PER_OC, make sure this variant is not used" at kernel Conv1D_OutTransposed_4eoc_4esp at ConvGeneric.compute(547)
Shader warning in 'ConvGeneric': "TRANSPOSE_OUTPUT variants not supported with NON_UNIFORM_CONVGROUP_PER_OC, make sure this variant is not used" at kernel Conv1D_Scaled_Complex_OutTransposed_4eoc_4esp at ConvGeneric.compute(547)
Shader warning in 'ConvGeneric': "TRANSPOSE_OUTPUT variants not supported with NON_UNIFORM_CONVGROUP_PER_OC, make sure this variant is not used" at kernel Conv1D_Scaled_OutTransposed_4eoc_4esp at ConvGeneric.compute(547)
Shader warning in 'ConvGeneric': "TRANSPOSE_OUTPUT variants not supported with NON_UNIFORM_CONVGROUP_PER_OC, make sure this variant is not used" at kernel Conv1DComplex_OutTransposed_4eoc_4esp at ConvGeneric.compute(548)
Shader warning in 'ConvGeneric': "TRANSPOSE_OUTPUT variants not supported with NON_UNIFORM_CONVGROUP_PER_OC, make sure this variant is not used" at kernel Conv1D_OutTransposed_4eoc_4esp at ConvGeneric.compute(548)
Shader warning in 'ConvGeneric': "TRANSPOSE_OUTPUT variants not supported with NON_UNIFORM_CONVGROUP_PER_OC, make sure this variant is not used" at kernel Conv1D_Scaled_Complex_OutTransposed_4eoc_4esp at ConvGeneric.compute(548)
Shader warning in 'ConvGeneric': "TRANSPOSE_OUTPUT variants not supported with NON_UNIFORM_CONVGROUP_PER_OC, make sure this variant is not used" at kernel Conv1D_Scaled_OutTransposed_4eoc_4esp at ConvGeneric.compute(548)
Shader warning in 'ConvGeneric': "TRANSPOSE_OUTPUT variants not supported with NON_UNIFORM_CONVGROUP_PER_OC, make sure this variant is not used" at kernel Conv1DComplex_OutTransposed_4eoc_4esp at Packages/com.unity.ai.inference/Runtime/Core/Resources/Sentis/ComputeShaders/ConvGeneric.compute(546)
Shader warning in 'ConvGeneric': "TRANSPOSE_OUTPUT variants not supported with NON_UNIFORM_CONVGROUP_PER_OC, make sure this variant is not used" at kernel Conv1D_OutTransposed_4eoc_4esp at Packages/com.unity.ai.inference/Runtime/Core/Resources/Sentis/ComputeShaders/ConvGeneric.compute(546)
Shader warning in 'ConvGeneric': "TRANSPOSE_OUTPUT variants not supported with NON_UNIFORM_CONVGROUP_PER_OC, make sure this variant is not used" at kernel Conv1D_Scaled_OutTransposed_4eoc_4esp at Packages/com.unity.ai.inference/Runtime/Core/Resources/Sentis/ComputeShaders/ConvGeneric.compute(546)
Shader warning in 'ConvGeneric': "TRANSPOSE_OUTPUT variants not supported with NON_UNIFORM_CONVGROUP_PER_OC, make sure this variant is not used" at kernel Conv1DComplex_OutTransposed_4eoc_4esp at Packages/com.unity.ai.inference/Runtime/Core/Resources/Sentis/ComputeShaders/ConvGeneric.compute(547)
Shader warning in 'ConvGeneric': "TRANSPOSE_OUTPUT variants not supported with NON_UNIFORM_CONVGROUP_PER_OC, make sure this variant is not used" at kernel Conv1D_OutTransposed_4eoc_4esp at Packages/com.unity.ai.inference/Runtime/Core/Resources/Sentis/ComputeShaders/ConvGeneric.compute(547)
Shader warning in 'ConvGeneric': "TRANSPOSE_OUTPUT variants not supported with NON_UNIFORM_CONVGROUP_PER_OC, make sure this variant is not used" at kernel Conv1D_Scaled_Complex_OutTransposed_4eoc_4esp at Packages/com.unity.ai.inference/Runtime/Core/Resources/Sentis/ComputeShaders/ConvGeneric.compute(547)
Shader warning in 'ConvGeneric': "TRANSPOSE_OUTPUT variants not supported with NON_UNIFORM_CONVGROUP_PER_OC, make sure this variant is not used" at kernel Conv1D_Scaled_OutTransposed_4eoc_4esp at Packages/com.unity.ai.inference/Runtime/Core/Resources/Sentis/ComputeShaders/ConvGeneric.compute(547)
Shader warning in 'ConvGeneric': "TRANSPOSE_OUTPUT variants not supported with NON_UNIFORM_CONVGROUP_PER_OC, make sure this variant is not used" at kernel Conv1DComplex_OutTransposed_4eoc_4esp at Packages/com.unity.ai.inference/Runtime/Core/Resources/Sentis/ComputeShaders/ConvGeneric.compute(548)
Shader warning in 'ConvGeneric': "TRANSPOSE_OUTPUT variants not supported with NON_UNIFORM_CONVGROUP_PER_OC, make sure this variant is not used" at kernel Conv1D_OutTransposed_4eoc_4esp at Packages/com.unity.ai.inference/Runtime/Core/Resources/Sentis/ComputeShaders/ConvGeneric.compute(548)
Shader warning in 'ConvGeneric': "TRANSPOSE_OUTPUT variants not supported with NON_UNIFORM_CONVGROUP_PER_OC, make sure this variant is not used" at kernel Conv1D_Scaled_Complex_OutTransposed_4eoc_4esp at Packages/com.unity.ai.inference/Runtime/Core/Resources/Sentis/ComputeShaders/ConvGeneric.compute(548)
Shader warning in 'ConvGeneric': "TRANSPOSE_OUTPUT variants not supported with NON_UNIFORM_CONVGROUP_PER_OC, make sure this variant is not used" at kernel Conv1D_Scaled_OutTransposed_4eoc_4esp at Packages/com.unity.ai.inference/Runtime/Core/Resources/Sentis/ComputeShaders/ConvGeneric.compute(548)
Shader warning in 'ConvGeneric': "TRANSPOSE_OUTPUT variants not supported with NON_UNIFORM_CONVGROUP_PER_OC, make sure this variant is not used" at kernel Conv1DComplex_OutTransposed_4eoc_4esp at ConvGeneric.compute(546)
Shader warning in 'ConvGeneric': "TRANSPOSE_OUTPUT variants not supported with NON_UNIFORM_CONVGROUP_PER_OC, make sure this variant is not used" at kernel Conv1D_OutTransposed_4eoc_4esp at ConvGeneric.compute(546)
Shader warning in 'ConvGeneric': "TRANSPOSE_OUTPUT variants not supported with NON_UNIFORM_CONVGROUP_PER_OC, make sure this variant is not used" at kernel Conv1D_Scaled_Complex_OutTransposed_4eoc_4esp at ConvGeneric.compute(546)
Shader warning in 'ConvGeneric': "TRANSPOSE_OUTPUT variants not supported with NON_UNIFORM_CONVGROUP_PER_OC, make sure this variant is not used" at kernel Conv1D_Scaled_OutTransposed_4eoc_4esp at ConvGeneric.compute(546)
Shader warning in 'ConvGeneric': "TRANSPOSE_OUTPUT variants not supported with NON_UNIFORM_CONVGROUP_PER_OC, make sure this variant is not used" at kernel Conv1DComplex_OutTransposed_4eoc_4esp at ConvGeneric.compute(547)
Shader warning in 'ConvGeneric': "TRANSPOSE_OUTPUT variants not supported with NON_UNIFORM_CONVGROUP_PER_OC, make sure this variant is not used" at kernel Conv1D_OutTransposed_4eoc_4esp at ConvGeneric.compute(547)
Shader warning in 'ConvGeneric': "TRANSPOSE_OUTPUT variants not supported with NON_UNIFORM_CONVGROUP_PER_OC, make sure this variant is not used" at kernel Conv1D_Scaled_Complex_OutTransposed_4eoc_4esp at ConvGeneric.compute(547)
Shader warning in 'ConvGeneric': "TRANSPOSE_OUTPUT variants not supported with NON_UNIFORM_CONVGROUP_PER_OC, make sure this variant is not used" at kernel Conv1D_Scaled_OutTransposed_4eoc_4esp at ConvGeneric.compute(547)
Shader warning in 'ConvGeneric': "TRANSPOSE_OUTPUT variants not supported with NON_UNIFORM_CONVGROUP_PER_OC, make sure this variant is not used" at kernel Conv1DComplex_OutTransposed_4eoc_4esp at ConvGeneric.compute(548)
Shader warning in 'ConvGeneric': "TRANSPOSE_OUTPUT variants not supported with NON_UNIFORM_CONVGROUP_PER_OC, make sure this variant is not used" at kernel Conv1D_OutTransposed_4eoc_4esp at ConvGeneric.compute(548)
Shader warning in 'ConvGeneric': "TRANSPOSE_OUTPUT variants not supported with NON_UNIFORM_CONVGROUP_PER_OC, make sure this variant is not used" at kernel Conv1D_Scaled_Complex_OutTransposed_4eoc_4esp at ConvGeneric.compute(548)
Shader warning in 'ConvGeneric': "TRANSPOSE_OUTPUT variants not supported with NON_UNIFORM_CONVGROUP_PER_OC, make sure this variant is not used" at kernel Conv1D_Scaled_OutTransposed_4eoc_4esp at ConvGeneric.compute(548)
Shader warning in 'ConvGeneric': "TRANSPOSE_OUTPUT variants not supported with NON_UNIFORM_CONVGROUP_PER_OC, make sure this variant is not used" at kernel Conv1DComplex_OutTransposed_4eoc_4esp at Packages/com.unity.ai.inference/Runtime/Core/Resources/Sentis/ComputeShaders/ConvGeneric.compute(546)
Shader warning in 'ConvGeneric': "TRANSPOSE_OUTPUT variants not supported with NON_UNIFORM_CONVGROUP_PER_OC, make sure this variant is not used" at kernel Conv1D_OutTransposed_4eoc_4esp at Packages/com.unity.ai.inference/Runtime/Core/Resources/Sentis/ComputeShaders/ConvGeneric.compute(546)
Shader warning in 'ConvGeneric': "TRANSPOSE_OUTPUT variants not supported with NON_UNIFORM_CONVGROUP_PER_OC, make sure this variant is not used" at kernel Conv1D_Scaled_Complex_OutTransposed_4eoc_4esp at Packages/com.unity.ai.inference/Runtime/Core/Resources/Sentis/ComputeShaders/ConvGeneric.compute(546)
Shader warning in 'ConvGeneric': "TRANSPOSE_OUTPUT variants not supported with NON_UNIFORM_CONVGROUP_PER_OC, make sure this variant is not used" at kernel Conv1D_Scaled_OutTransposed_4eoc_4esp at Packages/com.unity.ai.inference/Runtime/Core/Resources/Sentis/ComputeShaders/ConvGeneric.compute(546)
Shader warning in 'ConvGeneric': "TRANSPOSE_OUTPUT variants not supported with NON_UNIFORM_CONVGROUP_PER_OC, make sure this variant is not used" at kernel Conv1DComplex_OutTransposed_4eoc_4esp at Packages/com.unity.ai.inference/Runtime/Core/Resources/Sentis/ComputeShaders/ConvGeneric.compute(547)
Shader warning in 'ConvGeneric': "TRANSPOSE_OUTPUT variants not supported with NON_UNIFORM_CONVGROUP_PER_OC, make sure this variant is not used" at kernel Conv1D_OutTransposed_4eoc_4esp at Packages/com.unity.ai.inference/Runtime/Core/Resources/Sentis/ComputeShaders/ConvGeneric.compute(547)
Shader warning in 'ConvGeneric': "TRANSPOSE_OUTPUT variants not supported with NON_UNIFORM_CONVGROUP_PER_OC, make sure this variant is not used" at kernel Conv1D_Scaled_Complex_OutTransposed_4eoc_4esp at Packages/com.unity.ai.inference/Runtime/Core/Resources/Sentis/ComputeShaders/ConvGeneric.compute(547)
Shader warning in 'ConvGeneric': "TRANSPOSE_OUTPUT variants not supported with NON_UNIFORM_CONVGROUP_PER_OC, make sure this variant is not used" at kernel Conv1D_Scaled_OutTransposed_4eoc_4esp at Packages/com.unity.ai.inference/Runtime/Core/Resources/Sentis/ComputeShaders/ConvGeneric.compute(547)
Shader warning in 'ConvGeneric': "TRANSPOSE_OUTPUT variants not supported with NON_UNIFORM_CONVGROUP_PER_OC, make sure this variant is not used" at kernel Conv1DComplex_OutTransposed_4eoc_4esp at Packages/com.unity.ai.inference/Runtime/Core/Resources/Sentis/ComputeShaders/ConvGeneric.compute(548)
Shader warning in 'ConvGeneric': "TRANSPOSE_OUTPUT variants not supported with NON_UNIFORM_CONVGROUP_PER_OC, make sure this variant is not used" at kernel Conv1D_OutTransposed_4eoc_4esp at Packages/com.unity.ai.inference/Runtime/Core/Resources/Sentis/ComputeShaders/ConvGeneric.compute(548)
Shader warning in 'ConvGeneric': "TRANSPOSE_OUTPUT variants not supported with NON_UNIFORM_CONVGROUP_PER_OC, make sure this variant is not used" at kernel Conv1D_Scaled_Complex_OutTransposed_4eoc_4esp at Packages/com.unity.ai.inference/Runtime/Core/Resources/Sentis/ComputeShaders/ConvGeneric.compute(548)
Shader warning in 'ConvGeneric': "TRANSPOSE_OUTPUT variants not supported with NON_UNIFORM_CONVGROUP_PER_OC, make sure this variant is not used" at kernel Conv1D_Scaled_OutTransposed_4eoc_4esp at Packages/com.unity.ai.inference/Runtime/Core/Resources/Sentis/ComputeShaders/ConvGeneric.compute(548)
Shader warning in 'ConvGeneric': "TRANSPOSE_OUTPUT variants not supported with NON_UNIFORM_CONVGROUP_PER_OC, make sure this variant is not used" at kernel Conv1DComplex_OutTransposed_4eoc_4esp at ConvGeneric.compute(546)
Shader warning in 'ConvGeneric': "TRANSPOSE_OUTPUT variants not supported with NON_UNIFORM_CONVGROUP_PER_OC, make sure this variant is not used" at kernel Conv1D_OutTransposed_4eoc_4esp at ConvGeneric.compute(546)
Shader warning in 'ConvGeneric': "TRANSPOSE_OUTPUT variants not supported with NON_UNIFORM_CONVGROUP_PER_OC, make sure this variant is not used" at kernel Conv1D_Scaled_Complex_OutTransposed_4eoc_4esp at ConvGeneric.compute(546)
Shader warning in 'ConvGeneric': "TRANSPOSE_OUTPUT variants not supported with NON_UNIFORM_CONVGROUP_PER_OC, make sure this variant is not used" at kernel Conv1D_Scaled_OutTransposed_4eoc_4esp at ConvGeneric.compute(546)
Shader warning in 'ConvGeneric': "TRANSPOSE_OUTPUT variants not supported with NON_UNIFORM_CONVGROUP_PER_OC, make sure this variant is not used" at kernel Conv1DComplex_OutTransposed_4eoc_4esp at ConvGeneric.compute(547)
Shader warning in 'ConvGeneric': "TRANSPOSE_OUTPUT variants not supported with NON_UNIFORM_CONVGROUP_PER_OC, make sure this variant is not used" at kernel Conv1D_OutTransposed_4eoc_4esp at ConvGeneric.compute(547)
Shader warning in 'ConvGeneric': "TRANSPOSE_OUTPUT variants not supported with NON_UNIFORM_CONVGROUP_PER_OC, make sure this variant is not used" at kernel Conv1D_Scaled_Complex_OutTransposed_4eoc_4esp at ConvGeneric.compute(547)
Shader warning in 'ConvGeneric': "TRANSPOSE_OUTPUT variants not supported with NON_UNIFORM_CONVGROUP_PER_OC, make sure this variant is not used" at kernel Conv1D_Scaled_OutTransposed_4eoc_4esp at ConvGeneric.compute(547)
Shader warning in 'ConvGeneric': "TRANSPOSE_OUTPUT variants not supported with NON_UNIFORM_CONVGROUP_PER_OC, make sure this variant is not used" at kernel Conv1DComplex_OutTransposed_4eoc_4esp at ConvGeneric.compute(548)
Shader warning in 'ConvGeneric': "TRANSPOSE_OUTPUT variants not supported with NON_UNIFORM_CONVGROUP_PER_OC, make sure this variant is not used" at kernel Conv1D_OutTransposedDouble_4eoc_4esp at ConvGeneric.compute(548)
Shader warning in 'ConvGeneric': "TRANSPOSE_OUTPUT variants not supported with NON_UNIFORM_CONVGROUP_PER_OC, make sure this variant is not used" at kernel Conv1D_OutTransposed_4eoc_4esp at ConvGeneric.compute(548)
Shader warning in 'ConvGeneric': "TRANSPOSE_OUTPUT variants not supported with NON_UNIFORM_CONVGROUP_PER_OC, make sure this variant is not used" at kernel Conv1D_Scaled_Complex_OutTransposed_4eoc_4esp at ConvGeneric.compute(548)
Shader warning in 'ConvGeneric': "TRANSPOSE_OUTPUT variants not supported with NON_UNIFORM_CONVGROUP_PER_OC, make sure this variant is not used" at kernel Conv1D_Scaled_OutTransposed_4eoc_4esp at ConvGeneric.compute(548)
Shader warning in 'ConvGeneric': "TRANSPOSE_OUTPUT variants not supported with NON_UNIFORM_CONVGROUP_PER_OC, make sure this variant is not used" at kernel Conv1DComplex_OutTransposed_4eoc_4esp at Packages/com.unity.ai.inference/Runtime/Core/Resources/Sentis/ComputeShaders/ConvGeneric.compute(546)
Shader warning in 'ConvGeneric': "TRANSPOSE_OUTPUT variants not supported with NON_UNIFORM_CONVGROUP_PER_OC, make sure this variant is not used" at kernel Conv1D_OutTransposed_4eoc_4esp at Packages/com.unity.ai.inference/Runtime/Core/Resources/Sentis/ComputeShaders/ConvGeneric.compute(546)
Shader warning in 'ConvGeneric': "TRANSPOSE_OUTPUT variants not supported with NON_UNIFORM_CONVGROUP_PER_OC, make sure this variant is not used" at kernel Conv1D_Scaled_Complex_OutTransposed_4eoc_4esp at Packages/com.unity.ai.inference/Runtime/Core/Resources/Sentis/ComputeShaders/ConvGeneric.compute(546)
Shader warning in 'ConvGeneric': "TRANSPOSE_OUTPUT variants not supported with NON_UNIFORM_CONVGROUP_PER_OC, make sure this variant is not used" at kernel Conv1D_Scaled_OutTransposed_4eoc_4esp at Packages/com.unity.ai.inference/Runtime/Core/Resources/Sentis/ComputeShaders/ConvGeneric.compute(546)
Shader warning in 'ConvGeneric': "TRANSPOSE_OUTPUT variants not supported with NON_UNIFORM_CONVGROUP_PER_OC, make sure this variant is not used" at kernel Conv1DComplex_OutTransposed_4eoc_4esp at Packages/com.unity.ai.inference/Runtime/Core/Resources/Sentis/ComputeShaders/ConvGeneric.compute(547)
Shader warning in 'ConvGeneric': "TRANSPOSE_OUTPUT variants not supported with NON_UNIFORM_CONVGROUP_PER_OC, make sure this variant is not used" at kernel Conv1D_OutTransposed_4eoc_4esp at Packages/com.unity.ai.inference/Runtime/Core/Resources/Sentis/ComputeShaders/ConvGeneric.compute(547)
Shader warning in 'ConvGeneric': "TRANSPOSE_OUTPUT variants not supported with NON_UNIFORM_CONVGROUP_PER_OC, make sure this variant is not used" at kernel Conv1D_Scaled_Complex_OutTransposed_4eoc_4esp at Packages/com.unity.ai.inference/Runtime/Core/Resources/Sentis/ComputeShaders/ConvGeneric.compute(547)
Shader warning in 'ConvGeneric': "TRANSPOSE_OUTPUT variants not supported with NON_UNIFORM_CONVGROUP_PER_OC, make sure this variant is not used" at kernel Conv1D_Scaled_OutTransposed_4eoc_4esp at Packages/com.unity.ai.inference/Runtime/Core/Resources/Sentis/ComputeShaders/ConvGeneric.compute(547)
Shader warning in 'ConvGeneric': "TRANSPOSE_OUTPUT variants not supported with NON_UNIFORM_CONVGROUP_PER_OC, make sure this variant is not used" at kernel Conv1DComplex_OutTransposed_4eoc_4esp at Packages/com.unity.ai.inference/Runtime/Core/Resources/Sentis/ComputeShaders/ConvGeneric.compute(548)
Shader warning in 'ConvGeneric': "TRANSPOSE_OUTPUT variants not supported with NON_UNIFORM_CONVGROUP_PER_OC, make sure this variant is not used" at kernel Conv1D_OutTransposedDouble_4eoc_4esp at Packages/com.unity.ai.inference/Runtime/Core/Resources/Sentis/ComputeShaders/ConvGeneric.compute(548)
Shader warning in 'ConvGeneric': "TRANSPOSE_OUTPUT variants not supported with NON_UNIFORM_CONVGROUP_PER_OC, make sure this variant is not used" at kernel Conv1D_OutTransposed_4eoc_4esp at Packages/com.unity.ai.inference/Runtime/Core/Resources/Sentis/ComputeShaders/ConvGeneric.compute(548)
Shader warning in 'ConvGeneric': "TRANSPOSE_OUTPUT variants not supported with NON_UNIFORM_CONVGROUP_PER_OC, make sure this variant is not used" at kernel Conv1D_Scaled_Complex_OutTransposed_4eoc_4esp at Packages/com.unity.ai.inference/Runtime/Core/Resources/Sentis/ComputeShaders/ConvGeneric.compute(548)
Shader warning in 'ConvGeneric': "TRANSPOSE_OUTPUT variants not supported with NON_UNIFORM_CONVGROUP_PER_OC, make sure this variant is not used" at kernel Conv1D_Scaled_OutTransposed_4eoc_4esp at Packages/com.unity.ai.inference/Runtime/Core/Resources/Sentis/ComputeShaders/ConvGeneric.compute(548)
Shader warning in 'ConvGeneric': "TRANSPOSE_OUTPUT variants not supported with NON_UNIFORM_CONVGROUP_PER_OC, make sure this variant is not used" at kernel Conv1DComplex_OutTransposed_4eoc_4esp at ConvGeneric.compute(546)
Shader warning in 'ConvGeneric': "TRANSPOSE_OUTPUT variants not supported with NON_UNIFORM_CONVGROUP_PER_OC, make sure this variant is not used" at kernel Conv1D_OutTransposed_4eoc_4esp at ConvGeneric.compute(546)
Shader warning in 'ConvGeneric': "TRANSPOSE_OUTPUT variants not supported with NON_UNIFORM_CONVGROUP_PER_OC, make sure this variant is not used" at kernel Conv1D_Scaled_Complex_OutTransposed_4eoc_4esp at ConvGeneric.compute(546)
Shader warning in 'ConvGeneric': "TRANSPOSE_OUTPUT variants not supported with NON_UNIFORM_CONVGROUP_PER_OC, make sure this variant is not used" at kernel Conv1D_Scaled_OutTransposed_4eoc_4esp at ConvGeneric.compute(546)
Shader warning in 'ConvGeneric': "TRANSPOSE_OUTPUT variants not supported with NON_UNIFORM_CONVGROUP_PER_OC, make sure this variant is not used" at kernel Conv1DComplex_OutTransposed_4eoc_4esp at ConvGeneric.compute(547)
Shader warning in 'ConvGeneric': "TRANSPOSE_OUTPUT variants not supported with NON_UNIFORM_CONVGROUP_PER_OC, make sure this variant is not used" at kernel Conv1D_OutTransposedDouble_4eoc_4esp at ConvGeneric.compute(547)
Shader warning in 'ConvGeneric': "TRANSPOSE_OUTPUT variants not supported with NON_UNIFORM_CONVGROUP_PER_OC, make sure this variant is not used" at kernel Conv1D_OutTransposed_4eoc_4esp at ConvGeneric.compute(547)
Shader warning in 'ConvGeneric': "TRANSPOSE_OUTPUT variants not supported with NON_UNIFORM_CONVGROUP_PER_OC, make sure this variant is not used" at kernel Conv1D_Scaled_Complex_OutTransposed_4eoc_4esp at ConvGeneric.compute(547)
Shader warning in 'ConvGeneric': "TRANSPOSE_OUTPUT variants not supported with NON_UNIFORM_CONVGROUP_PER_OC, make sure this variant is not used" at kernel Conv1D_Scaled_OutTransposed_4eoc_4esp at ConvGeneric.compute(547)
Shader warning in 'ConvGeneric': "TRANSPOSE_OUTPUT variants not supported with NON_UNIFORM_CONVGROUP_PER_OC, make sure this variant is not used" at kernel Conv1DComplex_OutTransposed_4eoc_4esp at ConvGeneric.compute(548)
Shader warning in 'ConvGeneric': "TRANSPOSE_OUTPUT variants not supported with NON_UNIFORM_CONVGROUP_PER_OC, make sure this variant is not used" at kernel Conv1D_OutTransposedDouble_4eoc_4esp at ConvGeneric.compute(548)
Shader warning in 'ConvGeneric': "TRANSPOSE_OUTPUT variants not supported with NON_UNIFORM_CONVGROUP_PER_OC, make sure this variant is not used" at kernel Conv1D_OutTransposed_4eoc_4esp at ConvGeneric.compute(548)
Shader warning in 'ConvGeneric': "TRANSPOSE_OUTPUT variants not supported with NON_UNIFORM_CONVGROUP_PER_OC, make sure this variant is not used" at kernel Conv1D_Scaled_Complex_OutTransposed_4eoc_4esp at ConvGeneric.compute(548)
Shader warning in 'ConvGeneric': "TRANSPOSE_OUTPUT variants not supported with NON_UNIFORM_CONVGROUP_PER_OC, make sure this variant is not used" at kernel Conv1D_Scaled_OutTransposed_4eoc_4esp at ConvGeneric.compute(548)
Shader warning in 'ConvGeneric': "TRANSPOSE_OUTPUT variants not supported with NON_UNIFORM_CONVGROUP_PER_OC, make sure this variant is not used" at kernel Conv1DComplex_OutTransposed_4eoc_4esp at Packages/com.unity.ai.inference/Runtime/Core/Resources/Sentis/ComputeShaders/ConvGeneric.compute(546)
Shader warning in 'ConvGeneric': "TRANSPOSE_OUTPUT variants not supported with NON_UNIFORM_CONVGROUP_PER_OC, make sure this variant is not used" at kernel Conv1D_OutTransposed_4eoc_4esp at Packages/com.unity.ai.inference/Runtime/Core/Resources/Sentis/ComputeShaders/ConvGeneric.compute(546)
Shader warning in 'ConvGeneric': "TRANSPOSE_OUTPUT variants not supported with NON_UNIFORM_CONVGROUP_PER_OC, make sure this variant is not used" at kernel Conv1D_Scaled_Complex_OutTransposed_4eoc_4esp at Packages/com.unity.ai.inference/Runtime/Core/Resources/Sentis/ComputeShaders/ConvGeneric.compute(546)
Shader warning in 'ConvGeneric': "TRANSPOSE_OUTPUT variants not supported with NON_UNIFORM_CONVGROUP_PER_OC, make sure this variant is not used" at kernel Conv1D_Scaled_OutTransposed_4eoc_4esp at Packages/com.unity.ai.inference/Runtime/Core/Resources/Sentis/ComputeShaders/ConvGeneric.compute(546)
Shader warning in 'ConvGeneric': "TRANSPOSE_OUTPUT variants not supported with NON_UNIFORM_CONVGROUP_PER_OC, make sure this variant is not used" at kernel Conv1DComplex_OutTransposed_4eoc_4esp at Packages/com.unity.ai.inference/Runtime/Core/Resources/Sentis/ComputeShaders/ConvGeneric.compute(547)
Shader warning in 'ConvGeneric': "TRANSPOSE_OUTPUT variants not supported with NON_UNIFORM_CONVGROUP_PER_OC, make sure this variant is not used" at kernel Conv1D_OutTransposedDouble_4eoc_4esp at Packages/com.unity.ai.inference/Runtime/Core/Resources/Sentis/ComputeShaders/ConvGeneric.compute(547)
Shader warning in 'ConvGeneric': "TRANSPOSE_OUTPUT variants not supported with NON_UNIFORM_CONVGROUP_PER_OC, make sure this variant is not used" at kernel Conv1D_OutTransposed_4eoc_4esp at Packages/com.unity.ai.inference/Runtime/Core/Resources/Sentis/ComputeShaders/ConvGeneric.compute(547)
Shader warning in 'ConvGeneric': "TRANSPOSE_OUTPUT variants not supported with NON_UNIFORM_CONVGROUP_PER_OC, make sure this variant is not used" at kernel Conv1D_Scaled_Complex_OutTransposed_4eoc_4esp at Packages/com.unity.ai.inference/Runtime/Core/Resources/Sentis/ComputeShaders/ConvGeneric.compute(547)
Shader warning in 'ConvGeneric': "TRANSPOSE_OUTPUT variants not supported with NON_UNIFORM_CONVGROUP_PER_OC, make sure this variant is not used" at kernel Conv1D_Scaled_OutTransposed_4eoc_4esp at Packages/com.unity.ai.inference/Runtime/Core/Resources/Sentis/ComputeShaders/ConvGeneric.compute(547)
Shader warning in 'ConvGeneric': "TRANSPOSE_OUTPUT variants not supported with NON_UNIFORM_CONVGROUP_PER_OC, make sure this variant is not used" at kernel Conv1DComplex_OutTransposed_4eoc_4esp at Packages/com.unity.ai.inference/Runtime/Core/Resources/Sentis/ComputeShaders/ConvGeneric.compute(548)
Shader warning in 'ConvGeneric': "TRANSPOSE_OUTPUT variants not supported with NON_UNIFORM_CONVGROUP_PER_OC, make sure this variant is not used" at kernel Conv1D_OutTransposedDouble_4eoc_4esp at Packages/com.unity.ai.inference/Runtime/Core/Resources/Sentis/ComputeShaders/ConvGeneric.compute(548)
Shader warning in 'ConvGeneric': "TRANSPOSE_OUTPUT variants not supported with NON_UNIFORM_CONVGROUP_PER_OC, make sure this variant is not used" at kernel Conv1D_OutTransposed_4eoc_4esp at Packages/com.unity.ai.inference/Runtime/Core/Resources/Sentis/ComputeShaders/ConvGeneric.compute(548)
Shader warning in 'ConvGeneric': "TRANSPOSE_OUTPUT variants not supported with NON_UNIFORM_CONVGROUP_PER_OC, make sure this variant is not used" at kernel Conv1D_Scaled_Complex_OutTransposed_4eoc_4esp at Packages/com.unity.ai.inference/Runtime/Core/Resources/Sentis/ComputeShaders/ConvGeneric.compute(548)
Shader warning in 'ConvGeneric': "TRANSPOSE_OUTPUT variants not supported with NON_UNIFORM_CONVGROUP_PER_OC, make sure this variant is not used" at kernel Conv1D_Scaled_OutTransposed_4eoc_4esp at Packages/com.unity.ai.inference/Runtime/Core/Resources/Sentis/ComputeShaders/ConvGeneric.compute(548)
Shader warning in 'ConvGeneric': "TRANSPOSE_OUTPUT variants not supported with NON_UNIFORM_CONVGROUP_PER_OC, make sure this variant is not used" at kernel Conv1DComplex_OutTransposed_4eoc_4esp at ConvGeneric.compute(546)
Shader warning in 'ConvGeneric': "TRANSPOSE_OUTPUT variants not supported with NON_UNIFORM_CONVGROUP_PER_OC, make sure this variant is not used" at kernel Conv1D_OutTransposed_4eoc_4esp at ConvGeneric.compute(546)
Shader warning in 'ConvGeneric': "TRANSPOSE_OUTPUT variants not supported with NON_UNIFORM_CONVGROUP_PER_OC, make sure this variant is not used" at kernel Conv1D_Scaled_Complex_OutTransposed_4eoc_4esp at ConvGeneric.compute(546)
Shader warning in 'ConvGeneric': "TRANSPOSE_OUTPUT variants not supported with NON_UNIFORM_CONVGROUP_PER_OC, make sure this variant is not used" at kernel Conv1D_Scaled_OutTransposed_4eoc_4esp at ConvGeneric.compute(546)
Shader warning in 'ConvGeneric': "TRANSPOSE_OUTPUT variants not supported with NON_UNIFORM_CONVGROUP_PER_OC, make sure this variant is not used" at kernel Conv1DComplex_OutTransposed_4eoc_4esp at ConvGeneric.compute(547)
Shader warning in 'ConvGeneric': "TRANSPOSE_OUTPUT variants not supported with NON_UNIFORM_CONVGROUP_PER_OC, make sure this variant is not used" at kernel Conv1D_OutTransposedDouble_4eoc_4esp at ConvGeneric.compute(547)
Shader warning in 'ConvGeneric': "TRANSPOSE_OUTPUT variants not supported with NON_UNIFORM_CONVGROUP_PER_OC, make sure this variant is not used" at kernel Conv1D_OutTransposed_4eoc_4esp at ConvGeneric.compute(547)
Shader warning in 'ConvGeneric': "TRANSPOSE_OUTPUT variants not supported with NON_UNIFORM_CONVGROUP_PER_OC, make sure this variant is not used" at kernel Conv1D_Scaled_Complex_OutTransposed_4eoc_4esp at ConvGeneric.compute(547)
Shader warning in 'ConvGeneric': "TRANSPOSE_OUTPUT variants not supported with NON_UNIFORM_CONVGROUP_PER_OC, make sure this variant is not used" at kernel Conv1D_Scaled_OutTransposed_4eoc_4esp at ConvGeneric.compute(547)
Shader warning in 'ConvGeneric': "TRANSPOSE_OUTPUT variants not supported with NON_UNIFORM_CONVGROUP_PER_OC, make sure this variant is not used" at kernel Conv1DComplex_OutTransposed_4eoc_4esp at ConvGeneric.compute(548)
Shader warning in 'ConvGeneric': "TRANSPOSE_OUTPUT variants not supported with NON_UNIFORM_CONVGROUP_PER_OC, make sure this variant is not used" at kernel Conv1D_OutTransposedDouble_4eoc_4esp at ConvGeneric.compute(548)
Shader warning in 'ConvGeneric': "TRANSPOSE_OUTPUT variants not supported with NON_UNIFORM_CONVGROUP_PER_OC, make sure this variant is not used" at kernel Conv1D_OutTransposed_4eoc_4esp at ConvGeneric.compute(548)
Shader warning in 'ConvGeneric': "TRANSPOSE_OUTPUT variants not supported with NON_UNIFORM_CONVGROUP_PER_OC, make sure this variant is not used" at kernel Conv1D_Scaled_Complex_OutTransposed_4eoc_4esp at ConvGeneric.compute(548)
Shader warning in 'ConvGeneric': "TRANSPOSE_OUTPUT variants not supported with NON_UNIFORM_CONVGROUP_PER_OC, make sure this variant is not used" at kernel Conv1D_Scaled_OutTransposed_4eoc_4esp at ConvGeneric.compute(548)
Shader warning in 'ConvGeneric': "TRANSPOSE_OUTPUT variants not supported with NON_UNIFORM_CONVGROUP_PER_OC, make sure this variant is not used" at kernel Conv1DComplex_OutTransposed_4eoc_4esp at Packages/com.unity.ai.inference/Runtime/Core/Resources/Sentis/ComputeShaders/ConvGeneric.compute(546)
Shader warning in 'ConvGeneric': "TRANSPOSE_OUTPUT variants not supported with NON_UNIFORM_CONVGROUP_PER_OC, make sure this variant is not used" at kernel Conv1D_OutTransposed_4eoc_4esp at Packages/com.unity.ai.inference/Runtime/Core/Resources/Sentis/ComputeShaders/ConvGeneric.compute(546)
Shader warning in 'ConvGeneric': "TRANSPOSE_OUTPUT variants not supported with NON_UNIFORM_CONVGROUP_PER_OC, make sure this variant is not used" at kernel Conv1D_Scaled_Complex_OutTransposed_4eoc_4esp at Packages/com.unity.ai.inference/Runtime/Core/Resources/Sentis/ComputeShaders/ConvGeneric.compute(546)
Shader warning in 'ConvGeneric': "TRANSPOSE_OUTPUT variants not supported with NON_UNIFORM_CONVGROUP_PER_OC, make sure this variant is not used" at kernel Conv1D_Scaled_OutTransposed_4eoc_4esp at Packages/com.unity.ai.inference/Runtime/Core/Resources/Sentis/ComputeShaders/ConvGeneric.compute(546)
Shader warning in 'ConvGeneric': "TRANSPOSE_OUTPUT variants not supported with NON_UNIFORM_CONVGROUP_PER_OC, make sure this variant is not used" at kernel Conv1DComplex_OutTransposed_4eoc_4esp at Packages/com.unity.ai.inference/Runtime/Core/Resources/Sentis/ComputeShaders/ConvGeneric.compute(547)
Shader warning in 'ConvGeneric': "TRANSPOSE_OUTPUT variants not supported with NON_UNIFORM_CONVGROUP_PER_OC, make sure this variant is not used" at kernel Conv1D_OutTransposedDouble_4eoc_4esp at Packages/com.unity.ai.inference/Runtime/Core/Resources/Sentis/ComputeShaders/ConvGeneric.compute(547)
Shader warning in 'ConvGeneric': "TRANSPOSE_OUTPUT variants not supported with NON_UNIFORM_CONVGROUP_PER_OC, make sure this variant is not used" at kernel Conv1D_OutTransposed_4eoc_4esp at Packages/com.unity.ai.inference/Runtime/Core/Resources/Sentis/ComputeShaders/ConvGeneric.compute(547)
Shader warning in 'ConvGeneric': "TRANSPOSE_OUTPUT variants not supported with NON_UNIFORM_CONVGROUP_PER_OC, make sure this variant is not used" at kernel Conv1D_Scaled_Complex_OutTransposed_4eoc_4esp at Packages/com.unity.ai.inference/Runtime/Core/Resources/Sentis/ComputeShaders/ConvGeneric.compute(547)
Shader warning in 'ConvGeneric': "TRANSPOSE_OUTPUT variants not supported with NON_UNIFORM_CONVGROUP_PER_OC, make sure this variant is not used" at kernel Conv1D_Scaled_OutTransposed_4eoc_4esp at Packages/com.unity.ai.inference/Runtime/Core/Resources/Sentis/ComputeShaders/ConvGeneric.compute(547)
Shader warning in 'ConvGeneric': "TRANSPOSE_OUTPUT variants not supported with NON_UNIFORM_CONVGROUP_PER_OC, make sure this variant is not used" at kernel Conv1DComplex_OutTransposed_4eoc_4esp at Packages/com.unity.ai.inference/Runtime/Core/Resources/Sentis/ComputeShaders/ConvGeneric.compute(548)
Shader warning in 'ConvGeneric': "TRANSPOSE_OUTPUT variants not supported with NON_UNIFORM_CONVGROUP_PER_OC, make sure this variant is not used" at kernel Conv1D_OutTransposedDouble_4eoc_4esp at Packages/com.unity.ai.inference/Runtime/Core/Resources/Sentis/ComputeShaders/ConvGeneric.compute(548)
Shader warning in 'ConvGeneric': "TRANSPOSE_OUTPUT variants not supported with NON_UNIFORM_CONVGROUP_PER_OC, make sure this variant is not used" at kernel Conv1D_OutTransposed_4eoc_4esp at Packages/com.unity.ai.inference/Runtime/Core/Resources/Sentis/ComputeShaders/ConvGeneric.compute(548)
Shader warning in 'ConvGeneric': "TRANSPOSE_OUTPUT variants not supported with NON_UNIFORM_CONVGROUP_PER_OC, make sure this variant is not used" at kernel Conv1D_Scaled_Complex_OutTransposed_4eoc_4esp at Packages/com.unity.ai.inference/Runtime/Core/Resources/Sentis/ComputeShaders/ConvGeneric.compute(548)
Shader warning in 'ConvGeneric': "TRANSPOSE_OUTPUT variants not supported with NON_UNIFORM_CONVGROUP_PER_OC, make sure this variant is not used" at kernel Conv1D_Scaled_OutTransposed_4eoc_4esp at Packages/com.unity.ai.inference/Runtime/Core/Resources/Sentis/ComputeShaders/ConvGeneric.compute(548)
Shader warning in 'ConvGeneric': "TRANSPOSE_OUTPUT variants not supported with NON_UNIFORM_CONVGROUP_PER_OC, make sure this variant is not used" at kernel Conv1DComplex_OutTransposed_4eoc_4esp at ConvGeneric.compute(546)
Shader warning in 'ConvGeneric': "TRANSPOSE_OUTPUT variants not supported with NON_UNIFORM_CONVGROUP_PER_OC, make sure this variant is not used" at kernel Conv1D_OutTransposedDouble_4eoc_4esp at ConvGeneric.compute(546)
Shader warning in 'ConvGeneric': "TRANSPOSE_OUTPUT variants not supported with NON_UNIFORM_CONVGROUP_PER_OC, make sure this variant is not used" at kernel Conv1D_OutTransposed_4eoc_4esp at ConvGeneric.compute(546)
Shader warning in 'ConvGeneric': "TRANSPOSE_OUTPUT variants not supported with NON_UNIFORM_CONVGROUP_PER_OC, make sure this variant is not used" at kernel Conv1D_Scaled_Complex_OutTransposed_4eoc_4esp at ConvGeneric.compute(546)
Shader warning in 'ConvGeneric': "TRANSPOSE_OUTPUT variants not supported with NON_UNIFORM_CONVGROUP_PER_OC, make sure this variant is not used" at kernel Conv1D_Scaled_OutTransposed_4eoc_4esp at ConvGeneric.compute(546)
Shader warning in 'ConvGeneric': "TRANSPOSE_OUTPUT variants not supported with NON_UNIFORM_CONVGROUP_PER_OC, make sure this variant is not used" at kernel Conv1DComplex_OutTransposed_4eoc_4esp at ConvGeneric.compute(547)
Shader warning in 'ConvGeneric': "TRANSPOSE_OUTPUT variants not supported with NON_UNIFORM_CONVGROUP_PER_OC, make sure this variant is not used" at kernel Conv1D_OutTransposedDouble_4eoc_4esp at ConvGeneric.compute(547)
Shader warning in 'ConvGeneric': "TRANSPOSE_OUTPUT variants not supported with NON_UNIFORM_CONVGROUP_PER_OC, make sure this variant is not used" at kernel Conv1D_OutTransposed_4eoc_4esp at ConvGeneric.compute(547)
Shader warning in 'ConvGeneric': "TRANSPOSE_OUTPUT variants not supported with NON_UNIFORM_CONVGROUP_PER_OC, make sure this variant is not used" at kernel Conv1D_Scaled_Complex_OutTransposed_4eoc_4esp at ConvGeneric.compute(547)
Shader warning in 'ConvGeneric': "TRANSPOSE_OUTPUT variants not supported with NON_UNIFORM_CONVGROUP_PER_OC, make sure this variant is not used" at kernel Conv1D_Scaled_OutTransposed_4eoc_4esp at ConvGeneric.compute(547)
Shader warning in 'ConvGeneric': "TRANSPOSE_OUTPUT variants not supported with NON_UNIFORM_CONVGROUP_PER_OC, make sure this variant is not used" at kernel Conv1DComplex_OutTransposed_4eoc_4esp at ConvGeneric.compute(548)
Shader warning in 'ConvGeneric': "TRANSPOSE_OUTPUT variants not supported with NON_UNIFORM_CONVGROUP_PER_OC, make sure this variant is not used" at kernel Conv1D_OutTransposedDouble_4eoc_4esp at ConvGeneric.compute(548)
Shader warning in 'ConvGeneric': "TRANSPOSE_OUTPUT variants not supported with NON_UNIFORM_CONVGROUP_PER_OC, make sure this variant is not used" at kernel Conv1D_OutTransposed_4eoc_4esp at ConvGeneric.compute(548)
Shader warning in 'ConvGeneric': "TRANSPOSE_OUTPUT variants not supported with NON_UNIFORM_CONVGROUP_PER_OC, make sure this variant is not used" at kernel Conv1D_Scaled_Complex_OutTransposed_4eoc_4esp at ConvGeneric.compute(548)
Shader warning in 'ConvGeneric': "TRANSPOSE_OUTPUT variants not supported with NON_UNIFORM_CONVGROUP_PER_OC, make sure this variant is not used" at kernel Conv1D_Scaled_OutTransposed_4eoc_4esp at ConvGeneric.compute(548)
Shader warning in 'ConvGeneric': "TRANSPOSE_OUTPUT variants not supported with NON_UNIFORM_CONVGROUP_PER_OC, make sure this variant is not used" at kernel Conv1DComplex_OutTransposed_4eoc_4esp at Packages/com.unity.ai.inference/Runtime/Core/Resources/Sentis/ComputeShaders/ConvGeneric.compute(546)
Shader warning in 'ConvGeneric': "TRANSPOSE_OUTPUT variants not supported with NON_UNIFORM_CONVGROUP_PER_OC, make sure this variant is not used" at kernel Conv1D_OutTransposedDouble_4eoc_4esp at Packages/com.unity.ai.inference/Runtime/Core/Resources/Sentis/ComputeShaders/ConvGeneric.compute(546)
Shader warning in 'ConvGeneric': "TRANSPOSE_OUTPUT variants not supported with NON_UNIFORM_CONVGROUP_PER_OC, make sure this variant is not used" at kernel Conv1D_OutTransposed_4eoc_4esp at Packages/com.unity.ai.inference/Runtime/Core/Resources/Sentis/ComputeShaders/ConvGeneric.compute(546)
Shader warning in 'ConvGeneric': "TRANSPOSE_OUTPUT variants not supported with NON_UNIFORM_CONVGROUP_PER_OC, make sure this variant is not used" at kernel Conv1D_Scaled_Complex_OutTransposed_4eoc_4esp at Packages/com.unity.ai.inference/Runtime/Core/Resources/Sentis/ComputeShaders/ConvGeneric.compute(546)
Shader warning in 'ConvGeneric': "TRANSPOSE_OUTPUT variants not supported with NON_UNIFORM_CONVGROUP_PER_OC, make sure this variant is not used" at kernel Conv1D_Scaled_OutTransposed_4eoc_4esp at Packages/com.unity.ai.inference/Runtime/Core/Resources/Sentis/ComputeShaders/ConvGeneric.compute(546)
Shader warning in 'ConvGeneric': "TRANSPOSE_OUTPUT variants not supported with NON_UNIFORM_CONVGROUP_PER_OC, make sure this variant is not used" at kernel Conv1DComplex_OutTransposed_4eoc_4esp at Packages/com.unity.ai.inference/Runtime/Core/Resources/Sentis/ComputeShaders/ConvGeneric.compute(547)
Shader warning in 'ConvGeneric': "TRANSPOSE_OUTPUT variants not supported with NON_UNIFORM_CONVGROUP_PER_OC, make sure this variant is not used" at kernel Conv1D_OutTransposedDouble_4eoc_4esp at Packages/com.unity.ai.inference/Runtime/Core/Resources/Sentis/ComputeShaders/ConvGeneric.compute(547)
Shader warning in 'ConvGeneric': "TRANSPOSE_OUTPUT variants not supported with NON_UNIFORM_CONVGROUP_PER_OC, make sure this variant is not used" at kernel Conv1D_OutTransposed_4eoc_4esp at Packages/com.unity.ai.inference/Runtime/Core/Resources/Sentis/ComputeShaders/ConvGeneric.compute(547)
Shader warning in 'ConvGeneric': "TRANSPOSE_OUTPUT variants not supported with NON_UNIFORM_CONVGROUP_PER_OC, make sure this variant is not used" at kernel Conv1D_Scaled_Complex_OutTransposed_4eoc_4esp at Packages/com.unity.ai.inference/Runtime/Core/Resources/Sentis/ComputeShaders/ConvGeneric.compute(547)
Shader warning in 'ConvGeneric': "TRANSPOSE_OUTPUT variants not supported with NON_UNIFORM_CONVGROUP_PER_OC, make sure this variant is not used" at kernel Conv1D_Scaled_OutTransposed_4eoc_4esp at Packages/com.unity.ai.inference/Runtime/Core/Resources/Sentis/ComputeShaders/ConvGeneric.compute(547)
Shader warning in 'ConvGeneric': "TRANSPOSE_OUTPUT variants not supported with NON_UNIFORM_CONVGROUP_PER_OC, make sure this variant is not used" at kernel Conv1DComplex_OutTransposed_4eoc_4esp at Packages/com.unity.ai.inference/Runtime/Core/Resources/Sentis/ComputeShaders/ConvGeneric.compute(548)
Shader warning in 'ConvGeneric': "TRANSPOSE_OUTPUT variants not supported with NON_UNIFORM_CONVGROUP_PER_OC, make sure this variant is not used" at kernel Conv1D_OutTransposedDouble_4eoc_4esp at Packages/com.unity.ai.inference/Runtime/Core/Resources/Sentis/ComputeShaders/ConvGeneric.compute(548)
Shader warning in 'ConvGeneric': "TRANSPOSE_OUTPUT variants not supported with NON_UNIFORM_CONVGROUP_PER_OC, make sure this variant is not used" at kernel Conv1D_OutTransposed_4eoc_4esp at Packages/com.unity.ai.inference/Runtime/Core/Resources/Sentis/ComputeShaders/ConvGeneric.compute(548)
Shader warning in 'ConvGeneric': "TRANSPOSE_OUTPUT variants not supported with NON_UNIFORM_CONVGROUP_PER_OC, make sure this variant is not used" at kernel Conv1D_Scaled_Complex_OutTransposed_4eoc_4esp at Packages/com.unity.ai.inference/Runtime/Core/Resources/Sentis/ComputeShaders/ConvGeneric.compute(548)
Shader warning in 'ConvGeneric': "TRANSPOSE_OUTPUT variants not supported with NON_UNIFORM_CONVGROUP_PER_OC, make sure this variant is not used" at kernel Conv1D_Scaled_OutTransposed_4eoc_4esp at Packages/com.unity.ai.inference/Runtime/Core/Resources/Sentis/ComputeShaders/ConvGeneric.compute(548)
]]></output>
              </test-case>
            </test-suite>
            <test-suite type="TestFixture" id="1609" name="BytePackerTests" fullname="Unity.Netcode.EditorTests.BytePackerTests" classname="Unity.Netcode.EditorTests.BytePackerTests" runstate="Runnable" testcasecount="64" result="Passed" start-time="2025-12-30 16:55:52Z" end-time="2025-12-30 16:55:52Z" duration="0.132730" total="64" passed="64" failed="0" inconclusive="0" skipped="0" asserts="0">
              <properties />
              <test-case id="1615" name="TestBitPacking16BitsSigned" fullname="Unity.Netcode.EditorTests.BytePackerTests.TestBitPacking16BitsSigned" methodname="TestBitPacking16BitsSigned" classname="Unity.Netcode.EditorTests.BytePackerTests" runstate="Runnable" seed="237329726" result="Passed" start-time="2025-12-30 16:55:52Z" end-time="2025-12-30 16:55:52Z" duration="0.003774" asserts="0">
                <properties>
                  <property name="retryIteration" value="0" />
                  <property name="repeatIteration" value="0" />
                </properties>
              </test-case>
              <test-case id="1614" name="TestBitPacking16BitsUnsigned" fullname="Unity.Netcode.EditorTests.BytePackerTests.TestBitPacking16BitsUnsigned" methodname="TestBitPacking16BitsUnsigned" classname="Unity.Netcode.EditorTests.BytePackerTests" runstate="Runnable" seed="2017782360" result="Passed" start-time="2025-12-30 16:55:52Z" end-time="2025-12-30 16:55:52Z" duration="0.001434" asserts="0">
                <properties>
                  <property name="retryIteration" value="0" />
                  <property name="repeatIteration" value="0" />
                </properties>
              </test-case>
              <test-case id="1613" name="TestBitPacking32BitsSigned" fullname="Unity.Netcode.EditorTests.BytePackerTests.TestBitPacking32BitsSigned" methodname="TestBitPacking32BitsSigned" classname="Unity.Netcode.EditorTests.BytePackerTests" runstate="Runnable" seed="1701822197" result="Passed" start-time="2025-12-30 16:55:52Z" end-time="2025-12-30 16:55:52Z" duration="0.005156" asserts="0">
                <properties>
                  <property name="retryIteration" value="0" />
                  <property name="repeatIteration" value="0" />
                </properties>
              </test-case>
              <test-case id="1612" name="TestBitPacking32BitsUnsigned" fullname="Unity.Netcode.EditorTests.BytePackerTests.TestBitPacking32BitsUnsigned" methodname="TestBitPacking32BitsUnsigned" classname="Unity.Netcode.EditorTests.BytePackerTests" runstate="Runnable" seed="2079591478" result="Passed" start-time="2025-12-30 16:55:52Z" end-time="2025-12-30 16:55:52Z" duration="0.002420" asserts="0">
                <properties>
                  <property name="retryIteration" value="0" />
                  <property name="repeatIteration" value="0" />
                </properties>
              </test-case>
              <test-case id="1611" name="TestBitPacking64BitsSigned" fullname="Unity.Netcode.EditorTests.BytePackerTests.TestBitPacking64BitsSigned" methodname="TestBitPacking64BitsSigned" classname="Unity.Netcode.EditorTests.BytePackerTests" runstate="Runnable" seed="147585863" result="Passed" start-time="2025-12-30 16:55:52Z" end-time="2025-12-30 16:55:52Z" duration="0.009175" asserts="0">
                <properties>
                  <property name="retryIteration" value="0" />
                  <property name="repeatIteration" value="0" />
                </properties>
              </test-case>
              <test-case id="1610" name="TestBitPacking64BitsUnsigned" fullname="Unity.Netcode.EditorTests.BytePackerTests.TestBitPacking64BitsUnsigned" methodname="TestBitPacking64BitsUnsigned" classname="Unity.Netcode.EditorTests.BytePackerTests" runstate="Runnable" seed="1044316617" result="Passed" start-time="2025-12-30 16:55:52Z" end-time="2025-12-30 16:55:52Z" duration="0.004771" asserts="0">
                <properties>
                  <property name="retryIteration" value="0" />
                  <property name="repeatIteration" value="0" />
                </properties>
              </test-case>
              <test-suite type="ParameterizedMethod" id="1674" name="TestPackingBasicTypes" fullname="Unity.Netcode.EditorTests.BytePackerTests.TestPackingBasicTypes" classname="Unity.Netcode.EditorTests.BytePackerTests" runstate="Runnable" testcasecount="58" result="Passed" start-time="2025-12-30 16:55:52Z" end-time="2025-12-30 16:55:52Z" duration="0.102443" total="58" passed="58" failed="0" inconclusive="0" skipped="0" asserts="0">
                <properties />
                <test-case id="1616" name="TestPackingBasicTypes(System.Byte,WriteDirect)" fullname="Unity.Netcode.EditorTests.BytePackerTests.TestPackingBasicTypes(System.Byte,WriteDirect)" methodname="TestPackingBasicTypes" classname="Unity.Netcode.EditorTests.BytePackerTests" runstate="Runnable" seed="1073937905" result="Passed" start-time="2025-12-30 16:55:52Z" end-time="2025-12-30 16:55:52Z" duration="0.065023" asserts="0">
                  <properties>
                    <property name="retryIteration" value="0" />
                    <property name="repeatIteration" value="0" />
                  </properties>
                </test-case>
                <test-case id="1617" name="TestPackingBasicTypes(System.Byte,WriteAsObject)" fullname="Unity.Netcode.EditorTests.BytePackerTests.TestPackingBasicTypes(System.Byte,WriteAsObject)" methodname="TestPackingBasicTypes" classname="Unity.Netcode.EditorTests.BytePackerTests" runstate="Runnable" seed="1065883454" result="Passed" start-time="2025-12-30 16:55:52Z" end-time="2025-12-30 16:55:52Z" duration="0.000111" asserts="0">
                  <properties>
                    <property name="retryIteration" value="0" />
                    <property name="repeatIteration" value="0" />
                  </properties>
                </test-case>
                <test-case id="1618" name="TestPackingBasicTypes(System.SByte,WriteDirect)" fullname="Unity.Netcode.EditorTests.BytePackerTests.TestPackingBasicTypes(System.SByte,WriteDirect)" methodname="TestPackingBasicTypes" classname="Unity.Netcode.EditorTests.BytePackerTests" runstate="Runnable" seed="600523618" result="Passed" start-time="2025-12-30 16:55:52Z" end-time="2025-12-30 16:55:52Z" duration="0.001348" asserts="0">
                  <properties>
                    <property name="retryIteration" value="0" />
                    <property name="repeatIteration" value="0" />
                  </properties>
                </test-case>
                <test-case id="1619" name="TestPackingBasicTypes(System.SByte,WriteAsObject)" fullname="Unity.Netcode.EditorTests.BytePackerTests.TestPackingBasicTypes(System.SByte,WriteAsObject)" methodname="TestPackingBasicTypes" classname="Unity.Netcode.EditorTests.BytePackerTests" runstate="Runnable" seed="1220496768" result="Passed" start-time="2025-12-30 16:55:52Z" end-time="2025-12-30 16:55:52Z" duration="0.000080" asserts="0">
                  <properties>
                    <property name="retryIteration" value="0" />
                    <property name="repeatIteration" value="0" />
                  </properties>
                </test-case>
                <test-case id="1620" name="TestPackingBasicTypes(System.Int16,WriteDirect)" fullname="Unity.Netcode.EditorTests.BytePackerTests.TestPackingBasicTypes(System.Int16,WriteDirect)" methodname="TestPackingBasicTypes" classname="Unity.Netcode.EditorTests.BytePackerTests" runstate="Runnable" seed="981736987" result="Passed" start-time="2025-12-30 16:55:52Z" end-time="2025-12-30 16:55:52Z" duration="0.000993" asserts="0">
                  <properties>
                    <property name="retryIteration" value="0" />
                    <property name="repeatIteration" value="0" />
                  </properties>
                </test-case>
                <test-case id="1621" name="TestPackingBasicTypes(System.Int16,WriteAsObject)" fullname="Unity.Netcode.EditorTests.BytePackerTests.TestPackingBasicTypes(System.Int16,WriteAsObject)" methodname="TestPackingBasicTypes" classname="Unity.Netcode.EditorTests.BytePackerTests" runstate="Runnable" seed="1151893253" result="Passed" start-time="2025-12-30 16:55:52Z" end-time="2025-12-30 16:55:52Z" duration="0.000055" asserts="0">
                  <properties>
                    <property name="retryIteration" value="0" />
                    <property name="repeatIteration" value="0" />
                  </properties>
                </test-case>
                <test-case id="1622" name="TestPackingBasicTypes(System.UInt16,WriteDirect)" fullname="Unity.Netcode.EditorTests.BytePackerTests.TestPackingBasicTypes(System.UInt16,WriteDirect)" methodname="TestPackingBasicTypes" classname="Unity.Netcode.EditorTests.BytePackerTests" runstate="Runnable" seed="1900608871" result="Passed" start-time="2025-12-30 16:55:52Z" end-time="2025-12-30 16:55:52Z" duration="0.000794" asserts="0">
                  <properties>
                    <property name="retryIteration" value="0" />
                    <property name="repeatIteration" value="0" />
                  </properties>
                </test-case>
                <test-case id="1623" name="TestPackingBasicTypes(System.UInt16,WriteAsObject)" fullname="Unity.Netcode.EditorTests.BytePackerTests.TestPackingBasicTypes(System.UInt16,WriteAsObject)" methodname="TestPackingBasicTypes" classname="Unity.Netcode.EditorTests.BytePackerTests" runstate="Runnable" seed="1767690147" result="Passed" start-time="2025-12-30 16:55:52Z" end-time="2025-12-30 16:55:52Z" duration="0.000045" asserts="0">
                  <properties>
                    <property name="retryIteration" value="0" />
                    <property name="repeatIteration" value="0" />
                  </properties>
                </test-case>
                <test-case id="1624" name="TestPackingBasicTypes(System.Int32,WriteDirect)" fullname="Unity.Netcode.EditorTests.BytePackerTests.TestPackingBasicTypes(System.Int32,WriteDirect)" methodname="TestPackingBasicTypes" classname="Unity.Netcode.EditorTests.BytePackerTests" runstate="Runnable" seed="1309785071" result="Passed" start-time="2025-12-30 16:55:52Z" end-time="2025-12-30 16:55:52Z" duration="0.000788" asserts="0">
                  <properties>
                    <property name="retryIteration" value="0" />
                    <property name="repeatIteration" value="0" />
                  </properties>
                </test-case>
                <test-case id="1625" name="TestPackingBasicTypes(System.Int32,WriteAsObject)" fullname="Unity.Netcode.EditorTests.BytePackerTests.TestPackingBasicTypes(System.Int32,WriteAsObject)" methodname="TestPackingBasicTypes" classname="Unity.Netcode.EditorTests.BytePackerTests" runstate="Runnable" seed="920484944" result="Passed" start-time="2025-12-30 16:55:52Z" end-time="2025-12-30 16:55:52Z" duration="0.000052" asserts="0">
                  <properties>
                    <property name="retryIteration" value="0" />
                    <property name="repeatIteration" value="0" />
                  </properties>
                </test-case>
                <test-case id="1626" name="TestPackingBasicTypes(System.UInt32,WriteDirect)" fullname="Unity.Netcode.EditorTests.BytePackerTests.TestPackingBasicTypes(System.UInt32,WriteDirect)" methodname="TestPackingBasicTypes" classname="Unity.Netcode.EditorTests.BytePackerTests" runstate="Runnable" seed="2057515244" result="Passed" start-time="2025-12-30 16:55:52Z" end-time="2025-12-30 16:55:52Z" duration="0.000800" asserts="0">
                  <properties>
                    <property name="retryIteration" value="0" />
                    <property name="repeatIteration" value="0" />
                  </properties>
                </test-case>
                <test-case id="1627" name="TestPackingBasicTypes(System.UInt32,WriteAsObject)" fullname="Unity.Netcode.EditorTests.BytePackerTests.TestPackingBasicTypes(System.UInt32,WriteAsObject)" methodname="TestPackingBasicTypes" classname="Unity.Netcode.EditorTests.BytePackerTests" runstate="Runnable" seed="1334249645" result="Passed" start-time="2025-12-30 16:55:52Z" end-time="2025-12-30 16:55:52Z" duration="0.000051" asserts="0">
                  <properties>
                    <property name="retryIteration" value="0" />
                    <property name="repeatIteration" value="0" />
                  </properties>
                </test-case>
                <test-case id="1628" name="TestPackingBasicTypes(System.Int64,WriteDirect)" fullname="Unity.Netcode.EditorTests.BytePackerTests.TestPackingBasicTypes(System.Int64,WriteDirect)" methodname="TestPackingBasicTypes" classname="Unity.Netcode.EditorTests.BytePackerTests" runstate="Runnable" seed="807298630" result="Passed" start-time="2025-12-30 16:55:52Z" end-time="2025-12-30 16:55:52Z" duration="0.000912" asserts="0">
                  <properties>
                    <property name="retryIteration" value="0" />
                    <property name="repeatIteration" value="0" />
                  </properties>
                </test-case>
                <test-case id="1629" name="TestPackingBasicTypes(System.Int64,WriteAsObject)" fullname="Unity.Netcode.EditorTests.BytePackerTests.TestPackingBasicTypes(System.Int64,WriteAsObject)" methodname="TestPackingBasicTypes" classname="Unity.Netcode.EditorTests.BytePackerTests" runstate="Runnable" seed="524545054" result="Passed" start-time="2025-12-30 16:55:52Z" end-time="2025-12-30 16:55:52Z" duration="0.000059" asserts="0">
                  <properties>
                    <property name="retryIteration" value="0" />
                    <property name="repeatIteration" value="0" />
                  </properties>
                </test-case>
                <test-case id="1630" name="TestPackingBasicTypes(System.UInt64,WriteDirect)" fullname="Unity.Netcode.EditorTests.BytePackerTests.TestPackingBasicTypes(System.UInt64,WriteDirect)" methodname="TestPackingBasicTypes" classname="Unity.Netcode.EditorTests.BytePackerTests" runstate="Runnable" seed="1961047421" result="Passed" start-time="2025-12-30 16:55:52Z" end-time="2025-12-30 16:55:52Z" duration="0.000902" asserts="0">
                  <properties>
                    <property name="retryIteration" value="0" />
                    <property name="repeatIteration" value="0" />
                  </properties>
                </test-case>
                <test-case id="1631" name="TestPackingBasicTypes(System.UInt64,WriteAsObject)" fullname="Unity.Netcode.EditorTests.BytePackerTests.TestPackingBasicTypes(System.UInt64,WriteAsObject)" methodname="TestPackingBasicTypes" classname="Unity.Netcode.EditorTests.BytePackerTests" runstate="Runnable" seed="449201740" result="Passed" start-time="2025-12-30 16:55:52Z" end-time="2025-12-30 16:55:52Z" duration="0.000048" asserts="0">
                  <properties>
                    <property name="retryIteration" value="0" />
                    <property name="repeatIteration" value="0" />
                  </properties>
                </test-case>
                <test-case id="1632" name="TestPackingBasicTypes(System.Boolean,WriteDirect)" fullname="Unity.Netcode.EditorTests.BytePackerTests.TestPackingBasicTypes(System.Boolean,WriteDirect)" methodname="TestPackingBasicTypes" classname="Unity.Netcode.EditorTests.BytePackerTests" runstate="Runnable" seed="1046614262" result="Passed" start-time="2025-12-30 16:55:52Z" end-time="2025-12-30 16:55:52Z" duration="0.001306" asserts="0">
                  <properties>
                    <property name="retryIteration" value="0" />
                    <property name="repeatIteration" value="0" />
                  </properties>
                </test-case>
                <test-case id="1633" name="TestPackingBasicTypes(System.Boolean,WriteAsObject)" fullname="Unity.Netcode.EditorTests.BytePackerTests.TestPackingBasicTypes(System.Boolean,WriteAsObject)" methodname="TestPackingBasicTypes" classname="Unity.Netcode.EditorTests.BytePackerTests" runstate="Runnable" seed="1555468894" result="Passed" start-time="2025-12-30 16:55:52Z" end-time="2025-12-30 16:55:52Z" duration="0.000048" asserts="0">
                  <properties>
                    <property name="retryIteration" value="0" />
                    <property name="repeatIteration" value="0" />
                  </properties>
                </test-case>
                <test-case id="1634" name="TestPackingBasicTypes(System.Char,WriteDirect)" fullname="Unity.Netcode.EditorTests.BytePackerTests.TestPackingBasicTypes(System.Char,WriteDirect)" methodname="TestPackingBasicTypes" classname="Unity.Netcode.EditorTests.BytePackerTests" runstate="Runnable" seed="802791016" result="Passed" start-time="2025-12-30 16:55:52Z" end-time="2025-12-30 16:55:52Z" duration="0.000957" asserts="0">
                  <properties>
                    <property name="retryIteration" value="0" />
                    <property name="repeatIteration" value="0" />
                  </properties>
                </test-case>
                <test-case id="1635" name="TestPackingBasicTypes(System.Char,WriteAsObject)" fullname="Unity.Netcode.EditorTests.BytePackerTests.TestPackingBasicTypes(System.Char,WriteAsObject)" methodname="TestPackingBasicTypes" classname="Unity.Netcode.EditorTests.BytePackerTests" runstate="Runnable" seed="1967941601" result="Passed" start-time="2025-12-30 16:55:52Z" end-time="2025-12-30 16:55:52Z" duration="0.000050" asserts="0">
                  <properties>
                    <property name="retryIteration" value="0" />
                    <property name="repeatIteration" value="0" />
                  </properties>
                </test-case>
                <test-case id="1636" name="TestPackingBasicTypes(System.Single,WriteDirect)" fullname="Unity.Netcode.EditorTests.BytePackerTests.TestPackingBasicTypes(System.Single,WriteDirect)" methodname="TestPackingBasicTypes" classname="Unity.Netcode.EditorTests.BytePackerTests" runstate="Runnable" seed="1701077047" result="Passed" start-time="2025-12-30 16:55:52Z" end-time="2025-12-30 16:55:52Z" duration="0.001118" asserts="0">
                  <properties>
                    <property name="retryIteration" value="0" />
                    <property name="repeatIteration" value="0" />
                  </properties>
                </test-case>
                <test-case id="1637" name="TestPackingBasicTypes(System.Single,WriteAsObject)" fullname="Unity.Netcode.EditorTests.BytePackerTests.TestPackingBasicTypes(System.Single,WriteAsObject)" methodname="TestPackingBasicTypes" classname="Unity.Netcode.EditorTests.BytePackerTests" runstate="Runnable" seed="489633259" result="Passed" start-time="2025-12-30 16:55:52Z" end-time="2025-12-30 16:55:52Z" duration="0.000053" asserts="0">
                  <properties>
                    <property name="retryIteration" value="0" />
                    <property name="repeatIteration" value="0" />
                  </properties>
                </test-case>
                <test-case id="1638" name="TestPackingBasicTypes(System.Double,WriteDirect)" fullname="Unity.Netcode.EditorTests.BytePackerTests.TestPackingBasicTypes(System.Double,WriteDirect)" methodname="TestPackingBasicTypes" classname="Unity.Netcode.EditorTests.BytePackerTests" runstate="Runnable" seed="1120286750" result="Passed" start-time="2025-12-30 16:55:52Z" end-time="2025-12-30 16:55:52Z" duration="0.001103" asserts="0">
                  <properties>
                    <property name="retryIteration" value="0" />
                    <property name="repeatIteration" value="0" />
                  </properties>
                </test-case>
                <test-case id="1639" name="TestPackingBasicTypes(System.Double,WriteAsObject)" fullname="Unity.Netcode.EditorTests.BytePackerTests.TestPackingBasicTypes(System.Double,WriteAsObject)" methodname="TestPackingBasicTypes" classname="Unity.Netcode.EditorTests.BytePackerTests" runstate="Runnable" seed="669796160" result="Passed" start-time="2025-12-30 16:55:52Z" end-time="2025-12-30 16:55:52Z" duration="0.000048" asserts="0">
                  <properties>
                    <property name="retryIteration" value="0" />
                    <property name="repeatIteration" value="0" />
                  </properties>
                </test-case>
                <test-case id="1640" name="TestPackingBasicTypes(Unity.Netcode.EditorTests.BytePackerTests+ByteEnum,WriteDirect)" fullname="Unity.Netcode.EditorTests.BytePackerTests.TestPackingBasicTypes(Unity.Netcode.EditorTests.BytePackerTests+ByteEnum,WriteDirect)" methodname="TestPackingBasicTypes" classname="Unity.Netcode.EditorTests.BytePackerTests" runstate="Runnable" seed="1326725349" result="Passed" start-time="2025-12-30 16:55:52Z" end-time="2025-12-30 16:55:52Z" duration="0.002091" asserts="0">
                  <properties>
                    <property name="retryIteration" value="0" />
                    <property name="repeatIteration" value="0" />
                  </properties>
                </test-case>
                <test-case id="1641" name="TestPackingBasicTypes(Unity.Netcode.EditorTests.BytePackerTests+ByteEnum,WriteAsObject)" fullname="Unity.Netcode.EditorTests.BytePackerTests.TestPackingBasicTypes(Unity.Netcode.EditorTests.BytePackerTests+ByteEnum,WriteAsObject)" methodname="TestPackingBasicTypes" classname="Unity.Netcode.EditorTests.BytePackerTests" runstate="Runnable" seed="359396248" result="Passed" start-time="2025-12-30 16:55:52Z" end-time="2025-12-30 16:55:52Z" duration="0.000048" asserts="0">
                  <properties>
                    <property name="retryIteration" value="0" />
                    <property name="repeatIteration" value="0" />
                  </properties>
                </test-case>
                <test-case id="1642" name="TestPackingBasicTypes(Unity.Netcode.EditorTests.BytePackerTests+SByteEnum,WriteDirect)" fullname="Unity.Netcode.EditorTests.BytePackerTests.TestPackingBasicTypes(Unity.Netcode.EditorTests.BytePackerTests+SByteEnum,WriteDirect)" methodname="TestPackingBasicTypes" classname="Unity.Netcode.EditorTests.BytePackerTests" runstate="Runnable" seed="1026681216" result="Passed" start-time="2025-12-30 16:55:52Z" end-time="2025-12-30 16:55:52Z" duration="0.001129" asserts="0">
                  <properties>
                    <property name="retryIteration" value="0" />
                    <property name="repeatIteration" value="0" />
                  </properties>
                </test-case>
                <test-case id="1643" name="TestPackingBasicTypes(Unity.Netcode.EditorTests.BytePackerTests+SByteEnum,WriteAsObject)" fullname="Unity.Netcode.EditorTests.BytePackerTests.TestPackingBasicTypes(Unity.Netcode.EditorTests.BytePackerTests+SByteEnum,WriteAsObject)" methodname="TestPackingBasicTypes" classname="Unity.Netcode.EditorTests.BytePackerTests" runstate="Runnable" seed="1930136722" result="Passed" start-time="2025-12-30 16:55:52Z" end-time="2025-12-30 16:55:52Z" duration="0.000098" asserts="0">
                  <properties>
                    <property name="retryIteration" value="0" />
                    <property name="repeatIteration" value="0" />
                  </properties>
                </test-case>
                <test-case id="1644" name="TestPackingBasicTypes(Unity.Netcode.EditorTests.BytePackerTests+ShortEnum,WriteDirect)" fullname="Unity.Netcode.EditorTests.BytePackerTests.TestPackingBasicTypes(Unity.Netcode.EditorTests.BytePackerTests+ShortEnum,WriteDirect)" methodname="TestPackingBasicTypes" classname="Unity.Netcode.EditorTests.BytePackerTests" runstate="Runnable" seed="1705108002" result="Passed" start-time="2025-12-30 16:55:52Z" end-time="2025-12-30 16:55:52Z" duration="0.001251" asserts="0">
                  <properties>
                    <property name="retryIteration" value="0" />
                    <property name="repeatIteration" value="0" />
                  </properties>
                </test-case>
                <test-case id="1645" name="TestPackingBasicTypes(Unity.Netcode.EditorTests.BytePackerTests+ShortEnum,WriteAsObject)" fullname="Unity.Netcode.EditorTests.BytePackerTests.TestPackingBasicTypes(Unity.Netcode.EditorTests.BytePackerTests+ShortEnum,WriteAsObject)" methodname="TestPackingBasicTypes" classname="Unity.Netcode.EditorTests.BytePackerTests" runstate="Runnable" seed="530911967" result="Passed" start-time="2025-12-30 16:55:52Z" end-time="2025-12-30 16:55:52Z" duration="0.000057" asserts="0">
                  <properties>
                    <property name="retryIteration" value="0" />
                    <property name="repeatIteration" value="0" />
                  </properties>
                </test-case>
                <test-case id="1646" name="TestPackingBasicTypes(Unity.Netcode.EditorTests.BytePackerTests+UShortEnum,WriteDirect)" fullname="Unity.Netcode.EditorTests.BytePackerTests.TestPackingBasicTypes(Unity.Netcode.EditorTests.BytePackerTests+UShortEnum,WriteDirect)" methodname="TestPackingBasicTypes" classname="Unity.Netcode.EditorTests.BytePackerTests" runstate="Runnable" seed="976363524" result="Passed" start-time="2025-12-30 16:55:52Z" end-time="2025-12-30 16:55:52Z" duration="0.000982" asserts="0">
                  <properties>
                    <property name="retryIteration" value="0" />
                    <property name="repeatIteration" value="0" />
                  </properties>
                </test-case>
                <test-case id="1647" name="TestPackingBasicTypes(Unity.Netcode.EditorTests.BytePackerTests+UShortEnum,WriteAsObject)" fullname="Unity.Netcode.EditorTests.BytePackerTests.TestPackingBasicTypes(Unity.Netcode.EditorTests.BytePackerTests+UShortEnum,WriteAsObject)" methodname="TestPackingBasicTypes" classname="Unity.Netcode.EditorTests.BytePackerTests" runstate="Runnable" seed="957936487" result="Passed" start-time="2025-12-30 16:55:52Z" end-time="2025-12-30 16:55:52Z" duration="0.000054" asserts="0">
                  <properties>
                    <property name="retryIteration" value="0" />
                    <property name="repeatIteration" value="0" />
                  </properties>
                </test-case>
                <test-case id="1648" name="TestPackingBasicTypes(Unity.Netcode.EditorTests.BytePackerTests+IntEnum,WriteDirect)" fullname="Unity.Netcode.EditorTests.BytePackerTests.TestPackingBasicTypes(Unity.Netcode.EditorTests.BytePackerTests+IntEnum,WriteDirect)" methodname="TestPackingBasicTypes" classname="Unity.Netcode.EditorTests.BytePackerTests" runstate="Runnable" seed="922731484" result="Passed" start-time="2025-12-30 16:55:52Z" end-time="2025-12-30 16:55:52Z" duration="0.000966" asserts="0">
                  <properties>
                    <property name="retryIteration" value="0" />
                    <property name="repeatIteration" value="0" />
                  </properties>
                </test-case>
                <test-case id="1649" name="TestPackingBasicTypes(Unity.Netcode.EditorTests.BytePackerTests+IntEnum,WriteAsObject)" fullname="Unity.Netcode.EditorTests.BytePackerTests.TestPackingBasicTypes(Unity.Netcode.EditorTests.BytePackerTests+IntEnum,WriteAsObject)" methodname="TestPackingBasicTypes" classname="Unity.Netcode.EditorTests.BytePackerTests" runstate="Runnable" seed="386861838" result="Passed" start-time="2025-12-30 16:55:52Z" end-time="2025-12-30 16:55:52Z" duration="0.000051" asserts="0">
                  <properties>
                    <property name="retryIteration" value="0" />
                    <property name="repeatIteration" value="0" />
                  </properties>
                </test-case>
                <test-case id="1650" name="TestPackingBasicTypes(Unity.Netcode.EditorTests.BytePackerTests+UIntEnum,WriteDirect)" fullname="Unity.Netcode.EditorTests.BytePackerTests.TestPackingBasicTypes(Unity.Netcode.EditorTests.BytePackerTests+UIntEnum,WriteDirect)" methodname="TestPackingBasicTypes" classname="Unity.Netcode.EditorTests.BytePackerTests" runstate="Runnable" seed="1835173503" result="Passed" start-time="2025-12-30 16:55:52Z" end-time="2025-12-30 16:55:52Z" duration="0.001006" asserts="0">
                  <properties>
                    <property name="retryIteration" value="0" />
                    <property name="repeatIteration" value="0" />
                  </properties>
                </test-case>
                <test-case id="1651" name="TestPackingBasicTypes(Unity.Netcode.EditorTests.BytePackerTests+UIntEnum,WriteAsObject)" fullname="Unity.Netcode.EditorTests.BytePackerTests.TestPackingBasicTypes(Unity.Netcode.EditorTests.BytePackerTests+UIntEnum,WriteAsObject)" methodname="TestPackingBasicTypes" classname="Unity.Netcode.EditorTests.BytePackerTests" runstate="Runnable" seed="1086465564" result="Passed" start-time="2025-12-30 16:55:52Z" end-time="2025-12-30 16:55:52Z" duration="0.000078" asserts="0">
                  <properties>
                    <property name="retryIteration" value="0" />
                    <property name="repeatIteration" value="0" />
                  </properties>
                </test-case>
                <test-case id="1652" name="TestPackingBasicTypes(Unity.Netcode.EditorTests.BytePackerTests+LongEnum,WriteDirect)" fullname="Unity.Netcode.EditorTests.BytePackerTests.TestPackingBasicTypes(Unity.Netcode.EditorTests.BytePackerTests+LongEnum,WriteDirect)" methodname="TestPackingBasicTypes" classname="Unity.Netcode.EditorTests.BytePackerTests" runstate="Runnable" seed="1221028963" result="Passed" start-time="2025-12-30 16:55:52Z" end-time="2025-12-30 16:55:52Z" duration="0.001147" asserts="0">
                  <properties>
                    <property name="retryIteration" value="0" />
                    <property name="repeatIteration" value="0" />
                  </properties>
                </test-case>
                <test-case id="1653" name="TestPackingBasicTypes(Unity.Netcode.EditorTests.BytePackerTests+LongEnum,WriteAsObject)" fullname="Unity.Netcode.EditorTests.BytePackerTests.TestPackingBasicTypes(Unity.Netcode.EditorTests.BytePackerTests+LongEnum,WriteAsObject)" methodname="TestPackingBasicTypes" classname="Unity.Netcode.EditorTests.BytePackerTests" runstate="Runnable" seed="1915956258" result="Passed" start-time="2025-12-30 16:55:52Z" end-time="2025-12-30 16:55:52Z" duration="0.000078" asserts="0">
                  <properties>
                    <property name="retryIteration" value="0" />
                    <property name="repeatIteration" value="0" />
                  </properties>
                </test-case>
                <test-case id="1654" name="TestPackingBasicTypes(Unity.Netcode.EditorTests.BytePackerTests+ULongEnum,WriteDirect)" fullname="Unity.Netcode.EditorTests.BytePackerTests.TestPackingBasicTypes(Unity.Netcode.EditorTests.BytePackerTests+ULongEnum,WriteDirect)" methodname="TestPackingBasicTypes" classname="Unity.Netcode.EditorTests.BytePackerTests" runstate="Runnable" seed="1910229838" result="Passed" start-time="2025-12-30 16:55:52Z" end-time="2025-12-30 16:55:52Z" duration="0.001046" asserts="0">
                  <properties>
                    <property name="retryIteration" value="0" />
                    <property name="repeatIteration" value="0" />
                  </properties>
                </test-case>
                <test-case id="1655" name="TestPackingBasicTypes(Unity.Netcode.EditorTests.BytePackerTests+ULongEnum,WriteAsObject)" fullname="Unity.Netcode.EditorTests.BytePackerTests.TestPackingBasicTypes(Unity.Netcode.EditorTests.BytePackerTests+ULongEnum,WriteAsObject)" methodname="TestPackingBasicTypes" classname="Unity.Netcode.EditorTests.BytePackerTests" runstate="Runnable" seed="648640629" result="Passed" start-time="2025-12-30 16:55:52Z" end-time="2025-12-30 16:55:52Z" duration="0.000058" asserts="0">
                  <properties>
                    <property name="retryIteration" value="0" />
                    <property name="repeatIteration" value="0" />
                  </properties>
                </test-case>
                <test-case id="1656" name="TestPackingBasicTypes(UnityEngine.Vector2,WriteDirect)" fullname="Unity.Netcode.EditorTests.BytePackerTests.TestPackingBasicTypes(UnityEngine.Vector2,WriteDirect)" methodname="TestPackingBasicTypes" classname="Unity.Netcode.EditorTests.BytePackerTests" runstate="Runnable" seed="472341034" result="Passed" start-time="2025-12-30 16:55:52Z" end-time="2025-12-30 16:55:52Z" duration="0.001522" asserts="0">
                  <properties>
                    <property name="retryIteration" value="0" />
                    <property name="repeatIteration" value="0" />
                  </properties>
                </test-case>
                <test-case id="1657" name="TestPackingBasicTypes(UnityEngine.Vector2,WriteAsObject)" fullname="Unity.Netcode.EditorTests.BytePackerTests.TestPackingBasicTypes(UnityEngine.Vector2,WriteAsObject)" methodname="TestPackingBasicTypes" classname="Unity.Netcode.EditorTests.BytePackerTests" runstate="Runnable" seed="711375694" result="Passed" start-time="2025-12-30 16:55:52Z" end-time="2025-12-30 16:55:52Z" duration="0.000056" asserts="0">
                  <properties>
                    <property name="retryIteration" value="0" />
                    <property name="repeatIteration" value="0" />
                  </properties>
                </test-case>
                <test-case id="1658" name="TestPackingBasicTypes(UnityEngine.Vector3,WriteDirect)" fullname="Unity.Netcode.EditorTests.BytePackerTests.TestPackingBasicTypes(UnityEngine.Vector3,WriteDirect)" methodname="TestPackingBasicTypes" classname="Unity.Netcode.EditorTests.BytePackerTests" runstate="Runnable" seed="214571746" result="Passed" start-time="2025-12-30 16:55:52Z" end-time="2025-12-30 16:55:52Z" duration="0.001278" asserts="0">
                  <properties>
                    <property name="retryIteration" value="0" />
                    <property name="repeatIteration" value="0" />
                  </properties>
                </test-case>
                <test-case id="1659" name="TestPackingBasicTypes(UnityEngine.Vector3,WriteAsObject)" fullname="Unity.Netcode.EditorTests.BytePackerTests.TestPackingBasicTypes(UnityEngine.Vector3,WriteAsObject)" methodname="TestPackingBasicTypes" classname="Unity.Netcode.EditorTests.BytePackerTests" runstate="Runnable" seed="2021589310" result="Passed" start-time="2025-12-30 16:55:52Z" end-time="2025-12-30 16:55:52Z" duration="0.000069" asserts="0">
                  <properties>
                    <property name="retryIteration" value="0" />
                    <property name="repeatIteration" value="0" />
                  </properties>
                </test-case>
                <test-case id="1660" name="TestPackingBasicTypes(UnityEngine.Vector4,WriteDirect)" fullname="Unity.Netcode.EditorTests.BytePackerTests.TestPackingBasicTypes(UnityEngine.Vector4,WriteDirect)" methodname="TestPackingBasicTypes" classname="Unity.Netcode.EditorTests.BytePackerTests" runstate="Runnable" seed="1072984671" result="Passed" start-time="2025-12-30 16:55:52Z" end-time="2025-12-30 16:55:52Z" duration="0.001072" asserts="0">
                  <properties>
                    <property name="retryIteration" value="0" />
                    <property name="repeatIteration" value="0" />
                  </properties>
                </test-case>
                <test-case id="1661" name="TestPackingBasicTypes(UnityEngine.Vector4,WriteAsObject)" fullname="Unity.Netcode.EditorTests.BytePackerTests.TestPackingBasicTypes(UnityEngine.Vector4,WriteAsObject)" methodname="TestPackingBasicTypes" classname="Unity.Netcode.EditorTests.BytePackerTests" runstate="Runnable" seed="884714422" result="Passed" start-time="2025-12-30 16:55:52Z" end-time="2025-12-30 16:55:52Z" duration="0.000052" asserts="0">
                  <properties>
                    <property name="retryIteration" value="0" />
                    <property name="repeatIteration" value="0" />
                  </properties>
                </test-case>
                <test-case id="1662" name="TestPackingBasicTypes(UnityEngine.Quaternion,WriteDirect)" fullname="Unity.Netcode.EditorTests.BytePackerTests.TestPackingBasicTypes(UnityEngine.Quaternion,WriteDirect)" methodname="TestPackingBasicTypes" classname="Unity.Netcode.EditorTests.BytePackerTests" runstate="Runnable" seed="130218654" result="Passed" start-time="2025-12-30 16:55:52Z" end-time="2025-12-30 16:55:52Z" duration="0.001011" asserts="0">
                  <properties>
                    <property name="retryIteration" value="0" />
                    <property name="repeatIteration" value="0" />
                  </properties>
                </test-case>
                <test-case id="1663" name="TestPackingBasicTypes(UnityEngine.Quaternion,WriteAsObject)" fullname="Unity.Netcode.EditorTests.BytePackerTests.TestPackingBasicTypes(UnityEngine.Quaternion,WriteAsObject)" methodname="TestPackingBasicTypes" classname="Unity.Netcode.EditorTests.BytePackerTests" runstate="Runnable" seed="611057109" result="Passed" start-time="2025-12-30 16:55:52Z" end-time="2025-12-30 16:55:52Z" duration="0.000071" asserts="0">
                  <properties>
                    <property name="retryIteration" value="0" />
                    <property name="repeatIteration" value="0" />
                  </properties>
                </test-case>
                <test-case id="1664" name="TestPackingBasicTypes(UnityEngine.Pose,WriteDirect)" fullname="Unity.Netcode.EditorTests.BytePackerTests.TestPackingBasicTypes(UnityEngine.Pose,WriteDirect)" methodname="TestPackingBasicTypes" classname="Unity.Netcode.EditorTests.BytePackerTests" runstate="Runnable" seed="320587248" result="Passed" start-time="2025-12-30 16:55:52Z" end-time="2025-12-30 16:55:52Z" duration="0.001278" asserts="0">
                  <properties>
                    <property name="retryIteration" value="0" />
                    <property name="repeatIteration" value="0" />
                  </properties>
                </test-case>
                <test-case id="1665" name="TestPackingBasicTypes(UnityEngine.Pose,WriteAsObject)" fullname="Unity.Netcode.EditorTests.BytePackerTests.TestPackingBasicTypes(UnityEngine.Pose,WriteAsObject)" methodname="TestPackingBasicTypes" classname="Unity.Netcode.EditorTests.BytePackerTests" runstate="Runnable" seed="1606111556" result="Passed" start-time="2025-12-30 16:55:52Z" end-time="2025-12-30 16:55:52Z" duration="0.000061" asserts="0">
                  <properties>
                    <property name="retryIteration" value="0" />
                    <property name="repeatIteration" value="0" />
                  </properties>
                </test-case>
                <test-case id="1666" name="TestPackingBasicTypes(UnityEngine.Color,WriteDirect)" fullname="Unity.Netcode.EditorTests.BytePackerTests.TestPackingBasicTypes(UnityEngine.Color,WriteDirect)" methodname="TestPackingBasicTypes" classname="Unity.Netcode.EditorTests.BytePackerTests" runstate="Runnable" seed="1046486739" result="Passed" start-time="2025-12-30 16:55:52Z" end-time="2025-12-30 16:55:52Z" duration="0.001053" asserts="0">
                  <properties>
                    <property name="retryIteration" value="0" />
                    <property name="repeatIteration" value="0" />
                  </properties>
                </test-case>
                <test-case id="1667" name="TestPackingBasicTypes(UnityEngine.Color,WriteAsObject)" fullname="Unity.Netcode.EditorTests.BytePackerTests.TestPackingBasicTypes(UnityEngine.Color,WriteAsObject)" methodname="TestPackingBasicTypes" classname="Unity.Netcode.EditorTests.BytePackerTests" runstate="Runnable" seed="1663538865" result="Passed" start-time="2025-12-30 16:55:52Z" end-time="2025-12-30 16:55:52Z" duration="0.000061" asserts="0">
                  <properties>
                    <property name="retryIteration" value="0" />
                    <property name="repeatIteration" value="0" />
                  </properties>
                </test-case>
                <test-case id="1668" name="TestPackingBasicTypes(UnityEngine.Color32,WriteDirect)" fullname="Unity.Netcode.EditorTests.BytePackerTests.TestPackingBasicTypes(UnityEngine.Color32,WriteDirect)" methodname="TestPackingBasicTypes" classname="Unity.Netcode.EditorTests.BytePackerTests" runstate="Runnable" seed="924840246" result="Passed" start-time="2025-12-30 16:55:52Z" end-time="2025-12-30 16:55:52Z" duration="0.001094" asserts="0">
                  <properties>
                    <property name="retryIteration" value="0" />
                    <property name="repeatIteration" value="0" />
                  </properties>
                </test-case>
                <test-case id="1669" name="TestPackingBasicTypes(UnityEngine.Color32,WriteAsObject)" fullname="Unity.Netcode.EditorTests.BytePackerTests.TestPackingBasicTypes(UnityEngine.Color32,WriteAsObject)" methodname="TestPackingBasicTypes" classname="Unity.Netcode.EditorTests.BytePackerTests" runstate="Runnable" seed="990097631" result="Passed" start-time="2025-12-30 16:55:52Z" end-time="2025-12-30 16:55:52Z" duration="0.000067" asserts="0">
                  <properties>
                    <property name="retryIteration" value="0" />
                    <property name="repeatIteration" value="0" />
                  </properties>
                </test-case>
                <test-case id="1670" name="TestPackingBasicTypes(UnityEngine.Ray,WriteDirect)" fullname="Unity.Netcode.EditorTests.BytePackerTests.TestPackingBasicTypes(UnityEngine.Ray,WriteDirect)" methodname="TestPackingBasicTypes" classname="Unity.Netcode.EditorTests.BytePackerTests" runstate="Runnable" seed="887249025" result="Passed" start-time="2025-12-30 16:55:52Z" end-time="2025-12-30 16:55:52Z" duration="0.000477" asserts="0">
                  <properties>
                    <property name="retryIteration" value="0" />
                    <property name="repeatIteration" value="0" />
                  </properties>
                </test-case>
                <test-case id="1671" name="TestPackingBasicTypes(UnityEngine.Ray,WriteAsObject)" fullname="Unity.Netcode.EditorTests.BytePackerTests.TestPackingBasicTypes(UnityEngine.Ray,WriteAsObject)" methodname="TestPackingBasicTypes" classname="Unity.Netcode.EditorTests.BytePackerTests" runstate="Runnable" seed="584304646" result="Passed" start-time="2025-12-30 16:55:52Z" end-time="2025-12-30 16:55:52Z" duration="0.000064" asserts="0">
                  <properties>
                    <property name="retryIteration" value="0" />
                    <property name="repeatIteration" value="0" />
                  </properties>
                </test-case>
                <test-case id="1672" name="TestPackingBasicTypes(UnityEngine.Ray2D,WriteDirect)" fullname="Unity.Netcode.EditorTests.BytePackerTests.TestPackingBasicTypes(UnityEngine.Ray2D,WriteDirect)" methodname="TestPackingBasicTypes" classname="Unity.Netcode.EditorTests.BytePackerTests" runstate="Runnable" seed="2093080351" result="Passed" start-time="2025-12-30 16:55:52Z" end-time="2025-12-30 16:55:52Z" duration="0.000262" asserts="0">
                  <properties>
                    <property name="retryIteration" value="0" />
                    <property name="repeatIteration" value="0" />
                  </properties>
                </test-case>
                <test-case id="1673" name="TestPackingBasicTypes(UnityEngine.Ray2D,WriteAsObject)" fullname="Unity.Netcode.EditorTests.BytePackerTests.TestPackingBasicTypes(UnityEngine.Ray2D,WriteAsObject)" methodname="TestPackingBasicTypes" classname="Unity.Netcode.EditorTests.BytePackerTests" runstate="Runnable" seed="2078211105" result="Passed" start-time="2025-12-30 16:55:52Z" end-time="2025-12-30 16:55:52Z" duration="0.000049" asserts="0">
                  <properties>
                    <property name="retryIteration" value="0" />
                    <property name="repeatIteration" value="0" />
                  </properties>
                </test-case>
              </test-suite>
            </test-suite>
            <test-suite type="TestFixture" id="2315" name="ClientNetworkTimeSystemTests" fullname="Unity.Netcode.EditorTests.ClientNetworkTimeSystemTests" classname="Unity.Netcode.EditorTests.ClientNetworkTimeSystemTests" runstate="Runnable" testcasecount="3" result="Passed" start-time="2025-12-30 16:55:52Z" end-time="2025-12-30 16:55:52Z" duration="0.018165" total="3" passed="3" failed="0" inconclusive="0" skipped="0" asserts="0">
              <properties />
              <test-case id="2318" name="ResetTest" fullname="Unity.Netcode.EditorTests.ClientNetworkTimeSystemTests.ResetTest" methodname="ResetTest" classname="Unity.Netcode.EditorTests.ClientNetworkTimeSystemTests" runstate="Runnable" seed="1855691160" result="Passed" start-time="2025-12-30 16:55:52Z" end-time="2025-12-30 16:55:52Z" duration="0.007058" asserts="0">
                <properties>
                  <property name="retryIteration" value="0" />
                  <property name="repeatIteration" value="0" />
                </properties>
              </test-case>
              <test-case id="2317" name="RttCatchupSlowdownTest" fullname="Unity.Netcode.EditorTests.ClientNetworkTimeSystemTests.RttCatchupSlowdownTest" methodname="RttCatchupSlowdownTest" classname="Unity.Netcode.EditorTests.ClientNetworkTimeSystemTests" runstate="Runnable" seed="517209608" result="Passed" start-time="2025-12-30 16:55:52Z" end-time="2025-12-30 16:55:52Z" duration="0.005758" asserts="0">
                <properties>
                  <property name="retryIteration" value="0" />
                  <property name="repeatIteration" value="0" />
                </properties>
                <output><![CDATA[Total local speed up time catch up: 0.0505608402378641
Total local speed up time slow down: -0.048806115668242
]]></output>
              </test-case>
              <test-case id="2316" name="StableRttTest" fullname="Unity.Netcode.EditorTests.ClientNetworkTimeSystemTests.StableRttTest" methodname="StableRttTest" classname="Unity.Netcode.EditorTests.ClientNetworkTimeSystemTests" runstate="Runnable" seed="1362852830" result="Passed" start-time="2025-12-30 16:55:52Z" end-time="2025-12-30 16:55:52Z" duration="0.004208" asserts="0">
                <properties>
                  <property name="retryIteration" value="0" />
                  <property name="repeatIteration" value="0" />
                </properties>
                <output><![CDATA[offset to target time after running for a while: 0.000799962151782546
offset to target time after running longer: 0.000991731584059602
]]></output>
              </test-case>
            </test-suite>
            <test-suite type="TestFixture" id="1023" name="DisconnectMessageTests" fullname="Unity.Netcode.EditorTests.DisconnectMessageTests" classname="Unity.Netcode.EditorTests.DisconnectMessageTests" runstate="Runnable" testcasecount="3" result="Passed" start-time="2025-12-30 16:55:52Z" end-time="2025-12-30 16:55:52Z" duration="0.002207" total="3" passed="3" failed="0" inconclusive="0" skipped="0" asserts="0">
              <properties />
              <test-case id="1025" name="DisconnectReason" fullname="Unity.Netcode.EditorTests.DisconnectMessageTests.DisconnectReason" methodname="DisconnectReason" classname="Unity.Netcode.EditorTests.DisconnectMessageTests" runstate="Runnable" seed="1355168552" result="Passed" start-time="2025-12-30 16:55:52Z" end-time="2025-12-30 16:55:52Z" duration="0.000305" asserts="0">
                <properties>
                  <property name="retryIteration" value="0" />
                  <property name="repeatIteration" value="0" />
                </properties>
              </test-case>
              <test-case id="1026" name="DisconnectReasonTooLong" fullname="Unity.Netcode.EditorTests.DisconnectMessageTests.DisconnectReasonTooLong" methodname="DisconnectReasonTooLong" classname="Unity.Netcode.EditorTests.DisconnectMessageTests" runstate="Runnable" seed="1488075522" result="Passed" start-time="2025-12-30 16:55:52Z" end-time="2025-12-30 16:55:52Z" duration="0.000801" asserts="0">
                <properties>
                  <property name="retryIteration" value="0" />
                  <property name="repeatIteration" value="0" />
                </properties>
                <output><![CDATA[[Netcode] Disconnect reason didn't fit. Disconnected without sending a reason. Consider shortening the reason string.
]]></output>
              </test-case>
              <test-case id="1024" name="EmptyDisconnectReason" fullname="Unity.Netcode.EditorTests.DisconnectMessageTests.EmptyDisconnectReason" methodname="EmptyDisconnectReason" classname="Unity.Netcode.EditorTests.DisconnectMessageTests" runstate="Runnable" seed="706557862" result="Passed" start-time="2025-12-30 16:55:52Z" end-time="2025-12-30 16:55:52Z" duration="0.000118" asserts="0">
                <properties>
                  <property name="retryIteration" value="0" />
                  <property name="repeatIteration" value="0" />
                </properties>
              </test-case>
            </test-suite>
            <test-suite type="TestFixture" id="1038" name="DisconnectOnSendTests" fullname="Unity.Netcode.EditorTests.DisconnectOnSendTests" classname="Unity.Netcode.EditorTests.DisconnectOnSendTests" runstate="Runnable" testcasecount="1" result="Passed" start-time="2025-12-30 16:55:52Z" end-time="2025-12-30 16:55:52Z" duration="0.012229" total="1" passed="1" failed="0" inconclusive="0" skipped="0" asserts="0">
              <properties />
              <test-case id="1039" name="WhenDisconnectIsCalledDuringSend_NoErrorsOccur" fullname="Unity.Netcode.EditorTests.DisconnectOnSendTests.WhenDisconnectIsCalledDuringSend_NoErrorsOccur" methodname="WhenDisconnectIsCalledDuringSend_NoErrorsOccur" classname="Unity.Netcode.EditorTests.DisconnectOnSendTests" runstate="Runnable" seed="1465138083" result="Passed" start-time="2025-12-30 16:55:52Z" end-time="2025-12-30 16:55:52Z" duration="0.011370" asserts="0">
                <properties>
                  <property name="retryIteration" value="0" />
                  <property name="repeatIteration" value="0" />
                </properties>
              </test-case>
            </test-suite>
            <test-suite type="TestFixture" id="1675" name="FastBufferReaderTests" fullname="Unity.Netcode.EditorTests.FastBufferReaderTests" classname="Unity.Netcode.EditorTests.FastBufferReaderTests" runstate="Runnable" testcasecount="302" result="Passed" start-time="2025-12-30 16:55:52Z" end-time="2025-12-30 16:55:53Z" duration="0.292207" total="302" passed="302" failed="0" inconclusive="0" skipped="0" asserts="0">
              <properties />
              <test-case id="1948" name="GivenFastBufferReaderInitializedFromFastBufferWriterContainingValue_WhenCallingToArray_ReturnedArrayMatchesContentOfWriter" fullname="Unity.Netcode.EditorTests.FastBufferReaderTests.GivenFastBufferReaderInitializedFromFastBufferWriterContainingValue_WhenCallingToArray_ReturnedArrayMatchesContentOfWriter" methodname="GivenFastBufferReaderInitializedFromFastBufferWriterContainingValue_WhenCallingToArray_ReturnedArrayMatchesContentOfWriter" classname="Unity.Netcode.EditorTests.FastBufferReaderTests" runstate="Runnable" seed="236946310" result="Passed" start-time="2025-12-30 16:55:52Z" end-time="2025-12-30 16:55:52Z" duration="0.000527" asserts="0">
                <properties>
                  <property name="retryIteration" value="0" />
                  <property name="repeatIteration" value="0" />
                </properties>
              </test-case>
              <test-suite type="ParameterizedMethod" id="1805" name="GivenFastBufferWriterContainingValue_WhenReadingArrayOfUnmanagedElementType_ValueMatchesWhatWasWritten" fullname="Unity.Netcode.EditorTests.FastBufferReaderTests.GivenFastBufferWriterContainingValue_WhenReadingArrayOfUnmanagedElementType_ValueMatchesWhatWasWritten" classname="Unity.Netcode.EditorTests.FastBufferReaderTests" runstate="Runnable" testcasecount="64" result="Passed" start-time="2025-12-30 16:55:52Z" end-time="2025-12-30 16:55:52Z" duration="0.056078" total="64" passed="64" failed="0" inconclusive="0" skipped="0" asserts="0">
                <properties />
                <test-case id="1741" name="GivenFastBufferWriterContainingValue_WhenReadingArrayOfUnmanagedElementType_ValueMatchesWhatWasWritten(System.Byte,WriteDirect)" fullname="Unity.Netcode.EditorTests.FastBufferReaderTests.GivenFastBufferWriterContainingValue_WhenReadingArrayOfUnmanagedElementType_ValueMatchesWhatWasWritten(System.Byte,WriteDirect)" methodname="GivenFastBufferWriterContainingValue_WhenReadingArrayOfUnmanagedElementType_ValueMatchesWhatWasWritten" classname="Unity.Netcode.EditorTests.FastBufferReaderTests" runstate="Runnable" seed="1131862789" result="Passed" start-time="2025-12-30 16:55:52Z" end-time="2025-12-30 16:55:52Z" duration="0.003787" asserts="0">
                  <properties>
                    <property name="retryIteration" value="0" />
                    <property name="repeatIteration" value="0" />
                  </properties>
                </test-case>
                <test-case id="1742" name="GivenFastBufferWriterContainingValue_WhenReadingArrayOfUnmanagedElementType_ValueMatchesWhatWasWritten(System.Byte,WriteSafe)" fullname="Unity.Netcode.EditorTests.FastBufferReaderTests.GivenFastBufferWriterContainingValue_WhenReadingArrayOfUnmanagedElementType_ValueMatchesWhatWasWritten(System.Byte,WriteSafe)" methodname="GivenFastBufferWriterContainingValue_WhenReadingArrayOfUnmanagedElementType_ValueMatchesWhatWasWritten" classname="Unity.Netcode.EditorTests.FastBufferReaderTests" runstate="Runnable" seed="1048234354" result="Passed" start-time="2025-12-30 16:55:52Z" end-time="2025-12-30 16:55:52Z" duration="0.001049" asserts="0">
                  <properties>
                    <property name="retryIteration" value="0" />
                    <property name="repeatIteration" value="0" />
                  </properties>
                </test-case>
                <test-case id="1743" name="GivenFastBufferWriterContainingValue_WhenReadingArrayOfUnmanagedElementType_ValueMatchesWhatWasWritten(System.SByte,WriteDirect)" fullname="Unity.Netcode.EditorTests.FastBufferReaderTests.GivenFastBufferWriterContainingValue_WhenReadingArrayOfUnmanagedElementType_ValueMatchesWhatWasWritten(System.SByte,WriteDirect)" methodname="GivenFastBufferWriterContainingValue_WhenReadingArrayOfUnmanagedElementType_ValueMatchesWhatWasWritten" classname="Unity.Netcode.EditorTests.FastBufferReaderTests" runstate="Runnable" seed="1428282372" result="Passed" start-time="2025-12-30 16:55:52Z" end-time="2025-12-30 16:55:52Z" duration="0.001236" asserts="0">
                  <properties>
                    <property name="retryIteration" value="0" />
                    <property name="repeatIteration" value="0" />
                  </properties>
                </test-case>
                <test-case id="1744" name="GivenFastBufferWriterContainingValue_WhenReadingArrayOfUnmanagedElementType_ValueMatchesWhatWasWritten(System.SByte,WriteSafe)" fullname="Unity.Netcode.EditorTests.FastBufferReaderTests.GivenFastBufferWriterContainingValue_WhenReadingArrayOfUnmanagedElementType_ValueMatchesWhatWasWritten(System.SByte,WriteSafe)" methodname="GivenFastBufferWriterContainingValue_WhenReadingArrayOfUnmanagedElementType_ValueMatchesWhatWasWritten" classname="Unity.Netcode.EditorTests.FastBufferReaderTests" runstate="Runnable" seed="1084513411" result="Passed" start-time="2025-12-30 16:55:52Z" end-time="2025-12-30 16:55:52Z" duration="0.000485" asserts="0">
                  <properties>
                    <property name="retryIteration" value="0" />
                    <property name="repeatIteration" value="0" />
                  </properties>
                </test-case>
                <test-case id="1745" name="GivenFastBufferWriterContainingValue_WhenReadingArrayOfUnmanagedElementType_ValueMatchesWhatWasWritten(System.Int16,WriteDirect)" fullname="Unity.Netcode.EditorTests.FastBufferReaderTests.GivenFastBufferWriterContainingValue_WhenReadingArrayOfUnmanagedElementType_ValueMatchesWhatWasWritten(System.Int16,WriteDirect)" methodname="GivenFastBufferWriterContainingValue_WhenReadingArrayOfUnmanagedElementType_ValueMatchesWhatWasWritten" classname="Unity.Netcode.EditorTests.FastBufferReaderTests" runstate="Runnable" seed="2091401935" result="Passed" start-time="2025-12-30 16:55:52Z" end-time="2025-12-30 16:55:52Z" duration="0.000987" asserts="0">
                  <properties>
                    <property name="retryIteration" value="0" />
                    <property name="repeatIteration" value="0" />
                  </properties>
                </test-case>
                <test-case id="1746" name="GivenFastBufferWriterContainingValue_WhenReadingArrayOfUnmanagedElementType_ValueMatchesWhatWasWritten(System.Int16,WriteSafe)" fullname="Unity.Netcode.EditorTests.FastBufferReaderTests.GivenFastBufferWriterContainingValue_WhenReadingArrayOfUnmanagedElementType_ValueMatchesWhatWasWritten(System.Int16,WriteSafe)" methodname="GivenFastBufferWriterContainingValue_WhenReadingArrayOfUnmanagedElementType_ValueMatchesWhatWasWritten" classname="Unity.Netcode.EditorTests.FastBufferReaderTests" runstate="Runnable" seed="2111955638" result="Passed" start-time="2025-12-30 16:55:52Z" end-time="2025-12-30 16:55:52Z" duration="0.000572" asserts="0">
                  <properties>
                    <property name="retryIteration" value="0" />
                    <property name="repeatIteration" value="0" />
                  </properties>
                </test-case>
                <test-case id="1747" name="GivenFastBufferWriterContainingValue_WhenReadingArrayOfUnmanagedElementType_ValueMatchesWhatWasWritten(System.UInt16,WriteDirect)" fullname="Unity.Netcode.EditorTests.FastBufferReaderTests.GivenFastBufferWriterContainingValue_WhenReadingArrayOfUnmanagedElementType_ValueMatchesWhatWasWritten(System.UInt16,WriteDirect)" methodname="GivenFastBufferWriterContainingValue_WhenReadingArrayOfUnmanagedElementType_ValueMatchesWhatWasWritten" classname="Unity.Netcode.EditorTests.FastBufferReaderTests" runstate="Runnable" seed="234104092" result="Passed" start-time="2025-12-30 16:55:52Z" end-time="2025-12-30 16:55:52Z" duration="0.001001" asserts="0">
                  <properties>
                    <property name="retryIteration" value="0" />
                    <property name="repeatIteration" value="0" />
                  </properties>
                </test-case>
                <test-case id="1748" name="GivenFastBufferWriterContainingValue_WhenReadingArrayOfUnmanagedElementType_ValueMatchesWhatWasWritten(System.UInt16,WriteSafe)" fullname="Unity.Netcode.EditorTests.FastBufferReaderTests.GivenFastBufferWriterContainingValue_WhenReadingArrayOfUnmanagedElementType_ValueMatchesWhatWasWritten(System.UInt16,WriteSafe)" methodname="GivenFastBufferWriterContainingValue_WhenReadingArrayOfUnmanagedElementType_ValueMatchesWhatWasWritten" classname="Unity.Netcode.EditorTests.FastBufferReaderTests" runstate="Runnable" seed="663086820" result="Passed" start-time="2025-12-30 16:55:52Z" end-time="2025-12-30 16:55:52Z" duration="0.000471" asserts="0">
                  <properties>
                    <property name="retryIteration" value="0" />
                    <property name="repeatIteration" value="0" />
                  </properties>
                </test-case>
                <test-case id="1749" name="GivenFastBufferWriterContainingValue_WhenReadingArrayOfUnmanagedElementType_ValueMatchesWhatWasWritten(System.Int32,WriteDirect)" fullname="Unity.Netcode.EditorTests.FastBufferReaderTests.GivenFastBufferWriterContainingValue_WhenReadingArrayOfUnmanagedElementType_ValueMatchesWhatWasWritten(System.Int32,WriteDirect)" methodname="GivenFastBufferWriterContainingValue_WhenReadingArrayOfUnmanagedElementType_ValueMatchesWhatWasWritten" classname="Unity.Netcode.EditorTests.FastBufferReaderTests" runstate="Runnable" seed="970857602" result="Passed" start-time="2025-12-30 16:55:52Z" end-time="2025-12-30 16:55:52Z" duration="0.000865" asserts="0">
                  <properties>
                    <property name="retryIteration" value="0" />
                    <property name="repeatIteration" value="0" />
                  </properties>
                </test-case>
                <test-case id="1750" name="GivenFastBufferWriterContainingValue_WhenReadingArrayOfUnmanagedElementType_ValueMatchesWhatWasWritten(System.Int32,WriteSafe)" fullname="Unity.Netcode.EditorTests.FastBufferReaderTests.GivenFastBufferWriterContainingValue_WhenReadingArrayOfUnmanagedElementType_ValueMatchesWhatWasWritten(System.Int32,WriteSafe)" methodname="GivenFastBufferWriterContainingValue_WhenReadingArrayOfUnmanagedElementType_ValueMatchesWhatWasWritten" classname="Unity.Netcode.EditorTests.FastBufferReaderTests" runstate="Runnable" seed="990552940" result="Passed" start-time="2025-12-30 16:55:52Z" end-time="2025-12-30 16:55:52Z" duration="0.000411" asserts="0">
                  <properties>
                    <property name="retryIteration" value="0" />
                    <property name="repeatIteration" value="0" />
                  </properties>
                </test-case>
                <test-case id="1751" name="GivenFastBufferWriterContainingValue_WhenReadingArrayOfUnmanagedElementType_ValueMatchesWhatWasWritten(System.UInt32,WriteDirect)" fullname="Unity.Netcode.EditorTests.FastBufferReaderTests.GivenFastBufferWriterContainingValue_WhenReadingArrayOfUnmanagedElementType_ValueMatchesWhatWasWritten(System.UInt32,WriteDirect)" methodname="GivenFastBufferWriterContainingValue_WhenReadingArrayOfUnmanagedElementType_ValueMatchesWhatWasWritten" classname="Unity.Netcode.EditorTests.FastBufferReaderTests" runstate="Runnable" seed="1002925599" result="Passed" start-time="2025-12-30 16:55:52Z" end-time="2025-12-30 16:55:52Z" duration="0.001141" asserts="0">
                  <properties>
                    <property name="retryIteration" value="0" />
                    <property name="repeatIteration" value="0" />
                  </properties>
                </test-case>
                <test-case id="1752" name="GivenFastBufferWriterContainingValue_WhenReadingArrayOfUnmanagedElementType_ValueMatchesWhatWasWritten(System.UInt32,WriteSafe)" fullname="Unity.Netcode.EditorTests.FastBufferReaderTests.GivenFastBufferWriterContainingValue_WhenReadingArrayOfUnmanagedElementType_ValueMatchesWhatWasWritten(System.UInt32,WriteSafe)" methodname="GivenFastBufferWriterContainingValue_WhenReadingArrayOfUnmanagedElementType_ValueMatchesWhatWasWritten" classname="Unity.Netcode.EditorTests.FastBufferReaderTests" runstate="Runnable" seed="1233867135" result="Passed" start-time="2025-12-30 16:55:52Z" end-time="2025-12-30 16:55:52Z" duration="0.000463" asserts="0">
                  <properties>
                    <property name="retryIteration" value="0" />
                    <property name="repeatIteration" value="0" />
                  </properties>
                </test-case>
                <test-case id="1753" name="GivenFastBufferWriterContainingValue_WhenReadingArrayOfUnmanagedElementType_ValueMatchesWhatWasWritten(System.Int64,WriteDirect)" fullname="Unity.Netcode.EditorTests.FastBufferReaderTests.GivenFastBufferWriterContainingValue_WhenReadingArrayOfUnmanagedElementType_ValueMatchesWhatWasWritten(System.Int64,WriteDirect)" methodname="GivenFastBufferWriterContainingValue_WhenReadingArrayOfUnmanagedElementType_ValueMatchesWhatWasWritten" classname="Unity.Netcode.EditorTests.FastBufferReaderTests" runstate="Runnable" seed="681858187" result="Passed" start-time="2025-12-30 16:55:52Z" end-time="2025-12-30 16:55:52Z" duration="0.000892" asserts="0">
                  <properties>
                    <property name="retryIteration" value="0" />
                    <property name="repeatIteration" value="0" />
                  </properties>
                </test-case>
                <test-case id="1754" name="GivenFastBufferWriterContainingValue_WhenReadingArrayOfUnmanagedElementType_ValueMatchesWhatWasWritten(System.Int64,WriteSafe)" fullname="Unity.Netcode.EditorTests.FastBufferReaderTests.GivenFastBufferWriterContainingValue_WhenReadingArrayOfUnmanagedElementType_ValueMatchesWhatWasWritten(System.Int64,WriteSafe)" methodname="GivenFastBufferWriterContainingValue_WhenReadingArrayOfUnmanagedElementType_ValueMatchesWhatWasWritten" classname="Unity.Netcode.EditorTests.FastBufferReaderTests" runstate="Runnable" seed="298510456" result="Passed" start-time="2025-12-30 16:55:52Z" end-time="2025-12-30 16:55:52Z" duration="0.000493" asserts="0">
                  <properties>
                    <property name="retryIteration" value="0" />
                    <property name="repeatIteration" value="0" />
                  </properties>
                </test-case>
                <test-case id="1755" name="GivenFastBufferWriterContainingValue_WhenReadingArrayOfUnmanagedElementType_ValueMatchesWhatWasWritten(System.UInt64,WriteDirect)" fullname="Unity.Netcode.EditorTests.FastBufferReaderTests.GivenFastBufferWriterContainingValue_WhenReadingArrayOfUnmanagedElementType_ValueMatchesWhatWasWritten(System.UInt64,WriteDirect)" methodname="GivenFastBufferWriterContainingValue_WhenReadingArrayOfUnmanagedElementType_ValueMatchesWhatWasWritten" classname="Unity.Netcode.EditorTests.FastBufferReaderTests" runstate="Runnable" seed="710606217" result="Passed" start-time="2025-12-30 16:55:52Z" end-time="2025-12-30 16:55:52Z" duration="0.001049" asserts="0">
                  <properties>
                    <property name="retryIteration" value="0" />
                    <property name="repeatIteration" value="0" />
                  </properties>
                </test-case>
                <test-case id="1756" name="GivenFastBufferWriterContainingValue_WhenReadingArrayOfUnmanagedElementType_ValueMatchesWhatWasWritten(System.UInt64,WriteSafe)" fullname="Unity.Netcode.EditorTests.FastBufferReaderTests.GivenFastBufferWriterContainingValue_WhenReadingArrayOfUnmanagedElementType_ValueMatchesWhatWasWritten(System.UInt64,WriteSafe)" methodname="GivenFastBufferWriterContainingValue_WhenReadingArrayOfUnmanagedElementType_ValueMatchesWhatWasWritten" classname="Unity.Netcode.EditorTests.FastBufferReaderTests" runstate="Runnable" seed="538529941" result="Passed" start-time="2025-12-30 16:55:52Z" end-time="2025-12-30 16:55:52Z" duration="0.000557" asserts="0">
                  <properties>
                    <property name="retryIteration" value="0" />
                    <property name="repeatIteration" value="0" />
                  </properties>
                </test-case>
                <test-case id="1757" name="GivenFastBufferWriterContainingValue_WhenReadingArrayOfUnmanagedElementType_ValueMatchesWhatWasWritten(System.Boolean,WriteDirect)" fullname="Unity.Netcode.EditorTests.FastBufferReaderTests.GivenFastBufferWriterContainingValue_WhenReadingArrayOfUnmanagedElementType_ValueMatchesWhatWasWritten(System.Boolean,WriteDirect)" methodname="GivenFastBufferWriterContainingValue_WhenReadingArrayOfUnmanagedElementType_ValueMatchesWhatWasWritten" classname="Unity.Netcode.EditorTests.FastBufferReaderTests" runstate="Runnable" seed="1820825815" result="Passed" start-time="2025-12-30 16:55:52Z" end-time="2025-12-30 16:55:52Z" duration="0.001109" asserts="0">
                  <properties>
                    <property name="retryIteration" value="0" />
                    <property name="repeatIteration" value="0" />
                  </properties>
                </test-case>
                <test-case id="1758" name="GivenFastBufferWriterContainingValue_WhenReadingArrayOfUnmanagedElementType_ValueMatchesWhatWasWritten(System.Boolean,WriteSafe)" fullname="Unity.Netcode.EditorTests.FastBufferReaderTests.GivenFastBufferWriterContainingValue_WhenReadingArrayOfUnmanagedElementType_ValueMatchesWhatWasWritten(System.Boolean,WriteSafe)" methodname="GivenFastBufferWriterContainingValue_WhenReadingArrayOfUnmanagedElementType_ValueMatchesWhatWasWritten" classname="Unity.Netcode.EditorTests.FastBufferReaderTests" runstate="Runnable" seed="273644628" result="Passed" start-time="2025-12-30 16:55:52Z" end-time="2025-12-30 16:55:52Z" duration="0.000593" asserts="0">
                  <properties>
                    <property name="retryIteration" value="0" />
                    <property name="repeatIteration" value="0" />
                  </properties>
                </test-case>
                <test-case id="1759" name="GivenFastBufferWriterContainingValue_WhenReadingArrayOfUnmanagedElementType_ValueMatchesWhatWasWritten(System.Char,WriteDirect)" fullname="Unity.Netcode.EditorTests.FastBufferReaderTests.GivenFastBufferWriterContainingValue_WhenReadingArrayOfUnmanagedElementType_ValueMatchesWhatWasWritten(System.Char,WriteDirect)" methodname="GivenFastBufferWriterContainingValue_WhenReadingArrayOfUnmanagedElementType_ValueMatchesWhatWasWritten" classname="Unity.Netcode.EditorTests.FastBufferReaderTests" runstate="Runnable" seed="1712300703" result="Passed" start-time="2025-12-30 16:55:52Z" end-time="2025-12-30 16:55:52Z" duration="0.000943" asserts="0">
                  <properties>
                    <property name="retryIteration" value="0" />
                    <property name="repeatIteration" value="0" />
                  </properties>
                </test-case>
                <test-case id="1760" name="GivenFastBufferWriterContainingValue_WhenReadingArrayOfUnmanagedElementType_ValueMatchesWhatWasWritten(System.Char,WriteSafe)" fullname="Unity.Netcode.EditorTests.FastBufferReaderTests.GivenFastBufferWriterContainingValue_WhenReadingArrayOfUnmanagedElementType_ValueMatchesWhatWasWritten(System.Char,WriteSafe)" methodname="GivenFastBufferWriterContainingValue_WhenReadingArrayOfUnmanagedElementType_ValueMatchesWhatWasWritten" classname="Unity.Netcode.EditorTests.FastBufferReaderTests" runstate="Runnable" seed="657165008" result="Passed" start-time="2025-12-30 16:55:52Z" end-time="2025-12-30 16:55:52Z" duration="0.000440" asserts="0">
                  <properties>
                    <property name="retryIteration" value="0" />
                    <property name="repeatIteration" value="0" />
                  </properties>
                </test-case>
                <test-case id="1761" name="GivenFastBufferWriterContainingValue_WhenReadingArrayOfUnmanagedElementType_ValueMatchesWhatWasWritten(System.Single,WriteDirect)" fullname="Unity.Netcode.EditorTests.FastBufferReaderTests.GivenFastBufferWriterContainingValue_WhenReadingArrayOfUnmanagedElementType_ValueMatchesWhatWasWritten(System.Single,WriteDirect)" methodname="GivenFastBufferWriterContainingValue_WhenReadingArrayOfUnmanagedElementType_ValueMatchesWhatWasWritten" classname="Unity.Netcode.EditorTests.FastBufferReaderTests" runstate="Runnable" seed="1116348696" result="Passed" start-time="2025-12-30 16:55:52Z" end-time="2025-12-30 16:55:52Z" duration="0.000870" asserts="0">
                  <properties>
                    <property name="retryIteration" value="0" />
                    <property name="repeatIteration" value="0" />
                  </properties>
                </test-case>
                <test-case id="1762" name="GivenFastBufferWriterContainingValue_WhenReadingArrayOfUnmanagedElementType_ValueMatchesWhatWasWritten(System.Single,WriteSafe)" fullname="Unity.Netcode.EditorTests.FastBufferReaderTests.GivenFastBufferWriterContainingValue_WhenReadingArrayOfUnmanagedElementType_ValueMatchesWhatWasWritten(System.Single,WriteSafe)" methodname="GivenFastBufferWriterContainingValue_WhenReadingArrayOfUnmanagedElementType_ValueMatchesWhatWasWritten" classname="Unity.Netcode.EditorTests.FastBufferReaderTests" runstate="Runnable" seed="34799152" result="Passed" start-time="2025-12-30 16:55:52Z" end-time="2025-12-30 16:55:52Z" duration="0.000437" asserts="0">
                  <properties>
                    <property name="retryIteration" value="0" />
                    <property name="repeatIteration" value="0" />
                  </properties>
                </test-case>
                <test-case id="1763" name="GivenFastBufferWriterContainingValue_WhenReadingArrayOfUnmanagedElementType_ValueMatchesWhatWasWritten(System.Double,WriteDirect)" fullname="Unity.Netcode.EditorTests.FastBufferReaderTests.GivenFastBufferWriterContainingValue_WhenReadingArrayOfUnmanagedElementType_ValueMatchesWhatWasWritten(System.Double,WriteDirect)" methodname="GivenFastBufferWriterContainingValue_WhenReadingArrayOfUnmanagedElementType_ValueMatchesWhatWasWritten" classname="Unity.Netcode.EditorTests.FastBufferReaderTests" runstate="Runnable" seed="996605991" result="Passed" start-time="2025-12-30 16:55:52Z" end-time="2025-12-30 16:55:52Z" duration="0.000870" asserts="0">
                  <properties>
                    <property name="retryIteration" value="0" />
                    <property name="repeatIteration" value="0" />
                  </properties>
                </test-case>
                <test-case id="1764" name="GivenFastBufferWriterContainingValue_WhenReadingArrayOfUnmanagedElementType_ValueMatchesWhatWasWritten(System.Double,WriteSafe)" fullname="Unity.Netcode.EditorTests.FastBufferReaderTests.GivenFastBufferWriterContainingValue_WhenReadingArrayOfUnmanagedElementType_ValueMatchesWhatWasWritten(System.Double,WriteSafe)" methodname="GivenFastBufferWriterContainingValue_WhenReadingArrayOfUnmanagedElementType_ValueMatchesWhatWasWritten" classname="Unity.Netcode.EditorTests.FastBufferReaderTests" runstate="Runnable" seed="52224131" result="Passed" start-time="2025-12-30 16:55:52Z" end-time="2025-12-30 16:55:52Z" duration="0.000449" asserts="0">
                  <properties>
                    <property name="retryIteration" value="0" />
                    <property name="repeatIteration" value="0" />
                  </properties>
                </test-case>
                <test-case id="1765" name="GivenFastBufferWriterContainingValue_WhenReadingArrayOfUnmanagedElementType_ValueMatchesWhatWasWritten(Unity.Netcode.EditorTests.BaseFastBufferReaderWriterTest+ByteEnum,WriteDirect)" fullname="Unity.Netcode.EditorTests.FastBufferReaderTests.GivenFastBufferWriterContainingValue_WhenReadingArrayOfUnmanagedElementType_ValueMatchesWhatWasWritten(Unity.Netcode.EditorTests.BaseFastBufferReaderWriterTest+ByteEnum,WriteDirect)" methodname="GivenFastBufferWriterContainingValue_WhenReadingArrayOfUnmanagedElementType_ValueMatchesWhatWasWritten" classname="Unity.Netcode.EditorTests.FastBufferReaderTests" runstate="Runnable" seed="1941305081" result="Passed" start-time="2025-12-30 16:55:52Z" end-time="2025-12-30 16:55:52Z" duration="0.001075" asserts="0">
                  <properties>
                    <property name="retryIteration" value="0" />
                    <property name="repeatIteration" value="0" />
                  </properties>
                </test-case>
                <test-case id="1766" name="GivenFastBufferWriterContainingValue_WhenReadingArrayOfUnmanagedElementType_ValueMatchesWhatWasWritten(Unity.Netcode.EditorTests.BaseFastBufferReaderWriterTest+ByteEnum,WriteSafe)" fullname="Unity.Netcode.EditorTests.FastBufferReaderTests.GivenFastBufferWriterContainingValue_WhenReadingArrayOfUnmanagedElementType_ValueMatchesWhatWasWritten(Unity.Netcode.EditorTests.BaseFastBufferReaderWriterTest+ByteEnum,WriteSafe)" methodname="GivenFastBufferWriterContainingValue_WhenReadingArrayOfUnmanagedElementType_ValueMatchesWhatWasWritten" classname="Unity.Netcode.EditorTests.FastBufferReaderTests" runstate="Runnable" seed="1677350749" result="Passed" start-time="2025-12-30 16:55:52Z" end-time="2025-12-30 16:55:52Z" duration="0.000626" asserts="0">
                  <properties>
                    <property name="retryIteration" value="0" />
                    <property name="repeatIteration" value="0" />
                  </properties>
                </test-case>
                <test-case id="1767" name="GivenFastBufferWriterContainingValue_WhenReadingArrayOfUnmanagedElementType_ValueMatchesWhatWasWritten(Unity.Netcode.EditorTests.BaseFastBufferReaderWriterTest+SByteEnum,WriteDirect)" fullname="Unity.Netcode.EditorTests.FastBufferReaderTests.GivenFastBufferWriterContainingValue_WhenReadingArrayOfUnmanagedElementType_ValueMatchesWhatWasWritten(Unity.Netcode.EditorTests.BaseFastBufferReaderWriterTest+SByteEnum,WriteDirect)" methodname="GivenFastBufferWriterContainingValue_WhenReadingArrayOfUnmanagedElementType_ValueMatchesWhatWasWritten" classname="Unity.Netcode.EditorTests.FastBufferReaderTests" runstate="Runnable" seed="2003076575" result="Passed" start-time="2025-12-30 16:55:52Z" end-time="2025-12-30 16:55:52Z" duration="0.001159" asserts="0">
                  <properties>
                    <property name="retryIteration" value="0" />
                    <property name="repeatIteration" value="0" />
                  </properties>
                </test-case>
                <test-case id="1768" name="GivenFastBufferWriterContainingValue_WhenReadingArrayOfUnmanagedElementType_ValueMatchesWhatWasWritten(Unity.Netcode.EditorTests.BaseFastBufferReaderWriterTest+SByteEnum,WriteSafe)" fullname="Unity.Netcode.EditorTests.FastBufferReaderTests.GivenFastBufferWriterContainingValue_WhenReadingArrayOfUnmanagedElementType_ValueMatchesWhatWasWritten(Unity.Netcode.EditorTests.BaseFastBufferReaderWriterTest+SByteEnum,WriteSafe)" methodname="GivenFastBufferWriterContainingValue_WhenReadingArrayOfUnmanagedElementType_ValueMatchesWhatWasWritten" classname="Unity.Netcode.EditorTests.FastBufferReaderTests" runstate="Runnable" seed="485096263" result="Passed" start-time="2025-12-30 16:55:52Z" end-time="2025-12-30 16:55:52Z" duration="0.000503" asserts="0">
                  <properties>
                    <property name="retryIteration" value="0" />
                    <property name="repeatIteration" value="0" />
                  </properties>
                </test-case>
                <test-case id="1769" name="GivenFastBufferWriterContainingValue_WhenReadingArrayOfUnmanagedElementType_ValueMatchesWhatWasWritten(Unity.Netcode.EditorTests.BaseFastBufferReaderWriterTest+ShortEnum,WriteDirect)" fullname="Unity.Netcode.EditorTests.FastBufferReaderTests.GivenFastBufferWriterContainingValue_WhenReadingArrayOfUnmanagedElementType_ValueMatchesWhatWasWritten(Unity.Netcode.EditorTests.BaseFastBufferReaderWriterTest+ShortEnum,WriteDirect)" methodname="GivenFastBufferWriterContainingValue_WhenReadingArrayOfUnmanagedElementType_ValueMatchesWhatWasWritten" classname="Unity.Netcode.EditorTests.FastBufferReaderTests" runstate="Runnable" seed="1219479009" result="Passed" start-time="2025-12-30 16:55:52Z" end-time="2025-12-30 16:55:52Z" duration="0.000926" asserts="0">
                  <properties>
                    <property name="retryIteration" value="0" />
                    <property name="repeatIteration" value="0" />
                  </properties>
                </test-case>
                <test-case id="1770" name="GivenFastBufferWriterContainingValue_WhenReadingArrayOfUnmanagedElementType_ValueMatchesWhatWasWritten(Unity.Netcode.EditorTests.BaseFastBufferReaderWriterTest+ShortEnum,WriteSafe)" fullname="Unity.Netcode.EditorTests.FastBufferReaderTests.GivenFastBufferWriterContainingValue_WhenReadingArrayOfUnmanagedElementType_ValueMatchesWhatWasWritten(Unity.Netcode.EditorTests.BaseFastBufferReaderWriterTest+ShortEnum,WriteSafe)" methodname="GivenFastBufferWriterContainingValue_WhenReadingArrayOfUnmanagedElementType_ValueMatchesWhatWasWritten" classname="Unity.Netcode.EditorTests.FastBufferReaderTests" runstate="Runnable" seed="1707983539" result="Passed" start-time="2025-12-30 16:55:52Z" end-time="2025-12-30 16:55:52Z" duration="0.000455" asserts="0">
                  <properties>
                    <property name="retryIteration" value="0" />
                    <property name="repeatIteration" value="0" />
                  </properties>
                </test-case>
                <test-case id="1771" name="GivenFastBufferWriterContainingValue_WhenReadingArrayOfUnmanagedElementType_ValueMatchesWhatWasWritten(Unity.Netcode.EditorTests.BaseFastBufferReaderWriterTest+UShortEnum,WriteDirect)" fullname="Unity.Netcode.EditorTests.FastBufferReaderTests.GivenFastBufferWriterContainingValue_WhenReadingArrayOfUnmanagedElementType_ValueMatchesWhatWasWritten(Unity.Netcode.EditorTests.BaseFastBufferReaderWriterTest+UShortEnum,WriteDirect)" methodname="GivenFastBufferWriterContainingValue_WhenReadingArrayOfUnmanagedElementType_ValueMatchesWhatWasWritten" classname="Unity.Netcode.EditorTests.FastBufferReaderTests" runstate="Runnable" seed="324210336" result="Passed" start-time="2025-12-30 16:55:52Z" end-time="2025-12-30 16:55:52Z" duration="0.000863" asserts="0">
                  <properties>
                    <property name="retryIteration" value="0" />
                    <property name="repeatIteration" value="0" />
                  </properties>
                </test-case>
                <test-case id="1772" name="GivenFastBufferWriterContainingValue_WhenReadingArrayOfUnmanagedElementType_ValueMatchesWhatWasWritten(Unity.Netcode.EditorTests.BaseFastBufferReaderWriterTest+UShortEnum,WriteSafe)" fullname="Unity.Netcode.EditorTests.FastBufferReaderTests.GivenFastBufferWriterContainingValue_WhenReadingArrayOfUnmanagedElementType_ValueMatchesWhatWasWritten(Unity.Netcode.EditorTests.BaseFastBufferReaderWriterTest+UShortEnum,WriteSafe)" methodname="GivenFastBufferWriterContainingValue_WhenReadingArrayOfUnmanagedElementType_ValueMatchesWhatWasWritten" classname="Unity.Netcode.EditorTests.FastBufferReaderTests" runstate="Runnable" seed="1260303850" result="Passed" start-time="2025-12-30 16:55:52Z" end-time="2025-12-30 16:55:52Z" duration="0.000447" asserts="0">
                  <properties>
                    <property name="retryIteration" value="0" />
                    <property name="repeatIteration" value="0" />
                  </properties>
                </test-case>
                <test-case id="1773" name="GivenFastBufferWriterContainingValue_WhenReadingArrayOfUnmanagedElementType_ValueMatchesWhatWasWritten(Unity.Netcode.EditorTests.BaseFastBufferReaderWriterTest+IntEnum,WriteDirect)" fullname="Unity.Netcode.EditorTests.FastBufferReaderTests.GivenFastBufferWriterContainingValue_WhenReadingArrayOfUnmanagedElementType_ValueMatchesWhatWasWritten(Unity.Netcode.EditorTests.BaseFastBufferReaderWriterTest+IntEnum,WriteDirect)" methodname="GivenFastBufferWriterContainingValue_WhenReadingArrayOfUnmanagedElementType_ValueMatchesWhatWasWritten" classname="Unity.Netcode.EditorTests.FastBufferReaderTests" runstate="Runnable" seed="1816035205" result="Passed" start-time="2025-12-30 16:55:52Z" end-time="2025-12-30 16:55:52Z" duration="0.000911" asserts="0">
                  <properties>
                    <property name="retryIteration" value="0" />
                    <property name="repeatIteration" value="0" />
                  </properties>
                </test-case>
                <test-case id="1774" name="GivenFastBufferWriterContainingValue_WhenReadingArrayOfUnmanagedElementType_ValueMatchesWhatWasWritten(Unity.Netcode.EditorTests.BaseFastBufferReaderWriterTest+IntEnum,WriteSafe)" fullname="Unity.Netcode.EditorTests.FastBufferReaderTests.GivenFastBufferWriterContainingValue_WhenReadingArrayOfUnmanagedElementType_ValueMatchesWhatWasWritten(Unity.Netcode.EditorTests.BaseFastBufferReaderWriterTest+IntEnum,WriteSafe)" methodname="GivenFastBufferWriterContainingValue_WhenReadingArrayOfUnmanagedElementType_ValueMatchesWhatWasWritten" classname="Unity.Netcode.EditorTests.FastBufferReaderTests" runstate="Runnable" seed="1830060177" result="Passed" start-time="2025-12-30 16:55:52Z" end-time="2025-12-30 16:55:52Z" duration="0.000588" asserts="0">
                  <properties>
                    <property name="retryIteration" value="0" />
                    <property name="repeatIteration" value="0" />
                  </properties>
                </test-case>
                <test-case id="1775" name="GivenFastBufferWriterContainingValue_WhenReadingArrayOfUnmanagedElementType_ValueMatchesWhatWasWritten(Unity.Netcode.EditorTests.BaseFastBufferReaderWriterTest+UIntEnum,WriteDirect)" fullname="Unity.Netcode.EditorTests.FastBufferReaderTests.GivenFastBufferWriterContainingValue_WhenReadingArrayOfUnmanagedElementType_ValueMatchesWhatWasWritten(Unity.Netcode.EditorTests.BaseFastBufferReaderWriterTest+UIntEnum,WriteDirect)" methodname="GivenFastBufferWriterContainingValue_WhenReadingArrayOfUnmanagedElementType_ValueMatchesWhatWasWritten" classname="Unity.Netcode.EditorTests.FastBufferReaderTests" runstate="Runnable" seed="1432290174" result="Passed" start-time="2025-12-30 16:55:52Z" end-time="2025-12-30 16:55:52Z" duration="0.001098" asserts="0">
                  <properties>
                    <property name="retryIteration" value="0" />
                    <property name="repeatIteration" value="0" />
                  </properties>
                </test-case>
                <test-case id="1776" name="GivenFastBufferWriterContainingValue_WhenReadingArrayOfUnmanagedElementType_ValueMatchesWhatWasWritten(Unity.Netcode.EditorTests.BaseFastBufferReaderWriterTest+UIntEnum,WriteSafe)" fullname="Unity.Netcode.EditorTests.FastBufferReaderTests.GivenFastBufferWriterContainingValue_WhenReadingArrayOfUnmanagedElementType_ValueMatchesWhatWasWritten(Unity.Netcode.EditorTests.BaseFastBufferReaderWriterTest+UIntEnum,WriteSafe)" methodname="GivenFastBufferWriterContainingValue_WhenReadingArrayOfUnmanagedElementType_ValueMatchesWhatWasWritten" classname="Unity.Netcode.EditorTests.FastBufferReaderTests" runstate="Runnable" seed="288054792" result="Passed" start-time="2025-12-30 16:55:52Z" end-time="2025-12-30 16:55:52Z" duration="0.000626" asserts="0">
                  <properties>
                    <property name="retryIteration" value="0" />
                    <property name="repeatIteration" value="0" />
                  </properties>
                </test-case>
                <test-case id="1777" name="GivenFastBufferWriterContainingValue_WhenReadingArrayOfUnmanagedElementType_ValueMatchesWhatWasWritten(Unity.Netcode.EditorTests.BaseFastBufferReaderWriterTest+LongEnum,WriteDirect)" fullname="Unity.Netcode.EditorTests.FastBufferReaderTests.GivenFastBufferWriterContainingValue_WhenReadingArrayOfUnmanagedElementType_ValueMatchesWhatWasWritten(Unity.Netcode.EditorTests.BaseFastBufferReaderWriterTest+LongEnum,WriteDirect)" methodname="GivenFastBufferWriterContainingValue_WhenReadingArrayOfUnmanagedElementType_ValueMatchesWhatWasWritten" classname="Unity.Netcode.EditorTests.FastBufferReaderTests" runstate="Runnable" seed="1764506147" result="Passed" start-time="2025-12-30 16:55:52Z" end-time="2025-12-30 16:55:52Z" duration="0.001075" asserts="0">
                  <properties>
                    <property name="retryIteration" value="0" />
                    <property name="repeatIteration" value="0" />
                  </properties>
                </test-case>
                <test-case id="1778" name="GivenFastBufferWriterContainingValue_WhenReadingArrayOfUnmanagedElementType_ValueMatchesWhatWasWritten(Unity.Netcode.EditorTests.BaseFastBufferReaderWriterTest+LongEnum,WriteSafe)" fullname="Unity.Netcode.EditorTests.FastBufferReaderTests.GivenFastBufferWriterContainingValue_WhenReadingArrayOfUnmanagedElementType_ValueMatchesWhatWasWritten(Unity.Netcode.EditorTests.BaseFastBufferReaderWriterTest+LongEnum,WriteSafe)" methodname="GivenFastBufferWriterContainingValue_WhenReadingArrayOfUnmanagedElementType_ValueMatchesWhatWasWritten" classname="Unity.Netcode.EditorTests.FastBufferReaderTests" runstate="Runnable" seed="1636320264" result="Passed" start-time="2025-12-30 16:55:52Z" end-time="2025-12-30 16:55:52Z" duration="0.000489" asserts="0">
                  <properties>
                    <property name="retryIteration" value="0" />
                    <property name="repeatIteration" value="0" />
                  </properties>
                </test-case>
                <test-case id="1779" name="GivenFastBufferWriterContainingValue_WhenReadingArrayOfUnmanagedElementType_ValueMatchesWhatWasWritten(Unity.Netcode.EditorTests.BaseFastBufferReaderWriterTest+ULongEnum,WriteDirect)" fullname="Unity.Netcode.EditorTests.FastBufferReaderTests.GivenFastBufferWriterContainingValue_WhenReadingArrayOfUnmanagedElementType_ValueMatchesWhatWasWritten(Unity.Netcode.EditorTests.BaseFastBufferReaderWriterTest+ULongEnum,WriteDirect)" methodname="GivenFastBufferWriterContainingValue_WhenReadingArrayOfUnmanagedElementType_ValueMatchesWhatWasWritten" classname="Unity.Netcode.EditorTests.FastBufferReaderTests" runstate="Runnable" seed="1067603671" result="Passed" start-time="2025-12-30 16:55:52Z" end-time="2025-12-30 16:55:52Z" duration="0.000909" asserts="0">
                  <properties>
                    <property name="retryIteration" value="0" />
                    <property name="repeatIteration" value="0" />
                  </properties>
                </test-case>
                <test-case id="1780" name="GivenFastBufferWriterContainingValue_WhenReadingArrayOfUnmanagedElementType_ValueMatchesWhatWasWritten(Unity.Netcode.EditorTests.BaseFastBufferReaderWriterTest+ULongEnum,WriteSafe)" fullname="Unity.Netcode.EditorTests.FastBufferReaderTests.GivenFastBufferWriterContainingValue_WhenReadingArrayOfUnmanagedElementType_ValueMatchesWhatWasWritten(Unity.Netcode.EditorTests.BaseFastBufferReaderWriterTest+ULongEnum,WriteSafe)" methodname="GivenFastBufferWriterContainingValue_WhenReadingArrayOfUnmanagedElementType_ValueMatchesWhatWasWritten" classname="Unity.Netcode.EditorTests.FastBufferReaderTests" runstate="Runnable" seed="1454847011" result="Passed" start-time="2025-12-30 16:55:52Z" end-time="2025-12-30 16:55:52Z" duration="0.000437" asserts="0">
                  <properties>
                    <property name="retryIteration" value="0" />
                    <property name="repeatIteration" value="0" />
                  </properties>
                </test-case>
                <test-case id="1781" name="GivenFastBufferWriterContainingValue_WhenReadingArrayOfUnmanagedElementType_ValueMatchesWhatWasWritten(UnityEngine.Vector2,WriteDirect)" fullname="Unity.Netcode.EditorTests.FastBufferReaderTests.GivenFastBufferWriterContainingValue_WhenReadingArrayOfUnmanagedElementType_ValueMatchesWhatWasWritten(UnityEngine.Vector2,WriteDirect)" methodname="GivenFastBufferWriterContainingValue_WhenReadingArrayOfUnmanagedElementType_ValueMatchesWhatWasWritten" classname="Unity.Netcode.EditorTests.FastBufferReaderTests" runstate="Runnable" seed="141011938" result="Passed" start-time="2025-12-30 16:55:52Z" end-time="2025-12-30 16:55:52Z" duration="0.000916" asserts="0">
                  <properties>
                    <property name="retryIteration" value="0" />
                    <property name="repeatIteration" value="0" />
                  </properties>
                </test-case>
                <test-case id="1782" name="GivenFastBufferWriterContainingValue_WhenReadingArrayOfUnmanagedElementType_ValueMatchesWhatWasWritten(UnityEngine.Vector2,WriteSafe)" fullname="Unity.Netcode.EditorTests.FastBufferReaderTests.GivenFastBufferWriterContainingValue_WhenReadingArrayOfUnmanagedElementType_ValueMatchesWhatWasWritten(UnityEngine.Vector2,WriteSafe)" methodname="GivenFastBufferWriterContainingValue_WhenReadingArrayOfUnmanagedElementType_ValueMatchesWhatWasWritten" classname="Unity.Netcode.EditorTests.FastBufferReaderTests" runstate="Runnable" seed="1450712005" result="Passed" start-time="2025-12-30 16:55:52Z" end-time="2025-12-30 16:55:52Z" duration="0.000347" asserts="0">
                  <properties>
                    <property name="retryIteration" value="0" />
                    <property name="repeatIteration" value="0" />
                  </properties>
                </test-case>
                <test-case id="1783" name="GivenFastBufferWriterContainingValue_WhenReadingArrayOfUnmanagedElementType_ValueMatchesWhatWasWritten(UnityEngine.Vector3,WriteDirect)" fullname="Unity.Netcode.EditorTests.FastBufferReaderTests.GivenFastBufferWriterContainingValue_WhenReadingArrayOfUnmanagedElementType_ValueMatchesWhatWasWritten(UnityEngine.Vector3,WriteDirect)" methodname="GivenFastBufferWriterContainingValue_WhenReadingArrayOfUnmanagedElementType_ValueMatchesWhatWasWritten" classname="Unity.Netcode.EditorTests.FastBufferReaderTests" runstate="Runnable" seed="290536151" result="Passed" start-time="2025-12-30 16:55:52Z" end-time="2025-12-30 16:55:52Z" duration="0.000913" asserts="0">
                  <properties>
                    <property name="retryIteration" value="0" />
                    <property name="repeatIteration" value="0" />
                  </properties>
                </test-case>
                <test-case id="1784" name="GivenFastBufferWriterContainingValue_WhenReadingArrayOfUnmanagedElementType_ValueMatchesWhatWasWritten(UnityEngine.Vector3,WriteSafe)" fullname="Unity.Netcode.EditorTests.FastBufferReaderTests.GivenFastBufferWriterContainingValue_WhenReadingArrayOfUnmanagedElementType_ValueMatchesWhatWasWritten(UnityEngine.Vector3,WriteSafe)" methodname="GivenFastBufferWriterContainingValue_WhenReadingArrayOfUnmanagedElementType_ValueMatchesWhatWasWritten" classname="Unity.Netcode.EditorTests.FastBufferReaderTests" runstate="Runnable" seed="772387987" result="Passed" start-time="2025-12-30 16:55:52Z" end-time="2025-12-30 16:55:52Z" duration="0.000389" asserts="0">
                  <properties>
                    <property name="retryIteration" value="0" />
                    <property name="repeatIteration" value="0" />
                  </properties>
                </test-case>
                <test-case id="1785" name="GivenFastBufferWriterContainingValue_WhenReadingArrayOfUnmanagedElementType_ValueMatchesWhatWasWritten(UnityEngine.Vector2Int,WriteDirect)" fullname="Unity.Netcode.EditorTests.FastBufferReaderTests.GivenFastBufferWriterContainingValue_WhenReadingArrayOfUnmanagedElementType_ValueMatchesWhatWasWritten(UnityEngine.Vector2Int,WriteDirect)" methodname="GivenFastBufferWriterContainingValue_WhenReadingArrayOfUnmanagedElementType_ValueMatchesWhatWasWritten" classname="Unity.Netcode.EditorTests.FastBufferReaderTests" runstate="Runnable" seed="203096272" result="Passed" start-time="2025-12-30 16:55:52Z" end-time="2025-12-30 16:55:52Z" duration="0.000913" asserts="0">
                  <properties>
                    <property name="retryIteration" value="0" />
                    <property name="repeatIteration" value="0" />
                  </properties>
                </test-case>
                <test-case id="1786" name="GivenFastBufferWriterContainingValue_WhenReadingArrayOfUnmanagedElementType_ValueMatchesWhatWasWritten(UnityEngine.Vector2Int,WriteSafe)" fullname="Unity.Netcode.EditorTests.FastBufferReaderTests.GivenFastBufferWriterContainingValue_WhenReadingArrayOfUnmanagedElementType_ValueMatchesWhatWasWritten(UnityEngine.Vector2Int,WriteSafe)" methodname="GivenFastBufferWriterContainingValue_WhenReadingArrayOfUnmanagedElementType_ValueMatchesWhatWasWritten" classname="Unity.Netcode.EditorTests.FastBufferReaderTests" runstate="Runnable" seed="159512906" result="Passed" start-time="2025-12-30 16:55:52Z" end-time="2025-12-30 16:55:52Z" duration="0.000379" asserts="0">
                  <properties>
                    <property name="retryIteration" value="0" />
                    <property name="repeatIteration" value="0" />
                  </properties>
                </test-case>
                <test-case id="1787" name="GivenFastBufferWriterContainingValue_WhenReadingArrayOfUnmanagedElementType_ValueMatchesWhatWasWritten(UnityEngine.Vector3Int,WriteDirect)" fullname="Unity.Netcode.EditorTests.FastBufferReaderTests.GivenFastBufferWriterContainingValue_WhenReadingArrayOfUnmanagedElementType_ValueMatchesWhatWasWritten(UnityEngine.Vector3Int,WriteDirect)" methodname="GivenFastBufferWriterContainingValue_WhenReadingArrayOfUnmanagedElementType_ValueMatchesWhatWasWritten" classname="Unity.Netcode.EditorTests.FastBufferReaderTests" runstate="Runnable" seed="1356133296" result="Passed" start-time="2025-12-30 16:55:52Z" end-time="2025-12-30 16:55:52Z" duration="0.000882" asserts="0">
                  <properties>
                    <property name="retryIteration" value="0" />
                    <property name="repeatIteration" value="0" />
                  </properties>
                </test-case>
                <test-case id="1788" name="GivenFastBufferWriterContainingValue_WhenReadingArrayOfUnmanagedElementType_ValueMatchesWhatWasWritten(UnityEngine.Vector3Int,WriteSafe)" fullname="Unity.Netcode.EditorTests.FastBufferReaderTests.GivenFastBufferWriterContainingValue_WhenReadingArrayOfUnmanagedElementType_ValueMatchesWhatWasWritten(UnityEngine.Vector3Int,WriteSafe)" methodname="GivenFastBufferWriterContainingValue_WhenReadingArrayOfUnmanagedElementType_ValueMatchesWhatWasWritten" classname="Unity.Netcode.EditorTests.FastBufferReaderTests" runstate="Runnable" seed="665777332" result="Passed" start-time="2025-12-30 16:55:52Z" end-time="2025-12-30 16:55:52Z" duration="0.000339" asserts="0">
                  <properties>
                    <property name="retryIteration" value="0" />
                    <property name="repeatIteration" value="0" />
                  </properties>
                </test-case>
                <test-case id="1789" name="GivenFastBufferWriterContainingValue_WhenReadingArrayOfUnmanagedElementType_ValueMatchesWhatWasWritten(UnityEngine.Vector4,WriteDirect)" fullname="Unity.Netcode.EditorTests.FastBufferReaderTests.GivenFastBufferWriterContainingValue_WhenReadingArrayOfUnmanagedElementType_ValueMatchesWhatWasWritten(UnityEngine.Vector4,WriteDirect)" methodname="GivenFastBufferWriterContainingValue_WhenReadingArrayOfUnmanagedElementType_ValueMatchesWhatWasWritten" classname="Unity.Netcode.EditorTests.FastBufferReaderTests" runstate="Runnable" seed="1052644473" result="Passed" start-time="2025-12-30 16:55:52Z" end-time="2025-12-30 16:55:52Z" duration="0.000976" asserts="0">
                  <properties>
                    <property name="retryIteration" value="0" />
                    <property name="repeatIteration" value="0" />
                  </properties>
                </test-case>
                <test-case id="1790" name="GivenFastBufferWriterContainingValue_WhenReadingArrayOfUnmanagedElementType_ValueMatchesWhatWasWritten(UnityEngine.Vector4,WriteSafe)" fullname="Unity.Netcode.EditorTests.FastBufferReaderTests.GivenFastBufferWriterContainingValue_WhenReadingArrayOfUnmanagedElementType_ValueMatchesWhatWasWritten(UnityEngine.Vector4,WriteSafe)" methodname="GivenFastBufferWriterContainingValue_WhenReadingArrayOfUnmanagedElementType_ValueMatchesWhatWasWritten" classname="Unity.Netcode.EditorTests.FastBufferReaderTests" runstate="Runnable" seed="1401481758" result="Passed" start-time="2025-12-30 16:55:52Z" end-time="2025-12-30 16:55:52Z" duration="0.000368" asserts="0">
                  <properties>
                    <property name="retryIteration" value="0" />
                    <property name="repeatIteration" value="0" />
                  </properties>
                </test-case>
                <test-case id="1791" name="GivenFastBufferWriterContainingValue_WhenReadingArrayOfUnmanagedElementType_ValueMatchesWhatWasWritten(UnityEngine.Quaternion,WriteDirect)" fullname="Unity.Netcode.EditorTests.FastBufferReaderTests.GivenFastBufferWriterContainingValue_WhenReadingArrayOfUnmanagedElementType_ValueMatchesWhatWasWritten(UnityEngine.Quaternion,WriteDirect)" methodname="GivenFastBufferWriterContainingValue_WhenReadingArrayOfUnmanagedElementType_ValueMatchesWhatWasWritten" classname="Unity.Netcode.EditorTests.FastBufferReaderTests" runstate="Runnable" seed="1070234051" result="Passed" start-time="2025-12-30 16:55:52Z" end-time="2025-12-30 16:55:52Z" duration="0.000812" asserts="0">
                  <properties>
                    <property name="retryIteration" value="0" />
                    <property name="repeatIteration" value="0" />
                  </properties>
                </test-case>
                <test-case id="1792" name="GivenFastBufferWriterContainingValue_WhenReadingArrayOfUnmanagedElementType_ValueMatchesWhatWasWritten(UnityEngine.Quaternion,WriteSafe)" fullname="Unity.Netcode.EditorTests.FastBufferReaderTests.GivenFastBufferWriterContainingValue_WhenReadingArrayOfUnmanagedElementType_ValueMatchesWhatWasWritten(UnityEngine.Quaternion,WriteSafe)" methodname="GivenFastBufferWriterContainingValue_WhenReadingArrayOfUnmanagedElementType_ValueMatchesWhatWasWritten" classname="Unity.Netcode.EditorTests.FastBufferReaderTests" runstate="Runnable" seed="459752499" result="Passed" start-time="2025-12-30 16:55:52Z" end-time="2025-12-30 16:55:52Z" duration="0.000337" asserts="0">
                  <properties>
                    <property name="retryIteration" value="0" />
                    <property name="repeatIteration" value="0" />
                  </properties>
                </test-case>
                <test-case id="1793" name="GivenFastBufferWriterContainingValue_WhenReadingArrayOfUnmanagedElementType_ValueMatchesWhatWasWritten(UnityEngine.Pose,WriteDirect)" fullname="Unity.Netcode.EditorTests.FastBufferReaderTests.GivenFastBufferWriterContainingValue_WhenReadingArrayOfUnmanagedElementType_ValueMatchesWhatWasWritten(UnityEngine.Pose,WriteDirect)" methodname="GivenFastBufferWriterContainingValue_WhenReadingArrayOfUnmanagedElementType_ValueMatchesWhatWasWritten" classname="Unity.Netcode.EditorTests.FastBufferReaderTests" runstate="Runnable" seed="866583093" result="Passed" start-time="2025-12-30 16:55:52Z" end-time="2025-12-30 16:55:52Z" duration="0.000790" asserts="0">
                  <properties>
                    <property name="retryIteration" value="0" />
                    <property name="repeatIteration" value="0" />
                  </properties>
                </test-case>
                <test-case id="1794" name="GivenFastBufferWriterContainingValue_WhenReadingArrayOfUnmanagedElementType_ValueMatchesWhatWasWritten(UnityEngine.Pose,WriteSafe)" fullname="Unity.Netcode.EditorTests.FastBufferReaderTests.GivenFastBufferWriterContainingValue_WhenReadingArrayOfUnmanagedElementType_ValueMatchesWhatWasWritten(UnityEngine.Pose,WriteSafe)" methodname="GivenFastBufferWriterContainingValue_WhenReadingArrayOfUnmanagedElementType_ValueMatchesWhatWasWritten" classname="Unity.Netcode.EditorTests.FastBufferReaderTests" runstate="Runnable" seed="752655699" result="Passed" start-time="2025-12-30 16:55:52Z" end-time="2025-12-30 16:55:52Z" duration="0.000356" asserts="0">
                  <properties>
                    <property name="retryIteration" value="0" />
                    <property name="repeatIteration" value="0" />
                  </properties>
                </test-case>
                <test-case id="1795" name="GivenFastBufferWriterContainingValue_WhenReadingArrayOfUnmanagedElementType_ValueMatchesWhatWasWritten(UnityEngine.Color,WriteDirect)" fullname="Unity.Netcode.EditorTests.FastBufferReaderTests.GivenFastBufferWriterContainingValue_WhenReadingArrayOfUnmanagedElementType_ValueMatchesWhatWasWritten(UnityEngine.Color,WriteDirect)" methodname="GivenFastBufferWriterContainingValue_WhenReadingArrayOfUnmanagedElementType_ValueMatchesWhatWasWritten" classname="Unity.Netcode.EditorTests.FastBufferReaderTests" runstate="Runnable" seed="1781205350" result="Passed" start-time="2025-12-30 16:55:52Z" end-time="2025-12-30 16:55:52Z" duration="0.000778" asserts="0">
                  <properties>
                    <property name="retryIteration" value="0" />
                    <property name="repeatIteration" value="0" />
                  </properties>
                </test-case>
                <test-case id="1796" name="GivenFastBufferWriterContainingValue_WhenReadingArrayOfUnmanagedElementType_ValueMatchesWhatWasWritten(UnityEngine.Color,WriteSafe)" fullname="Unity.Netcode.EditorTests.FastBufferReaderTests.GivenFastBufferWriterContainingValue_WhenReadingArrayOfUnmanagedElementType_ValueMatchesWhatWasWritten(UnityEngine.Color,WriteSafe)" methodname="GivenFastBufferWriterContainingValue_WhenReadingArrayOfUnmanagedElementType_ValueMatchesWhatWasWritten" classname="Unity.Netcode.EditorTests.FastBufferReaderTests" runstate="Runnable" seed="1097063637" result="Passed" start-time="2025-12-30 16:55:52Z" end-time="2025-12-30 16:55:52Z" duration="0.000331" asserts="0">
                  <properties>
                    <property name="retryIteration" value="0" />
                    <property name="repeatIteration" value="0" />
                  </properties>
                </test-case>
                <test-case id="1797" name="GivenFastBufferWriterContainingValue_WhenReadingArrayOfUnmanagedElementType_ValueMatchesWhatWasWritten(UnityEngine.Color32,WriteDirect)" fullname="Unity.Netcode.EditorTests.FastBufferReaderTests.GivenFastBufferWriterContainingValue_WhenReadingArrayOfUnmanagedElementType_ValueMatchesWhatWasWritten(UnityEngine.Color32,WriteDirect)" methodname="GivenFastBufferWriterContainingValue_WhenReadingArrayOfUnmanagedElementType_ValueMatchesWhatWasWritten" classname="Unity.Netcode.EditorTests.FastBufferReaderTests" runstate="Runnable" seed="51628363" result="Passed" start-time="2025-12-30 16:55:52Z" end-time="2025-12-30 16:55:52Z" duration="0.000768" asserts="0">
                  <properties>
                    <property name="retryIteration" value="0" />
                    <property name="repeatIteration" value="0" />
                  </properties>
                </test-case>
                <test-case id="1798" name="GivenFastBufferWriterContainingValue_WhenReadingArrayOfUnmanagedElementType_ValueMatchesWhatWasWritten(UnityEngine.Color32,WriteSafe)" fullname="Unity.Netcode.EditorTests.FastBufferReaderTests.GivenFastBufferWriterContainingValue_WhenReadingArrayOfUnmanagedElementType_ValueMatchesWhatWasWritten(UnityEngine.Color32,WriteSafe)" methodname="GivenFastBufferWriterContainingValue_WhenReadingArrayOfUnmanagedElementType_ValueMatchesWhatWasWritten" classname="Unity.Netcode.EditorTests.FastBufferReaderTests" runstate="Runnable" seed="1376058241" result="Passed" start-time="2025-12-30 16:55:52Z" end-time="2025-12-30 16:55:52Z" duration="0.000342" asserts="0">
                  <properties>
                    <property name="retryIteration" value="0" />
                    <property name="repeatIteration" value="0" />
                  </properties>
                </test-case>
                <test-case id="1799" name="GivenFastBufferWriterContainingValue_WhenReadingArrayOfUnmanagedElementType_ValueMatchesWhatWasWritten(UnityEngine.Ray,WriteDirect)" fullname="Unity.Netcode.EditorTests.FastBufferReaderTests.GivenFastBufferWriterContainingValue_WhenReadingArrayOfUnmanagedElementType_ValueMatchesWhatWasWritten(UnityEngine.Ray,WriteDirect)" methodname="GivenFastBufferWriterContainingValue_WhenReadingArrayOfUnmanagedElementType_ValueMatchesWhatWasWritten" classname="Unity.Netcode.EditorTests.FastBufferReaderTests" runstate="Runnable" seed="1290691977" result="Passed" start-time="2025-12-30 16:55:52Z" end-time="2025-12-30 16:55:52Z" duration="0.000998" asserts="0">
                  <properties>
                    <property name="retryIteration" value="0" />
                    <property name="repeatIteration" value="0" />
                  </properties>
                </test-case>
                <test-case id="1800" name="GivenFastBufferWriterContainingValue_WhenReadingArrayOfUnmanagedElementType_ValueMatchesWhatWasWritten(UnityEngine.Ray,WriteSafe)" fullname="Unity.Netcode.EditorTests.FastBufferReaderTests.GivenFastBufferWriterContainingValue_WhenReadingArrayOfUnmanagedElementType_ValueMatchesWhatWasWritten(UnityEngine.Ray,WriteSafe)" methodname="GivenFastBufferWriterContainingValue_WhenReadingArrayOfUnmanagedElementType_ValueMatchesWhatWasWritten" classname="Unity.Netcode.EditorTests.FastBufferReaderTests" runstate="Runnable" seed="414051186" result="Passed" start-time="2025-12-30 16:55:52Z" end-time="2025-12-30 16:55:52Z" duration="0.000333" asserts="0">
                  <properties>
                    <property name="retryIteration" value="0" />
                    <property name="repeatIteration" value="0" />
                  </properties>
                </test-case>
                <test-case id="1801" name="GivenFastBufferWriterContainingValue_WhenReadingArrayOfUnmanagedElementType_ValueMatchesWhatWasWritten(UnityEngine.Ray2D,WriteDirect)" fullname="Unity.Netcode.EditorTests.FastBufferReaderTests.GivenFastBufferWriterContainingValue_WhenReadingArrayOfUnmanagedElementType_ValueMatchesWhatWasWritten(UnityEngine.Ray2D,WriteDirect)" methodname="GivenFastBufferWriterContainingValue_WhenReadingArrayOfUnmanagedElementType_ValueMatchesWhatWasWritten" classname="Unity.Netcode.EditorTests.FastBufferReaderTests" runstate="Runnable" seed="108879063" result="Passed" start-time="2025-12-30 16:55:52Z" end-time="2025-12-30 16:55:52Z" duration="0.000897" asserts="0">
                  <properties>
                    <property name="retryIteration" value="0" />
                    <property name="repeatIteration" value="0" />
                  </properties>
                </test-case>
                <test-case id="1802" name="GivenFastBufferWriterContainingValue_WhenReadingArrayOfUnmanagedElementType_ValueMatchesWhatWasWritten(UnityEngine.Ray2D,WriteSafe)" fullname="Unity.Netcode.EditorTests.FastBufferReaderTests.GivenFastBufferWriterContainingValue_WhenReadingArrayOfUnmanagedElementType_ValueMatchesWhatWasWritten(UnityEngine.Ray2D,WriteSafe)" methodname="GivenFastBufferWriterContainingValue_WhenReadingArrayOfUnmanagedElementType_ValueMatchesWhatWasWritten" classname="Unity.Netcode.EditorTests.FastBufferReaderTests" runstate="Runnable" seed="1896491476" result="Passed" start-time="2025-12-30 16:55:52Z" end-time="2025-12-30 16:55:52Z" duration="0.000359" asserts="0">
                  <properties>
                    <property name="retryIteration" value="0" />
                    <property name="repeatIteration" value="0" />
                  </properties>
                </test-case>
                <test-case id="1803" name="GivenFastBufferWriterContainingValue_WhenReadingArrayOfUnmanagedElementType_ValueMatchesWhatWasWritten(Unity.Netcode.EditorTests.BaseFastBufferReaderWriterTest+TestStruct,WriteDirect)" fullname="Unity.Netcode.EditorTests.FastBufferReaderTests.GivenFastBufferWriterContainingValue_WhenReadingArrayOfUnmanagedElementType_ValueMatchesWhatWasWritten(Unity.Netcode.EditorTests.BaseFastBufferReaderWriterTest+TestStruct,WriteDirect)" methodname="GivenFastBufferWriterContainingValue_WhenReadingArrayOfUnmanagedElementType_ValueMatchesWhatWasWritten" classname="Unity.Netcode.EditorTests.FastBufferReaderTests" runstate="Runnable" seed="1591091458" result="Passed" start-time="2025-12-30 16:55:52Z" end-time="2025-12-30 16:55:52Z" duration="0.001011" asserts="0">
                  <properties>
                    <property name="retryIteration" value="0" />
                    <property name="repeatIteration" value="0" />
                  </properties>
                </test-case>
                <test-case id="1804" name="GivenFastBufferWriterContainingValue_WhenReadingArrayOfUnmanagedElementType_ValueMatchesWhatWasWritten(Unity.Netcode.EditorTests.BaseFastBufferReaderWriterTest+TestStruct,WriteSafe)" fullname="Unity.Netcode.EditorTests.FastBufferReaderTests.GivenFastBufferWriterContainingValue_WhenReadingArrayOfUnmanagedElementType_ValueMatchesWhatWasWritten(Unity.Netcode.EditorTests.BaseFastBufferReaderWriterTest+TestStruct,WriteSafe)" methodname="GivenFastBufferWriterContainingValue_WhenReadingArrayOfUnmanagedElementType_ValueMatchesWhatWasWritten" classname="Unity.Netcode.EditorTests.FastBufferReaderTests" runstate="Runnable" seed="1410357710" result="Passed" start-time="2025-12-30 16:55:52Z" end-time="2025-12-30 16:55:52Z" duration="0.000421" asserts="0">
                  <properties>
                    <property name="retryIteration" value="0" />
                    <property name="repeatIteration" value="0" />
                  </properties>
                </test-case>
              </test-suite>
              <test-suite type="ParameterizedMethod" id="1870" name="GivenFastBufferWriterContainingValue_WhenReadingNativeArrayOfUnmanagedElementType_ValueMatchesWhatWasWritten" fullname="Unity.Netcode.EditorTests.FastBufferReaderTests.GivenFastBufferWriterContainingValue_WhenReadingNativeArrayOfUnmanagedElementType_ValueMatchesWhatWasWritten" classname="Unity.Netcode.EditorTests.FastBufferReaderTests" runstate="Runnable" testcasecount="64" result="Passed" start-time="2025-12-30 16:55:52Z" end-time="2025-12-30 16:55:53Z" duration="0.087157" total="64" passed="64" failed="0" inconclusive="0" skipped="0" asserts="0">
                <properties />
                <test-case id="1806" name="GivenFastBufferWriterContainingValue_WhenReadingNativeArrayOfUnmanagedElementType_ValueMatchesWhatWasWritten(System.Byte,WriteDirect)" fullname="Unity.Netcode.EditorTests.FastBufferReaderTests.GivenFastBufferWriterContainingValue_WhenReadingNativeArrayOfUnmanagedElementType_ValueMatchesWhatWasWritten(System.Byte,WriteDirect)" methodname="GivenFastBufferWriterContainingValue_WhenReadingNativeArrayOfUnmanagedElementType_ValueMatchesWhatWasWritten" classname="Unity.Netcode.EditorTests.FastBufferReaderTests" runstate="Runnable" seed="387113658" result="Passed" start-time="2025-12-30 16:55:52Z" end-time="2025-12-30 16:55:52Z" duration="0.003387" asserts="0">
                  <properties>
                    <property name="retryIteration" value="0" />
                    <property name="repeatIteration" value="0" />
                  </properties>
                </test-case>
                <test-case id="1807" name="GivenFastBufferWriterContainingValue_WhenReadingNativeArrayOfUnmanagedElementType_ValueMatchesWhatWasWritten(System.Byte,WriteSafe)" fullname="Unity.Netcode.EditorTests.FastBufferReaderTests.GivenFastBufferWriterContainingValue_WhenReadingNativeArrayOfUnmanagedElementType_ValueMatchesWhatWasWritten(System.Byte,WriteSafe)" methodname="GivenFastBufferWriterContainingValue_WhenReadingNativeArrayOfUnmanagedElementType_ValueMatchesWhatWasWritten" classname="Unity.Netcode.EditorTests.FastBufferReaderTests" runstate="Runnable" seed="537027404" result="Passed" start-time="2025-12-30 16:55:52Z" end-time="2025-12-30 16:55:52Z" duration="0.000530" asserts="0">
                  <properties>
                    <property name="retryIteration" value="0" />
                    <property name="repeatIteration" value="0" />
                  </properties>
                </test-case>
                <test-case id="1808" name="GivenFastBufferWriterContainingValue_WhenReadingNativeArrayOfUnmanagedElementType_ValueMatchesWhatWasWritten(System.SByte,WriteDirect)" fullname="Unity.Netcode.EditorTests.FastBufferReaderTests.GivenFastBufferWriterContainingValue_WhenReadingNativeArrayOfUnmanagedElementType_ValueMatchesWhatWasWritten(System.SByte,WriteDirect)" methodname="GivenFastBufferWriterContainingValue_WhenReadingNativeArrayOfUnmanagedElementType_ValueMatchesWhatWasWritten" classname="Unity.Netcode.EditorTests.FastBufferReaderTests" runstate="Runnable" seed="724137344" result="Passed" start-time="2025-12-30 16:55:52Z" end-time="2025-12-30 16:55:52Z" duration="0.002039" asserts="0">
                  <properties>
                    <property name="retryIteration" value="0" />
                    <property name="repeatIteration" value="0" />
                  </properties>
                </test-case>
                <test-case id="1809" name="GivenFastBufferWriterContainingValue_WhenReadingNativeArrayOfUnmanagedElementType_ValueMatchesWhatWasWritten(System.SByte,WriteSafe)" fullname="Unity.Netcode.EditorTests.FastBufferReaderTests.GivenFastBufferWriterContainingValue_WhenReadingNativeArrayOfUnmanagedElementType_ValueMatchesWhatWasWritten(System.SByte,WriteSafe)" methodname="GivenFastBufferWriterContainingValue_WhenReadingNativeArrayOfUnmanagedElementType_ValueMatchesWhatWasWritten" classname="Unity.Netcode.EditorTests.FastBufferReaderTests" runstate="Runnable" seed="2077846291" result="Passed" start-time="2025-12-30 16:55:52Z" end-time="2025-12-30 16:55:52Z" duration="0.000557" asserts="0">
                  <properties>
                    <property name="retryIteration" value="0" />
                    <property name="repeatIteration" value="0" />
                  </properties>
                </test-case>
                <test-case id="1810" name="GivenFastBufferWriterContainingValue_WhenReadingNativeArrayOfUnmanagedElementType_ValueMatchesWhatWasWritten(System.Int16,WriteDirect)" fullname="Unity.Netcode.EditorTests.FastBufferReaderTests.GivenFastBufferWriterContainingValue_WhenReadingNativeArrayOfUnmanagedElementType_ValueMatchesWhatWasWritten(System.Int16,WriteDirect)" methodname="GivenFastBufferWriterContainingValue_WhenReadingNativeArrayOfUnmanagedElementType_ValueMatchesWhatWasWritten" classname="Unity.Netcode.EditorTests.FastBufferReaderTests" runstate="Runnable" seed="1340869737" result="Passed" start-time="2025-12-30 16:55:52Z" end-time="2025-12-30 16:55:52Z" duration="0.002136" asserts="0">
                  <properties>
                    <property name="retryIteration" value="0" />
                    <property name="repeatIteration" value="0" />
                  </properties>
                </test-case>
                <test-case id="1811" name="GivenFastBufferWriterContainingValue_WhenReadingNativeArrayOfUnmanagedElementType_ValueMatchesWhatWasWritten(System.Int16,WriteSafe)" fullname="Unity.Netcode.EditorTests.FastBufferReaderTests.GivenFastBufferWriterContainingValue_WhenReadingNativeArrayOfUnmanagedElementType_ValueMatchesWhatWasWritten(System.Int16,WriteSafe)" methodname="GivenFastBufferWriterContainingValue_WhenReadingNativeArrayOfUnmanagedElementType_ValueMatchesWhatWasWritten" classname="Unity.Netcode.EditorTests.FastBufferReaderTests" runstate="Runnable" seed="2078678931" result="Passed" start-time="2025-12-30 16:55:52Z" end-time="2025-12-30 16:55:52Z" duration="0.000525" asserts="0">
                  <properties>
                    <property name="retryIteration" value="0" />
                    <property name="repeatIteration" value="0" />
                  </properties>
                </test-case>
                <test-case id="1812" name="GivenFastBufferWriterContainingValue_WhenReadingNativeArrayOfUnmanagedElementType_ValueMatchesWhatWasWritten(System.UInt16,WriteDirect)" fullname="Unity.Netcode.EditorTests.FastBufferReaderTests.GivenFastBufferWriterContainingValue_WhenReadingNativeArrayOfUnmanagedElementType_ValueMatchesWhatWasWritten(System.UInt16,WriteDirect)" methodname="GivenFastBufferWriterContainingValue_WhenReadingNativeArrayOfUnmanagedElementType_ValueMatchesWhatWasWritten" classname="Unity.Netcode.EditorTests.FastBufferReaderTests" runstate="Runnable" seed="145082567" result="Passed" start-time="2025-12-30 16:55:52Z" end-time="2025-12-30 16:55:52Z" duration="0.001694" asserts="0">
                  <properties>
                    <property name="retryIteration" value="0" />
                    <property name="repeatIteration" value="0" />
                  </properties>
                </test-case>
                <test-case id="1813" name="GivenFastBufferWriterContainingValue_WhenReadingNativeArrayOfUnmanagedElementType_ValueMatchesWhatWasWritten(System.UInt16,WriteSafe)" fullname="Unity.Netcode.EditorTests.FastBufferReaderTests.GivenFastBufferWriterContainingValue_WhenReadingNativeArrayOfUnmanagedElementType_ValueMatchesWhatWasWritten(System.UInt16,WriteSafe)" methodname="GivenFastBufferWriterContainingValue_WhenReadingNativeArrayOfUnmanagedElementType_ValueMatchesWhatWasWritten" classname="Unity.Netcode.EditorTests.FastBufferReaderTests" runstate="Runnable" seed="1190727475" result="Passed" start-time="2025-12-30 16:55:52Z" end-time="2025-12-30 16:55:52Z" duration="0.000454" asserts="0">
                  <properties>
                    <property name="retryIteration" value="0" />
                    <property name="repeatIteration" value="0" />
                  </properties>
                </test-case>
                <test-case id="1814" name="GivenFastBufferWriterContainingValue_WhenReadingNativeArrayOfUnmanagedElementType_ValueMatchesWhatWasWritten(System.Int32,WriteDirect)" fullname="Unity.Netcode.EditorTests.FastBufferReaderTests.GivenFastBufferWriterContainingValue_WhenReadingNativeArrayOfUnmanagedElementType_ValueMatchesWhatWasWritten(System.Int32,WriteDirect)" methodname="GivenFastBufferWriterContainingValue_WhenReadingNativeArrayOfUnmanagedElementType_ValueMatchesWhatWasWritten" classname="Unity.Netcode.EditorTests.FastBufferReaderTests" runstate="Runnable" seed="1803102614" result="Passed" start-time="2025-12-30 16:55:52Z" end-time="2025-12-30 16:55:52Z" duration="0.001239" asserts="0">
                  <properties>
                    <property name="retryIteration" value="0" />
                    <property name="repeatIteration" value="0" />
                  </properties>
                </test-case>
                <test-case id="1815" name="GivenFastBufferWriterContainingValue_WhenReadingNativeArrayOfUnmanagedElementType_ValueMatchesWhatWasWritten(System.Int32,WriteSafe)" fullname="Unity.Netcode.EditorTests.FastBufferReaderTests.GivenFastBufferWriterContainingValue_WhenReadingNativeArrayOfUnmanagedElementType_ValueMatchesWhatWasWritten(System.Int32,WriteSafe)" methodname="GivenFastBufferWriterContainingValue_WhenReadingNativeArrayOfUnmanagedElementType_ValueMatchesWhatWasWritten" classname="Unity.Netcode.EditorTests.FastBufferReaderTests" runstate="Runnable" seed="1319071859" result="Passed" start-time="2025-12-30 16:55:52Z" end-time="2025-12-30 16:55:52Z" duration="0.000459" asserts="0">
                  <properties>
                    <property name="retryIteration" value="0" />
                    <property name="repeatIteration" value="0" />
                  </properties>
                </test-case>
                <test-case id="1816" name="GivenFastBufferWriterContainingValue_WhenReadingNativeArrayOfUnmanagedElementType_ValueMatchesWhatWasWritten(System.UInt32,WriteDirect)" fullname="Unity.Netcode.EditorTests.FastBufferReaderTests.GivenFastBufferWriterContainingValue_WhenReadingNativeArrayOfUnmanagedElementType_ValueMatchesWhatWasWritten(System.UInt32,WriteDirect)" methodname="GivenFastBufferWriterContainingValue_WhenReadingNativeArrayOfUnmanagedElementType_ValueMatchesWhatWasWritten" classname="Unity.Netcode.EditorTests.FastBufferReaderTests" runstate="Runnable" seed="1615012454" result="Passed" start-time="2025-12-30 16:55:52Z" end-time="2025-12-30 16:55:52Z" duration="0.002208" asserts="0">
                  <properties>
                    <property name="retryIteration" value="0" />
                    <property name="repeatIteration" value="0" />
                  </properties>
                </test-case>
                <test-case id="1817" name="GivenFastBufferWriterContainingValue_WhenReadingNativeArrayOfUnmanagedElementType_ValueMatchesWhatWasWritten(System.UInt32,WriteSafe)" fullname="Unity.Netcode.EditorTests.FastBufferReaderTests.GivenFastBufferWriterContainingValue_WhenReadingNativeArrayOfUnmanagedElementType_ValueMatchesWhatWasWritten(System.UInt32,WriteSafe)" methodname="GivenFastBufferWriterContainingValue_WhenReadingNativeArrayOfUnmanagedElementType_ValueMatchesWhatWasWritten" classname="Unity.Netcode.EditorTests.FastBufferReaderTests" runstate="Runnable" seed="1386025645" result="Passed" start-time="2025-12-30 16:55:52Z" end-time="2025-12-30 16:55:52Z" duration="0.000588" asserts="0">
                  <properties>
                    <property name="retryIteration" value="0" />
                    <property name="repeatIteration" value="0" />
                  </properties>
                </test-case>
                <test-case id="1818" name="GivenFastBufferWriterContainingValue_WhenReadingNativeArrayOfUnmanagedElementType_ValueMatchesWhatWasWritten(System.Int64,WriteDirect)" fullname="Unity.Netcode.EditorTests.FastBufferReaderTests.GivenFastBufferWriterContainingValue_WhenReadingNativeArrayOfUnmanagedElementType_ValueMatchesWhatWasWritten(System.Int64,WriteDirect)" methodname="GivenFastBufferWriterContainingValue_WhenReadingNativeArrayOfUnmanagedElementType_ValueMatchesWhatWasWritten" classname="Unity.Netcode.EditorTests.FastBufferReaderTests" runstate="Runnable" seed="15476300" result="Passed" start-time="2025-12-30 16:55:52Z" end-time="2025-12-30 16:55:52Z" duration="0.001979" asserts="0">
                  <properties>
                    <property name="retryIteration" value="0" />
                    <property name="repeatIteration" value="0" />
                  </properties>
                </test-case>
                <test-case id="1819" name="GivenFastBufferWriterContainingValue_WhenReadingNativeArrayOfUnmanagedElementType_ValueMatchesWhatWasWritten(System.Int64,WriteSafe)" fullname="Unity.Netcode.EditorTests.FastBufferReaderTests.GivenFastBufferWriterContainingValue_WhenReadingNativeArrayOfUnmanagedElementType_ValueMatchesWhatWasWritten(System.Int64,WriteSafe)" methodname="GivenFastBufferWriterContainingValue_WhenReadingNativeArrayOfUnmanagedElementType_ValueMatchesWhatWasWritten" classname="Unity.Netcode.EditorTests.FastBufferReaderTests" runstate="Runnable" seed="1865891498" result="Passed" start-time="2025-12-30 16:55:52Z" end-time="2025-12-30 16:55:52Z" duration="0.000533" asserts="0">
                  <properties>
                    <property name="retryIteration" value="0" />
                    <property name="repeatIteration" value="0" />
                  </properties>
                </test-case>
                <test-case id="1820" name="GivenFastBufferWriterContainingValue_WhenReadingNativeArrayOfUnmanagedElementType_ValueMatchesWhatWasWritten(System.UInt64,WriteDirect)" fullname="Unity.Netcode.EditorTests.FastBufferReaderTests.GivenFastBufferWriterContainingValue_WhenReadingNativeArrayOfUnmanagedElementType_ValueMatchesWhatWasWritten(System.UInt64,WriteDirect)" methodname="GivenFastBufferWriterContainingValue_WhenReadingNativeArrayOfUnmanagedElementType_ValueMatchesWhatWasWritten" classname="Unity.Netcode.EditorTests.FastBufferReaderTests" runstate="Runnable" seed="423116322" result="Passed" start-time="2025-12-30 16:55:52Z" end-time="2025-12-30 16:55:52Z" duration="0.001849" asserts="0">
                  <properties>
                    <property name="retryIteration" value="0" />
                    <property name="repeatIteration" value="0" />
                  </properties>
                </test-case>
                <test-case id="1821" name="GivenFastBufferWriterContainingValue_WhenReadingNativeArrayOfUnmanagedElementType_ValueMatchesWhatWasWritten(System.UInt64,WriteSafe)" fullname="Unity.Netcode.EditorTests.FastBufferReaderTests.GivenFastBufferWriterContainingValue_WhenReadingNativeArrayOfUnmanagedElementType_ValueMatchesWhatWasWritten(System.UInt64,WriteSafe)" methodname="GivenFastBufferWriterContainingValue_WhenReadingNativeArrayOfUnmanagedElementType_ValueMatchesWhatWasWritten" classname="Unity.Netcode.EditorTests.FastBufferReaderTests" runstate="Runnable" seed="2141311507" result="Passed" start-time="2025-12-30 16:55:52Z" end-time="2025-12-30 16:55:52Z" duration="0.000499" asserts="0">
                  <properties>
                    <property name="retryIteration" value="0" />
                    <property name="repeatIteration" value="0" />
                  </properties>
                </test-case>
                <test-case id="1822" name="GivenFastBufferWriterContainingValue_WhenReadingNativeArrayOfUnmanagedElementType_ValueMatchesWhatWasWritten(System.Boolean,WriteDirect)" fullname="Unity.Netcode.EditorTests.FastBufferReaderTests.GivenFastBufferWriterContainingValue_WhenReadingNativeArrayOfUnmanagedElementType_ValueMatchesWhatWasWritten(System.Boolean,WriteDirect)" methodname="GivenFastBufferWriterContainingValue_WhenReadingNativeArrayOfUnmanagedElementType_ValueMatchesWhatWasWritten" classname="Unity.Netcode.EditorTests.FastBufferReaderTests" runstate="Runnable" seed="1945806374" result="Passed" start-time="2025-12-30 16:55:52Z" end-time="2025-12-30 16:55:52Z" duration="0.001817" asserts="0">
                  <properties>
                    <property name="retryIteration" value="0" />
                    <property name="repeatIteration" value="0" />
                  </properties>
                </test-case>
                <test-case id="1823" name="GivenFastBufferWriterContainingValue_WhenReadingNativeArrayOfUnmanagedElementType_ValueMatchesWhatWasWritten(System.Boolean,WriteSafe)" fullname="Unity.Netcode.EditorTests.FastBufferReaderTests.GivenFastBufferWriterContainingValue_WhenReadingNativeArrayOfUnmanagedElementType_ValueMatchesWhatWasWritten(System.Boolean,WriteSafe)" methodname="GivenFastBufferWriterContainingValue_WhenReadingNativeArrayOfUnmanagedElementType_ValueMatchesWhatWasWritten" classname="Unity.Netcode.EditorTests.FastBufferReaderTests" runstate="Runnable" seed="751109709" result="Passed" start-time="2025-12-30 16:55:52Z" end-time="2025-12-30 16:55:52Z" duration="0.000529" asserts="0">
                  <properties>
                    <property name="retryIteration" value="0" />
                    <property name="repeatIteration" value="0" />
                  </properties>
                </test-case>
                <test-case id="1824" name="GivenFastBufferWriterContainingValue_WhenReadingNativeArrayOfUnmanagedElementType_ValueMatchesWhatWasWritten(System.Char,WriteDirect)" fullname="Unity.Netcode.EditorTests.FastBufferReaderTests.GivenFastBufferWriterContainingValue_WhenReadingNativeArrayOfUnmanagedElementType_ValueMatchesWhatWasWritten(System.Char,WriteDirect)" methodname="GivenFastBufferWriterContainingValue_WhenReadingNativeArrayOfUnmanagedElementType_ValueMatchesWhatWasWritten" classname="Unity.Netcode.EditorTests.FastBufferReaderTests" runstate="Runnable" seed="307833437" result="Passed" start-time="2025-12-30 16:55:52Z" end-time="2025-12-30 16:55:52Z" duration="0.001861" asserts="0">
                  <properties>
                    <property name="retryIteration" value="0" />
                    <property name="repeatIteration" value="0" />
                  </properties>
                </test-case>
                <test-case id="1825" name="GivenFastBufferWriterContainingValue_WhenReadingNativeArrayOfUnmanagedElementType_ValueMatchesWhatWasWritten(System.Char,WriteSafe)" fullname="Unity.Netcode.EditorTests.FastBufferReaderTests.GivenFastBufferWriterContainingValue_WhenReadingNativeArrayOfUnmanagedElementType_ValueMatchesWhatWasWritten(System.Char,WriteSafe)" methodname="GivenFastBufferWriterContainingValue_WhenReadingNativeArrayOfUnmanagedElementType_ValueMatchesWhatWasWritten" classname="Unity.Netcode.EditorTests.FastBufferReaderTests" runstate="Runnable" seed="23681010" result="Passed" start-time="2025-12-30 16:55:52Z" end-time="2025-12-30 16:55:52Z" duration="0.000509" asserts="0">
                  <properties>
                    <property name="retryIteration" value="0" />
                    <property name="repeatIteration" value="0" />
                  </properties>
                </test-case>
                <test-case id="1826" name="GivenFastBufferWriterContainingValue_WhenReadingNativeArrayOfUnmanagedElementType_ValueMatchesWhatWasWritten(System.Single,WriteDirect)" fullname="Unity.Netcode.EditorTests.FastBufferReaderTests.GivenFastBufferWriterContainingValue_WhenReadingNativeArrayOfUnmanagedElementType_ValueMatchesWhatWasWritten(System.Single,WriteDirect)" methodname="GivenFastBufferWriterContainingValue_WhenReadingNativeArrayOfUnmanagedElementType_ValueMatchesWhatWasWritten" classname="Unity.Netcode.EditorTests.FastBufferReaderTests" runstate="Runnable" seed="1584655808" result="Passed" start-time="2025-12-30 16:55:52Z" end-time="2025-12-30 16:55:52Z" duration="0.001776" asserts="0">
                  <properties>
                    <property name="retryIteration" value="0" />
                    <property name="repeatIteration" value="0" />
                  </properties>
                </test-case>
                <test-case id="1827" name="GivenFastBufferWriterContainingValue_WhenReadingNativeArrayOfUnmanagedElementType_ValueMatchesWhatWasWritten(System.Single,WriteSafe)" fullname="Unity.Netcode.EditorTests.FastBufferReaderTests.GivenFastBufferWriterContainingValue_WhenReadingNativeArrayOfUnmanagedElementType_ValueMatchesWhatWasWritten(System.Single,WriteSafe)" methodname="GivenFastBufferWriterContainingValue_WhenReadingNativeArrayOfUnmanagedElementType_ValueMatchesWhatWasWritten" classname="Unity.Netcode.EditorTests.FastBufferReaderTests" runstate="Runnable" seed="2014054507" result="Passed" start-time="2025-12-30 16:55:52Z" end-time="2025-12-30 16:55:52Z" duration="0.000475" asserts="0">
                  <properties>
                    <property name="retryIteration" value="0" />
                    <property name="repeatIteration" value="0" />
                  </properties>
                </test-case>
                <test-case id="1828" name="GivenFastBufferWriterContainingValue_WhenReadingNativeArrayOfUnmanagedElementType_ValueMatchesWhatWasWritten(System.Double,WriteDirect)" fullname="Unity.Netcode.EditorTests.FastBufferReaderTests.GivenFastBufferWriterContainingValue_WhenReadingNativeArrayOfUnmanagedElementType_ValueMatchesWhatWasWritten(System.Double,WriteDirect)" methodname="GivenFastBufferWriterContainingValue_WhenReadingNativeArrayOfUnmanagedElementType_ValueMatchesWhatWasWritten" classname="Unity.Netcode.EditorTests.FastBufferReaderTests" runstate="Runnable" seed="956931314" result="Passed" start-time="2025-12-30 16:55:52Z" end-time="2025-12-30 16:55:52Z" duration="0.001686" asserts="0">
                  <properties>
                    <property name="retryIteration" value="0" />
                    <property name="repeatIteration" value="0" />
                  </properties>
                </test-case>
                <test-case id="1829" name="GivenFastBufferWriterContainingValue_WhenReadingNativeArrayOfUnmanagedElementType_ValueMatchesWhatWasWritten(System.Double,WriteSafe)" fullname="Unity.Netcode.EditorTests.FastBufferReaderTests.GivenFastBufferWriterContainingValue_WhenReadingNativeArrayOfUnmanagedElementType_ValueMatchesWhatWasWritten(System.Double,WriteSafe)" methodname="GivenFastBufferWriterContainingValue_WhenReadingNativeArrayOfUnmanagedElementType_ValueMatchesWhatWasWritten" classname="Unity.Netcode.EditorTests.FastBufferReaderTests" runstate="Runnable" seed="1157202449" result="Passed" start-time="2025-12-30 16:55:52Z" end-time="2025-12-30 16:55:52Z" duration="0.000469" asserts="0">
                  <properties>
                    <property name="retryIteration" value="0" />
                    <property name="repeatIteration" value="0" />
                  </properties>
                </test-case>
                <test-case id="1830" name="GivenFastBufferWriterContainingValue_WhenReadingNativeArrayOfUnmanagedElementType_ValueMatchesWhatWasWritten(Unity.Netcode.EditorTests.BaseFastBufferReaderWriterTest+ByteEnum,WriteDirect)" fullname="Unity.Netcode.EditorTests.FastBufferReaderTests.GivenFastBufferWriterContainingValue_WhenReadingNativeArrayOfUnmanagedElementType_ValueMatchesWhatWasWritten(Unity.Netcode.EditorTests.BaseFastBufferReaderWriterTest+ByteEnum,WriteDirect)" methodname="GivenFastBufferWriterContainingValue_WhenReadingNativeArrayOfUnmanagedElementType_ValueMatchesWhatWasWritten" classname="Unity.Netcode.EditorTests.FastBufferReaderTests" runstate="Runnable" seed="1530836966" result="Passed" start-time="2025-12-30 16:55:52Z" end-time="2025-12-30 16:55:52Z" duration="0.002009" asserts="0">
                  <properties>
                    <property name="retryIteration" value="0" />
                    <property name="repeatIteration" value="0" />
                  </properties>
                </test-case>
                <test-case id="1831" name="GivenFastBufferWriterContainingValue_WhenReadingNativeArrayOfUnmanagedElementType_ValueMatchesWhatWasWritten(Unity.Netcode.EditorTests.BaseFastBufferReaderWriterTest+ByteEnum,WriteSafe)" fullname="Unity.Netcode.EditorTests.FastBufferReaderTests.GivenFastBufferWriterContainingValue_WhenReadingNativeArrayOfUnmanagedElementType_ValueMatchesWhatWasWritten(Unity.Netcode.EditorTests.BaseFastBufferReaderWriterTest+ByteEnum,WriteSafe)" methodname="GivenFastBufferWriterContainingValue_WhenReadingNativeArrayOfUnmanagedElementType_ValueMatchesWhatWasWritten" classname="Unity.Netcode.EditorTests.FastBufferReaderTests" runstate="Runnable" seed="1811107309" result="Passed" start-time="2025-12-30 16:55:52Z" end-time="2025-12-30 16:55:52Z" duration="0.000529" asserts="0">
                  <properties>
                    <property name="retryIteration" value="0" />
                    <property name="repeatIteration" value="0" />
                  </properties>
                </test-case>
                <test-case id="1832" name="GivenFastBufferWriterContainingValue_WhenReadingNativeArrayOfUnmanagedElementType_ValueMatchesWhatWasWritten(Unity.Netcode.EditorTests.BaseFastBufferReaderWriterTest+SByteEnum,WriteDirect)" fullname="Unity.Netcode.EditorTests.FastBufferReaderTests.GivenFastBufferWriterContainingValue_WhenReadingNativeArrayOfUnmanagedElementType_ValueMatchesWhatWasWritten(Unity.Netcode.EditorTests.BaseFastBufferReaderWriterTest+SByteEnum,WriteDirect)" methodname="GivenFastBufferWriterContainingValue_WhenReadingNativeArrayOfUnmanagedElementType_ValueMatchesWhatWasWritten" classname="Unity.Netcode.EditorTests.FastBufferReaderTests" runstate="Runnable" seed="965316281" result="Passed" start-time="2025-12-30 16:55:52Z" end-time="2025-12-30 16:55:52Z" duration="0.002185" asserts="0">
                  <properties>
                    <property name="retryIteration" value="0" />
                    <property name="repeatIteration" value="0" />
                  </properties>
                </test-case>
                <test-case id="1833" name="GivenFastBufferWriterContainingValue_WhenReadingNativeArrayOfUnmanagedElementType_ValueMatchesWhatWasWritten(Unity.Netcode.EditorTests.BaseFastBufferReaderWriterTest+SByteEnum,WriteSafe)" fullname="Unity.Netcode.EditorTests.FastBufferReaderTests.GivenFastBufferWriterContainingValue_WhenReadingNativeArrayOfUnmanagedElementType_ValueMatchesWhatWasWritten(Unity.Netcode.EditorTests.BaseFastBufferReaderWriterTest+SByteEnum,WriteSafe)" methodname="GivenFastBufferWriterContainingValue_WhenReadingNativeArrayOfUnmanagedElementType_ValueMatchesWhatWasWritten" classname="Unity.Netcode.EditorTests.FastBufferReaderTests" runstate="Runnable" seed="922657689" result="Passed" start-time="2025-12-30 16:55:52Z" end-time="2025-12-30 16:55:52Z" duration="0.000581" asserts="0">
                  <properties>
                    <property name="retryIteration" value="0" />
                    <property name="repeatIteration" value="0" />
                  </properties>
                </test-case>
                <test-case id="1834" name="GivenFastBufferWriterContainingValue_WhenReadingNativeArrayOfUnmanagedElementType_ValueMatchesWhatWasWritten(Unity.Netcode.EditorTests.BaseFastBufferReaderWriterTest+ShortEnum,WriteDirect)" fullname="Unity.Netcode.EditorTests.FastBufferReaderTests.GivenFastBufferWriterContainingValue_WhenReadingNativeArrayOfUnmanagedElementType_ValueMatchesWhatWasWritten(Unity.Netcode.EditorTests.BaseFastBufferReaderWriterTest+ShortEnum,WriteDirect)" methodname="GivenFastBufferWriterContainingValue_WhenReadingNativeArrayOfUnmanagedElementType_ValueMatchesWhatWasWritten" classname="Unity.Netcode.EditorTests.FastBufferReaderTests" runstate="Runnable" seed="112125795" result="Passed" start-time="2025-12-30 16:55:52Z" end-time="2025-12-30 16:55:52Z" duration="0.001984" asserts="0">
                  <properties>
                    <property name="retryIteration" value="0" />
                    <property name="repeatIteration" value="0" />
                  </properties>
                </test-case>
                <test-case id="1835" name="GivenFastBufferWriterContainingValue_WhenReadingNativeArrayOfUnmanagedElementType_ValueMatchesWhatWasWritten(Unity.Netcode.EditorTests.BaseFastBufferReaderWriterTest+ShortEnum,WriteSafe)" fullname="Unity.Netcode.EditorTests.FastBufferReaderTests.GivenFastBufferWriterContainingValue_WhenReadingNativeArrayOfUnmanagedElementType_ValueMatchesWhatWasWritten(Unity.Netcode.EditorTests.BaseFastBufferReaderWriterTest+ShortEnum,WriteSafe)" methodname="GivenFastBufferWriterContainingValue_WhenReadingNativeArrayOfUnmanagedElementType_ValueMatchesWhatWasWritten" classname="Unity.Netcode.EditorTests.FastBufferReaderTests" runstate="Runnable" seed="802009306" result="Passed" start-time="2025-12-30 16:55:52Z" end-time="2025-12-30 16:55:52Z" duration="0.000597" asserts="0">
                  <properties>
                    <property name="retryIteration" value="0" />
                    <property name="repeatIteration" value="0" />
                  </properties>
                </test-case>
                <test-case id="1836" name="GivenFastBufferWriterContainingValue_WhenReadingNativeArrayOfUnmanagedElementType_ValueMatchesWhatWasWritten(Unity.Netcode.EditorTests.BaseFastBufferReaderWriterTest+UShortEnum,WriteDirect)" fullname="Unity.Netcode.EditorTests.FastBufferReaderTests.GivenFastBufferWriterContainingValue_WhenReadingNativeArrayOfUnmanagedElementType_ValueMatchesWhatWasWritten(Unity.Netcode.EditorTests.BaseFastBufferReaderWriterTest+UShortEnum,WriteDirect)" methodname="GivenFastBufferWriterContainingValue_WhenReadingNativeArrayOfUnmanagedElementType_ValueMatchesWhatWasWritten" classname="Unity.Netcode.EditorTests.FastBufferReaderTests" runstate="Runnable" seed="1301505015" result="Passed" start-time="2025-12-30 16:55:52Z" end-time="2025-12-30 16:55:52Z" duration="0.001974" asserts="0">
                  <properties>
                    <property name="retryIteration" value="0" />
                    <property name="repeatIteration" value="0" />
                  </properties>
                </test-case>
                <test-case id="1837" name="GivenFastBufferWriterContainingValue_WhenReadingNativeArrayOfUnmanagedElementType_ValueMatchesWhatWasWritten(Unity.Netcode.EditorTests.BaseFastBufferReaderWriterTest+UShortEnum,WriteSafe)" fullname="Unity.Netcode.EditorTests.FastBufferReaderTests.GivenFastBufferWriterContainingValue_WhenReadingNativeArrayOfUnmanagedElementType_ValueMatchesWhatWasWritten(Unity.Netcode.EditorTests.BaseFastBufferReaderWriterTest+UShortEnum,WriteSafe)" methodname="GivenFastBufferWriterContainingValue_WhenReadingNativeArrayOfUnmanagedElementType_ValueMatchesWhatWasWritten" classname="Unity.Netcode.EditorTests.FastBufferReaderTests" runstate="Runnable" seed="193684374" result="Passed" start-time="2025-12-30 16:55:52Z" end-time="2025-12-30 16:55:52Z" duration="0.000565" asserts="0">
                  <properties>
                    <property name="retryIteration" value="0" />
                    <property name="repeatIteration" value="0" />
                  </properties>
                </test-case>
                <test-case id="1838" name="GivenFastBufferWriterContainingValue_WhenReadingNativeArrayOfUnmanagedElementType_ValueMatchesWhatWasWritten(Unity.Netcode.EditorTests.BaseFastBufferReaderWriterTest+IntEnum,WriteDirect)" fullname="Unity.Netcode.EditorTests.FastBufferReaderTests.GivenFastBufferWriterContainingValue_WhenReadingNativeArrayOfUnmanagedElementType_ValueMatchesWhatWasWritten(Unity.Netcode.EditorTests.BaseFastBufferReaderWriterTest+IntEnum,WriteDirect)" methodname="GivenFastBufferWriterContainingValue_WhenReadingNativeArrayOfUnmanagedElementType_ValueMatchesWhatWasWritten" classname="Unity.Netcode.EditorTests.FastBufferReaderTests" runstate="Runnable" seed="508992177" result="Passed" start-time="2025-12-30 16:55:52Z" end-time="2025-12-30 16:55:52Z" duration="0.002183" asserts="0">
                  <properties>
                    <property name="retryIteration" value="0" />
                    <property name="repeatIteration" value="0" />
                  </properties>
                </test-case>
                <test-case id="1839" name="GivenFastBufferWriterContainingValue_WhenReadingNativeArrayOfUnmanagedElementType_ValueMatchesWhatWasWritten(Unity.Netcode.EditorTests.BaseFastBufferReaderWriterTest+IntEnum,WriteSafe)" fullname="Unity.Netcode.EditorTests.FastBufferReaderTests.GivenFastBufferWriterContainingValue_WhenReadingNativeArrayOfUnmanagedElementType_ValueMatchesWhatWasWritten(Unity.Netcode.EditorTests.BaseFastBufferReaderWriterTest+IntEnum,WriteSafe)" methodname="GivenFastBufferWriterContainingValue_WhenReadingNativeArrayOfUnmanagedElementType_ValueMatchesWhatWasWritten" classname="Unity.Netcode.EditorTests.FastBufferReaderTests" runstate="Runnable" seed="446972194" result="Passed" start-time="2025-12-30 16:55:52Z" end-time="2025-12-30 16:55:52Z" duration="0.000588" asserts="0">
                  <properties>
                    <property name="retryIteration" value="0" />
                    <property name="repeatIteration" value="0" />
                  </properties>
                </test-case>
                <test-case id="1840" name="GivenFastBufferWriterContainingValue_WhenReadingNativeArrayOfUnmanagedElementType_ValueMatchesWhatWasWritten(Unity.Netcode.EditorTests.BaseFastBufferReaderWriterTest+UIntEnum,WriteDirect)" fullname="Unity.Netcode.EditorTests.FastBufferReaderTests.GivenFastBufferWriterContainingValue_WhenReadingNativeArrayOfUnmanagedElementType_ValueMatchesWhatWasWritten(Unity.Netcode.EditorTests.BaseFastBufferReaderWriterTest+UIntEnum,WriteDirect)" methodname="GivenFastBufferWriterContainingValue_WhenReadingNativeArrayOfUnmanagedElementType_ValueMatchesWhatWasWritten" classname="Unity.Netcode.EditorTests.FastBufferReaderTests" runstate="Runnable" seed="1804762036" result="Passed" start-time="2025-12-30 16:55:52Z" end-time="2025-12-30 16:55:52Z" duration="0.001946" asserts="0">
                  <properties>
                    <property name="retryIteration" value="0" />
                    <property name="repeatIteration" value="0" />
                  </properties>
                </test-case>
                <test-case id="1841" name="GivenFastBufferWriterContainingValue_WhenReadingNativeArrayOfUnmanagedElementType_ValueMatchesWhatWasWritten(Unity.Netcode.EditorTests.BaseFastBufferReaderWriterTest+UIntEnum,WriteSafe)" fullname="Unity.Netcode.EditorTests.FastBufferReaderTests.GivenFastBufferWriterContainingValue_WhenReadingNativeArrayOfUnmanagedElementType_ValueMatchesWhatWasWritten(Unity.Netcode.EditorTests.BaseFastBufferReaderWriterTest+UIntEnum,WriteSafe)" methodname="GivenFastBufferWriterContainingValue_WhenReadingNativeArrayOfUnmanagedElementType_ValueMatchesWhatWasWritten" classname="Unity.Netcode.EditorTests.FastBufferReaderTests" runstate="Runnable" seed="29283246" result="Passed" start-time="2025-12-30 16:55:52Z" end-time="2025-12-30 16:55:52Z" duration="0.000499" asserts="0">
                  <properties>
                    <property name="retryIteration" value="0" />
                    <property name="repeatIteration" value="0" />
                  </properties>
                </test-case>
                <test-case id="1842" name="GivenFastBufferWriterContainingValue_WhenReadingNativeArrayOfUnmanagedElementType_ValueMatchesWhatWasWritten(Unity.Netcode.EditorTests.BaseFastBufferReaderWriterTest+LongEnum,WriteDirect)" fullname="Unity.Netcode.EditorTests.FastBufferReaderTests.GivenFastBufferWriterContainingValue_WhenReadingNativeArrayOfUnmanagedElementType_ValueMatchesWhatWasWritten(Unity.Netcode.EditorTests.BaseFastBufferReaderWriterTest+LongEnum,WriteDirect)" methodname="GivenFastBufferWriterContainingValue_WhenReadingNativeArrayOfUnmanagedElementType_ValueMatchesWhatWasWritten" classname="Unity.Netcode.EditorTests.FastBufferReaderTests" runstate="Runnable" seed="438833330" result="Passed" start-time="2025-12-30 16:55:52Z" end-time="2025-12-30 16:55:52Z" duration="0.002005" asserts="0">
                  <properties>
                    <property name="retryIteration" value="0" />
                    <property name="repeatIteration" value="0" />
                  </properties>
                </test-case>
                <test-case id="1843" name="GivenFastBufferWriterContainingValue_WhenReadingNativeArrayOfUnmanagedElementType_ValueMatchesWhatWasWritten(Unity.Netcode.EditorTests.BaseFastBufferReaderWriterTest+LongEnum,WriteSafe)" fullname="Unity.Netcode.EditorTests.FastBufferReaderTests.GivenFastBufferWriterContainingValue_WhenReadingNativeArrayOfUnmanagedElementType_ValueMatchesWhatWasWritten(Unity.Netcode.EditorTests.BaseFastBufferReaderWriterTest+LongEnum,WriteSafe)" methodname="GivenFastBufferWriterContainingValue_WhenReadingNativeArrayOfUnmanagedElementType_ValueMatchesWhatWasWritten" classname="Unity.Netcode.EditorTests.FastBufferReaderTests" runstate="Runnable" seed="1291129785" result="Passed" start-time="2025-12-30 16:55:52Z" end-time="2025-12-30 16:55:52Z" duration="0.000672" asserts="0">
                  <properties>
                    <property name="retryIteration" value="0" />
                    <property name="repeatIteration" value="0" />
                  </properties>
                </test-case>
                <test-case id="1844" name="GivenFastBufferWriterContainingValue_WhenReadingNativeArrayOfUnmanagedElementType_ValueMatchesWhatWasWritten(Unity.Netcode.EditorTests.BaseFastBufferReaderWriterTest+ULongEnum,WriteDirect)" fullname="Unity.Netcode.EditorTests.FastBufferReaderTests.GivenFastBufferWriterContainingValue_WhenReadingNativeArrayOfUnmanagedElementType_ValueMatchesWhatWasWritten(Unity.Netcode.EditorTests.BaseFastBufferReaderWriterTest+ULongEnum,WriteDirect)" methodname="GivenFastBufferWriterContainingValue_WhenReadingNativeArrayOfUnmanagedElementType_ValueMatchesWhatWasWritten" classname="Unity.Netcode.EditorTests.FastBufferReaderTests" runstate="Runnable" seed="1146984571" result="Passed" start-time="2025-12-30 16:55:52Z" end-time="2025-12-30 16:55:52Z" duration="0.001825" asserts="0">
                  <properties>
                    <property name="retryIteration" value="0" />
                    <property name="repeatIteration" value="0" />
                  </properties>
                </test-case>
                <test-case id="1845" name="GivenFastBufferWriterContainingValue_WhenReadingNativeArrayOfUnmanagedElementType_ValueMatchesWhatWasWritten(Unity.Netcode.EditorTests.BaseFastBufferReaderWriterTest+ULongEnum,WriteSafe)" fullname="Unity.Netcode.EditorTests.FastBufferReaderTests.GivenFastBufferWriterContainingValue_WhenReadingNativeArrayOfUnmanagedElementType_ValueMatchesWhatWasWritten(Unity.Netcode.EditorTests.BaseFastBufferReaderWriterTest+ULongEnum,WriteSafe)" methodname="GivenFastBufferWriterContainingValue_WhenReadingNativeArrayOfUnmanagedElementType_ValueMatchesWhatWasWritten" classname="Unity.Netcode.EditorTests.FastBufferReaderTests" runstate="Runnable" seed="401279727" result="Passed" start-time="2025-12-30 16:55:52Z" end-time="2025-12-30 16:55:52Z" duration="0.000478" asserts="0">
                  <properties>
                    <property name="retryIteration" value="0" />
                    <property name="repeatIteration" value="0" />
                  </properties>
                </test-case>
                <test-case id="1846" name="GivenFastBufferWriterContainingValue_WhenReadingNativeArrayOfUnmanagedElementType_ValueMatchesWhatWasWritten(UnityEngine.Vector2,WriteDirect)" fullname="Unity.Netcode.EditorTests.FastBufferReaderTests.GivenFastBufferWriterContainingValue_WhenReadingNativeArrayOfUnmanagedElementType_ValueMatchesWhatWasWritten(UnityEngine.Vector2,WriteDirect)" methodname="GivenFastBufferWriterContainingValue_WhenReadingNativeArrayOfUnmanagedElementType_ValueMatchesWhatWasWritten" classname="Unity.Netcode.EditorTests.FastBufferReaderTests" runstate="Runnable" seed="707715198" result="Passed" start-time="2025-12-30 16:55:52Z" end-time="2025-12-30 16:55:52Z" duration="0.001743" asserts="0">
                  <properties>
                    <property name="retryIteration" value="0" />
                    <property name="repeatIteration" value="0" />
                  </properties>
                </test-case>
                <test-case id="1847" name="GivenFastBufferWriterContainingValue_WhenReadingNativeArrayOfUnmanagedElementType_ValueMatchesWhatWasWritten(UnityEngine.Vector2,WriteSafe)" fullname="Unity.Netcode.EditorTests.FastBufferReaderTests.GivenFastBufferWriterContainingValue_WhenReadingNativeArrayOfUnmanagedElementType_ValueMatchesWhatWasWritten(UnityEngine.Vector2,WriteSafe)" methodname="GivenFastBufferWriterContainingValue_WhenReadingNativeArrayOfUnmanagedElementType_ValueMatchesWhatWasWritten" classname="Unity.Netcode.EditorTests.FastBufferReaderTests" runstate="Runnable" seed="938895090" result="Passed" start-time="2025-12-30 16:55:52Z" end-time="2025-12-30 16:55:52Z" duration="0.000461" asserts="0">
                  <properties>
                    <property name="retryIteration" value="0" />
                    <property name="repeatIteration" value="0" />
                  </properties>
                </test-case>
                <test-case id="1848" name="GivenFastBufferWriterContainingValue_WhenReadingNativeArrayOfUnmanagedElementType_ValueMatchesWhatWasWritten(UnityEngine.Vector3,WriteDirect)" fullname="Unity.Netcode.EditorTests.FastBufferReaderTests.GivenFastBufferWriterContainingValue_WhenReadingNativeArrayOfUnmanagedElementType_ValueMatchesWhatWasWritten(UnityEngine.Vector3,WriteDirect)" methodname="GivenFastBufferWriterContainingValue_WhenReadingNativeArrayOfUnmanagedElementType_ValueMatchesWhatWasWritten" classname="Unity.Netcode.EditorTests.FastBufferReaderTests" runstate="Runnable" seed="1430320712" result="Passed" start-time="2025-12-30 16:55:52Z" end-time="2025-12-30 16:55:52Z" duration="0.001815" asserts="0">
                  <properties>
                    <property name="retryIteration" value="0" />
                    <property name="repeatIteration" value="0" />
                  </properties>
                </test-case>
                <test-case id="1849" name="GivenFastBufferWriterContainingValue_WhenReadingNativeArrayOfUnmanagedElementType_ValueMatchesWhatWasWritten(UnityEngine.Vector3,WriteSafe)" fullname="Unity.Netcode.EditorTests.FastBufferReaderTests.GivenFastBufferWriterContainingValue_WhenReadingNativeArrayOfUnmanagedElementType_ValueMatchesWhatWasWritten(UnityEngine.Vector3,WriteSafe)" methodname="GivenFastBufferWriterContainingValue_WhenReadingNativeArrayOfUnmanagedElementType_ValueMatchesWhatWasWritten" classname="Unity.Netcode.EditorTests.FastBufferReaderTests" runstate="Runnable" seed="31056982" result="Passed" start-time="2025-12-30 16:55:52Z" end-time="2025-12-30 16:55:52Z" duration="0.000461" asserts="0">
                  <properties>
                    <property name="retryIteration" value="0" />
                    <property name="repeatIteration" value="0" />
                  </properties>
                </test-case>
                <test-case id="1850" name="GivenFastBufferWriterContainingValue_WhenReadingNativeArrayOfUnmanagedElementType_ValueMatchesWhatWasWritten(UnityEngine.Vector2Int,WriteDirect)" fullname="Unity.Netcode.EditorTests.FastBufferReaderTests.GivenFastBufferWriterContainingValue_WhenReadingNativeArrayOfUnmanagedElementType_ValueMatchesWhatWasWritten(UnityEngine.Vector2Int,WriteDirect)" methodname="GivenFastBufferWriterContainingValue_WhenReadingNativeArrayOfUnmanagedElementType_ValueMatchesWhatWasWritten" classname="Unity.Netcode.EditorTests.FastBufferReaderTests" runstate="Runnable" seed="1177098182" result="Passed" start-time="2025-12-30 16:55:52Z" end-time="2025-12-30 16:55:52Z" duration="0.001809" asserts="0">
                  <properties>
                    <property name="retryIteration" value="0" />
                    <property name="repeatIteration" value="0" />
                  </properties>
                </test-case>
                <test-case id="1851" name="GivenFastBufferWriterContainingValue_WhenReadingNativeArrayOfUnmanagedElementType_ValueMatchesWhatWasWritten(UnityEngine.Vector2Int,WriteSafe)" fullname="Unity.Netcode.EditorTests.FastBufferReaderTests.GivenFastBufferWriterContainingValue_WhenReadingNativeArrayOfUnmanagedElementType_ValueMatchesWhatWasWritten(UnityEngine.Vector2Int,WriteSafe)" methodname="GivenFastBufferWriterContainingValue_WhenReadingNativeArrayOfUnmanagedElementType_ValueMatchesWhatWasWritten" classname="Unity.Netcode.EditorTests.FastBufferReaderTests" runstate="Runnable" seed="1715039150" result="Passed" start-time="2025-12-30 16:55:52Z" end-time="2025-12-30 16:55:52Z" duration="0.000680" asserts="0">
                  <properties>
                    <property name="retryIteration" value="0" />
                    <property name="repeatIteration" value="0" />
                  </properties>
                </test-case>
                <test-case id="1852" name="GivenFastBufferWriterContainingValue_WhenReadingNativeArrayOfUnmanagedElementType_ValueMatchesWhatWasWritten(UnityEngine.Vector3Int,WriteDirect)" fullname="Unity.Netcode.EditorTests.FastBufferReaderTests.GivenFastBufferWriterContainingValue_WhenReadingNativeArrayOfUnmanagedElementType_ValueMatchesWhatWasWritten(UnityEngine.Vector3Int,WriteDirect)" methodname="GivenFastBufferWriterContainingValue_WhenReadingNativeArrayOfUnmanagedElementType_ValueMatchesWhatWasWritten" classname="Unity.Netcode.EditorTests.FastBufferReaderTests" runstate="Runnable" seed="1311685930" result="Passed" start-time="2025-12-30 16:55:52Z" end-time="2025-12-30 16:55:52Z" duration="0.002015" asserts="0">
                  <properties>
                    <property name="retryIteration" value="0" />
                    <property name="repeatIteration" value="0" />
                  </properties>
                </test-case>
                <test-case id="1853" name="GivenFastBufferWriterContainingValue_WhenReadingNativeArrayOfUnmanagedElementType_ValueMatchesWhatWasWritten(UnityEngine.Vector3Int,WriteSafe)" fullname="Unity.Netcode.EditorTests.FastBufferReaderTests.GivenFastBufferWriterContainingValue_WhenReadingNativeArrayOfUnmanagedElementType_ValueMatchesWhatWasWritten(UnityEngine.Vector3Int,WriteSafe)" methodname="GivenFastBufferWriterContainingValue_WhenReadingNativeArrayOfUnmanagedElementType_ValueMatchesWhatWasWritten" classname="Unity.Netcode.EditorTests.FastBufferReaderTests" runstate="Runnable" seed="1920867860" result="Passed" start-time="2025-12-30 16:55:52Z" end-time="2025-12-30 16:55:52Z" duration="0.000514" asserts="0">
                  <properties>
                    <property name="retryIteration" value="0" />
                    <property name="repeatIteration" value="0" />
                  </properties>
                </test-case>
                <test-case id="1854" name="GivenFastBufferWriterContainingValue_WhenReadingNativeArrayOfUnmanagedElementType_ValueMatchesWhatWasWritten(UnityEngine.Vector4,WriteDirect)" fullname="Unity.Netcode.EditorTests.FastBufferReaderTests.GivenFastBufferWriterContainingValue_WhenReadingNativeArrayOfUnmanagedElementType_ValueMatchesWhatWasWritten(UnityEngine.Vector4,WriteDirect)" methodname="GivenFastBufferWriterContainingValue_WhenReadingNativeArrayOfUnmanagedElementType_ValueMatchesWhatWasWritten" classname="Unity.Netcode.EditorTests.FastBufferReaderTests" runstate="Runnable" seed="72545025" result="Passed" start-time="2025-12-30 16:55:52Z" end-time="2025-12-30 16:55:52Z" duration="0.001840" asserts="0">
                  <properties>
                    <property name="retryIteration" value="0" />
                    <property name="repeatIteration" value="0" />
                  </properties>
                </test-case>
                <test-case id="1855" name="GivenFastBufferWriterContainingValue_WhenReadingNativeArrayOfUnmanagedElementType_ValueMatchesWhatWasWritten(UnityEngine.Vector4,WriteSafe)" fullname="Unity.Netcode.EditorTests.FastBufferReaderTests.GivenFastBufferWriterContainingValue_WhenReadingNativeArrayOfUnmanagedElementType_ValueMatchesWhatWasWritten(UnityEngine.Vector4,WriteSafe)" methodname="GivenFastBufferWriterContainingValue_WhenReadingNativeArrayOfUnmanagedElementType_ValueMatchesWhatWasWritten" classname="Unity.Netcode.EditorTests.FastBufferReaderTests" runstate="Runnable" seed="1180093812" result="Passed" start-time="2025-12-30 16:55:52Z" end-time="2025-12-30 16:55:52Z" duration="0.000484" asserts="0">
                  <properties>
                    <property name="retryIteration" value="0" />
                    <property name="repeatIteration" value="0" />
                  </properties>
                </test-case>
                <test-case id="1856" name="GivenFastBufferWriterContainingValue_WhenReadingNativeArrayOfUnmanagedElementType_ValueMatchesWhatWasWritten(UnityEngine.Quaternion,WriteDirect)" fullname="Unity.Netcode.EditorTests.FastBufferReaderTests.GivenFastBufferWriterContainingValue_WhenReadingNativeArrayOfUnmanagedElementType_ValueMatchesWhatWasWritten(UnityEngine.Quaternion,WriteDirect)" methodname="GivenFastBufferWriterContainingValue_WhenReadingNativeArrayOfUnmanagedElementType_ValueMatchesWhatWasWritten" classname="Unity.Netcode.EditorTests.FastBufferReaderTests" runstate="Runnable" seed="379735393" result="Passed" start-time="2025-12-30 16:55:52Z" end-time="2025-12-30 16:55:52Z" duration="0.001835" asserts="0">
                  <properties>
                    <property name="retryIteration" value="0" />
                    <property name="repeatIteration" value="0" />
                  </properties>
                </test-case>
                <test-case id="1857" name="GivenFastBufferWriterContainingValue_WhenReadingNativeArrayOfUnmanagedElementType_ValueMatchesWhatWasWritten(UnityEngine.Quaternion,WriteSafe)" fullname="Unity.Netcode.EditorTests.FastBufferReaderTests.GivenFastBufferWriterContainingValue_WhenReadingNativeArrayOfUnmanagedElementType_ValueMatchesWhatWasWritten(UnityEngine.Quaternion,WriteSafe)" methodname="GivenFastBufferWriterContainingValue_WhenReadingNativeArrayOfUnmanagedElementType_ValueMatchesWhatWasWritten" classname="Unity.Netcode.EditorTests.FastBufferReaderTests" runstate="Runnable" seed="552313696" result="Passed" start-time="2025-12-30 16:55:52Z" end-time="2025-12-30 16:55:52Z" duration="0.000476" asserts="0">
                  <properties>
                    <property name="retryIteration" value="0" />
                    <property name="repeatIteration" value="0" />
                  </properties>
                </test-case>
                <test-case id="1858" name="GivenFastBufferWriterContainingValue_WhenReadingNativeArrayOfUnmanagedElementType_ValueMatchesWhatWasWritten(UnityEngine.Pose,WriteDirect)" fullname="Unity.Netcode.EditorTests.FastBufferReaderTests.GivenFastBufferWriterContainingValue_WhenReadingNativeArrayOfUnmanagedElementType_ValueMatchesWhatWasWritten(UnityEngine.Pose,WriteDirect)" methodname="GivenFastBufferWriterContainingValue_WhenReadingNativeArrayOfUnmanagedElementType_ValueMatchesWhatWasWritten" classname="Unity.Netcode.EditorTests.FastBufferReaderTests" runstate="Runnable" seed="886377002" result="Passed" start-time="2025-12-30 16:55:52Z" end-time="2025-12-30 16:55:52Z" duration="0.001928" asserts="0">
                  <properties>
                    <property name="retryIteration" value="0" />
                    <property name="repeatIteration" value="0" />
                  </properties>
                </test-case>
                <test-case id="1859" name="GivenFastBufferWriterContainingValue_WhenReadingNativeArrayOfUnmanagedElementType_ValueMatchesWhatWasWritten(UnityEngine.Pose,WriteSafe)" fullname="Unity.Netcode.EditorTests.FastBufferReaderTests.GivenFastBufferWriterContainingValue_WhenReadingNativeArrayOfUnmanagedElementType_ValueMatchesWhatWasWritten(UnityEngine.Pose,WriteSafe)" methodname="GivenFastBufferWriterContainingValue_WhenReadingNativeArrayOfUnmanagedElementType_ValueMatchesWhatWasWritten" classname="Unity.Netcode.EditorTests.FastBufferReaderTests" runstate="Runnable" seed="431699987" result="Passed" start-time="2025-12-30 16:55:52Z" end-time="2025-12-30 16:55:52Z" duration="0.000509" asserts="0">
                  <properties>
                    <property name="retryIteration" value="0" />
                    <property name="repeatIteration" value="0" />
                  </properties>
                </test-case>
                <test-case id="1860" name="GivenFastBufferWriterContainingValue_WhenReadingNativeArrayOfUnmanagedElementType_ValueMatchesWhatWasWritten(UnityEngine.Color,WriteDirect)" fullname="Unity.Netcode.EditorTests.FastBufferReaderTests.GivenFastBufferWriterContainingValue_WhenReadingNativeArrayOfUnmanagedElementType_ValueMatchesWhatWasWritten(UnityEngine.Color,WriteDirect)" methodname="GivenFastBufferWriterContainingValue_WhenReadingNativeArrayOfUnmanagedElementType_ValueMatchesWhatWasWritten" classname="Unity.Netcode.EditorTests.FastBufferReaderTests" runstate="Runnable" seed="400444805" result="Passed" start-time="2025-12-30 16:55:52Z" end-time="2025-12-30 16:55:53Z" duration="0.001680" asserts="0">
                  <properties>
                    <property name="retryIteration" value="0" />
                    <property name="repeatIteration" value="0" />
                  </properties>
                </test-case>
                <test-case id="1861" name="GivenFastBufferWriterContainingValue_WhenReadingNativeArrayOfUnmanagedElementType_ValueMatchesWhatWasWritten(UnityEngine.Color,WriteSafe)" fullname="Unity.Netcode.EditorTests.FastBufferReaderTests.GivenFastBufferWriterContainingValue_WhenReadingNativeArrayOfUnmanagedElementType_ValueMatchesWhatWasWritten(UnityEngine.Color,WriteSafe)" methodname="GivenFastBufferWriterContainingValue_WhenReadingNativeArrayOfUnmanagedElementType_ValueMatchesWhatWasWritten" classname="Unity.Netcode.EditorTests.FastBufferReaderTests" runstate="Runnable" seed="520542798" result="Passed" start-time="2025-12-30 16:55:53Z" end-time="2025-12-30 16:55:53Z" duration="0.000478" asserts="0">
                  <properties>
                    <property name="retryIteration" value="0" />
                    <property name="repeatIteration" value="0" />
                  </properties>
                </test-case>
                <test-case id="1862" name="GivenFastBufferWriterContainingValue_WhenReadingNativeArrayOfUnmanagedElementType_ValueMatchesWhatWasWritten(UnityEngine.Color32,WriteDirect)" fullname="Unity.Netcode.EditorTests.FastBufferReaderTests.GivenFastBufferWriterContainingValue_WhenReadingNativeArrayOfUnmanagedElementType_ValueMatchesWhatWasWritten(UnityEngine.Color32,WriteDirect)" methodname="GivenFastBufferWriterContainingValue_WhenReadingNativeArrayOfUnmanagedElementType_ValueMatchesWhatWasWritten" classname="Unity.Netcode.EditorTests.FastBufferReaderTests" runstate="Runnable" seed="1727579737" result="Passed" start-time="2025-12-30 16:55:53Z" end-time="2025-12-30 16:55:53Z" duration="0.001642" asserts="0">
                  <properties>
                    <property name="retryIteration" value="0" />
                    <property name="repeatIteration" value="0" />
                  </properties>
                </test-case>
                <test-case id="1863" name="GivenFastBufferWriterContainingValue_WhenReadingNativeArrayOfUnmanagedElementType_ValueMatchesWhatWasWritten(UnityEngine.Color32,WriteSafe)" fullname="Unity.Netcode.EditorTests.FastBufferReaderTests.GivenFastBufferWriterContainingValue_WhenReadingNativeArrayOfUnmanagedElementType_ValueMatchesWhatWasWritten(UnityEngine.Color32,WriteSafe)" methodname="GivenFastBufferWriterContainingValue_WhenReadingNativeArrayOfUnmanagedElementType_ValueMatchesWhatWasWritten" classname="Unity.Netcode.EditorTests.FastBufferReaderTests" runstate="Runnable" seed="1714418542" result="Passed" start-time="2025-12-30 16:55:53Z" end-time="2025-12-30 16:55:53Z" duration="0.000491" asserts="0">
                  <properties>
                    <property name="retryIteration" value="0" />
                    <property name="repeatIteration" value="0" />
                  </properties>
                </test-case>
                <test-case id="1864" name="GivenFastBufferWriterContainingValue_WhenReadingNativeArrayOfUnmanagedElementType_ValueMatchesWhatWasWritten(UnityEngine.Ray,WriteDirect)" fullname="Unity.Netcode.EditorTests.FastBufferReaderTests.GivenFastBufferWriterContainingValue_WhenReadingNativeArrayOfUnmanagedElementType_ValueMatchesWhatWasWritten(UnityEngine.Ray,WriteDirect)" methodname="GivenFastBufferWriterContainingValue_WhenReadingNativeArrayOfUnmanagedElementType_ValueMatchesWhatWasWritten" classname="Unity.Netcode.EditorTests.FastBufferReaderTests" runstate="Runnable" seed="547009325" result="Passed" start-time="2025-12-30 16:55:53Z" end-time="2025-12-30 16:55:53Z" duration="0.001898" asserts="0">
                  <properties>
                    <property name="retryIteration" value="0" />
                    <property name="repeatIteration" value="0" />
                  </properties>
                </test-case>
                <test-case id="1865" name="GivenFastBufferWriterContainingValue_WhenReadingNativeArrayOfUnmanagedElementType_ValueMatchesWhatWasWritten(UnityEngine.Ray,WriteSafe)" fullname="Unity.Netcode.EditorTests.FastBufferReaderTests.GivenFastBufferWriterContainingValue_WhenReadingNativeArrayOfUnmanagedElementType_ValueMatchesWhatWasWritten(UnityEngine.Ray,WriteSafe)" methodname="GivenFastBufferWriterContainingValue_WhenReadingNativeArrayOfUnmanagedElementType_ValueMatchesWhatWasWritten" classname="Unity.Netcode.EditorTests.FastBufferReaderTests" runstate="Runnable" seed="1677246075" result="Passed" start-time="2025-12-30 16:55:53Z" end-time="2025-12-30 16:55:53Z" duration="0.000546" asserts="0">
                  <properties>
                    <property name="retryIteration" value="0" />
                    <property name="repeatIteration" value="0" />
                  </properties>
                </test-case>
                <test-case id="1866" name="GivenFastBufferWriterContainingValue_WhenReadingNativeArrayOfUnmanagedElementType_ValueMatchesWhatWasWritten(UnityEngine.Ray2D,WriteDirect)" fullname="Unity.Netcode.EditorTests.FastBufferReaderTests.GivenFastBufferWriterContainingValue_WhenReadingNativeArrayOfUnmanagedElementType_ValueMatchesWhatWasWritten(UnityEngine.Ray2D,WriteDirect)" methodname="GivenFastBufferWriterContainingValue_WhenReadingNativeArrayOfUnmanagedElementType_ValueMatchesWhatWasWritten" classname="Unity.Netcode.EditorTests.FastBufferReaderTests" runstate="Runnable" seed="1113362650" result="Passed" start-time="2025-12-30 16:55:53Z" end-time="2025-12-30 16:55:53Z" duration="0.002233" asserts="0">
                  <properties>
                    <property name="retryIteration" value="0" />
                    <property name="repeatIteration" value="0" />
                  </properties>
                </test-case>
                <test-case id="1867" name="GivenFastBufferWriterContainingValue_WhenReadingNativeArrayOfUnmanagedElementType_ValueMatchesWhatWasWritten(UnityEngine.Ray2D,WriteSafe)" fullname="Unity.Netcode.EditorTests.FastBufferReaderTests.GivenFastBufferWriterContainingValue_WhenReadingNativeArrayOfUnmanagedElementType_ValueMatchesWhatWasWritten(UnityEngine.Ray2D,WriteSafe)" methodname="GivenFastBufferWriterContainingValue_WhenReadingNativeArrayOfUnmanagedElementType_ValueMatchesWhatWasWritten" classname="Unity.Netcode.EditorTests.FastBufferReaderTests" runstate="Runnable" seed="1369908525" result="Passed" start-time="2025-12-30 16:55:53Z" end-time="2025-12-30 16:55:53Z" duration="0.000561" asserts="0">
                  <properties>
                    <property name="retryIteration" value="0" />
                    <property name="repeatIteration" value="0" />
                  </properties>
                </test-case>
                <test-case id="1868" name="GivenFastBufferWriterContainingValue_WhenReadingNativeArrayOfUnmanagedElementType_ValueMatchesWhatWasWritten(Unity.Netcode.EditorTests.BaseFastBufferReaderWriterTest+TestStruct,WriteDirect)" fullname="Unity.Netcode.EditorTests.FastBufferReaderTests.GivenFastBufferWriterContainingValue_WhenReadingNativeArrayOfUnmanagedElementType_ValueMatchesWhatWasWritten(Unity.Netcode.EditorTests.BaseFastBufferReaderWriterTest+TestStruct,WriteDirect)" methodname="GivenFastBufferWriterContainingValue_WhenReadingNativeArrayOfUnmanagedElementType_ValueMatchesWhatWasWritten" classname="Unity.Netcode.EditorTests.FastBufferReaderTests" runstate="Runnable" seed="1078601680" result="Passed" start-time="2025-12-30 16:55:53Z" end-time="2025-12-30 16:55:53Z" duration="0.001879" asserts="0">
                  <properties>
                    <property name="retryIteration" value="0" />
                    <property name="repeatIteration" value="0" />
                  </properties>
                </test-case>
                <test-case id="1869" name="GivenFastBufferWriterContainingValue_WhenReadingNativeArrayOfUnmanagedElementType_ValueMatchesWhatWasWritten(Unity.Netcode.EditorTests.BaseFastBufferReaderWriterTest+TestStruct,WriteSafe)" fullname="Unity.Netcode.EditorTests.FastBufferReaderTests.GivenFastBufferWriterContainingValue_WhenReadingNativeArrayOfUnmanagedElementType_ValueMatchesWhatWasWritten(Unity.Netcode.EditorTests.BaseFastBufferReaderWriterTest+TestStruct,WriteSafe)" methodname="GivenFastBufferWriterContainingValue_WhenReadingNativeArrayOfUnmanagedElementType_ValueMatchesWhatWasWritten" classname="Unity.Netcode.EditorTests.FastBufferReaderTests" runstate="Runnable" seed="1001093308" result="Passed" start-time="2025-12-30 16:55:53Z" end-time="2025-12-30 16:55:53Z" duration="0.000512" asserts="0">
                  <properties>
                    <property name="retryIteration" value="0" />
                    <property name="repeatIteration" value="0" />
                  </properties>
                </test-case>
              </test-suite>
              <test-suite type="ParameterizedMethod" id="1947" name="GivenFastBufferWriterContainingValue_WhenReadingPartialValue_ValueMatchesWhatWasWritten" fullname="Unity.Netcode.EditorTests.FastBufferReaderTests.GivenFastBufferWriterContainingValue_WhenReadingPartialValue_ValueMatchesWhatWasWritten" classname="Unity.Netcode.EditorTests.FastBufferReaderTests" runstate="Runnable" testcasecount="36" result="Passed" start-time="2025-12-30 16:55:53Z" end-time="2025-12-30 16:55:53Z" duration="0.008724" total="36" passed="36" failed="0" inconclusive="0" skipped="0" asserts="0">
                <properties />
                <test-case id="1911" name="GivenFastBufferWriterContainingValue_WhenReadingPartialValue_ValueMatchesWhatWasWritten(1,0)" fullname="Unity.Netcode.EditorTests.FastBufferReaderTests.GivenFastBufferWriterContainingValue_WhenReadingPartialValue_ValueMatchesWhatWasWritten(1,0)" methodname="GivenFastBufferWriterContainingValue_WhenReadingPartialValue_ValueMatchesWhatWasWritten" classname="Unity.Netcode.EditorTests.FastBufferReaderTests" runstate="Runnable" seed="1810041709" result="Passed" start-time="2025-12-30 16:55:53Z" end-time="2025-12-30 16:55:53Z" duration="0.000467" asserts="0">
                  <properties>
                    <property name="retryIteration" value="0" />
                    <property name="repeatIteration" value="0" />
                  </properties>
                </test-case>
                <test-case id="1912" name="GivenFastBufferWriterContainingValue_WhenReadingPartialValue_ValueMatchesWhatWasWritten(2,0)" fullname="Unity.Netcode.EditorTests.FastBufferReaderTests.GivenFastBufferWriterContainingValue_WhenReadingPartialValue_ValueMatchesWhatWasWritten(2,0)" methodname="GivenFastBufferWriterContainingValue_WhenReadingPartialValue_ValueMatchesWhatWasWritten" classname="Unity.Netcode.EditorTests.FastBufferReaderTests" runstate="Runnable" seed="912958521" result="Passed" start-time="2025-12-30 16:55:53Z" end-time="2025-12-30 16:55:53Z" duration="0.000114" asserts="0">
                  <properties>
                    <property name="retryIteration" value="0" />
                    <property name="repeatIteration" value="0" />
                  </properties>
                </test-case>
                <test-case id="1913" name="GivenFastBufferWriterContainingValue_WhenReadingPartialValue_ValueMatchesWhatWasWritten(3,0)" fullname="Unity.Netcode.EditorTests.FastBufferReaderTests.GivenFastBufferWriterContainingValue_WhenReadingPartialValue_ValueMatchesWhatWasWritten(3,0)" methodname="GivenFastBufferWriterContainingValue_WhenReadingPartialValue_ValueMatchesWhatWasWritten" classname="Unity.Netcode.EditorTests.FastBufferReaderTests" runstate="Runnable" seed="1093011142" result="Passed" start-time="2025-12-30 16:55:53Z" end-time="2025-12-30 16:55:53Z" duration="0.000102" asserts="0">
                  <properties>
                    <property name="retryIteration" value="0" />
                    <property name="repeatIteration" value="0" />
                  </properties>
                </test-case>
                <test-case id="1914" name="GivenFastBufferWriterContainingValue_WhenReadingPartialValue_ValueMatchesWhatWasWritten(4,0)" fullname="Unity.Netcode.EditorTests.FastBufferReaderTests.GivenFastBufferWriterContainingValue_WhenReadingPartialValue_ValueMatchesWhatWasWritten(4,0)" methodname="GivenFastBufferWriterContainingValue_WhenReadingPartialValue_ValueMatchesWhatWasWritten" classname="Unity.Netcode.EditorTests.FastBufferReaderTests" runstate="Runnable" seed="728782786" result="Passed" start-time="2025-12-30 16:55:53Z" end-time="2025-12-30 16:55:53Z" duration="0.000099" asserts="0">
                  <properties>
                    <property name="retryIteration" value="0" />
                    <property name="repeatIteration" value="0" />
                  </properties>
                </test-case>
                <test-case id="1915" name="GivenFastBufferWriterContainingValue_WhenReadingPartialValue_ValueMatchesWhatWasWritten(5,0)" fullname="Unity.Netcode.EditorTests.FastBufferReaderTests.GivenFastBufferWriterContainingValue_WhenReadingPartialValue_ValueMatchesWhatWasWritten(5,0)" methodname="GivenFastBufferWriterContainingValue_WhenReadingPartialValue_ValueMatchesWhatWasWritten" classname="Unity.Netcode.EditorTests.FastBufferReaderTests" runstate="Runnable" seed="35508040" result="Passed" start-time="2025-12-30 16:55:53Z" end-time="2025-12-30 16:55:53Z" duration="0.000099" asserts="0">
                  <properties>
                    <property name="retryIteration" value="0" />
                    <property name="repeatIteration" value="0" />
                  </properties>
                </test-case>
                <test-case id="1916" name="GivenFastBufferWriterContainingValue_WhenReadingPartialValue_ValueMatchesWhatWasWritten(6,0)" fullname="Unity.Netcode.EditorTests.FastBufferReaderTests.GivenFastBufferWriterContainingValue_WhenReadingPartialValue_ValueMatchesWhatWasWritten(6,0)" methodname="GivenFastBufferWriterContainingValue_WhenReadingPartialValue_ValueMatchesWhatWasWritten" classname="Unity.Netcode.EditorTests.FastBufferReaderTests" runstate="Runnable" seed="696964474" result="Passed" start-time="2025-12-30 16:55:53Z" end-time="2025-12-30 16:55:53Z" duration="0.000102" asserts="0">
                  <properties>
                    <property name="retryIteration" value="0" />
                    <property name="repeatIteration" value="0" />
                  </properties>
                </test-case>
                <test-case id="1917" name="GivenFastBufferWriterContainingValue_WhenReadingPartialValue_ValueMatchesWhatWasWritten(7,0)" fullname="Unity.Netcode.EditorTests.FastBufferReaderTests.GivenFastBufferWriterContainingValue_WhenReadingPartialValue_ValueMatchesWhatWasWritten(7,0)" methodname="GivenFastBufferWriterContainingValue_WhenReadingPartialValue_ValueMatchesWhatWasWritten" classname="Unity.Netcode.EditorTests.FastBufferReaderTests" runstate="Runnable" seed="1479643931" result="Passed" start-time="2025-12-30 16:55:53Z" end-time="2025-12-30 16:55:53Z" duration="0.000097" asserts="0">
                  <properties>
                    <property name="retryIteration" value="0" />
                    <property name="repeatIteration" value="0" />
                  </properties>
                </test-case>
                <test-case id="1918" name="GivenFastBufferWriterContainingValue_WhenReadingPartialValue_ValueMatchesWhatWasWritten(8,0)" fullname="Unity.Netcode.EditorTests.FastBufferReaderTests.GivenFastBufferWriterContainingValue_WhenReadingPartialValue_ValueMatchesWhatWasWritten(8,0)" methodname="GivenFastBufferWriterContainingValue_WhenReadingPartialValue_ValueMatchesWhatWasWritten" classname="Unity.Netcode.EditorTests.FastBufferReaderTests" runstate="Runnable" seed="810445673" result="Passed" start-time="2025-12-30 16:55:53Z" end-time="2025-12-30 16:55:53Z" duration="0.000105" asserts="0">
                  <properties>
                    <property name="retryIteration" value="0" />
                    <property name="repeatIteration" value="0" />
                  </properties>
                </test-case>
                <test-case id="1919" name="GivenFastBufferWriterContainingValue_WhenReadingPartialValue_ValueMatchesWhatWasWritten(1,1)" fullname="Unity.Netcode.EditorTests.FastBufferReaderTests.GivenFastBufferWriterContainingValue_WhenReadingPartialValue_ValueMatchesWhatWasWritten(1,1)" methodname="GivenFastBufferWriterContainingValue_WhenReadingPartialValue_ValueMatchesWhatWasWritten" classname="Unity.Netcode.EditorTests.FastBufferReaderTests" runstate="Runnable" seed="420501906" result="Passed" start-time="2025-12-30 16:55:53Z" end-time="2025-12-30 16:55:53Z" duration="0.000096" asserts="0">
                  <properties>
                    <property name="retryIteration" value="0" />
                    <property name="repeatIteration" value="0" />
                  </properties>
                </test-case>
                <test-case id="1920" name="GivenFastBufferWriterContainingValue_WhenReadingPartialValue_ValueMatchesWhatWasWritten(2,1)" fullname="Unity.Netcode.EditorTests.FastBufferReaderTests.GivenFastBufferWriterContainingValue_WhenReadingPartialValue_ValueMatchesWhatWasWritten(2,1)" methodname="GivenFastBufferWriterContainingValue_WhenReadingPartialValue_ValueMatchesWhatWasWritten" classname="Unity.Netcode.EditorTests.FastBufferReaderTests" runstate="Runnable" seed="1300291419" result="Passed" start-time="2025-12-30 16:55:53Z" end-time="2025-12-30 16:55:53Z" duration="0.000097" asserts="0">
                  <properties>
                    <property name="retryIteration" value="0" />
                    <property name="repeatIteration" value="0" />
                  </properties>
                </test-case>
                <test-case id="1921" name="GivenFastBufferWriterContainingValue_WhenReadingPartialValue_ValueMatchesWhatWasWritten(3,1)" fullname="Unity.Netcode.EditorTests.FastBufferReaderTests.GivenFastBufferWriterContainingValue_WhenReadingPartialValue_ValueMatchesWhatWasWritten(3,1)" methodname="GivenFastBufferWriterContainingValue_WhenReadingPartialValue_ValueMatchesWhatWasWritten" classname="Unity.Netcode.EditorTests.FastBufferReaderTests" runstate="Runnable" seed="498344842" result="Passed" start-time="2025-12-30 16:55:53Z" end-time="2025-12-30 16:55:53Z" duration="0.000099" asserts="0">
                  <properties>
                    <property name="retryIteration" value="0" />
                    <property name="repeatIteration" value="0" />
                  </properties>
                </test-case>
                <test-case id="1922" name="GivenFastBufferWriterContainingValue_WhenReadingPartialValue_ValueMatchesWhatWasWritten(4,1)" fullname="Unity.Netcode.EditorTests.FastBufferReaderTests.GivenFastBufferWriterContainingValue_WhenReadingPartialValue_ValueMatchesWhatWasWritten(4,1)" methodname="GivenFastBufferWriterContainingValue_WhenReadingPartialValue_ValueMatchesWhatWasWritten" classname="Unity.Netcode.EditorTests.FastBufferReaderTests" runstate="Runnable" seed="1154230768" result="Passed" start-time="2025-12-30 16:55:53Z" end-time="2025-12-30 16:55:53Z" duration="0.000104" asserts="0">
                  <properties>
                    <property name="retryIteration" value="0" />
                    <property name="repeatIteration" value="0" />
                  </properties>
                </test-case>
                <test-case id="1923" name="GivenFastBufferWriterContainingValue_WhenReadingPartialValue_ValueMatchesWhatWasWritten(5,1)" fullname="Unity.Netcode.EditorTests.FastBufferReaderTests.GivenFastBufferWriterContainingValue_WhenReadingPartialValue_ValueMatchesWhatWasWritten(5,1)" methodname="GivenFastBufferWriterContainingValue_WhenReadingPartialValue_ValueMatchesWhatWasWritten" classname="Unity.Netcode.EditorTests.FastBufferReaderTests" runstate="Runnable" seed="412944845" result="Passed" start-time="2025-12-30 16:55:53Z" end-time="2025-12-30 16:55:53Z" duration="0.000104" asserts="0">
                  <properties>
                    <property name="retryIteration" value="0" />
                    <property name="repeatIteration" value="0" />
                  </properties>
                </test-case>
                <test-case id="1924" name="GivenFastBufferWriterContainingValue_WhenReadingPartialValue_ValueMatchesWhatWasWritten(6,1)" fullname="Unity.Netcode.EditorTests.FastBufferReaderTests.GivenFastBufferWriterContainingValue_WhenReadingPartialValue_ValueMatchesWhatWasWritten(6,1)" methodname="GivenFastBufferWriterContainingValue_WhenReadingPartialValue_ValueMatchesWhatWasWritten" classname="Unity.Netcode.EditorTests.FastBufferReaderTests" runstate="Runnable" seed="526943875" result="Passed" start-time="2025-12-30 16:55:53Z" end-time="2025-12-30 16:55:53Z" duration="0.000197" asserts="0">
                  <properties>
                    <property name="retryIteration" value="0" />
                    <property name="repeatIteration" value="0" />
                  </properties>
                </test-case>
                <test-case id="1925" name="GivenFastBufferWriterContainingValue_WhenReadingPartialValue_ValueMatchesWhatWasWritten(7,1)" fullname="Unity.Netcode.EditorTests.FastBufferReaderTests.GivenFastBufferWriterContainingValue_WhenReadingPartialValue_ValueMatchesWhatWasWritten(7,1)" methodname="GivenFastBufferWriterContainingValue_WhenReadingPartialValue_ValueMatchesWhatWasWritten" classname="Unity.Netcode.EditorTests.FastBufferReaderTests" runstate="Runnable" seed="786986577" result="Passed" start-time="2025-12-30 16:55:53Z" end-time="2025-12-30 16:55:53Z" duration="0.000174" asserts="0">
                  <properties>
                    <property name="retryIteration" value="0" />
                    <property name="repeatIteration" value="0" />
                  </properties>
                </test-case>
                <test-case id="1926" name="GivenFastBufferWriterContainingValue_WhenReadingPartialValue_ValueMatchesWhatWasWritten(1,2)" fullname="Unity.Netcode.EditorTests.FastBufferReaderTests.GivenFastBufferWriterContainingValue_WhenReadingPartialValue_ValueMatchesWhatWasWritten(1,2)" methodname="GivenFastBufferWriterContainingValue_WhenReadingPartialValue_ValueMatchesWhatWasWritten" classname="Unity.Netcode.EditorTests.FastBufferReaderTests" runstate="Runnable" seed="1806959691" result="Passed" start-time="2025-12-30 16:55:53Z" end-time="2025-12-30 16:55:53Z" duration="0.000116" asserts="0">
                  <properties>
                    <property name="retryIteration" value="0" />
                    <property name="repeatIteration" value="0" />
                  </properties>
                </test-case>
                <test-case id="1927" name="GivenFastBufferWriterContainingValue_WhenReadingPartialValue_ValueMatchesWhatWasWritten(2,2)" fullname="Unity.Netcode.EditorTests.FastBufferReaderTests.GivenFastBufferWriterContainingValue_WhenReadingPartialValue_ValueMatchesWhatWasWritten(2,2)" methodname="GivenFastBufferWriterContainingValue_WhenReadingPartialValue_ValueMatchesWhatWasWritten" classname="Unity.Netcode.EditorTests.FastBufferReaderTests" runstate="Runnable" seed="1753276666" result="Passed" start-time="2025-12-30 16:55:53Z" end-time="2025-12-30 16:55:53Z" duration="0.000120" asserts="0">
                  <properties>
                    <property name="retryIteration" value="0" />
                    <property name="repeatIteration" value="0" />
                  </properties>
                </test-case>
                <test-case id="1928" name="GivenFastBufferWriterContainingValue_WhenReadingPartialValue_ValueMatchesWhatWasWritten(3,2)" fullname="Unity.Netcode.EditorTests.FastBufferReaderTests.GivenFastBufferWriterContainingValue_WhenReadingPartialValue_ValueMatchesWhatWasWritten(3,2)" methodname="GivenFastBufferWriterContainingValue_WhenReadingPartialValue_ValueMatchesWhatWasWritten" classname="Unity.Netcode.EditorTests.FastBufferReaderTests" runstate="Runnable" seed="1336718834" result="Passed" start-time="2025-12-30 16:55:53Z" end-time="2025-12-30 16:55:53Z" duration="0.000118" asserts="0">
                  <properties>
                    <property name="retryIteration" value="0" />
                    <property name="repeatIteration" value="0" />
                  </properties>
                </test-case>
                <test-case id="1929" name="GivenFastBufferWriterContainingValue_WhenReadingPartialValue_ValueMatchesWhatWasWritten(4,2)" fullname="Unity.Netcode.EditorTests.FastBufferReaderTests.GivenFastBufferWriterContainingValue_WhenReadingPartialValue_ValueMatchesWhatWasWritten(4,2)" methodname="GivenFastBufferWriterContainingValue_WhenReadingPartialValue_ValueMatchesWhatWasWritten" classname="Unity.Netcode.EditorTests.FastBufferReaderTests" runstate="Runnable" seed="1384558163" result="Passed" start-time="2025-12-30 16:55:53Z" end-time="2025-12-30 16:55:53Z" duration="0.000114" asserts="0">
                  <properties>
                    <property name="retryIteration" value="0" />
                    <property name="repeatIteration" value="0" />
                  </properties>
                </test-case>
                <test-case id="1930" name="GivenFastBufferWriterContainingValue_WhenReadingPartialValue_ValueMatchesWhatWasWritten(5,2)" fullname="Unity.Netcode.EditorTests.FastBufferReaderTests.GivenFastBufferWriterContainingValue_WhenReadingPartialValue_ValueMatchesWhatWasWritten(5,2)" methodname="GivenFastBufferWriterContainingValue_WhenReadingPartialValue_ValueMatchesWhatWasWritten" classname="Unity.Netcode.EditorTests.FastBufferReaderTests" runstate="Runnable" seed="322739598" result="Passed" start-time="2025-12-30 16:55:53Z" end-time="2025-12-30 16:55:53Z" duration="0.000119" asserts="0">
                  <properties>
                    <property name="retryIteration" value="0" />
                    <property name="repeatIteration" value="0" />
                  </properties>
                </test-case>
                <test-case id="1931" name="GivenFastBufferWriterContainingValue_WhenReadingPartialValue_ValueMatchesWhatWasWritten(6,2)" fullname="Unity.Netcode.EditorTests.FastBufferReaderTests.GivenFastBufferWriterContainingValue_WhenReadingPartialValue_ValueMatchesWhatWasWritten(6,2)" methodname="GivenFastBufferWriterContainingValue_WhenReadingPartialValue_ValueMatchesWhatWasWritten" classname="Unity.Netcode.EditorTests.FastBufferReaderTests" runstate="Runnable" seed="71692113" result="Passed" start-time="2025-12-30 16:55:53Z" end-time="2025-12-30 16:55:53Z" duration="0.000113" asserts="0">
                  <properties>
                    <property name="retryIteration" value="0" />
                    <property name="repeatIteration" value="0" />
                  </properties>
                </test-case>
                <test-case id="1932" name="GivenFastBufferWriterContainingValue_WhenReadingPartialValue_ValueMatchesWhatWasWritten(1,3)" fullname="Unity.Netcode.EditorTests.FastBufferReaderTests.GivenFastBufferWriterContainingValue_WhenReadingPartialValue_ValueMatchesWhatWasWritten(1,3)" methodname="GivenFastBufferWriterContainingValue_WhenReadingPartialValue_ValueMatchesWhatWasWritten" classname="Unity.Netcode.EditorTests.FastBufferReaderTests" runstate="Runnable" seed="976538067" result="Passed" start-time="2025-12-30 16:55:53Z" end-time="2025-12-30 16:55:53Z" duration="0.000105" asserts="0">
                  <properties>
                    <property name="retryIteration" value="0" />
                    <property name="repeatIteration" value="0" />
                  </properties>
                </test-case>
                <test-case id="1933" name="GivenFastBufferWriterContainingValue_WhenReadingPartialValue_ValueMatchesWhatWasWritten(2,3)" fullname="Unity.Netcode.EditorTests.FastBufferReaderTests.GivenFastBufferWriterContainingValue_WhenReadingPartialValue_ValueMatchesWhatWasWritten(2,3)" methodname="GivenFastBufferWriterContainingValue_WhenReadingPartialValue_ValueMatchesWhatWasWritten" classname="Unity.Netcode.EditorTests.FastBufferReaderTests" runstate="Runnable" seed="2134754508" result="Passed" start-time="2025-12-30 16:55:53Z" end-time="2025-12-30 16:55:53Z" duration="0.000106" asserts="0">
                  <properties>
                    <property name="retryIteration" value="0" />
                    <property name="repeatIteration" value="0" />
                  </properties>
                </test-case>
                <test-case id="1934" name="GivenFastBufferWriterContainingValue_WhenReadingPartialValue_ValueMatchesWhatWasWritten(3,3)" fullname="Unity.Netcode.EditorTests.FastBufferReaderTests.GivenFastBufferWriterContainingValue_WhenReadingPartialValue_ValueMatchesWhatWasWritten(3,3)" methodname="GivenFastBufferWriterContainingValue_WhenReadingPartialValue_ValueMatchesWhatWasWritten" classname="Unity.Netcode.EditorTests.FastBufferReaderTests" runstate="Runnable" seed="189335615" result="Passed" start-time="2025-12-30 16:55:53Z" end-time="2025-12-30 16:55:53Z" duration="0.000115" asserts="0">
                  <properties>
                    <property name="retryIteration" value="0" />
                    <property name="repeatIteration" value="0" />
                  </properties>
                </test-case>
                <test-case id="1935" name="GivenFastBufferWriterContainingValue_WhenReadingPartialValue_ValueMatchesWhatWasWritten(4,3)" fullname="Unity.Netcode.EditorTests.FastBufferReaderTests.GivenFastBufferWriterContainingValue_WhenReadingPartialValue_ValueMatchesWhatWasWritten(4,3)" methodname="GivenFastBufferWriterContainingValue_WhenReadingPartialValue_ValueMatchesWhatWasWritten" classname="Unity.Netcode.EditorTests.FastBufferReaderTests" runstate="Runnable" seed="982588098" result="Passed" start-time="2025-12-30 16:55:53Z" end-time="2025-12-30 16:55:53Z" duration="0.000110" asserts="0">
                  <properties>
                    <property name="retryIteration" value="0" />
                    <property name="repeatIteration" value="0" />
                  </properties>
                </test-case>
                <test-case id="1936" name="GivenFastBufferWriterContainingValue_WhenReadingPartialValue_ValueMatchesWhatWasWritten(5,3)" fullname="Unity.Netcode.EditorTests.FastBufferReaderTests.GivenFastBufferWriterContainingValue_WhenReadingPartialValue_ValueMatchesWhatWasWritten(5,3)" methodname="GivenFastBufferWriterContainingValue_WhenReadingPartialValue_ValueMatchesWhatWasWritten" classname="Unity.Netcode.EditorTests.FastBufferReaderTests" runstate="Runnable" seed="1967157750" result="Passed" start-time="2025-12-30 16:55:53Z" end-time="2025-12-30 16:55:53Z" duration="0.000110" asserts="0">
                  <properties>
                    <property name="retryIteration" value="0" />
                    <property name="repeatIteration" value="0" />
                  </properties>
                </test-case>
                <test-case id="1937" name="GivenFastBufferWriterContainingValue_WhenReadingPartialValue_ValueMatchesWhatWasWritten(1,4)" fullname="Unity.Netcode.EditorTests.FastBufferReaderTests.GivenFastBufferWriterContainingValue_WhenReadingPartialValue_ValueMatchesWhatWasWritten(1,4)" methodname="GivenFastBufferWriterContainingValue_WhenReadingPartialValue_ValueMatchesWhatWasWritten" classname="Unity.Netcode.EditorTests.FastBufferReaderTests" runstate="Runnable" seed="2146770836" result="Passed" start-time="2025-12-30 16:55:53Z" end-time="2025-12-30 16:55:53Z" duration="0.000116" asserts="0">
                  <properties>
                    <property name="retryIteration" value="0" />
                    <property name="repeatIteration" value="0" />
                  </properties>
                </test-case>
                <test-case id="1938" name="GivenFastBufferWriterContainingValue_WhenReadingPartialValue_ValueMatchesWhatWasWritten(2,4)" fullname="Unity.Netcode.EditorTests.FastBufferReaderTests.GivenFastBufferWriterContainingValue_WhenReadingPartialValue_ValueMatchesWhatWasWritten(2,4)" methodname="GivenFastBufferWriterContainingValue_WhenReadingPartialValue_ValueMatchesWhatWasWritten" classname="Unity.Netcode.EditorTests.FastBufferReaderTests" runstate="Runnable" seed="156956649" result="Passed" start-time="2025-12-30 16:55:53Z" end-time="2025-12-30 16:55:53Z" duration="0.000106" asserts="0">
                  <properties>
                    <property name="retryIteration" value="0" />
                    <property name="repeatIteration" value="0" />
                  </properties>
                </test-case>
                <test-case id="1939" name="GivenFastBufferWriterContainingValue_WhenReadingPartialValue_ValueMatchesWhatWasWritten(3,4)" fullname="Unity.Netcode.EditorTests.FastBufferReaderTests.GivenFastBufferWriterContainingValue_WhenReadingPartialValue_ValueMatchesWhatWasWritten(3,4)" methodname="GivenFastBufferWriterContainingValue_WhenReadingPartialValue_ValueMatchesWhatWasWritten" classname="Unity.Netcode.EditorTests.FastBufferReaderTests" runstate="Runnable" seed="1904647642" result="Passed" start-time="2025-12-30 16:55:53Z" end-time="2025-12-30 16:55:53Z" duration="0.000104" asserts="0">
                  <properties>
                    <property name="retryIteration" value="0" />
                    <property name="repeatIteration" value="0" />
                  </properties>
                </test-case>
                <test-case id="1940" name="GivenFastBufferWriterContainingValue_WhenReadingPartialValue_ValueMatchesWhatWasWritten(4,4)" fullname="Unity.Netcode.EditorTests.FastBufferReaderTests.GivenFastBufferWriterContainingValue_WhenReadingPartialValue_ValueMatchesWhatWasWritten(4,4)" methodname="GivenFastBufferWriterContainingValue_WhenReadingPartialValue_ValueMatchesWhatWasWritten" classname="Unity.Netcode.EditorTests.FastBufferReaderTests" runstate="Runnable" seed="1164713690" result="Passed" start-time="2025-12-30 16:55:53Z" end-time="2025-12-30 16:55:53Z" duration="0.000107" asserts="0">
                  <properties>
                    <property name="retryIteration" value="0" />
                    <property name="repeatIteration" value="0" />
                  </properties>
                </test-case>
                <test-case id="1941" name="GivenFastBufferWriterContainingValue_WhenReadingPartialValue_ValueMatchesWhatWasWritten(1,5)" fullname="Unity.Netcode.EditorTests.FastBufferReaderTests.GivenFastBufferWriterContainingValue_WhenReadingPartialValue_ValueMatchesWhatWasWritten(1,5)" methodname="GivenFastBufferWriterContainingValue_WhenReadingPartialValue_ValueMatchesWhatWasWritten" classname="Unity.Netcode.EditorTests.FastBufferReaderTests" runstate="Runnable" seed="1352400281" result="Passed" start-time="2025-12-30 16:55:53Z" end-time="2025-12-30 16:55:53Z" duration="0.000104" asserts="0">
                  <properties>
                    <property name="retryIteration" value="0" />
                    <property name="repeatIteration" value="0" />
                  </properties>
                </test-case>
                <test-case id="1942" name="GivenFastBufferWriterContainingValue_WhenReadingPartialValue_ValueMatchesWhatWasWritten(2,5)" fullname="Unity.Netcode.EditorTests.FastBufferReaderTests.GivenFastBufferWriterContainingValue_WhenReadingPartialValue_ValueMatchesWhatWasWritten(2,5)" methodname="GivenFastBufferWriterContainingValue_WhenReadingPartialValue_ValueMatchesWhatWasWritten" classname="Unity.Netcode.EditorTests.FastBufferReaderTests" runstate="Runnable" seed="1452526639" result="Passed" start-time="2025-12-30 16:55:53Z" end-time="2025-12-30 16:55:53Z" duration="0.000104" asserts="0">
                  <properties>
                    <property name="retryIteration" value="0" />
                    <property name="repeatIteration" value="0" />
                  </properties>
                </test-case>
                <test-case id="1943" name="GivenFastBufferWriterContainingValue_WhenReadingPartialValue_ValueMatchesWhatWasWritten(3,5)" fullname="Unity.Netcode.EditorTests.FastBufferReaderTests.GivenFastBufferWriterContainingValue_WhenReadingPartialValue_ValueMatchesWhatWasWritten(3,5)" methodname="GivenFastBufferWriterContainingValue_WhenReadingPartialValue_ValueMatchesWhatWasWritten" classname="Unity.Netcode.EditorTests.FastBufferReaderTests" runstate="Runnable" seed="1488914025" result="Passed" start-time="2025-12-30 16:55:53Z" end-time="2025-12-30 16:55:53Z" duration="0.000124" asserts="0">
                  <properties>
                    <property name="retryIteration" value="0" />
                    <property name="repeatIteration" value="0" />
                  </properties>
                </test-case>
                <test-case id="1944" name="GivenFastBufferWriterContainingValue_WhenReadingPartialValue_ValueMatchesWhatWasWritten(1,6)" fullname="Unity.Netcode.EditorTests.FastBufferReaderTests.GivenFastBufferWriterContainingValue_WhenReadingPartialValue_ValueMatchesWhatWasWritten(1,6)" methodname="GivenFastBufferWriterContainingValue_WhenReadingPartialValue_ValueMatchesWhatWasWritten" classname="Unity.Netcode.EditorTests.FastBufferReaderTests" runstate="Runnable" seed="1773360303" result="Passed" start-time="2025-12-30 16:55:53Z" end-time="2025-12-30 16:55:53Z" duration="0.000131" asserts="0">
                  <properties>
                    <property name="retryIteration" value="0" />
                    <property name="repeatIteration" value="0" />
                  </properties>
                </test-case>
                <test-case id="1945" name="GivenFastBufferWriterContainingValue_WhenReadingPartialValue_ValueMatchesWhatWasWritten(2,6)" fullname="Unity.Netcode.EditorTests.FastBufferReaderTests.GivenFastBufferWriterContainingValue_WhenReadingPartialValue_ValueMatchesWhatWasWritten(2,6)" methodname="GivenFastBufferWriterContainingValue_WhenReadingPartialValue_ValueMatchesWhatWasWritten" classname="Unity.Netcode.EditorTests.FastBufferReaderTests" runstate="Runnable" seed="418637188" result="Passed" start-time="2025-12-30 16:55:53Z" end-time="2025-12-30 16:55:53Z" duration="0.000120" asserts="0">
                  <properties>
                    <property name="retryIteration" value="0" />
                    <property name="repeatIteration" value="0" />
                  </properties>
                </test-case>
                <test-case id="1946" name="GivenFastBufferWriterContainingValue_WhenReadingPartialValue_ValueMatchesWhatWasWritten(1,7)" fullname="Unity.Netcode.EditorTests.FastBufferReaderTests.GivenFastBufferWriterContainingValue_WhenReadingPartialValue_ValueMatchesWhatWasWritten(1,7)" methodname="GivenFastBufferWriterContainingValue_WhenReadingPartialValue_ValueMatchesWhatWasWritten" classname="Unity.Netcode.EditorTests.FastBufferReaderTests" runstate="Runnable" seed="1250763350" result="Passed" start-time="2025-12-30 16:55:53Z" end-time="2025-12-30 16:55:53Z" duration="0.000117" asserts="0">
                  <properties>
                    <property name="retryIteration" value="0" />
                    <property name="repeatIteration" value="0" />
                  </properties>
                </test-case>
              </test-suite>
              <test-suite type="ParameterizedMethod" id="1910" name="GivenFastBufferWriterContainingValue_WhenReadingString_ValueMatchesWhatWasWritten" fullname="Unity.Netcode.EditorTests.FastBufferReaderTests.GivenFastBufferWriterContainingValue_WhenReadingString_ValueMatchesWhatWasWritten" classname="Unity.Netcode.EditorTests.FastBufferReaderTests" runstate="Runnable" testcasecount="4" result="Passed" start-time="2025-12-30 16:55:53Z" end-time="2025-12-30 16:55:53Z" duration="0.001419" total="4" passed="4" failed="0" inconclusive="0" skipped="0" asserts="0">
                <properties />
                <test-case id="1906" name="GivenFastBufferWriterContainingValue_WhenReadingString_ValueMatchesWhatWasWritten(False,WriteDirect)" fullname="Unity.Netcode.EditorTests.FastBufferReaderTests.GivenFastBufferWriterContainingValue_WhenReadingString_ValueMatchesWhatWasWritten(False,WriteDirect)" methodname="GivenFastBufferWriterContainingValue_WhenReadingString_ValueMatchesWhatWasWritten" classname="Unity.Netcode.EditorTests.FastBufferReaderTests" runstate="Runnable" seed="197186823" result="Passed" start-time="2025-12-30 16:55:53Z" end-time="2025-12-30 16:55:53Z" duration="0.000373" asserts="0">
                  <properties>
                    <property name="retryIteration" value="0" />
                    <property name="repeatIteration" value="0" />
                  </properties>
                </test-case>
                <test-case id="1907" name="GivenFastBufferWriterContainingValue_WhenReadingString_ValueMatchesWhatWasWritten(False,WriteSafe)" fullname="Unity.Netcode.EditorTests.FastBufferReaderTests.GivenFastBufferWriterContainingValue_WhenReadingString_ValueMatchesWhatWasWritten(False,WriteSafe)" methodname="GivenFastBufferWriterContainingValue_WhenReadingString_ValueMatchesWhatWasWritten" classname="Unity.Netcode.EditorTests.FastBufferReaderTests" runstate="Runnable" seed="828471483" result="Passed" start-time="2025-12-30 16:55:53Z" end-time="2025-12-30 16:55:53Z" duration="0.000091" asserts="0">
                  <properties>
                    <property name="retryIteration" value="0" />
                    <property name="repeatIteration" value="0" />
                  </properties>
                </test-case>
                <test-case id="1908" name="GivenFastBufferWriterContainingValue_WhenReadingString_ValueMatchesWhatWasWritten(True,WriteDirect)" fullname="Unity.Netcode.EditorTests.FastBufferReaderTests.GivenFastBufferWriterContainingValue_WhenReadingString_ValueMatchesWhatWasWritten(True,WriteDirect)" methodname="GivenFastBufferWriterContainingValue_WhenReadingString_ValueMatchesWhatWasWritten" classname="Unity.Netcode.EditorTests.FastBufferReaderTests" runstate="Runnable" seed="1252714642" result="Passed" start-time="2025-12-30 16:55:53Z" end-time="2025-12-30 16:55:53Z" duration="0.000073" asserts="0">
                  <properties>
                    <property name="retryIteration" value="0" />
                    <property name="repeatIteration" value="0" />
                  </properties>
                </test-case>
                <test-case id="1909" name="GivenFastBufferWriterContainingValue_WhenReadingString_ValueMatchesWhatWasWritten(True,WriteSafe)" fullname="Unity.Netcode.EditorTests.FastBufferReaderTests.GivenFastBufferWriterContainingValue_WhenReadingString_ValueMatchesWhatWasWritten(True,WriteSafe)" methodname="GivenFastBufferWriterContainingValue_WhenReadingString_ValueMatchesWhatWasWritten" classname="Unity.Netcode.EditorTests.FastBufferReaderTests" runstate="Runnable" seed="736415804" result="Passed" start-time="2025-12-30 16:55:53Z" end-time="2025-12-30 16:55:53Z" duration="0.000067" asserts="0">
                  <properties>
                    <property name="retryIteration" value="0" />
                    <property name="repeatIteration" value="0" />
                  </properties>
                </test-case>
              </test-suite>
              <test-suite type="ParameterizedMethod" id="1740" name="GivenFastBufferWriterContainingValue_WhenReadingUnmanagedType_ValueMatchesWhatWasWritten" fullname="Unity.Netcode.EditorTests.FastBufferReaderTests.GivenFastBufferWriterContainingValue_WhenReadingUnmanagedType_ValueMatchesWhatWasWritten" classname="Unity.Netcode.EditorTests.FastBufferReaderTests" runstate="Runnable" testcasecount="64" result="Passed" start-time="2025-12-30 16:55:53Z" end-time="2025-12-30 16:55:53Z" duration="0.052410" total="64" passed="64" failed="0" inconclusive="0" skipped="0" asserts="0">
                <properties />
                <test-case id="1676" name="GivenFastBufferWriterContainingValue_WhenReadingUnmanagedType_ValueMatchesWhatWasWritten(System.Byte,WriteDirect)" fullname="Unity.Netcode.EditorTests.FastBufferReaderTests.GivenFastBufferWriterContainingValue_WhenReadingUnmanagedType_ValueMatchesWhatWasWritten(System.Byte,WriteDirect)" methodname="GivenFastBufferWriterContainingValue_WhenReadingUnmanagedType_ValueMatchesWhatWasWritten" classname="Unity.Netcode.EditorTests.FastBufferReaderTests" runstate="Runnable" seed="289067342" result="Passed" start-time="2025-12-30 16:55:53Z" end-time="2025-12-30 16:55:53Z" duration="0.001837" asserts="0">
                  <properties>
                    <property name="retryIteration" value="0" />
                    <property name="repeatIteration" value="0" />
                  </properties>
                </test-case>
                <test-case id="1677" name="GivenFastBufferWriterContainingValue_WhenReadingUnmanagedType_ValueMatchesWhatWasWritten(System.Byte,WriteSafe)" fullname="Unity.Netcode.EditorTests.FastBufferReaderTests.GivenFastBufferWriterContainingValue_WhenReadingUnmanagedType_ValueMatchesWhatWasWritten(System.Byte,WriteSafe)" methodname="GivenFastBufferWriterContainingValue_WhenReadingUnmanagedType_ValueMatchesWhatWasWritten" classname="Unity.Netcode.EditorTests.FastBufferReaderTests" runstate="Runnable" seed="385455347" result="Passed" start-time="2025-12-30 16:55:53Z" end-time="2025-12-30 16:55:53Z" duration="0.000479" asserts="0">
                  <properties>
                    <property name="retryIteration" value="0" />
                    <property name="repeatIteration" value="0" />
                  </properties>
                </test-case>
                <test-case id="1678" name="GivenFastBufferWriterContainingValue_WhenReadingUnmanagedType_ValueMatchesWhatWasWritten(System.SByte,WriteDirect)" fullname="Unity.Netcode.EditorTests.FastBufferReaderTests.GivenFastBufferWriterContainingValue_WhenReadingUnmanagedType_ValueMatchesWhatWasWritten(System.SByte,WriteDirect)" methodname="GivenFastBufferWriterContainingValue_WhenReadingUnmanagedType_ValueMatchesWhatWasWritten" classname="Unity.Netcode.EditorTests.FastBufferReaderTests" runstate="Runnable" seed="1154724181" result="Passed" start-time="2025-12-30 16:55:53Z" end-time="2025-12-30 16:55:53Z" duration="0.001156" asserts="0">
                  <properties>
                    <property name="retryIteration" value="0" />
                    <property name="repeatIteration" value="0" />
                  </properties>
                </test-case>
                <test-case id="1679" name="GivenFastBufferWriterContainingValue_WhenReadingUnmanagedType_ValueMatchesWhatWasWritten(System.SByte,WriteSafe)" fullname="Unity.Netcode.EditorTests.FastBufferReaderTests.GivenFastBufferWriterContainingValue_WhenReadingUnmanagedType_ValueMatchesWhatWasWritten(System.SByte,WriteSafe)" methodname="GivenFastBufferWriterContainingValue_WhenReadingUnmanagedType_ValueMatchesWhatWasWritten" classname="Unity.Netcode.EditorTests.FastBufferReaderTests" runstate="Runnable" seed="174944077" result="Passed" start-time="2025-12-30 16:55:53Z" end-time="2025-12-30 16:55:53Z" duration="0.000461" asserts="0">
                  <properties>
                    <property name="retryIteration" value="0" />
                    <property name="repeatIteration" value="0" />
                  </properties>
                </test-case>
                <test-case id="1680" name="GivenFastBufferWriterContainingValue_WhenReadingUnmanagedType_ValueMatchesWhatWasWritten(System.Int16,WriteDirect)" fullname="Unity.Netcode.EditorTests.FastBufferReaderTests.GivenFastBufferWriterContainingValue_WhenReadingUnmanagedType_ValueMatchesWhatWasWritten(System.Int16,WriteDirect)" methodname="GivenFastBufferWriterContainingValue_WhenReadingUnmanagedType_ValueMatchesWhatWasWritten" classname="Unity.Netcode.EditorTests.FastBufferReaderTests" runstate="Runnable" seed="1852512713" result="Passed" start-time="2025-12-30 16:55:53Z" end-time="2025-12-30 16:55:53Z" duration="0.000886" asserts="0">
                  <properties>
                    <property name="retryIteration" value="0" />
                    <property name="repeatIteration" value="0" />
                  </properties>
                </test-case>
                <test-case id="1681" name="GivenFastBufferWriterContainingValue_WhenReadingUnmanagedType_ValueMatchesWhatWasWritten(System.Int16,WriteSafe)" fullname="Unity.Netcode.EditorTests.FastBufferReaderTests.GivenFastBufferWriterContainingValue_WhenReadingUnmanagedType_ValueMatchesWhatWasWritten(System.Int16,WriteSafe)" methodname="GivenFastBufferWriterContainingValue_WhenReadingUnmanagedType_ValueMatchesWhatWasWritten" classname="Unity.Netcode.EditorTests.FastBufferReaderTests" runstate="Runnable" seed="334154298" result="Passed" start-time="2025-12-30 16:55:53Z" end-time="2025-12-30 16:55:53Z" duration="0.000409" asserts="0">
                  <properties>
                    <property name="retryIteration" value="0" />
                    <property name="repeatIteration" value="0" />
                  </properties>
                </test-case>
                <test-case id="1682" name="GivenFastBufferWriterContainingValue_WhenReadingUnmanagedType_ValueMatchesWhatWasWritten(System.UInt16,WriteDirect)" fullname="Unity.Netcode.EditorTests.FastBufferReaderTests.GivenFastBufferWriterContainingValue_WhenReadingUnmanagedType_ValueMatchesWhatWasWritten(System.UInt16,WriteDirect)" methodname="GivenFastBufferWriterContainingValue_WhenReadingUnmanagedType_ValueMatchesWhatWasWritten" classname="Unity.Netcode.EditorTests.FastBufferReaderTests" runstate="Runnable" seed="1510060720" result="Passed" start-time="2025-12-30 16:55:53Z" end-time="2025-12-30 16:55:53Z" duration="0.000923" asserts="0">
                  <properties>
                    <property name="retryIteration" value="0" />
                    <property name="repeatIteration" value="0" />
                  </properties>
                </test-case>
                <test-case id="1683" name="GivenFastBufferWriterContainingValue_WhenReadingUnmanagedType_ValueMatchesWhatWasWritten(System.UInt16,WriteSafe)" fullname="Unity.Netcode.EditorTests.FastBufferReaderTests.GivenFastBufferWriterContainingValue_WhenReadingUnmanagedType_ValueMatchesWhatWasWritten(System.UInt16,WriteSafe)" methodname="GivenFastBufferWriterContainingValue_WhenReadingUnmanagedType_ValueMatchesWhatWasWritten" classname="Unity.Netcode.EditorTests.FastBufferReaderTests" runstate="Runnable" seed="161691525" result="Passed" start-time="2025-12-30 16:55:53Z" end-time="2025-12-30 16:55:53Z" duration="0.000412" asserts="0">
                  <properties>
                    <property name="retryIteration" value="0" />
                    <property name="repeatIteration" value="0" />
                  </properties>
                </test-case>
                <test-case id="1684" name="GivenFastBufferWriterContainingValue_WhenReadingUnmanagedType_ValueMatchesWhatWasWritten(System.Int32,WriteDirect)" fullname="Unity.Netcode.EditorTests.FastBufferReaderTests.GivenFastBufferWriterContainingValue_WhenReadingUnmanagedType_ValueMatchesWhatWasWritten(System.Int32,WriteDirect)" methodname="GivenFastBufferWriterContainingValue_WhenReadingUnmanagedType_ValueMatchesWhatWasWritten" classname="Unity.Netcode.EditorTests.FastBufferReaderTests" runstate="Runnable" seed="1662361433" result="Passed" start-time="2025-12-30 16:55:53Z" end-time="2025-12-30 16:55:53Z" duration="0.000735" asserts="0">
                  <properties>
                    <property name="retryIteration" value="0" />
                    <property name="repeatIteration" value="0" />
                  </properties>
                </test-case>
                <test-case id="1685" name="GivenFastBufferWriterContainingValue_WhenReadingUnmanagedType_ValueMatchesWhatWasWritten(System.Int32,WriteSafe)" fullname="Unity.Netcode.EditorTests.FastBufferReaderTests.GivenFastBufferWriterContainingValue_WhenReadingUnmanagedType_ValueMatchesWhatWasWritten(System.Int32,WriteSafe)" methodname="GivenFastBufferWriterContainingValue_WhenReadingUnmanagedType_ValueMatchesWhatWasWritten" classname="Unity.Netcode.EditorTests.FastBufferReaderTests" runstate="Runnable" seed="1288857248" result="Passed" start-time="2025-12-30 16:55:53Z" end-time="2025-12-30 16:55:53Z" duration="0.000331" asserts="0">
                  <properties>
                    <property name="retryIteration" value="0" />
                    <property name="repeatIteration" value="0" />
                  </properties>
                </test-case>
                <test-case id="1686" name="GivenFastBufferWriterContainingValue_WhenReadingUnmanagedType_ValueMatchesWhatWasWritten(System.UInt32,WriteDirect)" fullname="Unity.Netcode.EditorTests.FastBufferReaderTests.GivenFastBufferWriterContainingValue_WhenReadingUnmanagedType_ValueMatchesWhatWasWritten(System.UInt32,WriteDirect)" methodname="GivenFastBufferWriterContainingValue_WhenReadingUnmanagedType_ValueMatchesWhatWasWritten" classname="Unity.Netcode.EditorTests.FastBufferReaderTests" runstate="Runnable" seed="855622418" result="Passed" start-time="2025-12-30 16:55:53Z" end-time="2025-12-30 16:55:53Z" duration="0.000813" asserts="0">
                  <properties>
                    <property name="retryIteration" value="0" />
                    <property name="repeatIteration" value="0" />
                  </properties>
                </test-case>
                <test-case id="1687" name="GivenFastBufferWriterContainingValue_WhenReadingUnmanagedType_ValueMatchesWhatWasWritten(System.UInt32,WriteSafe)" fullname="Unity.Netcode.EditorTests.FastBufferReaderTests.GivenFastBufferWriterContainingValue_WhenReadingUnmanagedType_ValueMatchesWhatWasWritten(System.UInt32,WriteSafe)" methodname="GivenFastBufferWriterContainingValue_WhenReadingUnmanagedType_ValueMatchesWhatWasWritten" classname="Unity.Netcode.EditorTests.FastBufferReaderTests" runstate="Runnable" seed="473278848" result="Passed" start-time="2025-12-30 16:55:53Z" end-time="2025-12-30 16:55:53Z" duration="0.000405" asserts="0">
                  <properties>
                    <property name="retryIteration" value="0" />
                    <property name="repeatIteration" value="0" />
                  </properties>
                </test-case>
                <test-case id="1688" name="GivenFastBufferWriterContainingValue_WhenReadingUnmanagedType_ValueMatchesWhatWasWritten(System.Int64,WriteDirect)" fullname="Unity.Netcode.EditorTests.FastBufferReaderTests.GivenFastBufferWriterContainingValue_WhenReadingUnmanagedType_ValueMatchesWhatWasWritten(System.Int64,WriteDirect)" methodname="GivenFastBufferWriterContainingValue_WhenReadingUnmanagedType_ValueMatchesWhatWasWritten" classname="Unity.Netcode.EditorTests.FastBufferReaderTests" runstate="Runnable" seed="1505300499" result="Passed" start-time="2025-12-30 16:55:53Z" end-time="2025-12-30 16:55:53Z" duration="0.001177" asserts="0">
                  <properties>
                    <property name="retryIteration" value="0" />
                    <property name="repeatIteration" value="0" />
                  </properties>
                </test-case>
                <test-case id="1689" name="GivenFastBufferWriterContainingValue_WhenReadingUnmanagedType_ValueMatchesWhatWasWritten(System.Int64,WriteSafe)" fullname="Unity.Netcode.EditorTests.FastBufferReaderTests.GivenFastBufferWriterContainingValue_WhenReadingUnmanagedType_ValueMatchesWhatWasWritten(System.Int64,WriteSafe)" methodname="GivenFastBufferWriterContainingValue_WhenReadingUnmanagedType_ValueMatchesWhatWasWritten" classname="Unity.Netcode.EditorTests.FastBufferReaderTests" runstate="Runnable" seed="943647584" result="Passed" start-time="2025-12-30 16:55:53Z" end-time="2025-12-30 16:55:53Z" duration="0.000469" asserts="0">
                  <properties>
                    <property name="retryIteration" value="0" />
                    <property name="repeatIteration" value="0" />
                  </properties>
                </test-case>
                <test-case id="1690" name="GivenFastBufferWriterContainingValue_WhenReadingUnmanagedType_ValueMatchesWhatWasWritten(System.UInt64,WriteDirect)" fullname="Unity.Netcode.EditorTests.FastBufferReaderTests.GivenFastBufferWriterContainingValue_WhenReadingUnmanagedType_ValueMatchesWhatWasWritten(System.UInt64,WriteDirect)" methodname="GivenFastBufferWriterContainingValue_WhenReadingUnmanagedType_ValueMatchesWhatWasWritten" classname="Unity.Netcode.EditorTests.FastBufferReaderTests" runstate="Runnable" seed="179256116" result="Passed" start-time="2025-12-30 16:55:53Z" end-time="2025-12-30 16:55:53Z" duration="0.001037" asserts="0">
                  <properties>
                    <property name="retryIteration" value="0" />
                    <property name="repeatIteration" value="0" />
                  </properties>
                </test-case>
                <test-case id="1691" name="GivenFastBufferWriterContainingValue_WhenReadingUnmanagedType_ValueMatchesWhatWasWritten(System.UInt64,WriteSafe)" fullname="Unity.Netcode.EditorTests.FastBufferReaderTests.GivenFastBufferWriterContainingValue_WhenReadingUnmanagedType_ValueMatchesWhatWasWritten(System.UInt64,WriteSafe)" methodname="GivenFastBufferWriterContainingValue_WhenReadingUnmanagedType_ValueMatchesWhatWasWritten" classname="Unity.Netcode.EditorTests.FastBufferReaderTests" runstate="Runnable" seed="462680192" result="Passed" start-time="2025-12-30 16:55:53Z" end-time="2025-12-30 16:55:53Z" duration="0.000405" asserts="0">
                  <properties>
                    <property name="retryIteration" value="0" />
                    <property name="repeatIteration" value="0" />
                  </properties>
                </test-case>
                <test-case id="1692" name="GivenFastBufferWriterContainingValue_WhenReadingUnmanagedType_ValueMatchesWhatWasWritten(System.Boolean,WriteDirect)" fullname="Unity.Netcode.EditorTests.FastBufferReaderTests.GivenFastBufferWriterContainingValue_WhenReadingUnmanagedType_ValueMatchesWhatWasWritten(System.Boolean,WriteDirect)" methodname="GivenFastBufferWriterContainingValue_WhenReadingUnmanagedType_ValueMatchesWhatWasWritten" classname="Unity.Netcode.EditorTests.FastBufferReaderTests" runstate="Runnable" seed="448719357" result="Passed" start-time="2025-12-30 16:55:53Z" end-time="2025-12-30 16:55:53Z" duration="0.000879" asserts="0">
                  <properties>
                    <property name="retryIteration" value="0" />
                    <property name="repeatIteration" value="0" />
                  </properties>
                </test-case>
                <test-case id="1693" name="GivenFastBufferWriterContainingValue_WhenReadingUnmanagedType_ValueMatchesWhatWasWritten(System.Boolean,WriteSafe)" fullname="Unity.Netcode.EditorTests.FastBufferReaderTests.GivenFastBufferWriterContainingValue_WhenReadingUnmanagedType_ValueMatchesWhatWasWritten(System.Boolean,WriteSafe)" methodname="GivenFastBufferWriterContainingValue_WhenReadingUnmanagedType_ValueMatchesWhatWasWritten" classname="Unity.Netcode.EditorTests.FastBufferReaderTests" runstate="Runnable" seed="1761269494" result="Passed" start-time="2025-12-30 16:55:53Z" end-time="2025-12-30 16:55:53Z" duration="0.000341" asserts="0">
                  <properties>
                    <property name="retryIteration" value="0" />
                    <property name="repeatIteration" value="0" />
                  </properties>
                </test-case>
                <test-case id="1694" name="GivenFastBufferWriterContainingValue_WhenReadingUnmanagedType_ValueMatchesWhatWasWritten(System.Char,WriteDirect)" fullname="Unity.Netcode.EditorTests.FastBufferReaderTests.GivenFastBufferWriterContainingValue_WhenReadingUnmanagedType_ValueMatchesWhatWasWritten(System.Char,WriteDirect)" methodname="GivenFastBufferWriterContainingValue_WhenReadingUnmanagedType_ValueMatchesWhatWasWritten" classname="Unity.Netcode.EditorTests.FastBufferReaderTests" runstate="Runnable" seed="637409749" result="Passed" start-time="2025-12-30 16:55:53Z" end-time="2025-12-30 16:55:53Z" duration="0.000987" asserts="0">
                  <properties>
                    <property name="retryIteration" value="0" />
                    <property name="repeatIteration" value="0" />
                  </properties>
                </test-case>
                <test-case id="1695" name="GivenFastBufferWriterContainingValue_WhenReadingUnmanagedType_ValueMatchesWhatWasWritten(System.Char,WriteSafe)" fullname="Unity.Netcode.EditorTests.FastBufferReaderTests.GivenFastBufferWriterContainingValue_WhenReadingUnmanagedType_ValueMatchesWhatWasWritten(System.Char,WriteSafe)" methodname="GivenFastBufferWriterContainingValue_WhenReadingUnmanagedType_ValueMatchesWhatWasWritten" classname="Unity.Netcode.EditorTests.FastBufferReaderTests" runstate="Runnable" seed="1123829665" result="Passed" start-time="2025-12-30 16:55:53Z" end-time="2025-12-30 16:55:53Z" duration="0.000535" asserts="0">
                  <properties>
                    <property name="retryIteration" value="0" />
                    <property name="repeatIteration" value="0" />
                  </properties>
                </test-case>
                <test-case id="1696" name="GivenFastBufferWriterContainingValue_WhenReadingUnmanagedType_ValueMatchesWhatWasWritten(System.Single,WriteDirect)" fullname="Unity.Netcode.EditorTests.FastBufferReaderTests.GivenFastBufferWriterContainingValue_WhenReadingUnmanagedType_ValueMatchesWhatWasWritten(System.Single,WriteDirect)" methodname="GivenFastBufferWriterContainingValue_WhenReadingUnmanagedType_ValueMatchesWhatWasWritten" classname="Unity.Netcode.EditorTests.FastBufferReaderTests" runstate="Runnable" seed="466195301" result="Passed" start-time="2025-12-30 16:55:53Z" end-time="2025-12-30 16:55:53Z" duration="0.001059" asserts="0">
                  <properties>
                    <property name="retryIteration" value="0" />
                    <property name="repeatIteration" value="0" />
                  </properties>
                </test-case>
                <test-case id="1697" name="GivenFastBufferWriterContainingValue_WhenReadingUnmanagedType_ValueMatchesWhatWasWritten(System.Single,WriteSafe)" fullname="Unity.Netcode.EditorTests.FastBufferReaderTests.GivenFastBufferWriterContainingValue_WhenReadingUnmanagedType_ValueMatchesWhatWasWritten(System.Single,WriteSafe)" methodname="GivenFastBufferWriterContainingValue_WhenReadingUnmanagedType_ValueMatchesWhatWasWritten" classname="Unity.Netcode.EditorTests.FastBufferReaderTests" runstate="Runnable" seed="2141834729" result="Passed" start-time="2025-12-30 16:55:53Z" end-time="2025-12-30 16:55:53Z" duration="0.000523" asserts="0">
                  <properties>
                    <property name="retryIteration" value="0" />
                    <property name="repeatIteration" value="0" />
                  </properties>
                </test-case>
                <test-case id="1698" name="GivenFastBufferWriterContainingValue_WhenReadingUnmanagedType_ValueMatchesWhatWasWritten(System.Double,WriteDirect)" fullname="Unity.Netcode.EditorTests.FastBufferReaderTests.GivenFastBufferWriterContainingValue_WhenReadingUnmanagedType_ValueMatchesWhatWasWritten(System.Double,WriteDirect)" methodname="GivenFastBufferWriterContainingValue_WhenReadingUnmanagedType_ValueMatchesWhatWasWritten" classname="Unity.Netcode.EditorTests.FastBufferReaderTests" runstate="Runnable" seed="85323363" result="Passed" start-time="2025-12-30 16:55:53Z" end-time="2025-12-30 16:55:53Z" duration="0.001153" asserts="0">
                  <properties>
                    <property name="retryIteration" value="0" />
                    <property name="repeatIteration" value="0" />
                  </properties>
                </test-case>
                <test-case id="1699" name="GivenFastBufferWriterContainingValue_WhenReadingUnmanagedType_ValueMatchesWhatWasWritten(System.Double,WriteSafe)" fullname="Unity.Netcode.EditorTests.FastBufferReaderTests.GivenFastBufferWriterContainingValue_WhenReadingUnmanagedType_ValueMatchesWhatWasWritten(System.Double,WriteSafe)" methodname="GivenFastBufferWriterContainingValue_WhenReadingUnmanagedType_ValueMatchesWhatWasWritten" classname="Unity.Netcode.EditorTests.FastBufferReaderTests" runstate="Runnable" seed="593455878" result="Passed" start-time="2025-12-30 16:55:53Z" end-time="2025-12-30 16:55:53Z" duration="0.000436" asserts="0">
                  <properties>
                    <property name="retryIteration" value="0" />
                    <property name="repeatIteration" value="0" />
                  </properties>
                </test-case>
                <test-case id="1700" name="GivenFastBufferWriterContainingValue_WhenReadingUnmanagedType_ValueMatchesWhatWasWritten(Unity.Netcode.EditorTests.BaseFastBufferReaderWriterTest+ByteEnum,WriteDirect)" fullname="Unity.Netcode.EditorTests.FastBufferReaderTests.GivenFastBufferWriterContainingValue_WhenReadingUnmanagedType_ValueMatchesWhatWasWritten(Unity.Netcode.EditorTests.BaseFastBufferReaderWriterTest+ByteEnum,WriteDirect)" methodname="GivenFastBufferWriterContainingValue_WhenReadingUnmanagedType_ValueMatchesWhatWasWritten" classname="Unity.Netcode.EditorTests.FastBufferReaderTests" runstate="Runnable" seed="178851888" result="Passed" start-time="2025-12-30 16:55:53Z" end-time="2025-12-30 16:55:53Z" duration="0.000916" asserts="0">
                  <properties>
                    <property name="retryIteration" value="0" />
                    <property name="repeatIteration" value="0" />
                  </properties>
                </test-case>
                <test-case id="1701" name="GivenFastBufferWriterContainingValue_WhenReadingUnmanagedType_ValueMatchesWhatWasWritten(Unity.Netcode.EditorTests.BaseFastBufferReaderWriterTest+ByteEnum,WriteSafe)" fullname="Unity.Netcode.EditorTests.FastBufferReaderTests.GivenFastBufferWriterContainingValue_WhenReadingUnmanagedType_ValueMatchesWhatWasWritten(Unity.Netcode.EditorTests.BaseFastBufferReaderWriterTest+ByteEnum,WriteSafe)" methodname="GivenFastBufferWriterContainingValue_WhenReadingUnmanagedType_ValueMatchesWhatWasWritten" classname="Unity.Netcode.EditorTests.FastBufferReaderTests" runstate="Runnable" seed="206986743" result="Passed" start-time="2025-12-30 16:55:53Z" end-time="2025-12-30 16:55:53Z" duration="0.000432" asserts="0">
                  <properties>
                    <property name="retryIteration" value="0" />
                    <property name="repeatIteration" value="0" />
                  </properties>
                </test-case>
                <test-case id="1702" name="GivenFastBufferWriterContainingValue_WhenReadingUnmanagedType_ValueMatchesWhatWasWritten(Unity.Netcode.EditorTests.BaseFastBufferReaderWriterTest+SByteEnum,WriteDirect)" fullname="Unity.Netcode.EditorTests.FastBufferReaderTests.GivenFastBufferWriterContainingValue_WhenReadingUnmanagedType_ValueMatchesWhatWasWritten(Unity.Netcode.EditorTests.BaseFastBufferReaderWriterTest+SByteEnum,WriteDirect)" methodname="GivenFastBufferWriterContainingValue_WhenReadingUnmanagedType_ValueMatchesWhatWasWritten" classname="Unity.Netcode.EditorTests.FastBufferReaderTests" runstate="Runnable" seed="1287762139" result="Passed" start-time="2025-12-30 16:55:53Z" end-time="2025-12-30 16:55:53Z" duration="0.000995" asserts="0">
                  <properties>
                    <property name="retryIteration" value="0" />
                    <property name="repeatIteration" value="0" />
                  </properties>
                </test-case>
                <test-case id="1703" name="GivenFastBufferWriterContainingValue_WhenReadingUnmanagedType_ValueMatchesWhatWasWritten(Unity.Netcode.EditorTests.BaseFastBufferReaderWriterTest+SByteEnum,WriteSafe)" fullname="Unity.Netcode.EditorTests.FastBufferReaderTests.GivenFastBufferWriterContainingValue_WhenReadingUnmanagedType_ValueMatchesWhatWasWritten(Unity.Netcode.EditorTests.BaseFastBufferReaderWriterTest+SByteEnum,WriteSafe)" methodname="GivenFastBufferWriterContainingValue_WhenReadingUnmanagedType_ValueMatchesWhatWasWritten" classname="Unity.Netcode.EditorTests.FastBufferReaderTests" runstate="Runnable" seed="1687308255" result="Passed" start-time="2025-12-30 16:55:53Z" end-time="2025-12-30 16:55:53Z" duration="0.000447" asserts="0">
                  <properties>
                    <property name="retryIteration" value="0" />
                    <property name="repeatIteration" value="0" />
                  </properties>
                </test-case>
                <test-case id="1704" name="GivenFastBufferWriterContainingValue_WhenReadingUnmanagedType_ValueMatchesWhatWasWritten(Unity.Netcode.EditorTests.BaseFastBufferReaderWriterTest+ShortEnum,WriteDirect)" fullname="Unity.Netcode.EditorTests.FastBufferReaderTests.GivenFastBufferWriterContainingValue_WhenReadingUnmanagedType_ValueMatchesWhatWasWritten(Unity.Netcode.EditorTests.BaseFastBufferReaderWriterTest+ShortEnum,WriteDirect)" methodname="GivenFastBufferWriterContainingValue_WhenReadingUnmanagedType_ValueMatchesWhatWasWritten" classname="Unity.Netcode.EditorTests.FastBufferReaderTests" runstate="Runnable" seed="1054023270" result="Passed" start-time="2025-12-30 16:55:53Z" end-time="2025-12-30 16:55:53Z" duration="0.000995" asserts="0">
                  <properties>
                    <property name="retryIteration" value="0" />
                    <property name="repeatIteration" value="0" />
                  </properties>
                </test-case>
                <test-case id="1705" name="GivenFastBufferWriterContainingValue_WhenReadingUnmanagedType_ValueMatchesWhatWasWritten(Unity.Netcode.EditorTests.BaseFastBufferReaderWriterTest+ShortEnum,WriteSafe)" fullname="Unity.Netcode.EditorTests.FastBufferReaderTests.GivenFastBufferWriterContainingValue_WhenReadingUnmanagedType_ValueMatchesWhatWasWritten(Unity.Netcode.EditorTests.BaseFastBufferReaderWriterTest+ShortEnum,WriteSafe)" methodname="GivenFastBufferWriterContainingValue_WhenReadingUnmanagedType_ValueMatchesWhatWasWritten" classname="Unity.Netcode.EditorTests.FastBufferReaderTests" runstate="Runnable" seed="983097809" result="Passed" start-time="2025-12-30 16:55:53Z" end-time="2025-12-30 16:55:53Z" duration="0.000430" asserts="0">
                  <properties>
                    <property name="retryIteration" value="0" />
                    <property name="repeatIteration" value="0" />
                  </properties>
                </test-case>
                <test-case id="1706" name="GivenFastBufferWriterContainingValue_WhenReadingUnmanagedType_ValueMatchesWhatWasWritten(Unity.Netcode.EditorTests.BaseFastBufferReaderWriterTest+UShortEnum,WriteDirect)" fullname="Unity.Netcode.EditorTests.FastBufferReaderTests.GivenFastBufferWriterContainingValue_WhenReadingUnmanagedType_ValueMatchesWhatWasWritten(Unity.Netcode.EditorTests.BaseFastBufferReaderWriterTest+UShortEnum,WriteDirect)" methodname="GivenFastBufferWriterContainingValue_WhenReadingUnmanagedType_ValueMatchesWhatWasWritten" classname="Unity.Netcode.EditorTests.FastBufferReaderTests" runstate="Runnable" seed="1729179981" result="Passed" start-time="2025-12-30 16:55:53Z" end-time="2025-12-30 16:55:53Z" duration="0.000925" asserts="0">
                  <properties>
                    <property name="retryIteration" value="0" />
                    <property name="repeatIteration" value="0" />
                  </properties>
                </test-case>
                <test-case id="1707" name="GivenFastBufferWriterContainingValue_WhenReadingUnmanagedType_ValueMatchesWhatWasWritten(Unity.Netcode.EditorTests.BaseFastBufferReaderWriterTest+UShortEnum,WriteSafe)" fullname="Unity.Netcode.EditorTests.FastBufferReaderTests.GivenFastBufferWriterContainingValue_WhenReadingUnmanagedType_ValueMatchesWhatWasWritten(Unity.Netcode.EditorTests.BaseFastBufferReaderWriterTest+UShortEnum,WriteSafe)" methodname="GivenFastBufferWriterContainingValue_WhenReadingUnmanagedType_ValueMatchesWhatWasWritten" classname="Unity.Netcode.EditorTests.FastBufferReaderTests" runstate="Runnable" seed="31003910" result="Passed" start-time="2025-12-30 16:55:53Z" end-time="2025-12-30 16:55:53Z" duration="0.000411" asserts="0">
                  <properties>
                    <property name="retryIteration" value="0" />
                    <property name="repeatIteration" value="0" />
                  </properties>
                </test-case>
                <test-case id="1708" name="GivenFastBufferWriterContainingValue_WhenReadingUnmanagedType_ValueMatchesWhatWasWritten(Unity.Netcode.EditorTests.BaseFastBufferReaderWriterTest+IntEnum,WriteDirect)" fullname="Unity.Netcode.EditorTests.FastBufferReaderTests.GivenFastBufferWriterContainingValue_WhenReadingUnmanagedType_ValueMatchesWhatWasWritten(Unity.Netcode.EditorTests.BaseFastBufferReaderWriterTest+IntEnum,WriteDirect)" methodname="GivenFastBufferWriterContainingValue_WhenReadingUnmanagedType_ValueMatchesWhatWasWritten" classname="Unity.Netcode.EditorTests.FastBufferReaderTests" runstate="Runnable" seed="1562265871" result="Passed" start-time="2025-12-30 16:55:53Z" end-time="2025-12-30 16:55:53Z" duration="0.001046" asserts="0">
                  <properties>
                    <property name="retryIteration" value="0" />
                    <property name="repeatIteration" value="0" />
                  </properties>
                </test-case>
                <test-case id="1709" name="GivenFastBufferWriterContainingValue_WhenReadingUnmanagedType_ValueMatchesWhatWasWritten(Unity.Netcode.EditorTests.BaseFastBufferReaderWriterTest+IntEnum,WriteSafe)" fullname="Unity.Netcode.EditorTests.FastBufferReaderTests.GivenFastBufferWriterContainingValue_WhenReadingUnmanagedType_ValueMatchesWhatWasWritten(Unity.Netcode.EditorTests.BaseFastBufferReaderWriterTest+IntEnum,WriteSafe)" methodname="GivenFastBufferWriterContainingValue_WhenReadingUnmanagedType_ValueMatchesWhatWasWritten" classname="Unity.Netcode.EditorTests.FastBufferReaderTests" runstate="Runnable" seed="555939373" result="Passed" start-time="2025-12-30 16:55:53Z" end-time="2025-12-30 16:55:53Z" duration="0.000629" asserts="0">
                  <properties>
                    <property name="retryIteration" value="0" />
                    <property name="repeatIteration" value="0" />
                  </properties>
                </test-case>
                <test-case id="1710" name="GivenFastBufferWriterContainingValue_WhenReadingUnmanagedType_ValueMatchesWhatWasWritten(Unity.Netcode.EditorTests.BaseFastBufferReaderWriterTest+UIntEnum,WriteDirect)" fullname="Unity.Netcode.EditorTests.FastBufferReaderTests.GivenFastBufferWriterContainingValue_WhenReadingUnmanagedType_ValueMatchesWhatWasWritten(Unity.Netcode.EditorTests.BaseFastBufferReaderWriterTest+UIntEnum,WriteDirect)" methodname="GivenFastBufferWriterContainingValue_WhenReadingUnmanagedType_ValueMatchesWhatWasWritten" classname="Unity.Netcode.EditorTests.FastBufferReaderTests" runstate="Runnable" seed="1436957126" result="Passed" start-time="2025-12-30 16:55:53Z" end-time="2025-12-30 16:55:53Z" duration="0.001264" asserts="0">
                  <properties>
                    <property name="retryIteration" value="0" />
                    <property name="repeatIteration" value="0" />
                  </properties>
                </test-case>
                <test-case id="1711" name="GivenFastBufferWriterContainingValue_WhenReadingUnmanagedType_ValueMatchesWhatWasWritten(Unity.Netcode.EditorTests.BaseFastBufferReaderWriterTest+UIntEnum,WriteSafe)" fullname="Unity.Netcode.EditorTests.FastBufferReaderTests.GivenFastBufferWriterContainingValue_WhenReadingUnmanagedType_ValueMatchesWhatWasWritten(Unity.Netcode.EditorTests.BaseFastBufferReaderWriterTest+UIntEnum,WriteSafe)" methodname="GivenFastBufferWriterContainingValue_WhenReadingUnmanagedType_ValueMatchesWhatWasWritten" classname="Unity.Netcode.EditorTests.FastBufferReaderTests" runstate="Runnable" seed="1117694446" result="Passed" start-time="2025-12-30 16:55:53Z" end-time="2025-12-30 16:55:53Z" duration="0.000474" asserts="0">
                  <properties>
                    <property name="retryIteration" value="0" />
                    <property name="repeatIteration" value="0" />
                  </properties>
                </test-case>
                <test-case id="1712" name="GivenFastBufferWriterContainingValue_WhenReadingUnmanagedType_ValueMatchesWhatWasWritten(Unity.Netcode.EditorTests.BaseFastBufferReaderWriterTest+LongEnum,WriteDirect)" fullname="Unity.Netcode.EditorTests.FastBufferReaderTests.GivenFastBufferWriterContainingValue_WhenReadingUnmanagedType_ValueMatchesWhatWasWritten(Unity.Netcode.EditorTests.BaseFastBufferReaderWriterTest+LongEnum,WriteDirect)" methodname="GivenFastBufferWriterContainingValue_WhenReadingUnmanagedType_ValueMatchesWhatWasWritten" classname="Unity.Netcode.EditorTests.FastBufferReaderTests" runstate="Runnable" seed="428633748" result="Passed" start-time="2025-12-30 16:55:53Z" end-time="2025-12-30 16:55:53Z" duration="0.000881" asserts="0">
                  <properties>
                    <property name="retryIteration" value="0" />
                    <property name="repeatIteration" value="0" />
                  </properties>
                </test-case>
                <test-case id="1713" name="GivenFastBufferWriterContainingValue_WhenReadingUnmanagedType_ValueMatchesWhatWasWritten(Unity.Netcode.EditorTests.BaseFastBufferReaderWriterTest+LongEnum,WriteSafe)" fullname="Unity.Netcode.EditorTests.FastBufferReaderTests.GivenFastBufferWriterContainingValue_WhenReadingUnmanagedType_ValueMatchesWhatWasWritten(Unity.Netcode.EditorTests.BaseFastBufferReaderWriterTest+LongEnum,WriteSafe)" methodname="GivenFastBufferWriterContainingValue_WhenReadingUnmanagedType_ValueMatchesWhatWasWritten" classname="Unity.Netcode.EditorTests.FastBufferReaderTests" runstate="Runnable" seed="1222328811" result="Passed" start-time="2025-12-30 16:55:53Z" end-time="2025-12-30 16:55:53Z" duration="0.000434" asserts="0">
                  <properties>
                    <property name="retryIteration" value="0" />
                    <property name="repeatIteration" value="0" />
                  </properties>
                </test-case>
                <test-case id="1714" name="GivenFastBufferWriterContainingValue_WhenReadingUnmanagedType_ValueMatchesWhatWasWritten(Unity.Netcode.EditorTests.BaseFastBufferReaderWriterTest+ULongEnum,WriteDirect)" fullname="Unity.Netcode.EditorTests.FastBufferReaderTests.GivenFastBufferWriterContainingValue_WhenReadingUnmanagedType_ValueMatchesWhatWasWritten(Unity.Netcode.EditorTests.BaseFastBufferReaderWriterTest+ULongEnum,WriteDirect)" methodname="GivenFastBufferWriterContainingValue_WhenReadingUnmanagedType_ValueMatchesWhatWasWritten" classname="Unity.Netcode.EditorTests.FastBufferReaderTests" runstate="Runnable" seed="1995980824" result="Passed" start-time="2025-12-30 16:55:53Z" end-time="2025-12-30 16:55:53Z" duration="0.001025" asserts="0">
                  <properties>
                    <property name="retryIteration" value="0" />
                    <property name="repeatIteration" value="0" />
                  </properties>
                </test-case>
                <test-case id="1715" name="GivenFastBufferWriterContainingValue_WhenReadingUnmanagedType_ValueMatchesWhatWasWritten(Unity.Netcode.EditorTests.BaseFastBufferReaderWriterTest+ULongEnum,WriteSafe)" fullname="Unity.Netcode.EditorTests.FastBufferReaderTests.GivenFastBufferWriterContainingValue_WhenReadingUnmanagedType_ValueMatchesWhatWasWritten(Unity.Netcode.EditorTests.BaseFastBufferReaderWriterTest+ULongEnum,WriteSafe)" methodname="GivenFastBufferWriterContainingValue_WhenReadingUnmanagedType_ValueMatchesWhatWasWritten" classname="Unity.Netcode.EditorTests.FastBufferReaderTests" runstate="Runnable" seed="1412065027" result="Passed" start-time="2025-12-30 16:55:53Z" end-time="2025-12-30 16:55:53Z" duration="0.000449" asserts="0">
                  <properties>
                    <property name="retryIteration" value="0" />
                    <property name="repeatIteration" value="0" />
                  </properties>
                </test-case>
                <test-case id="1716" name="GivenFastBufferWriterContainingValue_WhenReadingUnmanagedType_ValueMatchesWhatWasWritten(UnityEngine.Vector2,WriteDirect)" fullname="Unity.Netcode.EditorTests.FastBufferReaderTests.GivenFastBufferWriterContainingValue_WhenReadingUnmanagedType_ValueMatchesWhatWasWritten(UnityEngine.Vector2,WriteDirect)" methodname="GivenFastBufferWriterContainingValue_WhenReadingUnmanagedType_ValueMatchesWhatWasWritten" classname="Unity.Netcode.EditorTests.FastBufferReaderTests" runstate="Runnable" seed="753347590" result="Passed" start-time="2025-12-30 16:55:53Z" end-time="2025-12-30 16:55:53Z" duration="0.000954" asserts="0">
                  <properties>
                    <property name="retryIteration" value="0" />
                    <property name="repeatIteration" value="0" />
                  </properties>
                </test-case>
                <test-case id="1717" name="GivenFastBufferWriterContainingValue_WhenReadingUnmanagedType_ValueMatchesWhatWasWritten(UnityEngine.Vector2,WriteSafe)" fullname="Unity.Netcode.EditorTests.FastBufferReaderTests.GivenFastBufferWriterContainingValue_WhenReadingUnmanagedType_ValueMatchesWhatWasWritten(UnityEngine.Vector2,WriteSafe)" methodname="GivenFastBufferWriterContainingValue_WhenReadingUnmanagedType_ValueMatchesWhatWasWritten" classname="Unity.Netcode.EditorTests.FastBufferReaderTests" runstate="Runnable" seed="1000978422" result="Passed" start-time="2025-12-30 16:55:53Z" end-time="2025-12-30 16:55:53Z" duration="0.000346" asserts="0">
                  <properties>
                    <property name="retryIteration" value="0" />
                    <property name="repeatIteration" value="0" />
                  </properties>
                </test-case>
                <test-case id="1718" name="GivenFastBufferWriterContainingValue_WhenReadingUnmanagedType_ValueMatchesWhatWasWritten(UnityEngine.Vector3,WriteDirect)" fullname="Unity.Netcode.EditorTests.FastBufferReaderTests.GivenFastBufferWriterContainingValue_WhenReadingUnmanagedType_ValueMatchesWhatWasWritten(UnityEngine.Vector3,WriteDirect)" methodname="GivenFastBufferWriterContainingValue_WhenReadingUnmanagedType_ValueMatchesWhatWasWritten" classname="Unity.Netcode.EditorTests.FastBufferReaderTests" runstate="Runnable" seed="1982490255" result="Passed" start-time="2025-12-30 16:55:53Z" end-time="2025-12-30 16:55:53Z" duration="0.000929" asserts="0">
                  <properties>
                    <property name="retryIteration" value="0" />
                    <property name="repeatIteration" value="0" />
                  </properties>
                </test-case>
                <test-case id="1719" name="GivenFastBufferWriterContainingValue_WhenReadingUnmanagedType_ValueMatchesWhatWasWritten(UnityEngine.Vector3,WriteSafe)" fullname="Unity.Netcode.EditorTests.FastBufferReaderTests.GivenFastBufferWriterContainingValue_WhenReadingUnmanagedType_ValueMatchesWhatWasWritten(UnityEngine.Vector3,WriteSafe)" methodname="GivenFastBufferWriterContainingValue_WhenReadingUnmanagedType_ValueMatchesWhatWasWritten" classname="Unity.Netcode.EditorTests.FastBufferReaderTests" runstate="Runnable" seed="1412849378" result="Passed" start-time="2025-12-30 16:55:53Z" end-time="2025-12-30 16:55:53Z" duration="0.000333" asserts="0">
                  <properties>
                    <property name="retryIteration" value="0" />
                    <property name="repeatIteration" value="0" />
                  </properties>
                </test-case>
                <test-case id="1720" name="GivenFastBufferWriterContainingValue_WhenReadingUnmanagedType_ValueMatchesWhatWasWritten(UnityEngine.Vector2Int,WriteDirect)" fullname="Unity.Netcode.EditorTests.FastBufferReaderTests.GivenFastBufferWriterContainingValue_WhenReadingUnmanagedType_ValueMatchesWhatWasWritten(UnityEngine.Vector2Int,WriteDirect)" methodname="GivenFastBufferWriterContainingValue_WhenReadingUnmanagedType_ValueMatchesWhatWasWritten" classname="Unity.Netcode.EditorTests.FastBufferReaderTests" runstate="Runnable" seed="2059882814" result="Passed" start-time="2025-12-30 16:55:53Z" end-time="2025-12-30 16:55:53Z" duration="0.001001" asserts="0">
                  <properties>
                    <property name="retryIteration" value="0" />
                    <property name="repeatIteration" value="0" />
                  </properties>
                </test-case>
                <test-case id="1721" name="GivenFastBufferWriterContainingValue_WhenReadingUnmanagedType_ValueMatchesWhatWasWritten(UnityEngine.Vector2Int,WriteSafe)" fullname="Unity.Netcode.EditorTests.FastBufferReaderTests.GivenFastBufferWriterContainingValue_WhenReadingUnmanagedType_ValueMatchesWhatWasWritten(UnityEngine.Vector2Int,WriteSafe)" methodname="GivenFastBufferWriterContainingValue_WhenReadingUnmanagedType_ValueMatchesWhatWasWritten" classname="Unity.Netcode.EditorTests.FastBufferReaderTests" runstate="Runnable" seed="908185885" result="Passed" start-time="2025-12-30 16:55:53Z" end-time="2025-12-30 16:55:53Z" duration="0.000396" asserts="0">
                  <properties>
                    <property name="retryIteration" value="0" />
                    <property name="repeatIteration" value="0" />
                  </properties>
                </test-case>
                <test-case id="1722" name="GivenFastBufferWriterContainingValue_WhenReadingUnmanagedType_ValueMatchesWhatWasWritten(UnityEngine.Vector3Int,WriteDirect)" fullname="Unity.Netcode.EditorTests.FastBufferReaderTests.GivenFastBufferWriterContainingValue_WhenReadingUnmanagedType_ValueMatchesWhatWasWritten(UnityEngine.Vector3Int,WriteDirect)" methodname="GivenFastBufferWriterContainingValue_WhenReadingUnmanagedType_ValueMatchesWhatWasWritten" classname="Unity.Netcode.EditorTests.FastBufferReaderTests" runstate="Runnable" seed="945687336" result="Passed" start-time="2025-12-30 16:55:53Z" end-time="2025-12-30 16:55:53Z" duration="0.001070" asserts="0">
                  <properties>
                    <property name="retryIteration" value="0" />
                    <property name="repeatIteration" value="0" />
                  </properties>
                </test-case>
                <test-case id="1723" name="GivenFastBufferWriterContainingValue_WhenReadingUnmanagedType_ValueMatchesWhatWasWritten(UnityEngine.Vector3Int,WriteSafe)" fullname="Unity.Netcode.EditorTests.FastBufferReaderTests.GivenFastBufferWriterContainingValue_WhenReadingUnmanagedType_ValueMatchesWhatWasWritten(UnityEngine.Vector3Int,WriteSafe)" methodname="GivenFastBufferWriterContainingValue_WhenReadingUnmanagedType_ValueMatchesWhatWasWritten" classname="Unity.Netcode.EditorTests.FastBufferReaderTests" runstate="Runnable" seed="1416918342" result="Passed" start-time="2025-12-30 16:55:53Z" end-time="2025-12-30 16:55:53Z" duration="0.000324" asserts="0">
                  <properties>
                    <property name="retryIteration" value="0" />
                    <property name="repeatIteration" value="0" />
                  </properties>
                </test-case>
                <test-case id="1724" name="GivenFastBufferWriterContainingValue_WhenReadingUnmanagedType_ValueMatchesWhatWasWritten(UnityEngine.Vector4,WriteDirect)" fullname="Unity.Netcode.EditorTests.FastBufferReaderTests.GivenFastBufferWriterContainingValue_WhenReadingUnmanagedType_ValueMatchesWhatWasWritten(UnityEngine.Vector4,WriteDirect)" methodname="GivenFastBufferWriterContainingValue_WhenReadingUnmanagedType_ValueMatchesWhatWasWritten" classname="Unity.Netcode.EditorTests.FastBufferReaderTests" runstate="Runnable" seed="989382490" result="Passed" start-time="2025-12-30 16:55:53Z" end-time="2025-12-30 16:55:53Z" duration="0.000883" asserts="0">
                  <properties>
                    <property name="retryIteration" value="0" />
                    <property name="repeatIteration" value="0" />
                  </properties>
                </test-case>
                <test-case id="1725" name="GivenFastBufferWriterContainingValue_WhenReadingUnmanagedType_ValueMatchesWhatWasWritten(UnityEngine.Vector4,WriteSafe)" fullname="Unity.Netcode.EditorTests.FastBufferReaderTests.GivenFastBufferWriterContainingValue_WhenReadingUnmanagedType_ValueMatchesWhatWasWritten(UnityEngine.Vector4,WriteSafe)" methodname="GivenFastBufferWriterContainingValue_WhenReadingUnmanagedType_ValueMatchesWhatWasWritten" classname="Unity.Netcode.EditorTests.FastBufferReaderTests" runstate="Runnable" seed="335805377" result="Passed" start-time="2025-12-30 16:55:53Z" end-time="2025-12-30 16:55:53Z" duration="0.000324" asserts="0">
                  <properties>
                    <property name="retryIteration" value="0" />
                    <property name="repeatIteration" value="0" />
                  </properties>
                </test-case>
                <test-case id="1726" name="GivenFastBufferWriterContainingValue_WhenReadingUnmanagedType_ValueMatchesWhatWasWritten(UnityEngine.Quaternion,WriteDirect)" fullname="Unity.Netcode.EditorTests.FastBufferReaderTests.GivenFastBufferWriterContainingValue_WhenReadingUnmanagedType_ValueMatchesWhatWasWritten(UnityEngine.Quaternion,WriteDirect)" methodname="GivenFastBufferWriterContainingValue_WhenReadingUnmanagedType_ValueMatchesWhatWasWritten" classname="Unity.Netcode.EditorTests.FastBufferReaderTests" runstate="Runnable" seed="1257582162" result="Passed" start-time="2025-12-30 16:55:53Z" end-time="2025-12-30 16:55:53Z" duration="0.000832" asserts="0">
                  <properties>
                    <property name="retryIteration" value="0" />
                    <property name="repeatIteration" value="0" />
                  </properties>
                </test-case>
                <test-case id="1727" name="GivenFastBufferWriterContainingValue_WhenReadingUnmanagedType_ValueMatchesWhatWasWritten(UnityEngine.Quaternion,WriteSafe)" fullname="Unity.Netcode.EditorTests.FastBufferReaderTests.GivenFastBufferWriterContainingValue_WhenReadingUnmanagedType_ValueMatchesWhatWasWritten(UnityEngine.Quaternion,WriteSafe)" methodname="GivenFastBufferWriterContainingValue_WhenReadingUnmanagedType_ValueMatchesWhatWasWritten" classname="Unity.Netcode.EditorTests.FastBufferReaderTests" runstate="Runnable" seed="2058063964" result="Passed" start-time="2025-12-30 16:55:53Z" end-time="2025-12-30 16:55:53Z" duration="0.000305" asserts="0">
                  <properties>
                    <property name="retryIteration" value="0" />
                    <property name="repeatIteration" value="0" />
                  </properties>
                </test-case>
                <test-case id="1728" name="GivenFastBufferWriterContainingValue_WhenReadingUnmanagedType_ValueMatchesWhatWasWritten(UnityEngine.Pose,WriteDirect)" fullname="Unity.Netcode.EditorTests.FastBufferReaderTests.GivenFastBufferWriterContainingValue_WhenReadingUnmanagedType_ValueMatchesWhatWasWritten(UnityEngine.Pose,WriteDirect)" methodname="GivenFastBufferWriterContainingValue_WhenReadingUnmanagedType_ValueMatchesWhatWasWritten" classname="Unity.Netcode.EditorTests.FastBufferReaderTests" runstate="Runnable" seed="113630513" result="Passed" start-time="2025-12-30 16:55:53Z" end-time="2025-12-30 16:55:53Z" duration="0.000818" asserts="0">
                  <properties>
                    <property name="retryIteration" value="0" />
                    <property name="repeatIteration" value="0" />
                  </properties>
                </test-case>
                <test-case id="1729" name="GivenFastBufferWriterContainingValue_WhenReadingUnmanagedType_ValueMatchesWhatWasWritten(UnityEngine.Pose,WriteSafe)" fullname="Unity.Netcode.EditorTests.FastBufferReaderTests.GivenFastBufferWriterContainingValue_WhenReadingUnmanagedType_ValueMatchesWhatWasWritten(UnityEngine.Pose,WriteSafe)" methodname="GivenFastBufferWriterContainingValue_WhenReadingUnmanagedType_ValueMatchesWhatWasWritten" classname="Unity.Netcode.EditorTests.FastBufferReaderTests" runstate="Runnable" seed="1684710" result="Passed" start-time="2025-12-30 16:55:53Z" end-time="2025-12-30 16:55:53Z" duration="0.000320" asserts="0">
                  <properties>
                    <property name="retryIteration" value="0" />
                    <property name="repeatIteration" value="0" />
                  </properties>
                </test-case>
                <test-case id="1730" name="GivenFastBufferWriterContainingValue_WhenReadingUnmanagedType_ValueMatchesWhatWasWritten(UnityEngine.Color,WriteDirect)" fullname="Unity.Netcode.EditorTests.FastBufferReaderTests.GivenFastBufferWriterContainingValue_WhenReadingUnmanagedType_ValueMatchesWhatWasWritten(UnityEngine.Color,WriteDirect)" methodname="GivenFastBufferWriterContainingValue_WhenReadingUnmanagedType_ValueMatchesWhatWasWritten" classname="Unity.Netcode.EditorTests.FastBufferReaderTests" runstate="Runnable" seed="611165473" result="Passed" start-time="2025-12-30 16:55:53Z" end-time="2025-12-30 16:55:53Z" duration="0.000800" asserts="0">
                  <properties>
                    <property name="retryIteration" value="0" />
                    <property name="repeatIteration" value="0" />
                  </properties>
                </test-case>
                <test-case id="1731" name="GivenFastBufferWriterContainingValue_WhenReadingUnmanagedType_ValueMatchesWhatWasWritten(UnityEngine.Color,WriteSafe)" fullname="Unity.Netcode.EditorTests.FastBufferReaderTests.GivenFastBufferWriterContainingValue_WhenReadingUnmanagedType_ValueMatchesWhatWasWritten(UnityEngine.Color,WriteSafe)" methodname="GivenFastBufferWriterContainingValue_WhenReadingUnmanagedType_ValueMatchesWhatWasWritten" classname="Unity.Netcode.EditorTests.FastBufferReaderTests" runstate="Runnable" seed="294716260" result="Passed" start-time="2025-12-30 16:55:53Z" end-time="2025-12-30 16:55:53Z" duration="0.000332" asserts="0">
                  <properties>
                    <property name="retryIteration" value="0" />
                    <property name="repeatIteration" value="0" />
                  </properties>
                </test-case>
                <test-case id="1732" name="GivenFastBufferWriterContainingValue_WhenReadingUnmanagedType_ValueMatchesWhatWasWritten(UnityEngine.Color32,WriteDirect)" fullname="Unity.Netcode.EditorTests.FastBufferReaderTests.GivenFastBufferWriterContainingValue_WhenReadingUnmanagedType_ValueMatchesWhatWasWritten(UnityEngine.Color32,WriteDirect)" methodname="GivenFastBufferWriterContainingValue_WhenReadingUnmanagedType_ValueMatchesWhatWasWritten" classname="Unity.Netcode.EditorTests.FastBufferReaderTests" runstate="Runnable" seed="300131984" result="Passed" start-time="2025-12-30 16:55:53Z" end-time="2025-12-30 16:55:53Z" duration="0.000915" asserts="0">
                  <properties>
                    <property name="retryIteration" value="0" />
                    <property name="repeatIteration" value="0" />
                  </properties>
                </test-case>
                <test-case id="1733" name="GivenFastBufferWriterContainingValue_WhenReadingUnmanagedType_ValueMatchesWhatWasWritten(UnityEngine.Color32,WriteSafe)" fullname="Unity.Netcode.EditorTests.FastBufferReaderTests.GivenFastBufferWriterContainingValue_WhenReadingUnmanagedType_ValueMatchesWhatWasWritten(UnityEngine.Color32,WriteSafe)" methodname="GivenFastBufferWriterContainingValue_WhenReadingUnmanagedType_ValueMatchesWhatWasWritten" classname="Unity.Netcode.EditorTests.FastBufferReaderTests" runstate="Runnable" seed="561268303" result="Passed" start-time="2025-12-30 16:55:53Z" end-time="2025-12-30 16:55:53Z" duration="0.000318" asserts="0">
                  <properties>
                    <property name="retryIteration" value="0" />
                    <property name="repeatIteration" value="0" />
                  </properties>
                </test-case>
                <test-case id="1734" name="GivenFastBufferWriterContainingValue_WhenReadingUnmanagedType_ValueMatchesWhatWasWritten(UnityEngine.Ray,WriteDirect)" fullname="Unity.Netcode.EditorTests.FastBufferReaderTests.GivenFastBufferWriterContainingValue_WhenReadingUnmanagedType_ValueMatchesWhatWasWritten(UnityEngine.Ray,WriteDirect)" methodname="GivenFastBufferWriterContainingValue_WhenReadingUnmanagedType_ValueMatchesWhatWasWritten" classname="Unity.Netcode.EditorTests.FastBufferReaderTests" runstate="Runnable" seed="2143575836" result="Passed" start-time="2025-12-30 16:55:53Z" end-time="2025-12-30 16:55:53Z" duration="0.000826" asserts="0">
                  <properties>
                    <property name="retryIteration" value="0" />
                    <property name="repeatIteration" value="0" />
                  </properties>
                </test-case>
                <test-case id="1735" name="GivenFastBufferWriterContainingValue_WhenReadingUnmanagedType_ValueMatchesWhatWasWritten(UnityEngine.Ray,WriteSafe)" fullname="Unity.Netcode.EditorTests.FastBufferReaderTests.GivenFastBufferWriterContainingValue_WhenReadingUnmanagedType_ValueMatchesWhatWasWritten(UnityEngine.Ray,WriteSafe)" methodname="GivenFastBufferWriterContainingValue_WhenReadingUnmanagedType_ValueMatchesWhatWasWritten" classname="Unity.Netcode.EditorTests.FastBufferReaderTests" runstate="Runnable" seed="1645525970" result="Passed" start-time="2025-12-30 16:55:53Z" end-time="2025-12-30 16:55:53Z" duration="0.000728" asserts="0">
                  <properties>
                    <property name="retryIteration" value="0" />
                    <property name="repeatIteration" value="0" />
                  </properties>
                </test-case>
                <test-case id="1736" name="GivenFastBufferWriterContainingValue_WhenReadingUnmanagedType_ValueMatchesWhatWasWritten(UnityEngine.Ray2D,WriteDirect)" fullname="Unity.Netcode.EditorTests.FastBufferReaderTests.GivenFastBufferWriterContainingValue_WhenReadingUnmanagedType_ValueMatchesWhatWasWritten(UnityEngine.Ray2D,WriteDirect)" methodname="GivenFastBufferWriterContainingValue_WhenReadingUnmanagedType_ValueMatchesWhatWasWritten" classname="Unity.Netcode.EditorTests.FastBufferReaderTests" runstate="Runnable" seed="1193875806" result="Passed" start-time="2025-12-30 16:55:53Z" end-time="2025-12-30 16:55:53Z" duration="0.001150" asserts="0">
                  <properties>
                    <property name="retryIteration" value="0" />
                    <property name="repeatIteration" value="0" />
                  </properties>
                </test-case>
                <test-case id="1737" name="GivenFastBufferWriterContainingValue_WhenReadingUnmanagedType_ValueMatchesWhatWasWritten(UnityEngine.Ray2D,WriteSafe)" fullname="Unity.Netcode.EditorTests.FastBufferReaderTests.GivenFastBufferWriterContainingValue_WhenReadingUnmanagedType_ValueMatchesWhatWasWritten(UnityEngine.Ray2D,WriteSafe)" methodname="GivenFastBufferWriterContainingValue_WhenReadingUnmanagedType_ValueMatchesWhatWasWritten" classname="Unity.Netcode.EditorTests.FastBufferReaderTests" runstate="Runnable" seed="1970236112" result="Passed" start-time="2025-12-30 16:55:53Z" end-time="2025-12-30 16:55:53Z" duration="0.000359" asserts="0">
                  <properties>
                    <property name="retryIteration" value="0" />
                    <property name="repeatIteration" value="0" />
                  </properties>
                </test-case>
                <test-case id="1738" name="GivenFastBufferWriterContainingValue_WhenReadingUnmanagedType_ValueMatchesWhatWasWritten(Unity.Netcode.EditorTests.BaseFastBufferReaderWriterTest+TestStruct,WriteDirect)" fullname="Unity.Netcode.EditorTests.FastBufferReaderTests.GivenFastBufferWriterContainingValue_WhenReadingUnmanagedType_ValueMatchesWhatWasWritten(Unity.Netcode.EditorTests.BaseFastBufferReaderWriterTest+TestStruct,WriteDirect)" methodname="GivenFastBufferWriterContainingValue_WhenReadingUnmanagedType_ValueMatchesWhatWasWritten" classname="Unity.Netcode.EditorTests.FastBufferReaderTests" runstate="Runnable" seed="1255151902" result="Passed" start-time="2025-12-30 16:55:53Z" end-time="2025-12-30 16:55:53Z" duration="0.000974" asserts="0">
                  <properties>
                    <property name="retryIteration" value="0" />
                    <property name="repeatIteration" value="0" />
                  </properties>
                </test-case>
                <test-case id="1739" name="GivenFastBufferWriterContainingValue_WhenReadingUnmanagedType_ValueMatchesWhatWasWritten(Unity.Netcode.EditorTests.BaseFastBufferReaderWriterTest+TestStruct,WriteSafe)" fullname="Unity.Netcode.EditorTests.FastBufferReaderTests.GivenFastBufferWriterContainingValue_WhenReadingUnmanagedType_ValueMatchesWhatWasWritten(Unity.Netcode.EditorTests.BaseFastBufferReaderWriterTest+TestStruct,WriteSafe)" methodname="GivenFastBufferWriterContainingValue_WhenReadingUnmanagedType_ValueMatchesWhatWasWritten" classname="Unity.Netcode.EditorTests.FastBufferReaderTests" runstate="Runnable" seed="679263624" result="Passed" start-time="2025-12-30 16:55:53Z" end-time="2025-12-30 16:55:53Z" duration="0.000461" asserts="0">
                  <properties>
                    <property name="retryIteration" value="0" />
                    <property name="repeatIteration" value="0" />
                  </properties>
                </test-case>
              </test-suite>
              <test-case id="1974" name="WhenCallingReadByteAfterExitingBitwiseContext_InvalidOperationExceptionIsNotThrown" fullname="Unity.Netcode.EditorTests.FastBufferReaderTests.WhenCallingReadByteAfterExitingBitwiseContext_InvalidOperationExceptionIsNotThrown" methodname="WhenCallingReadByteAfterExitingBitwiseContext_InvalidOperationExceptionIsNotThrown" classname="Unity.Netcode.EditorTests.FastBufferReaderTests" runstate="Runnable" seed="926002162" result="Passed" start-time="2025-12-30 16:55:53Z" end-time="2025-12-30 16:55:53Z" duration="0.000202" asserts="0">
                <properties>
                  <property name="retryIteration" value="0" />
                  <property name="repeatIteration" value="0" />
                </properties>
              </test-case>
              <test-case id="1964" name="WhenCallingReadByteDuringBitwiseContext_InvalidOperationExceptionIsThrown" fullname="Unity.Netcode.EditorTests.FastBufferReaderTests.WhenCallingReadByteDuringBitwiseContext_InvalidOperationExceptionIsThrown" methodname="WhenCallingReadByteDuringBitwiseContext_InvalidOperationExceptionIsThrown" classname="Unity.Netcode.EditorTests.FastBufferReaderTests" runstate="Runnable" seed="1628506938" result="Passed" start-time="2025-12-30 16:55:53Z" end-time="2025-12-30 16:55:53Z" duration="0.000233" asserts="0">
                <properties>
                  <property name="retryIteration" value="0" />
                  <property name="repeatIteration" value="0" />
                </properties>
              </test-case>
              <test-case id="1963" name="WhenCallingReadBytePastBoundaryMarkedByTryBeginWrite_OverflowExceptionIsThrown" fullname="Unity.Netcode.EditorTests.FastBufferReaderTests.WhenCallingReadBytePastBoundaryMarkedByTryBeginWrite_OverflowExceptionIsThrown" methodname="WhenCallingReadBytePastBoundaryMarkedByTryBeginWrite_OverflowExceptionIsThrown" classname="Unity.Netcode.EditorTests.FastBufferReaderTests" runstate="Runnable" seed="726948524" result="Passed" start-time="2025-12-30 16:55:53Z" end-time="2025-12-30 16:55:53Z" duration="0.000290" asserts="0">
                <properties>
                  <property name="retryIteration" value="0" />
                  <property name="repeatIteration" value="0" />
                </properties>
              </test-case>
              <test-case id="1979" name="WhenCallingReadByteSafeAfterExitingBitwiseContext_InvalidOperationExceptionIsNotThrown" fullname="Unity.Netcode.EditorTests.FastBufferReaderTests.WhenCallingReadByteSafeAfterExitingBitwiseContext_InvalidOperationExceptionIsNotThrown" methodname="WhenCallingReadByteSafeAfterExitingBitwiseContext_InvalidOperationExceptionIsNotThrown" classname="Unity.Netcode.EditorTests.FastBufferReaderTests" runstate="Runnable" seed="864332877" result="Passed" start-time="2025-12-30 16:55:53Z" end-time="2025-12-30 16:55:53Z" duration="0.000119" asserts="0">
                <properties>
                  <property name="retryIteration" value="0" />
                  <property name="repeatIteration" value="0" />
                </properties>
              </test-case>
              <test-case id="1969" name="WhenCallingReadByteSafeDuringBitwiseContext_InvalidOperationExceptionIsThrown" fullname="Unity.Netcode.EditorTests.FastBufferReaderTests.WhenCallingReadByteSafeDuringBitwiseContext_InvalidOperationExceptionIsThrown" methodname="WhenCallingReadByteSafeDuringBitwiseContext_InvalidOperationExceptionIsThrown" classname="Unity.Netcode.EditorTests.FastBufferReaderTests" runstate="Runnable" seed="1709270016" result="Passed" start-time="2025-12-30 16:55:53Z" end-time="2025-12-30 16:55:53Z" duration="0.000191" asserts="0">
                <properties>
                  <property name="retryIteration" value="0" />
                  <property name="repeatIteration" value="0" />
                </properties>
              </test-case>
              <test-case id="1975" name="WhenCallingReadBytesAfterExitingBitwiseContext_InvalidOperationExceptionIsNotThrown" fullname="Unity.Netcode.EditorTests.FastBufferReaderTests.WhenCallingReadBytesAfterExitingBitwiseContext_InvalidOperationExceptionIsNotThrown" methodname="WhenCallingReadBytesAfterExitingBitwiseContext_InvalidOperationExceptionIsNotThrown" classname="Unity.Netcode.EditorTests.FastBufferReaderTests" runstate="Runnable" seed="1670101669" result="Passed" start-time="2025-12-30 16:55:53Z" end-time="2025-12-30 16:55:53Z" duration="0.000170" asserts="0">
                <properties>
                  <property name="retryIteration" value="0" />
                  <property name="repeatIteration" value="0" />
                </properties>
              </test-case>
              <test-case id="1965" name="WhenCallingReadBytesDuringBitwiseContext_InvalidOperationExceptionIsThrown" fullname="Unity.Netcode.EditorTests.FastBufferReaderTests.WhenCallingReadBytesDuringBitwiseContext_InvalidOperationExceptionIsThrown" methodname="WhenCallingReadBytesDuringBitwiseContext_InvalidOperationExceptionIsThrown" classname="Unity.Netcode.EditorTests.FastBufferReaderTests" runstate="Runnable" seed="634658994" result="Passed" start-time="2025-12-30 16:55:53Z" end-time="2025-12-30 16:55:53Z" duration="0.000203" asserts="0">
                <properties>
                  <property name="retryIteration" value="0" />
                  <property name="repeatIteration" value="0" />
                </properties>
              </test-case>
              <test-case id="1980" name="WhenCallingReadBytesSafeAfterExitingBitwiseContext_InvalidOperationExceptionIsNotThrown" fullname="Unity.Netcode.EditorTests.FastBufferReaderTests.WhenCallingReadBytesSafeAfterExitingBitwiseContext_InvalidOperationExceptionIsNotThrown" methodname="WhenCallingReadBytesSafeAfterExitingBitwiseContext_InvalidOperationExceptionIsNotThrown" classname="Unity.Netcode.EditorTests.FastBufferReaderTests" runstate="Runnable" seed="1720333159" result="Passed" start-time="2025-12-30 16:55:53Z" end-time="2025-12-30 16:55:53Z" duration="0.000151" asserts="0">
                <properties>
                  <property name="retryIteration" value="0" />
                  <property name="repeatIteration" value="0" />
                </properties>
              </test-case>
              <test-case id="1970" name="WhenCallingReadBytesSafeDuringBitwiseContext_InvalidOperationExceptionIsThrown" fullname="Unity.Netcode.EditorTests.FastBufferReaderTests.WhenCallingReadBytesSafeDuringBitwiseContext_InvalidOperationExceptionIsThrown" methodname="WhenCallingReadBytesSafeDuringBitwiseContext_InvalidOperationExceptionIsThrown" classname="Unity.Netcode.EditorTests.FastBufferReaderTests" runstate="Runnable" seed="1990477909" result="Passed" start-time="2025-12-30 16:55:53Z" end-time="2025-12-30 16:55:53Z" duration="0.000199" asserts="0">
                <properties>
                  <property name="retryIteration" value="0" />
                  <property name="repeatIteration" value="0" />
                </properties>
              </test-case>
              <test-case id="1958" name="WhenCallingReadBytesWithoutCallingTryBeingReadFirst_OverflowExceptionIsThrown" fullname="Unity.Netcode.EditorTests.FastBufferReaderTests.WhenCallingReadBytesWithoutCallingTryBeingReadFirst_OverflowExceptionIsThrown" methodname="WhenCallingReadBytesWithoutCallingTryBeingReadFirst_OverflowExceptionIsThrown" classname="Unity.Netcode.EditorTests.FastBufferReaderTests" runstate="Runnable" seed="1682825538" result="Passed" start-time="2025-12-30 16:55:53Z" end-time="2025-12-30 16:55:53Z" duration="0.000166" asserts="0">
                <properties>
                  <property name="retryIteration" value="0" />
                  <property name="repeatIteration" value="0" />
                </properties>
              </test-case>
              <test-case id="1957" name="WhenCallingReadByteWithoutCallingTryBeingReadFirst_OverflowExceptionIsThrown" fullname="Unity.Netcode.EditorTests.FastBufferReaderTests.WhenCallingReadByteWithoutCallingTryBeingReadFirst_OverflowExceptionIsThrown" methodname="WhenCallingReadByteWithoutCallingTryBeingReadFirst_OverflowExceptionIsThrown" classname="Unity.Netcode.EditorTests.FastBufferReaderTests" runstate="Runnable" seed="769384027" result="Passed" start-time="2025-12-30 16:55:53Z" end-time="2025-12-30 16:55:53Z" duration="0.000143" asserts="0">
                <properties>
                  <property name="retryIteration" value="0" />
                  <property name="repeatIteration" value="0" />
                </properties>
              </test-case>
              <test-case id="1962" name="WhenCallingReadValueAfterCallingTryBeginWriteWithTooFewBytes_OverflowExceptionIsThrown" fullname="Unity.Netcode.EditorTests.FastBufferReaderTests.WhenCallingReadValueAfterCallingTryBeginWriteWithTooFewBytes_OverflowExceptionIsThrown" methodname="WhenCallingReadValueAfterCallingTryBeginWriteWithTooFewBytes_OverflowExceptionIsThrown" classname="Unity.Netcode.EditorTests.FastBufferReaderTests" runstate="Runnable" seed="1920611223" result="Passed" start-time="2025-12-30 16:55:53Z" end-time="2025-12-30 16:55:53Z" duration="0.000152" asserts="0">
                <properties>
                  <property name="retryIteration" value="0" />
                  <property name="repeatIteration" value="0" />
                </properties>
              </test-case>
              <test-case id="1982" name="WhenCallingReadValueSafeWithByteArrayAfterExitingBitwiseContext_InvalidOperationExceptionIsNotThrown" fullname="Unity.Netcode.EditorTests.FastBufferReaderTests.WhenCallingReadValueSafeWithByteArrayAfterExitingBitwiseContext_InvalidOperationExceptionIsNotThrown" methodname="WhenCallingReadValueSafeWithByteArrayAfterExitingBitwiseContext_InvalidOperationExceptionIsNotThrown" classname="Unity.Netcode.EditorTests.FastBufferReaderTests" runstate="Runnable" seed="1862998530" result="Passed" start-time="2025-12-30 16:55:53Z" end-time="2025-12-30 16:55:53Z" duration="0.000116" asserts="0">
                <properties>
                  <property name="retryIteration" value="0" />
                  <property name="repeatIteration" value="0" />
                </properties>
              </test-case>
              <test-case id="1972" name="WhenCallingReadValueSafeWithByteArrayDuringBitwiseContext_InvalidOperationExceptionIsThrown" fullname="Unity.Netcode.EditorTests.FastBufferReaderTests.WhenCallingReadValueSafeWithByteArrayDuringBitwiseContext_InvalidOperationExceptionIsThrown" methodname="WhenCallingReadValueSafeWithByteArrayDuringBitwiseContext_InvalidOperationExceptionIsThrown" classname="Unity.Netcode.EditorTests.FastBufferReaderTests" runstate="Runnable" seed="1852853409" result="Passed" start-time="2025-12-30 16:55:53Z" end-time="2025-12-30 16:55:53Z" duration="0.000168" asserts="0">
                <properties>
                  <property name="retryIteration" value="0" />
                  <property name="repeatIteration" value="0" />
                </properties>
              </test-case>
              <test-case id="1983" name="WhenCallingReadValueSafeWithStringAfterExitingBitwiseContext_InvalidOperationExceptionIsNotThrown" fullname="Unity.Netcode.EditorTests.FastBufferReaderTests.WhenCallingReadValueSafeWithStringAfterExitingBitwiseContext_InvalidOperationExceptionIsNotThrown" methodname="WhenCallingReadValueSafeWithStringAfterExitingBitwiseContext_InvalidOperationExceptionIsNotThrown" classname="Unity.Netcode.EditorTests.FastBufferReaderTests" runstate="Runnable" seed="1334984280" result="Passed" start-time="2025-12-30 16:55:53Z" end-time="2025-12-30 16:55:53Z" duration="0.000113" asserts="0">
                <properties>
                  <property name="retryIteration" value="0" />
                  <property name="repeatIteration" value="0" />
                </properties>
              </test-case>
              <test-case id="1973" name="WhenCallingReadValueSafeWithStringDuringBitwiseContext_InvalidOperationExceptionIsThrown" fullname="Unity.Netcode.EditorTests.FastBufferReaderTests.WhenCallingReadValueSafeWithStringDuringBitwiseContext_InvalidOperationExceptionIsThrown" methodname="WhenCallingReadValueSafeWithStringDuringBitwiseContext_InvalidOperationExceptionIsThrown" classname="Unity.Netcode.EditorTests.FastBufferReaderTests" runstate="Runnable" seed="1060357459" result="Passed" start-time="2025-12-30 16:55:53Z" end-time="2025-12-30 16:55:53Z" duration="0.000158" asserts="0">
                <properties>
                  <property name="retryIteration" value="0" />
                  <property name="repeatIteration" value="0" />
                </properties>
              </test-case>
              <test-case id="1981" name="WhenCallingReadValueSafeWithUnmanagedTypeAfterExitingBitwiseContext_InvalidOperationExceptionIsNotThrown" fullname="Unity.Netcode.EditorTests.FastBufferReaderTests.WhenCallingReadValueSafeWithUnmanagedTypeAfterExitingBitwiseContext_InvalidOperationExceptionIsNotThrown" methodname="WhenCallingReadValueSafeWithUnmanagedTypeAfterExitingBitwiseContext_InvalidOperationExceptionIsNotThrown" classname="Unity.Netcode.EditorTests.FastBufferReaderTests" runstate="Runnable" seed="593691982" result="Passed" start-time="2025-12-30 16:55:53Z" end-time="2025-12-30 16:55:53Z" duration="0.000128" asserts="0">
                <properties>
                  <property name="retryIteration" value="0" />
                  <property name="repeatIteration" value="0" />
                </properties>
              </test-case>
              <test-case id="1971" name="WhenCallingReadValueSafeWithUnmanagedTypeDuringBitwiseContext_InvalidOperationExceptionIsThrown" fullname="Unity.Netcode.EditorTests.FastBufferReaderTests.WhenCallingReadValueSafeWithUnmanagedTypeDuringBitwiseContext_InvalidOperationExceptionIsThrown" methodname="WhenCallingReadValueSafeWithUnmanagedTypeDuringBitwiseContext_InvalidOperationExceptionIsThrown" classname="Unity.Netcode.EditorTests.FastBufferReaderTests" runstate="Runnable" seed="2132185890" result="Passed" start-time="2025-12-30 16:55:53Z" end-time="2025-12-30 16:55:53Z" duration="0.000162" asserts="0">
                <properties>
                  <property name="retryIteration" value="0" />
                  <property name="repeatIteration" value="0" />
                </properties>
              </test-case>
              <test-case id="1977" name="WhenCallingReadValueWithByteArrayAfterExitingBitwiseContext_InvalidOperationExceptionIsNotThrown" fullname="Unity.Netcode.EditorTests.FastBufferReaderTests.WhenCallingReadValueWithByteArrayAfterExitingBitwiseContext_InvalidOperationExceptionIsNotThrown" methodname="WhenCallingReadValueWithByteArrayAfterExitingBitwiseContext_InvalidOperationExceptionIsNotThrown" classname="Unity.Netcode.EditorTests.FastBufferReaderTests" runstate="Runnable" seed="269310679" result="Passed" start-time="2025-12-30 16:55:53Z" end-time="2025-12-30 16:55:53Z" duration="0.000109" asserts="0">
                <properties>
                  <property name="retryIteration" value="0" />
                  <property name="repeatIteration" value="0" />
                </properties>
              </test-case>
              <test-case id="1967" name="WhenCallingReadValueWithByteArrayDuringBitwiseContext_InvalidOperationExceptionIsThrown" fullname="Unity.Netcode.EditorTests.FastBufferReaderTests.WhenCallingReadValueWithByteArrayDuringBitwiseContext_InvalidOperationExceptionIsThrown" methodname="WhenCallingReadValueWithByteArrayDuringBitwiseContext_InvalidOperationExceptionIsThrown" classname="Unity.Netcode.EditorTests.FastBufferReaderTests" runstate="Runnable" seed="1560363965" result="Passed" start-time="2025-12-30 16:55:53Z" end-time="2025-12-30 16:55:53Z" duration="0.000158" asserts="0">
                <properties>
                  <property name="retryIteration" value="0" />
                  <property name="repeatIteration" value="0" />
                </properties>
              </test-case>
              <test-case id="1960" name="WhenCallingReadValueWithByteArrayWithoutCallingTryBeingReadFirst_OverflowExceptionIsThrown" fullname="Unity.Netcode.EditorTests.FastBufferReaderTests.WhenCallingReadValueWithByteArrayWithoutCallingTryBeingReadFirst_OverflowExceptionIsThrown" methodname="WhenCallingReadValueWithByteArrayWithoutCallingTryBeingReadFirst_OverflowExceptionIsThrown" classname="Unity.Netcode.EditorTests.FastBufferReaderTests" runstate="Runnable" seed="1860647632" result="Passed" start-time="2025-12-30 16:55:53Z" end-time="2025-12-30 16:55:53Z" duration="0.000321" asserts="0">
                <properties>
                  <property name="retryIteration" value="0" />
                  <property name="repeatIteration" value="0" />
                </properties>
              </test-case>
              <test-case id="1978" name="WhenCallingReadValueWithStringAfterExitingBitwiseContext_InvalidOperationExceptionIsNotThrown" fullname="Unity.Netcode.EditorTests.FastBufferReaderTests.WhenCallingReadValueWithStringAfterExitingBitwiseContext_InvalidOperationExceptionIsNotThrown" methodname="WhenCallingReadValueWithStringAfterExitingBitwiseContext_InvalidOperationExceptionIsNotThrown" classname="Unity.Netcode.EditorTests.FastBufferReaderTests" runstate="Runnable" seed="1602781496" result="Passed" start-time="2025-12-30 16:55:53Z" end-time="2025-12-30 16:55:53Z" duration="0.000158" asserts="0">
                <properties>
                  <property name="retryIteration" value="0" />
                  <property name="repeatIteration" value="0" />
                </properties>
              </test-case>
              <test-case id="1968" name="WhenCallingReadValueWithStringDuringBitwiseContext_InvalidOperationExceptionIsThrown" fullname="Unity.Netcode.EditorTests.FastBufferReaderTests.WhenCallingReadValueWithStringDuringBitwiseContext_InvalidOperationExceptionIsThrown" methodname="WhenCallingReadValueWithStringDuringBitwiseContext_InvalidOperationExceptionIsThrown" classname="Unity.Netcode.EditorTests.FastBufferReaderTests" runstate="Runnable" seed="1847985358" result="Passed" start-time="2025-12-30 16:55:53Z" end-time="2025-12-30 16:55:53Z" duration="0.000199" asserts="0">
                <properties>
                  <property name="retryIteration" value="0" />
                  <property name="repeatIteration" value="0" />
                </properties>
              </test-case>
              <test-case id="1961" name="WhenCallingReadValueWithStringWithoutCallingTryBeingReadFirst_OverflowExceptionIsThrown" fullname="Unity.Netcode.EditorTests.FastBufferReaderTests.WhenCallingReadValueWithStringWithoutCallingTryBeingReadFirst_OverflowExceptionIsThrown" methodname="WhenCallingReadValueWithStringWithoutCallingTryBeingReadFirst_OverflowExceptionIsThrown" classname="Unity.Netcode.EditorTests.FastBufferReaderTests" runstate="Runnable" seed="1732617193" result="Passed" start-time="2025-12-30 16:55:53Z" end-time="2025-12-30 16:55:53Z" duration="0.000165" asserts="0">
                <properties>
                  <property name="retryIteration" value="0" />
                  <property name="repeatIteration" value="0" />
                </properties>
              </test-case>
              <test-case id="1976" name="WhenCallingReadValueWithUnmanagedTypeAfterExitingBitwiseContext_InvalidOperationExceptionIsNotThrown" fullname="Unity.Netcode.EditorTests.FastBufferReaderTests.WhenCallingReadValueWithUnmanagedTypeAfterExitingBitwiseContext_InvalidOperationExceptionIsNotThrown" methodname="WhenCallingReadValueWithUnmanagedTypeAfterExitingBitwiseContext_InvalidOperationExceptionIsNotThrown" classname="Unity.Netcode.EditorTests.FastBufferReaderTests" runstate="Runnable" seed="1279812725" result="Passed" start-time="2025-12-30 16:55:53Z" end-time="2025-12-30 16:55:53Z" duration="0.000129" asserts="0">
                <properties>
                  <property name="retryIteration" value="0" />
                  <property name="repeatIteration" value="0" />
                </properties>
              </test-case>
              <test-case id="1966" name="WhenCallingReadValueWithUnmanagedTypeDuringBitwiseContext_InvalidOperationExceptionIsThrown" fullname="Unity.Netcode.EditorTests.FastBufferReaderTests.WhenCallingReadValueWithUnmanagedTypeDuringBitwiseContext_InvalidOperationExceptionIsThrown" methodname="WhenCallingReadValueWithUnmanagedTypeDuringBitwiseContext_InvalidOperationExceptionIsThrown" classname="Unity.Netcode.EditorTests.FastBufferReaderTests" runstate="Runnable" seed="1312733524" result="Passed" start-time="2025-12-30 16:55:53Z" end-time="2025-12-30 16:55:53Z" duration="0.000187" asserts="0">
                <properties>
                  <property name="retryIteration" value="0" />
                  <property name="repeatIteration" value="0" />
                </properties>
              </test-case>
              <test-case id="1959" name="WhenCallingReadValueWithUnmanagedTypeWithoutCallingTryBeingReadFirst_OverflowExceptionIsThrown" fullname="Unity.Netcode.EditorTests.FastBufferReaderTests.WhenCallingReadValueWithUnmanagedTypeWithoutCallingTryBeingReadFirst_OverflowExceptionIsThrown" methodname="WhenCallingReadValueWithUnmanagedTypeWithoutCallingTryBeingReadFirst_OverflowExceptionIsThrown" classname="Unity.Netcode.EditorTests.FastBufferReaderTests" runstate="Runnable" seed="2059993159" result="Passed" start-time="2025-12-30 16:55:53Z" end-time="2025-12-30 16:55:53Z" duration="0.000173" asserts="0">
                <properties>
                  <property name="retryIteration" value="0" />
                  <property name="repeatIteration" value="0" />
                </properties>
              </test-case>
              <test-case id="1984" name="WhenCallingTryBeginRead_TheAllowedReadPositionIsMarkedRelativeToCurrentPosition" fullname="Unity.Netcode.EditorTests.FastBufferReaderTests.WhenCallingTryBeginRead_TheAllowedReadPositionIsMarkedRelativeToCurrentPosition" methodname="WhenCallingTryBeginRead_TheAllowedReadPositionIsMarkedRelativeToCurrentPosition" classname="Unity.Netcode.EditorTests.FastBufferReaderTests" runstate="Runnable" seed="919414875" result="Passed" start-time="2025-12-30 16:55:53Z" end-time="2025-12-30 16:55:53Z" duration="0.000179" asserts="0">
                <properties>
                  <property name="retryIteration" value="0" />
                  <property name="repeatIteration" value="0" />
                </properties>
              </test-case>
              <test-case id="1986" name="WhenCallingTryBeginReadInternal_AllowedReadPositionDoesNotMoveBackward" fullname="Unity.Netcode.EditorTests.FastBufferReaderTests.WhenCallingTryBeginReadInternal_AllowedReadPositionDoesNotMoveBackward" methodname="WhenCallingTryBeginReadInternal_AllowedReadPositionDoesNotMoveBackward" classname="Unity.Netcode.EditorTests.FastBufferReaderTests" runstate="Runnable" seed="1430197205" result="Passed" start-time="2025-12-30 16:55:53Z" end-time="2025-12-30 16:55:53Z" duration="0.000110" asserts="0">
                <properties>
                  <property name="retryIteration" value="0" />
                  <property name="repeatIteration" value="0" />
                </properties>
              </test-case>
              <test-case id="1950" name="WhenCreatingAReaderFromAnEmptyArray_LengthIsZero" fullname="Unity.Netcode.EditorTests.FastBufferReaderTests.WhenCreatingAReaderFromAnEmptyArray_LengthIsZero" methodname="WhenCreatingAReaderFromAnEmptyArray_LengthIsZero" classname="Unity.Netcode.EditorTests.FastBufferReaderTests" runstate="Runnable" seed="1237161829" result="Passed" start-time="2025-12-30 16:55:53Z" end-time="2025-12-30 16:55:53Z" duration="0.000108" asserts="0">
                <properties>
                  <property name="retryIteration" value="0" />
                  <property name="repeatIteration" value="0" />
                </properties>
              </test-case>
              <test-case id="1949" name="WhenCreatingAReaderFromAnEmptyArraySegment_LengthIsZero" fullname="Unity.Netcode.EditorTests.FastBufferReaderTests.WhenCreatingAReaderFromAnEmptyArraySegment_LengthIsZero" methodname="WhenCreatingAReaderFromAnEmptyArraySegment_LengthIsZero" classname="Unity.Netcode.EditorTests.FastBufferReaderTests" runstate="Runnable" seed="1067215874" result="Passed" start-time="2025-12-30 16:55:53Z" end-time="2025-12-30 16:55:53Z" duration="0.000178" asserts="0">
                <properties>
                  <property name="retryIteration" value="0" />
                  <property name="repeatIteration" value="0" />
                </properties>
              </test-case>
              <test-case id="1953" name="WhenCreatingAReaderFromAnEmptyBuffer_LengthIsZero" fullname="Unity.Netcode.EditorTests.FastBufferReaderTests.WhenCreatingAReaderFromAnEmptyBuffer_LengthIsZero" methodname="WhenCreatingAReaderFromAnEmptyBuffer_LengthIsZero" classname="Unity.Netcode.EditorTests.FastBufferReaderTests" runstate="Runnable" seed="315787426" result="Passed" start-time="2025-12-30 16:55:53Z" end-time="2025-12-30 16:55:53Z" duration="0.000124" asserts="0">
                <properties>
                  <property name="retryIteration" value="0" />
                  <property name="repeatIteration" value="0" />
                </properties>
              </test-case>
              <test-case id="1952" name="WhenCreatingAReaderFromAnEmptyFastBufferWriter_LengthIsZero" fullname="Unity.Netcode.EditorTests.FastBufferReaderTests.WhenCreatingAReaderFromAnEmptyFastBufferWriter_LengthIsZero" methodname="WhenCreatingAReaderFromAnEmptyFastBufferWriter_LengthIsZero" classname="Unity.Netcode.EditorTests.FastBufferReaderTests" runstate="Runnable" seed="1973271752" result="Passed" start-time="2025-12-30 16:55:53Z" end-time="2025-12-30 16:55:53Z" duration="0.000094" asserts="0">
                <properties>
                  <property name="retryIteration" value="0" />
                  <property name="repeatIteration" value="0" />
                </properties>
              </test-case>
              <test-case id="1951" name="WhenCreatingAReaderFromAnEmptyNativeArray_LengthIsZero" fullname="Unity.Netcode.EditorTests.FastBufferReaderTests.WhenCreatingAReaderFromAnEmptyNativeArray_LengthIsZero" methodname="WhenCreatingAReaderFromAnEmptyNativeArray_LengthIsZero" classname="Unity.Netcode.EditorTests.FastBufferReaderTests" runstate="Runnable" seed="1139755776" result="Passed" start-time="2025-12-30 16:55:53Z" end-time="2025-12-30 16:55:53Z" duration="0.000101" asserts="0">
                <properties>
                  <property name="retryIteration" value="0" />
                  <property name="repeatIteration" value="0" />
                </properties>
              </test-case>
              <test-case id="1954" name="WhenCreatingNewFastBufferReader_IsInitializedIsTrue" fullname="Unity.Netcode.EditorTests.FastBufferReaderTests.WhenCreatingNewFastBufferReader_IsInitializedIsTrue" methodname="WhenCreatingNewFastBufferReader_IsInitializedIsTrue" classname="Unity.Netcode.EditorTests.FastBufferReaderTests" runstate="Runnable" seed="734799181" result="Passed" start-time="2025-12-30 16:55:53Z" end-time="2025-12-30 16:55:53Z" duration="0.000142" asserts="0">
                <properties>
                  <property name="retryIteration" value="0" />
                  <property name="repeatIteration" value="0" />
                </properties>
              </test-case>
              <test-case id="1955" name="WhenDisposingFastBufferReader_IsInitializedIsFalse" fullname="Unity.Netcode.EditorTests.FastBufferReaderTests.WhenDisposingFastBufferReader_IsInitializedIsFalse" methodname="WhenDisposingFastBufferReader_IsInitializedIsFalse" classname="Unity.Netcode.EditorTests.FastBufferReaderTests" runstate="Runnable" seed="605413749" result="Passed" start-time="2025-12-30 16:55:53Z" end-time="2025-12-30 16:55:53Z" duration="0.000108" asserts="0">
                <properties>
                  <property name="retryIteration" value="0" />
                  <property name="repeatIteration" value="0" />
                </properties>
              </test-case>
              <test-case id="1985" name="WhenReadingAfterSeeking_TheNewReadComesFromTheCorrectPosition" fullname="Unity.Netcode.EditorTests.FastBufferReaderTests.WhenReadingAfterSeeking_TheNewReadComesFromTheCorrectPosition" methodname="WhenReadingAfterSeeking_TheNewReadComesFromTheCorrectPosition" classname="Unity.Netcode.EditorTests.FastBufferReaderTests" runstate="Runnable" seed="1796300650" result="Passed" start-time="2025-12-30 16:55:53Z" end-time="2025-12-30 16:55:53Z" duration="0.000291" asserts="0">
                <properties>
                  <property name="retryIteration" value="0" />
                  <property name="repeatIteration" value="0" />
                </properties>
              </test-case>
              <test-suite type="ParameterizedMethod" id="1888" name="WhenReadingFixedString128Bytes_ValueIsReadCorrectly" fullname="Unity.Netcode.EditorTests.FastBufferReaderTests.WhenReadingFixedString128Bytes_ValueIsReadCorrectly" classname="Unity.Netcode.EditorTests.FastBufferReaderTests" runstate="Runnable" testcasecount="6" result="Passed" start-time="2025-12-30 16:55:53Z" end-time="2025-12-30 16:55:53Z" duration="0.003602" total="6" passed="6" failed="0" inconclusive="0" skipped="0" asserts="0">
                <properties />
                <test-case id="1882" name="WhenReadingFixedString128Bytes_ValueIsReadCorrectly(3,WriteDirect)" fullname="Unity.Netcode.EditorTests.FastBufferReaderTests.WhenReadingFixedString128Bytes_ValueIsReadCorrectly(3,WriteDirect)" methodname="WhenReadingFixedString128Bytes_ValueIsReadCorrectly" classname="Unity.Netcode.EditorTests.FastBufferReaderTests" runstate="Runnable" seed="1200896842" result="Passed" start-time="2025-12-30 16:55:53Z" end-time="2025-12-30 16:55:53Z" duration="0.001512" asserts="0">
                  <properties>
                    <property name="retryIteration" value="0" />
                    <property name="repeatIteration" value="0" />
                  </properties>
                </test-case>
                <test-case id="1883" name="WhenReadingFixedString128Bytes_ValueIsReadCorrectly(5,WriteSafe)" fullname="Unity.Netcode.EditorTests.FastBufferReaderTests.WhenReadingFixedString128Bytes_ValueIsReadCorrectly(5,WriteSafe)" methodname="WhenReadingFixedString128Bytes_ValueIsReadCorrectly" classname="Unity.Netcode.EditorTests.FastBufferReaderTests" runstate="Runnable" seed="1921984359" result="Passed" start-time="2025-12-30 16:55:53Z" end-time="2025-12-30 16:55:53Z" duration="0.000242" asserts="0">
                  <properties>
                    <property name="retryIteration" value="0" />
                    <property name="repeatIteration" value="0" />
                  </properties>
                </test-case>
                <test-case id="1884" name="WhenReadingFixedString128Bytes_ValueIsReadCorrectly(16,WriteDirect)" fullname="Unity.Netcode.EditorTests.FastBufferReaderTests.WhenReadingFixedString128Bytes_ValueIsReadCorrectly(16,WriteDirect)" methodname="WhenReadingFixedString128Bytes_ValueIsReadCorrectly" classname="Unity.Netcode.EditorTests.FastBufferReaderTests" runstate="Runnable" seed="1732172017" result="Passed" start-time="2025-12-30 16:55:53Z" end-time="2025-12-30 16:55:53Z" duration="0.000151" asserts="0">
                  <properties>
                    <property name="retryIteration" value="0" />
                    <property name="repeatIteration" value="0" />
                  </properties>
                </test-case>
                <test-case id="1885" name="WhenReadingFixedString128Bytes_ValueIsReadCorrectly(29,WriteSafe)" fullname="Unity.Netcode.EditorTests.FastBufferReaderTests.WhenReadingFixedString128Bytes_ValueIsReadCorrectly(29,WriteSafe)" methodname="WhenReadingFixedString128Bytes_ValueIsReadCorrectly" classname="Unity.Netcode.EditorTests.FastBufferReaderTests" runstate="Runnable" seed="1949788614" result="Passed" start-time="2025-12-30 16:55:53Z" end-time="2025-12-30 16:55:53Z" duration="0.000150" asserts="0">
                  <properties>
                    <property name="retryIteration" value="0" />
                    <property name="repeatIteration" value="0" />
                  </properties>
                </test-case>
                <test-case id="1886" name="WhenReadingFixedString128Bytes_ValueIsReadCorrectly(61,WriteSafe)" fullname="Unity.Netcode.EditorTests.FastBufferReaderTests.WhenReadingFixedString128Bytes_ValueIsReadCorrectly(61,WriteSafe)" methodname="WhenReadingFixedString128Bytes_ValueIsReadCorrectly" classname="Unity.Netcode.EditorTests.FastBufferReaderTests" runstate="Runnable" seed="621276218" result="Passed" start-time="2025-12-30 16:55:53Z" end-time="2025-12-30 16:55:53Z" duration="0.000149" asserts="0">
                  <properties>
                    <property name="retryIteration" value="0" />
                    <property name="repeatIteration" value="0" />
                  </properties>
                </test-case>
                <test-case id="1887" name="WhenReadingFixedString128Bytes_ValueIsReadCorrectly(125,WriteSafe)" fullname="Unity.Netcode.EditorTests.FastBufferReaderTests.WhenReadingFixedString128Bytes_ValueIsReadCorrectly(125,WriteSafe)" methodname="WhenReadingFixedString128Bytes_ValueIsReadCorrectly" classname="Unity.Netcode.EditorTests.FastBufferReaderTests" runstate="Runnable" seed="1145645735" result="Passed" start-time="2025-12-30 16:55:53Z" end-time="2025-12-30 16:55:53Z" duration="0.000145" asserts="0">
                  <properties>
                    <property name="retryIteration" value="0" />
                    <property name="repeatIteration" value="0" />
                  </properties>
                </test-case>
              </test-suite>
              <test-suite type="ParameterizedMethod" id="1875" name="WhenReadingFixedString32Bytes_ValueIsReadCorrectly" fullname="Unity.Netcode.EditorTests.FastBufferReaderTests.WhenReadingFixedString32Bytes_ValueIsReadCorrectly" classname="Unity.Netcode.EditorTests.FastBufferReaderTests" runstate="Runnable" testcasecount="4" result="Passed" start-time="2025-12-30 16:55:53Z" end-time="2025-12-30 16:55:53Z" duration="0.002127" total="4" passed="4" failed="0" inconclusive="0" skipped="0" asserts="0">
                <properties />
                <test-case id="1871" name="WhenReadingFixedString32Bytes_ValueIsReadCorrectly(3,WriteDirect)" fullname="Unity.Netcode.EditorTests.FastBufferReaderTests.WhenReadingFixedString32Bytes_ValueIsReadCorrectly(3,WriteDirect)" methodname="WhenReadingFixedString32Bytes_ValueIsReadCorrectly" classname="Unity.Netcode.EditorTests.FastBufferReaderTests" runstate="Runnable" seed="626712118" result="Passed" start-time="2025-12-30 16:55:53Z" end-time="2025-12-30 16:55:53Z" duration="0.000884" asserts="0">
                  <properties>
                    <property name="retryIteration" value="0" />
                    <property name="repeatIteration" value="0" />
                  </properties>
                </test-case>
                <test-case id="1872" name="WhenReadingFixedString32Bytes_ValueIsReadCorrectly(5,WriteSafe)" fullname="Unity.Netcode.EditorTests.FastBufferReaderTests.WhenReadingFixedString32Bytes_ValueIsReadCorrectly(5,WriteSafe)" methodname="WhenReadingFixedString32Bytes_ValueIsReadCorrectly" classname="Unity.Netcode.EditorTests.FastBufferReaderTests" runstate="Runnable" seed="1747298317" result="Passed" start-time="2025-12-30 16:55:53Z" end-time="2025-12-30 16:55:53Z" duration="0.000168" asserts="0">
                  <properties>
                    <property name="retryIteration" value="0" />
                    <property name="repeatIteration" value="0" />
                  </properties>
                </test-case>
                <test-case id="1873" name="WhenReadingFixedString32Bytes_ValueIsReadCorrectly(16,WriteDirect)" fullname="Unity.Netcode.EditorTests.FastBufferReaderTests.WhenReadingFixedString32Bytes_ValueIsReadCorrectly(16,WriteDirect)" methodname="WhenReadingFixedString32Bytes_ValueIsReadCorrectly" classname="Unity.Netcode.EditorTests.FastBufferReaderTests" runstate="Runnable" seed="389480942" result="Passed" start-time="2025-12-30 16:55:53Z" end-time="2025-12-30 16:55:53Z" duration="0.000121" asserts="0">
                  <properties>
                    <property name="retryIteration" value="0" />
                    <property name="repeatIteration" value="0" />
                  </properties>
                </test-case>
                <test-case id="1874" name="WhenReadingFixedString32Bytes_ValueIsReadCorrectly(29,WriteSafe)" fullname="Unity.Netcode.EditorTests.FastBufferReaderTests.WhenReadingFixedString32Bytes_ValueIsReadCorrectly(29,WriteSafe)" methodname="WhenReadingFixedString32Bytes_ValueIsReadCorrectly" classname="Unity.Netcode.EditorTests.FastBufferReaderTests" runstate="Runnable" seed="1137101227" result="Passed" start-time="2025-12-30 16:55:53Z" end-time="2025-12-30 16:55:53Z" duration="0.000124" asserts="0">
                  <properties>
                    <property name="retryIteration" value="0" />
                    <property name="repeatIteration" value="0" />
                  </properties>
                </test-case>
              </test-suite>
              <test-suite type="ParameterizedMethod" id="1905" name="WhenReadingFixedString4096Bytes_ValueIsReadCorrectly" fullname="Unity.Netcode.EditorTests.FastBufferReaderTests.WhenReadingFixedString4096Bytes_ValueIsReadCorrectly" classname="Unity.Netcode.EditorTests.FastBufferReaderTests" runstate="Runnable" testcasecount="8" result="Passed" start-time="2025-12-30 16:55:53Z" end-time="2025-12-30 16:55:53Z" duration="0.045930" total="8" passed="8" failed="0" inconclusive="0" skipped="0" asserts="0">
                <properties />
                <test-case id="1897" name="WhenReadingFixedString4096Bytes_ValueIsReadCorrectly(3,WriteDirect)" fullname="Unity.Netcode.EditorTests.FastBufferReaderTests.WhenReadingFixedString4096Bytes_ValueIsReadCorrectly(3,WriteDirect)" methodname="WhenReadingFixedString4096Bytes_ValueIsReadCorrectly" classname="Unity.Netcode.EditorTests.FastBufferReaderTests" runstate="Runnable" seed="318066001" result="Passed" start-time="2025-12-30 16:55:53Z" end-time="2025-12-30 16:55:53Z" duration="0.006370" asserts="0">
                  <properties>
                    <property name="retryIteration" value="0" />
                    <property name="repeatIteration" value="0" />
                  </properties>
                </test-case>
                <test-case id="1898" name="WhenReadingFixedString4096Bytes_ValueIsReadCorrectly(5,WriteSafe)" fullname="Unity.Netcode.EditorTests.FastBufferReaderTests.WhenReadingFixedString4096Bytes_ValueIsReadCorrectly(5,WriteSafe)" methodname="WhenReadingFixedString4096Bytes_ValueIsReadCorrectly" classname="Unity.Netcode.EditorTests.FastBufferReaderTests" runstate="Runnable" seed="991126747" result="Passed" start-time="2025-12-30 16:55:53Z" end-time="2025-12-30 16:55:53Z" duration="0.006204" asserts="0">
                  <properties>
                    <property name="retryIteration" value="0" />
                    <property name="repeatIteration" value="0" />
                  </properties>
                </test-case>
                <test-case id="1899" name="WhenReadingFixedString4096Bytes_ValueIsReadCorrectly(16,WriteDirect)" fullname="Unity.Netcode.EditorTests.FastBufferReaderTests.WhenReadingFixedString4096Bytes_ValueIsReadCorrectly(16,WriteDirect)" methodname="WhenReadingFixedString4096Bytes_ValueIsReadCorrectly" classname="Unity.Netcode.EditorTests.FastBufferReaderTests" runstate="Runnable" seed="1752220389" result="Passed" start-time="2025-12-30 16:55:53Z" end-time="2025-12-30 16:55:53Z" duration="0.004619" asserts="0">
                  <properties>
                    <property name="retryIteration" value="0" />
                    <property name="repeatIteration" value="0" />
                  </properties>
                </test-case>
                <test-case id="1900" name="WhenReadingFixedString4096Bytes_ValueIsReadCorrectly(29,WriteSafe)" fullname="Unity.Netcode.EditorTests.FastBufferReaderTests.WhenReadingFixedString4096Bytes_ValueIsReadCorrectly(29,WriteSafe)" methodname="WhenReadingFixedString4096Bytes_ValueIsReadCorrectly" classname="Unity.Netcode.EditorTests.FastBufferReaderTests" runstate="Runnable" seed="263236870" result="Passed" start-time="2025-12-30 16:55:53Z" end-time="2025-12-30 16:55:53Z" duration="0.005051" asserts="0">
                  <properties>
                    <property name="retryIteration" value="0" />
                    <property name="repeatIteration" value="0" />
                  </properties>
                </test-case>
                <test-case id="1901" name="WhenReadingFixedString4096Bytes_ValueIsReadCorrectly(61,WriteSafe)" fullname="Unity.Netcode.EditorTests.FastBufferReaderTests.WhenReadingFixedString4096Bytes_ValueIsReadCorrectly(61,WriteSafe)" methodname="WhenReadingFixedString4096Bytes_ValueIsReadCorrectly" classname="Unity.Netcode.EditorTests.FastBufferReaderTests" runstate="Runnable" seed="831797051" result="Passed" start-time="2025-12-30 16:55:53Z" end-time="2025-12-30 16:55:53Z" duration="0.005193" asserts="0">
                  <properties>
                    <property name="retryIteration" value="0" />
                    <property name="repeatIteration" value="0" />
                  </properties>
                </test-case>
                <test-case id="1902" name="WhenReadingFixedString4096Bytes_ValueIsReadCorrectly(125,WriteSafe)" fullname="Unity.Netcode.EditorTests.FastBufferReaderTests.WhenReadingFixedString4096Bytes_ValueIsReadCorrectly(125,WriteSafe)" methodname="WhenReadingFixedString4096Bytes_ValueIsReadCorrectly" classname="Unity.Netcode.EditorTests.FastBufferReaderTests" runstate="Runnable" seed="1268924426" result="Passed" start-time="2025-12-30 16:55:53Z" end-time="2025-12-30 16:55:53Z" duration="0.005498" asserts="0">
                  <properties>
                    <property name="retryIteration" value="0" />
                    <property name="repeatIteration" value="0" />
                  </properties>
                </test-case>
                <test-case id="1903" name="WhenReadingFixedString4096Bytes_ValueIsReadCorrectly(509,WriteSafe)" fullname="Unity.Netcode.EditorTests.FastBufferReaderTests.WhenReadingFixedString4096Bytes_ValueIsReadCorrectly(509,WriteSafe)" methodname="WhenReadingFixedString4096Bytes_ValueIsReadCorrectly" classname="Unity.Netcode.EditorTests.FastBufferReaderTests" runstate="Runnable" seed="613721552" result="Passed" start-time="2025-12-30 16:55:53Z" end-time="2025-12-30 16:55:53Z" duration="0.005515" asserts="0">
                  <properties>
                    <property name="retryIteration" value="0" />
                    <property name="repeatIteration" value="0" />
                  </properties>
                </test-case>
                <test-case id="1904" name="WhenReadingFixedString4096Bytes_ValueIsReadCorrectly(4093,WriteSafe)" fullname="Unity.Netcode.EditorTests.FastBufferReaderTests.WhenReadingFixedString4096Bytes_ValueIsReadCorrectly(4093,WriteSafe)" methodname="WhenReadingFixedString4096Bytes_ValueIsReadCorrectly" classname="Unity.Netcode.EditorTests.FastBufferReaderTests" runstate="Runnable" seed="1177139609" result="Passed" start-time="2025-12-30 16:55:53Z" end-time="2025-12-30 16:55:53Z" duration="0.005627" asserts="0">
                  <properties>
                    <property name="retryIteration" value="0" />
                    <property name="repeatIteration" value="0" />
                  </properties>
                </test-case>
              </test-suite>
              <test-suite type="ParameterizedMethod" id="1896" name="WhenReadingFixedString512Bytes_ValueIsReadCorrectly" fullname="Unity.Netcode.EditorTests.FastBufferReaderTests.WhenReadingFixedString512Bytes_ValueIsReadCorrectly" classname="Unity.Netcode.EditorTests.FastBufferReaderTests" runstate="Runnable" testcasecount="7" result="Passed" start-time="2025-12-30 16:55:53Z" end-time="2025-12-30 16:55:53Z" duration="0.015364" total="7" passed="7" failed="0" inconclusive="0" skipped="0" asserts="0">
                <properties />
                <test-case id="1889" name="WhenReadingFixedString512Bytes_ValueIsReadCorrectly(3,WriteDirect)" fullname="Unity.Netcode.EditorTests.FastBufferReaderTests.WhenReadingFixedString512Bytes_ValueIsReadCorrectly(3,WriteDirect)" methodname="WhenReadingFixedString512Bytes_ValueIsReadCorrectly" classname="Unity.Netcode.EditorTests.FastBufferReaderTests" runstate="Runnable" seed="1190554734" result="Passed" start-time="2025-12-30 16:55:53Z" end-time="2025-12-30 16:55:53Z" duration="0.001144" asserts="0">
                  <properties>
                    <property name="retryIteration" value="0" />
                    <property name="repeatIteration" value="0" />
                  </properties>
                </test-case>
                <test-case id="1890" name="WhenReadingFixedString512Bytes_ValueIsReadCorrectly(5,WriteSafe)" fullname="Unity.Netcode.EditorTests.FastBufferReaderTests.WhenReadingFixedString512Bytes_ValueIsReadCorrectly(5,WriteSafe)" methodname="WhenReadingFixedString512Bytes_ValueIsReadCorrectly" classname="Unity.Netcode.EditorTests.FastBufferReaderTests" runstate="Runnable" seed="669083351" result="Passed" start-time="2025-12-30 16:55:53Z" end-time="2025-12-30 16:55:53Z" duration="0.000432" asserts="0">
                  <properties>
                    <property name="retryIteration" value="0" />
                    <property name="repeatIteration" value="0" />
                  </properties>
                </test-case>
                <test-case id="1891" name="WhenReadingFixedString512Bytes_ValueIsReadCorrectly(16,WriteDirect)" fullname="Unity.Netcode.EditorTests.FastBufferReaderTests.WhenReadingFixedString512Bytes_ValueIsReadCorrectly(16,WriteDirect)" methodname="WhenReadingFixedString512Bytes_ValueIsReadCorrectly" classname="Unity.Netcode.EditorTests.FastBufferReaderTests" runstate="Runnable" seed="604126325" result="Passed" start-time="2025-12-30 16:55:53Z" end-time="2025-12-30 16:55:53Z" duration="0.000350" asserts="0">
                  <properties>
                    <property name="retryIteration" value="0" />
                    <property name="repeatIteration" value="0" />
                  </properties>
                </test-case>
                <test-case id="1892" name="WhenReadingFixedString512Bytes_ValueIsReadCorrectly(29,WriteSafe)" fullname="Unity.Netcode.EditorTests.FastBufferReaderTests.WhenReadingFixedString512Bytes_ValueIsReadCorrectly(29,WriteSafe)" methodname="WhenReadingFixedString512Bytes_ValueIsReadCorrectly" classname="Unity.Netcode.EditorTests.FastBufferReaderTests" runstate="Runnable" seed="379347973" result="Passed" start-time="2025-12-30 16:55:53Z" end-time="2025-12-30 16:55:53Z" duration="0.000380" asserts="0">
                  <properties>
                    <property name="retryIteration" value="0" />
                    <property name="repeatIteration" value="0" />
                  </properties>
                </test-case>
                <test-case id="1893" name="WhenReadingFixedString512Bytes_ValueIsReadCorrectly(61,WriteSafe)" fullname="Unity.Netcode.EditorTests.FastBufferReaderTests.WhenReadingFixedString512Bytes_ValueIsReadCorrectly(61,WriteSafe)" methodname="WhenReadingFixedString512Bytes_ValueIsReadCorrectly" classname="Unity.Netcode.EditorTests.FastBufferReaderTests" runstate="Runnable" seed="1553617197" result="Passed" start-time="2025-12-30 16:55:53Z" end-time="2025-12-30 16:55:53Z" duration="0.000319" asserts="0">
                  <properties>
                    <property name="retryIteration" value="0" />
                    <property name="repeatIteration" value="0" />
                  </properties>
                </test-case>
                <test-case id="1894" name="WhenReadingFixedString512Bytes_ValueIsReadCorrectly(125,WriteSafe)" fullname="Unity.Netcode.EditorTests.FastBufferReaderTests.WhenReadingFixedString512Bytes_ValueIsReadCorrectly(125,WriteSafe)" methodname="WhenReadingFixedString512Bytes_ValueIsReadCorrectly" classname="Unity.Netcode.EditorTests.FastBufferReaderTests" runstate="Runnable" seed="612357654" result="Passed" start-time="2025-12-30 16:55:53Z" end-time="2025-12-30 16:55:53Z" duration="0.000321" asserts="0">
                  <properties>
                    <property name="retryIteration" value="0" />
                    <property name="repeatIteration" value="0" />
                  </properties>
                </test-case>
                <test-case id="1895" name="WhenReadingFixedString512Bytes_ValueIsReadCorrectly(509,WriteSafe)" fullname="Unity.Netcode.EditorTests.FastBufferReaderTests.WhenReadingFixedString512Bytes_ValueIsReadCorrectly(509,WriteSafe)" methodname="WhenReadingFixedString512Bytes_ValueIsReadCorrectly" classname="Unity.Netcode.EditorTests.FastBufferReaderTests" runstate="Runnable" seed="1312138610" result="Passed" start-time="2025-12-30 16:55:53Z" end-time="2025-12-30 16:55:53Z" duration="0.000323" asserts="0">
                  <properties>
                    <property name="retryIteration" value="0" />
                    <property name="repeatIteration" value="0" />
                  </properties>
                </test-case>
              </test-suite>
              <test-suite type="ParameterizedMethod" id="1881" name="WhenReadingFixedString64Bytes_ValueIsReadCorrectly" fullname="Unity.Netcode.EditorTests.FastBufferReaderTests.WhenReadingFixedString64Bytes_ValueIsReadCorrectly" classname="Unity.Netcode.EditorTests.FastBufferReaderTests" runstate="Runnable" testcasecount="5" result="Passed" start-time="2025-12-30 16:55:53Z" end-time="2025-12-30 16:55:53Z" duration="0.002457" total="5" passed="5" failed="0" inconclusive="0" skipped="0" asserts="0">
                <properties />
                <test-case id="1876" name="WhenReadingFixedString64Bytes_ValueIsReadCorrectly(3,WriteDirect)" fullname="Unity.Netcode.EditorTests.FastBufferReaderTests.WhenReadingFixedString64Bytes_ValueIsReadCorrectly(3,WriteDirect)" methodname="WhenReadingFixedString64Bytes_ValueIsReadCorrectly" classname="Unity.Netcode.EditorTests.FastBufferReaderTests" runstate="Runnable" seed="977646215" result="Passed" start-time="2025-12-30 16:55:53Z" end-time="2025-12-30 16:55:53Z" duration="0.000995" asserts="0">
                  <properties>
                    <property name="retryIteration" value="0" />
                    <property name="repeatIteration" value="0" />
                  </properties>
                </test-case>
                <test-case id="1877" name="WhenReadingFixedString64Bytes_ValueIsReadCorrectly(5,WriteSafe)" fullname="Unity.Netcode.EditorTests.FastBufferReaderTests.WhenReadingFixedString64Bytes_ValueIsReadCorrectly(5,WriteSafe)" methodname="WhenReadingFixedString64Bytes_ValueIsReadCorrectly" classname="Unity.Netcode.EditorTests.FastBufferReaderTests" runstate="Runnable" seed="408069268" result="Passed" start-time="2025-12-30 16:55:53Z" end-time="2025-12-30 16:55:53Z" duration="0.000197" asserts="0">
                  <properties>
                    <property name="retryIteration" value="0" />
                    <property name="repeatIteration" value="0" />
                  </properties>
                </test-case>
                <test-case id="1878" name="WhenReadingFixedString64Bytes_ValueIsReadCorrectly(16,WriteDirect)" fullname="Unity.Netcode.EditorTests.FastBufferReaderTests.WhenReadingFixedString64Bytes_ValueIsReadCorrectly(16,WriteDirect)" methodname="WhenReadingFixedString64Bytes_ValueIsReadCorrectly" classname="Unity.Netcode.EditorTests.FastBufferReaderTests" runstate="Runnable" seed="179895704" result="Passed" start-time="2025-12-30 16:55:53Z" end-time="2025-12-30 16:55:53Z" duration="0.000140" asserts="0">
                  <properties>
                    <property name="retryIteration" value="0" />
                    <property name="repeatIteration" value="0" />
                  </properties>
                </test-case>
                <test-case id="1879" name="WhenReadingFixedString64Bytes_ValueIsReadCorrectly(29,WriteSafe)" fullname="Unity.Netcode.EditorTests.FastBufferReaderTests.WhenReadingFixedString64Bytes_ValueIsReadCorrectly(29,WriteSafe)" methodname="WhenReadingFixedString64Bytes_ValueIsReadCorrectly" classname="Unity.Netcode.EditorTests.FastBufferReaderTests" runstate="Runnable" seed="1040460586" result="Passed" start-time="2025-12-30 16:55:53Z" end-time="2025-12-30 16:55:53Z" duration="0.000128" asserts="0">
                  <properties>
                    <property name="retryIteration" value="0" />
                    <property name="repeatIteration" value="0" />
                  </properties>
                </test-case>
                <test-case id="1880" name="WhenReadingFixedString64Bytes_ValueIsReadCorrectly(61,WriteSafe)" fullname="Unity.Netcode.EditorTests.FastBufferReaderTests.WhenReadingFixedString64Bytes_ValueIsReadCorrectly(61,WriteSafe)" methodname="WhenReadingFixedString64Bytes_ValueIsReadCorrectly" classname="Unity.Netcode.EditorTests.FastBufferReaderTests" runstate="Runnable" seed="254789603" result="Passed" start-time="2025-12-30 16:55:53Z" end-time="2025-12-30 16:55:53Z" duration="0.000131" asserts="0">
                  <properties>
                    <property name="retryIteration" value="0" />
                    <property name="repeatIteration" value="0" />
                  </properties>
                </test-case>
              </test-suite>
              <test-case id="1987" name="WhenUsingArraySegment_ConstructorHonorsArraySegmentConfiguration" fullname="Unity.Netcode.EditorTests.FastBufferReaderTests.WhenUsingArraySegment_ConstructorHonorsArraySegmentConfiguration" methodname="WhenUsingArraySegment_ConstructorHonorsArraySegmentConfiguration" classname="Unity.Netcode.EditorTests.FastBufferReaderTests" runstate="Runnable" seed="1222136649" result="Passed" start-time="2025-12-30 16:55:53Z" end-time="2025-12-30 16:55:53Z" duration="0.000223" asserts="0">
                <properties>
                  <property name="retryIteration" value="0" />
                  <property name="repeatIteration" value="0" />
                </properties>
              </test-case>
              <test-case id="1956" name="WhenUsingDefaultFastBufferReader_IsInitializedIsFalse" fullname="Unity.Netcode.EditorTests.FastBufferReaderTests.WhenUsingDefaultFastBufferReader_IsInitializedIsFalse" methodname="WhenUsingDefaultFastBufferReader_IsInitializedIsFalse" classname="Unity.Netcode.EditorTests.FastBufferReaderTests" runstate="Runnable" seed="1095818773" result="Passed" start-time="2025-12-30 16:55:53Z" end-time="2025-12-30 16:55:53Z" duration="0.000091" asserts="0">
                <properties>
                  <property name="retryIteration" value="0" />
                  <property name="repeatIteration" value="0" />
                </properties>
              </test-case>
            </test-suite>
            <test-suite type="TestFixture" id="1988" name="FastBufferWriterTests" fullname="Unity.Netcode.EditorTests.FastBufferWriterTests" classname="Unity.Netcode.EditorTests.FastBufferWriterTests" runstate="Runnable" testcasecount="311" result="Passed" start-time="2025-12-30 16:55:53Z" end-time="2025-12-30 16:55:53Z" duration="0.214201" total="311" passed="311" failed="0" inconclusive="0" skipped="0" asserts="0">
              <properties />
              <test-case id="2306" name="WhenBufferGrows_MaxCapacityIsNotExceeded" fullname="Unity.Netcode.EditorTests.FastBufferWriterTests.WhenBufferGrows_MaxCapacityIsNotExceeded" methodname="WhenBufferGrows_MaxCapacityIsNotExceeded" classname="Unity.Netcode.EditorTests.FastBufferWriterTests" runstate="Runnable" seed="1433040636" result="Passed" start-time="2025-12-30 16:55:53Z" end-time="2025-12-30 16:55:53Z" duration="0.000651" asserts="0">
                <properties>
                  <property name="retryIteration" value="0" />
                  <property name="repeatIteration" value="0" />
                </properties>
              </test-case>
              <test-case id="2307" name="WhenBufferGrowthRequiredIsMoreThanDouble_BufferGrowsEnoughToContainRequestedValue" fullname="Unity.Netcode.EditorTests.FastBufferWriterTests.WhenBufferGrowthRequiredIsMoreThanDouble_BufferGrowsEnoughToContainRequestedValue" methodname="WhenBufferGrowthRequiredIsMoreThanDouble_BufferGrowsEnoughToContainRequestedValue" classname="Unity.Netcode.EditorTests.FastBufferWriterTests" runstate="Runnable" seed="748109850" result="Passed" start-time="2025-12-30 16:55:53Z" end-time="2025-12-30 16:55:53Z" duration="0.000316" asserts="0">
                <properties>
                  <property name="retryIteration" value="0" />
                  <property name="repeatIteration" value="0" />
                </properties>
              </test-case>
              <test-case id="2261" name="WhenCallingToArray_ReturnedArrayContainsCorrectData" fullname="Unity.Netcode.EditorTests.FastBufferWriterTests.WhenCallingToArray_ReturnedArrayContainsCorrectData" methodname="WhenCallingToArray_ReturnedArrayContainsCorrectData" classname="Unity.Netcode.EditorTests.FastBufferWriterTests" runstate="Runnable" seed="1577127905" result="Passed" start-time="2025-12-30 16:55:53Z" end-time="2025-12-30 16:55:53Z" duration="0.000241" asserts="0">
                <properties>
                  <property name="retryIteration" value="0" />
                  <property name="repeatIteration" value="0" />
                </properties>
              </test-case>
              <test-case id="2289" name="WhenCallingTryBeginWrite_TheAllowedWritePositionIsMarkedRelativeToCurrentPosition" fullname="Unity.Netcode.EditorTests.FastBufferWriterTests.WhenCallingTryBeginWrite_TheAllowedWritePositionIsMarkedRelativeToCurrentPosition" methodname="WhenCallingTryBeginWrite_TheAllowedWritePositionIsMarkedRelativeToCurrentPosition" classname="Unity.Netcode.EditorTests.FastBufferWriterTests" runstate="Runnable" seed="307750313" result="Passed" start-time="2025-12-30 16:55:53Z" end-time="2025-12-30 16:55:53Z" duration="0.000202" asserts="0">
                <properties>
                  <property name="retryIteration" value="0" />
                  <property name="repeatIteration" value="0" />
                </properties>
              </test-case>
              <test-case id="2309" name="WhenCallingTryBeginWriteInternal_AllowedWritePositionDoesNotMoveBackward" fullname="Unity.Netcode.EditorTests.FastBufferWriterTests.WhenCallingTryBeginWriteInternal_AllowedWritePositionDoesNotMoveBackward" methodname="WhenCallingTryBeginWriteInternal_AllowedWritePositionDoesNotMoveBackward" classname="Unity.Netcode.EditorTests.FastBufferWriterTests" runstate="Runnable" seed="782525982" result="Passed" start-time="2025-12-30 16:55:53Z" end-time="2025-12-30 16:55:53Z" duration="0.000115" asserts="0">
                <properties>
                  <property name="retryIteration" value="0" />
                  <property name="repeatIteration" value="0" />
                </properties>
              </test-case>
              <test-case id="2279" name="WhenCallingWriteByteAfterExitingBitwiseContext_InvalidOperationExceptionIsNotThrown" fullname="Unity.Netcode.EditorTests.FastBufferWriterTests.WhenCallingWriteByteAfterExitingBitwiseContext_InvalidOperationExceptionIsNotThrown" methodname="WhenCallingWriteByteAfterExitingBitwiseContext_InvalidOperationExceptionIsNotThrown" classname="Unity.Netcode.EditorTests.FastBufferWriterTests" runstate="Runnable" seed="2082198210" result="Passed" start-time="2025-12-30 16:55:53Z" end-time="2025-12-30 16:55:53Z" duration="0.000106" asserts="0">
                <properties>
                  <property name="retryIteration" value="0" />
                  <property name="repeatIteration" value="0" />
                </properties>
              </test-case>
              <test-case id="2269" name="WhenCallingWriteByteDuringBitwiseContext_InvalidOperationExceptionIsThrown" fullname="Unity.Netcode.EditorTests.FastBufferWriterTests.WhenCallingWriteByteDuringBitwiseContext_InvalidOperationExceptionIsThrown" methodname="WhenCallingWriteByteDuringBitwiseContext_InvalidOperationExceptionIsThrown" classname="Unity.Netcode.EditorTests.FastBufferWriterTests" runstate="Runnable" seed="1569586142" result="Passed" start-time="2025-12-30 16:55:53Z" end-time="2025-12-30 16:55:53Z" duration="0.000172" asserts="0">
                <properties>
                  <property name="retryIteration" value="0" />
                  <property name="repeatIteration" value="0" />
                </properties>
              </test-case>
              <test-case id="2268" name="WhenCallingWriteBytePastBoundaryMarkedByTryBeginWrite_OverflowExceptionIsThrown" fullname="Unity.Netcode.EditorTests.FastBufferWriterTests.WhenCallingWriteBytePastBoundaryMarkedByTryBeginWrite_OverflowExceptionIsThrown" methodname="WhenCallingWriteBytePastBoundaryMarkedByTryBeginWrite_OverflowExceptionIsThrown" classname="Unity.Netcode.EditorTests.FastBufferWriterTests" runstate="Runnable" seed="1639150495" result="Passed" start-time="2025-12-30 16:55:53Z" end-time="2025-12-30 16:55:53Z" duration="0.000162" asserts="0">
                <properties>
                  <property name="retryIteration" value="0" />
                  <property name="repeatIteration" value="0" />
                </properties>
              </test-case>
              <test-case id="2284" name="WhenCallingWriteByteSafeAfterExitingBitwiseContext_InvalidOperationExceptionIsNotThrown" fullname="Unity.Netcode.EditorTests.FastBufferWriterTests.WhenCallingWriteByteSafeAfterExitingBitwiseContext_InvalidOperationExceptionIsNotThrown" methodname="WhenCallingWriteByteSafeAfterExitingBitwiseContext_InvalidOperationExceptionIsNotThrown" classname="Unity.Netcode.EditorTests.FastBufferWriterTests" runstate="Runnable" seed="1964496030" result="Passed" start-time="2025-12-30 16:55:53Z" end-time="2025-12-30 16:55:53Z" duration="0.000100" asserts="0">
                <properties>
                  <property name="retryIteration" value="0" />
                  <property name="repeatIteration" value="0" />
                </properties>
              </test-case>
              <test-case id="2274" name="WhenCallingWriteByteSafeDuringBitwiseContext_InvalidOperationExceptionIsThrown" fullname="Unity.Netcode.EditorTests.FastBufferWriterTests.WhenCallingWriteByteSafeDuringBitwiseContext_InvalidOperationExceptionIsThrown" methodname="WhenCallingWriteByteSafeDuringBitwiseContext_InvalidOperationExceptionIsThrown" classname="Unity.Netcode.EditorTests.FastBufferWriterTests" runstate="Runnable" seed="68599454" result="Passed" start-time="2025-12-30 16:55:53Z" end-time="2025-12-30 16:55:53Z" duration="0.000162" asserts="0">
                <properties>
                  <property name="retryIteration" value="0" />
                  <property name="repeatIteration" value="0" />
                </properties>
              </test-case>
              <test-case id="2280" name="WhenCallingWriteBytesAfterExitingBitwiseContext_InvalidOperationExceptionIsNotThrown" fullname="Unity.Netcode.EditorTests.FastBufferWriterTests.WhenCallingWriteBytesAfterExitingBitwiseContext_InvalidOperationExceptionIsNotThrown" methodname="WhenCallingWriteBytesAfterExitingBitwiseContext_InvalidOperationExceptionIsNotThrown" classname="Unity.Netcode.EditorTests.FastBufferWriterTests" runstate="Runnable" seed="1919495441" result="Passed" start-time="2025-12-30 16:55:53Z" end-time="2025-12-30 16:55:53Z" duration="0.000163" asserts="0">
                <properties>
                  <property name="retryIteration" value="0" />
                  <property name="repeatIteration" value="0" />
                </properties>
              </test-case>
              <test-case id="2270" name="WhenCallingWriteBytesDuringBitwiseContext_InvalidOperationExceptionIsThrown" fullname="Unity.Netcode.EditorTests.FastBufferWriterTests.WhenCallingWriteBytesDuringBitwiseContext_InvalidOperationExceptionIsThrown" methodname="WhenCallingWriteBytesDuringBitwiseContext_InvalidOperationExceptionIsThrown" classname="Unity.Netcode.EditorTests.FastBufferWriterTests" runstate="Runnable" seed="972924230" result="Passed" start-time="2025-12-30 16:55:53Z" end-time="2025-12-30 16:55:53Z" duration="0.000198" asserts="0">
                <properties>
                  <property name="retryIteration" value="0" />
                  <property name="repeatIteration" value="0" />
                </properties>
              </test-case>
              <test-case id="2285" name="WhenCallingWriteBytesSafeAfterExitingBitwiseContext_InvalidOperationExceptionIsNotThrown" fullname="Unity.Netcode.EditorTests.FastBufferWriterTests.WhenCallingWriteBytesSafeAfterExitingBitwiseContext_InvalidOperationExceptionIsNotThrown" methodname="WhenCallingWriteBytesSafeAfterExitingBitwiseContext_InvalidOperationExceptionIsNotThrown" classname="Unity.Netcode.EditorTests.FastBufferWriterTests" runstate="Runnable" seed="612933130" result="Passed" start-time="2025-12-30 16:55:53Z" end-time="2025-12-30 16:55:53Z" duration="0.000149" asserts="0">
                <properties>
                  <property name="retryIteration" value="0" />
                  <property name="repeatIteration" value="0" />
                </properties>
              </test-case>
              <test-case id="2275" name="WhenCallingWriteBytesSafeDuringBitwiseContext_InvalidOperationExceptionIsThrown" fullname="Unity.Netcode.EditorTests.FastBufferWriterTests.WhenCallingWriteBytesSafeDuringBitwiseContext_InvalidOperationExceptionIsThrown" methodname="WhenCallingWriteBytesSafeDuringBitwiseContext_InvalidOperationExceptionIsThrown" classname="Unity.Netcode.EditorTests.FastBufferWriterTests" runstate="Runnable" seed="725206838" result="Passed" start-time="2025-12-30 16:55:53Z" end-time="2025-12-30 16:55:53Z" duration="0.000213" asserts="0">
                <properties>
                  <property name="retryIteration" value="0" />
                  <property name="repeatIteration" value="0" />
                </properties>
              </test-case>
              <test-case id="2263" name="WhenCallingWriteBytesWithoutCallingTryBeingWriteFirst_OverflowExceptionIsThrown" fullname="Unity.Netcode.EditorTests.FastBufferWriterTests.WhenCallingWriteBytesWithoutCallingTryBeingWriteFirst_OverflowExceptionIsThrown" methodname="WhenCallingWriteBytesWithoutCallingTryBeingWriteFirst_OverflowExceptionIsThrown" classname="Unity.Netcode.EditorTests.FastBufferWriterTests" runstate="Runnable" seed="1915436814" result="Passed" start-time="2025-12-30 16:55:53Z" end-time="2025-12-30 16:55:53Z" duration="0.000185" asserts="0">
                <properties>
                  <property name="retryIteration" value="0" />
                  <property name="repeatIteration" value="0" />
                </properties>
              </test-case>
              <test-case id="2262" name="WhenCallingWriteByteWithoutCallingTryBeingWriteFirst_OverflowExceptionIsThrown" fullname="Unity.Netcode.EditorTests.FastBufferWriterTests.WhenCallingWriteByteWithoutCallingTryBeingWriteFirst_OverflowExceptionIsThrown" methodname="WhenCallingWriteByteWithoutCallingTryBeingWriteFirst_OverflowExceptionIsThrown" classname="Unity.Netcode.EditorTests.FastBufferWriterTests" runstate="Runnable" seed="1103787020" result="Passed" start-time="2025-12-30 16:55:53Z" end-time="2025-12-30 16:55:53Z" duration="0.000141" asserts="0">
                <properties>
                  <property name="retryIteration" value="0" />
                  <property name="repeatIteration" value="0" />
                </properties>
              </test-case>
              <test-case id="2267" name="WhenCallingWriteValueAfterCallingTryBeginWriteWithTooFewBytes_OverflowExceptionIsThrown" fullname="Unity.Netcode.EditorTests.FastBufferWriterTests.WhenCallingWriteValueAfterCallingTryBeginWriteWithTooFewBytes_OverflowExceptionIsThrown" methodname="WhenCallingWriteValueAfterCallingTryBeginWriteWithTooFewBytes_OverflowExceptionIsThrown" classname="Unity.Netcode.EditorTests.FastBufferWriterTests" runstate="Runnable" seed="875083585" result="Passed" start-time="2025-12-30 16:55:53Z" end-time="2025-12-30 16:55:53Z" duration="0.000189" asserts="0">
                <properties>
                  <property name="retryIteration" value="0" />
                  <property name="repeatIteration" value="0" />
                </properties>
              </test-case>
              <test-case id="2287" name="WhenCallingWriteValueSafeWithByteArrayAfterExitingBitwiseContext_InvalidOperationExceptionIsNotThrown" fullname="Unity.Netcode.EditorTests.FastBufferWriterTests.WhenCallingWriteValueSafeWithByteArrayAfterExitingBitwiseContext_InvalidOperationExceptionIsNotThrown" methodname="WhenCallingWriteValueSafeWithByteArrayAfterExitingBitwiseContext_InvalidOperationExceptionIsNotThrown" classname="Unity.Netcode.EditorTests.FastBufferWriterTests" runstate="Runnable" seed="219141066" result="Passed" start-time="2025-12-30 16:55:53Z" end-time="2025-12-30 16:55:53Z" duration="0.000121" asserts="0">
                <properties>
                  <property name="retryIteration" value="0" />
                  <property name="repeatIteration" value="0" />
                </properties>
              </test-case>
              <test-case id="2277" name="WhenCallingWriteValueSafeWithByteArrayDuringBitwiseContext_InvalidOperationExceptionIsThrown" fullname="Unity.Netcode.EditorTests.FastBufferWriterTests.WhenCallingWriteValueSafeWithByteArrayDuringBitwiseContext_InvalidOperationExceptionIsThrown" methodname="WhenCallingWriteValueSafeWithByteArrayDuringBitwiseContext_InvalidOperationExceptionIsThrown" classname="Unity.Netcode.EditorTests.FastBufferWriterTests" runstate="Runnable" seed="732199982" result="Passed" start-time="2025-12-30 16:55:53Z" end-time="2025-12-30 16:55:53Z" duration="0.000186" asserts="0">
                <properties>
                  <property name="retryIteration" value="0" />
                  <property name="repeatIteration" value="0" />
                </properties>
              </test-case>
              <test-case id="2288" name="WhenCallingWriteValueSafeWithStringAfterExitingBitwiseContext_InvalidOperationExceptionIsNotThrown" fullname="Unity.Netcode.EditorTests.FastBufferWriterTests.WhenCallingWriteValueSafeWithStringAfterExitingBitwiseContext_InvalidOperationExceptionIsNotThrown" methodname="WhenCallingWriteValueSafeWithStringAfterExitingBitwiseContext_InvalidOperationExceptionIsNotThrown" classname="Unity.Netcode.EditorTests.FastBufferWriterTests" runstate="Runnable" seed="1604263871" result="Passed" start-time="2025-12-30 16:55:53Z" end-time="2025-12-30 16:55:53Z" duration="0.000107" asserts="0">
                <properties>
                  <property name="retryIteration" value="0" />
                  <property name="repeatIteration" value="0" />
                </properties>
              </test-case>
              <test-case id="2278" name="WhenCallingWriteValueSafeWithStringDuringBitwiseContext_InvalidOperationExceptionIsThrown" fullname="Unity.Netcode.EditorTests.FastBufferWriterTests.WhenCallingWriteValueSafeWithStringDuringBitwiseContext_InvalidOperationExceptionIsThrown" methodname="WhenCallingWriteValueSafeWithStringDuringBitwiseContext_InvalidOperationExceptionIsThrown" classname="Unity.Netcode.EditorTests.FastBufferWriterTests" runstate="Runnable" seed="53846650" result="Passed" start-time="2025-12-30 16:55:53Z" end-time="2025-12-30 16:55:53Z" duration="0.000158" asserts="0">
                <properties>
                  <property name="retryIteration" value="0" />
                  <property name="repeatIteration" value="0" />
                </properties>
              </test-case>
              <test-case id="2286" name="WhenCallingWriteValueSafeWithUnmanagedTypeAfterExitingBitwiseContext_InvalidOperationExceptionIsNotThrown" fullname="Unity.Netcode.EditorTests.FastBufferWriterTests.WhenCallingWriteValueSafeWithUnmanagedTypeAfterExitingBitwiseContext_InvalidOperationExceptionIsNotThrown" methodname="WhenCallingWriteValueSafeWithUnmanagedTypeAfterExitingBitwiseContext_InvalidOperationExceptionIsNotThrown" classname="Unity.Netcode.EditorTests.FastBufferWriterTests" runstate="Runnable" seed="2045382906" result="Passed" start-time="2025-12-30 16:55:53Z" end-time="2025-12-30 16:55:53Z" duration="0.000114" asserts="0">
                <properties>
                  <property name="retryIteration" value="0" />
                  <property name="repeatIteration" value="0" />
                </properties>
              </test-case>
              <test-case id="2276" name="WhenCallingWriteValueSafeWithUnmanagedTypeDuringBitwiseContext_InvalidOperationExceptionIsThrown" fullname="Unity.Netcode.EditorTests.FastBufferWriterTests.WhenCallingWriteValueSafeWithUnmanagedTypeDuringBitwiseContext_InvalidOperationExceptionIsThrown" methodname="WhenCallingWriteValueSafeWithUnmanagedTypeDuringBitwiseContext_InvalidOperationExceptionIsThrown" classname="Unity.Netcode.EditorTests.FastBufferWriterTests" runstate="Runnable" seed="68075047" result="Passed" start-time="2025-12-30 16:55:53Z" end-time="2025-12-30 16:55:53Z" duration="0.000190" asserts="0">
                <properties>
                  <property name="retryIteration" value="0" />
                  <property name="repeatIteration" value="0" />
                </properties>
              </test-case>
              <test-case id="2282" name="WhenCallingWriteValueWithByteArrayAfterExitingBitwiseContext_InvalidOperationExceptionIsNotThrown" fullname="Unity.Netcode.EditorTests.FastBufferWriterTests.WhenCallingWriteValueWithByteArrayAfterExitingBitwiseContext_InvalidOperationExceptionIsNotThrown" methodname="WhenCallingWriteValueWithByteArrayAfterExitingBitwiseContext_InvalidOperationExceptionIsNotThrown" classname="Unity.Netcode.EditorTests.FastBufferWriterTests" runstate="Runnable" seed="1025567937" result="Passed" start-time="2025-12-30 16:55:53Z" end-time="2025-12-30 16:55:53Z" duration="0.000112" asserts="0">
                <properties>
                  <property name="retryIteration" value="0" />
                  <property name="repeatIteration" value="0" />
                </properties>
              </test-case>
              <test-case id="2272" name="WhenCallingWriteValueWithByteArrayDuringBitwiseContext_InvalidOperationExceptionIsThrown" fullname="Unity.Netcode.EditorTests.FastBufferWriterTests.WhenCallingWriteValueWithByteArrayDuringBitwiseContext_InvalidOperationExceptionIsThrown" methodname="WhenCallingWriteValueWithByteArrayDuringBitwiseContext_InvalidOperationExceptionIsThrown" classname="Unity.Netcode.EditorTests.FastBufferWriterTests" runstate="Runnable" seed="782039453" result="Passed" start-time="2025-12-30 16:55:53Z" end-time="2025-12-30 16:55:53Z" duration="0.000191" asserts="0">
                <properties>
                  <property name="retryIteration" value="0" />
                  <property name="repeatIteration" value="0" />
                </properties>
              </test-case>
              <test-case id="2265" name="WhenCallingWriteValueWithByteArrayWithoutCallingTryBeingWriteFirst_OverflowExceptionIsThrown" fullname="Unity.Netcode.EditorTests.FastBufferWriterTests.WhenCallingWriteValueWithByteArrayWithoutCallingTryBeingWriteFirst_OverflowExceptionIsThrown" methodname="WhenCallingWriteValueWithByteArrayWithoutCallingTryBeingWriteFirst_OverflowExceptionIsThrown" classname="Unity.Netcode.EditorTests.FastBufferWriterTests" runstate="Runnable" seed="1219341530" result="Passed" start-time="2025-12-30 16:55:53Z" end-time="2025-12-30 16:55:53Z" duration="0.000179" asserts="0">
                <properties>
                  <property name="retryIteration" value="0" />
                  <property name="repeatIteration" value="0" />
                </properties>
              </test-case>
              <test-case id="2283" name="WhenCallingWriteValueWithStringAfterExitingBitwiseContext_InvalidOperationExceptionIsNotThrown" fullname="Unity.Netcode.EditorTests.FastBufferWriterTests.WhenCallingWriteValueWithStringAfterExitingBitwiseContext_InvalidOperationExceptionIsNotThrown" methodname="WhenCallingWriteValueWithStringAfterExitingBitwiseContext_InvalidOperationExceptionIsNotThrown" classname="Unity.Netcode.EditorTests.FastBufferWriterTests" runstate="Runnable" seed="239115276" result="Passed" start-time="2025-12-30 16:55:53Z" end-time="2025-12-30 16:55:53Z" duration="0.000109" asserts="0">
                <properties>
                  <property name="retryIteration" value="0" />
                  <property name="repeatIteration" value="0" />
                </properties>
              </test-case>
              <test-case id="2273" name="WhenCallingWriteValueWithStringDuringBitwiseContext_InvalidOperationExceptionIsThrown" fullname="Unity.Netcode.EditorTests.FastBufferWriterTests.WhenCallingWriteValueWithStringDuringBitwiseContext_InvalidOperationExceptionIsThrown" methodname="WhenCallingWriteValueWithStringDuringBitwiseContext_InvalidOperationExceptionIsThrown" classname="Unity.Netcode.EditorTests.FastBufferWriterTests" runstate="Runnable" seed="1141184309" result="Passed" start-time="2025-12-30 16:55:53Z" end-time="2025-12-30 16:55:53Z" duration="0.000184" asserts="0">
                <properties>
                  <property name="retryIteration" value="0" />
                  <property name="repeatIteration" value="0" />
                </properties>
              </test-case>
              <test-case id="2266" name="WhenCallingWriteValueWithStringWithoutCallingTryBeingWriteFirst_OverflowExceptionIsThrown" fullname="Unity.Netcode.EditorTests.FastBufferWriterTests.WhenCallingWriteValueWithStringWithoutCallingTryBeingWriteFirst_OverflowExceptionIsThrown" methodname="WhenCallingWriteValueWithStringWithoutCallingTryBeingWriteFirst_OverflowExceptionIsThrown" classname="Unity.Netcode.EditorTests.FastBufferWriterTests" runstate="Runnable" seed="357207339" result="Passed" start-time="2025-12-30 16:55:53Z" end-time="2025-12-30 16:55:53Z" duration="0.000147" asserts="0">
                <properties>
                  <property name="retryIteration" value="0" />
                  <property name="repeatIteration" value="0" />
                </properties>
              </test-case>
              <test-case id="2281" name="WhenCallingWriteValueWithUnmanagedTypeAfterExitingBitwiseContext_InvalidOperationExceptionIsNotThrown" fullname="Unity.Netcode.EditorTests.FastBufferWriterTests.WhenCallingWriteValueWithUnmanagedTypeAfterExitingBitwiseContext_InvalidOperationExceptionIsNotThrown" methodname="WhenCallingWriteValueWithUnmanagedTypeAfterExitingBitwiseContext_InvalidOperationExceptionIsNotThrown" classname="Unity.Netcode.EditorTests.FastBufferWriterTests" runstate="Runnable" seed="105041387" result="Passed" start-time="2025-12-30 16:55:53Z" end-time="2025-12-30 16:55:53Z" duration="0.000117" asserts="0">
                <properties>
                  <property name="retryIteration" value="0" />
                  <property name="repeatIteration" value="0" />
                </properties>
              </test-case>
              <test-case id="2271" name="WhenCallingWriteValueWithUnmanagedTypeDuringBitwiseContext_InvalidOperationExceptionIsThrown" fullname="Unity.Netcode.EditorTests.FastBufferWriterTests.WhenCallingWriteValueWithUnmanagedTypeDuringBitwiseContext_InvalidOperationExceptionIsThrown" methodname="WhenCallingWriteValueWithUnmanagedTypeDuringBitwiseContext_InvalidOperationExceptionIsThrown" classname="Unity.Netcode.EditorTests.FastBufferWriterTests" runstate="Runnable" seed="1331272969" result="Passed" start-time="2025-12-30 16:55:53Z" end-time="2025-12-30 16:55:53Z" duration="0.000176" asserts="0">
                <properties>
                  <property name="retryIteration" value="0" />
                  <property name="repeatIteration" value="0" />
                </properties>
              </test-case>
              <test-case id="2264" name="WhenCallingWriteValueWithUnmanagedTypeWithoutCallingTryBeingWriteFirst_OverflowExceptionIsThrown" fullname="Unity.Netcode.EditorTests.FastBufferWriterTests.WhenCallingWriteValueWithUnmanagedTypeWithoutCallingTryBeingWriteFirst_OverflowExceptionIsThrown" methodname="WhenCallingWriteValueWithUnmanagedTypeWithoutCallingTryBeingWriteFirst_OverflowExceptionIsThrown" classname="Unity.Netcode.EditorTests.FastBufferWriterTests" runstate="Runnable" seed="1594383205" result="Passed" start-time="2025-12-30 16:55:53Z" end-time="2025-12-30 16:55:53Z" duration="0.000161" asserts="0">
                <properties>
                  <property name="retryIteration" value="0" />
                  <property name="repeatIteration" value="0" />
                </properties>
              </test-case>
              <test-case id="2296" name="WhenCreatingNewFastBufferWriter_CapacityIsCorrect" fullname="Unity.Netcode.EditorTests.FastBufferWriterTests.WhenCreatingNewFastBufferWriter_CapacityIsCorrect" methodname="WhenCreatingNewFastBufferWriter_CapacityIsCorrect" classname="Unity.Netcode.EditorTests.FastBufferWriterTests" runstate="Runnable" seed="225189981" result="Passed" start-time="2025-12-30 16:55:53Z" end-time="2025-12-30 16:55:53Z" duration="0.000111" asserts="0">
                <properties>
                  <property name="retryIteration" value="0" />
                  <property name="repeatIteration" value="0" />
                </properties>
              </test-case>
              <test-case id="2298" name="WhenCreatingNewFastBufferWriter_IsInitializedIsTrue" fullname="Unity.Netcode.EditorTests.FastBufferWriterTests.WhenCreatingNewFastBufferWriter_IsInitializedIsTrue" methodname="WhenCreatingNewFastBufferWriter_IsInitializedIsTrue" classname="Unity.Netcode.EditorTests.FastBufferWriterTests" runstate="Runnable" seed="1234668027" result="Passed" start-time="2025-12-30 16:55:53Z" end-time="2025-12-30 16:55:53Z" duration="0.000118" asserts="0">
                <properties>
                  <property name="retryIteration" value="0" />
                  <property name="repeatIteration" value="0" />
                </properties>
              </test-case>
              <test-case id="2297" name="WhenCreatingNewFastBufferWriter_MaxCapacityIsCorrect" fullname="Unity.Netcode.EditorTests.FastBufferWriterTests.WhenCreatingNewFastBufferWriter_MaxCapacityIsCorrect" methodname="WhenCreatingNewFastBufferWriter_MaxCapacityIsCorrect" classname="Unity.Netcode.EditorTests.FastBufferWriterTests" runstate="Runnable" seed="1043346964" result="Passed" start-time="2025-12-30 16:55:53Z" end-time="2025-12-30 16:55:53Z" duration="0.000110" asserts="0">
                <properties>
                  <property name="retryIteration" value="0" />
                  <property name="repeatIteration" value="0" />
                </properties>
              </test-case>
              <test-case id="2299" name="WhenDisposingFastBufferWriter_IsInitializedIsFalse" fullname="Unity.Netcode.EditorTests.FastBufferWriterTests.WhenDisposingFastBufferWriter_IsInitializedIsFalse" methodname="WhenDisposingFastBufferWriter_IsInitializedIsFalse" classname="Unity.Netcode.EditorTests.FastBufferWriterTests" runstate="Runnable" seed="612381025" result="Passed" start-time="2025-12-30 16:55:53Z" end-time="2025-12-30 16:55:53Z" duration="0.000089" asserts="0">
                <properties>
                  <property name="retryIteration" value="0" />
                  <property name="repeatIteration" value="0" />
                </properties>
              </test-case>
              <test-case id="2305" name="WhenRequestingWriteExactlyAtBoundsForGrowingWriter_BufferDoesntGrow" fullname="Unity.Netcode.EditorTests.FastBufferWriterTests.WhenRequestingWriteExactlyAtBoundsForGrowingWriter_BufferDoesntGrow" methodname="WhenRequestingWriteExactlyAtBoundsForGrowingWriter_BufferDoesntGrow" classname="Unity.Netcode.EditorTests.FastBufferWriterTests" runstate="Runnable" seed="1959961850" result="Passed" start-time="2025-12-30 16:55:53Z" end-time="2025-12-30 16:55:53Z" duration="0.000385" asserts="0">
                <properties>
                  <property name="retryIteration" value="0" />
                  <property name="repeatIteration" value="0" />
                </properties>
              </test-case>
              <test-case id="2304" name="WhenRequestingWritePastBoundsForGrowingWriter_BufferGrowsWithoutLosingData" fullname="Unity.Netcode.EditorTests.FastBufferWriterTests.WhenRequestingWritePastBoundsForGrowingWriter_BufferGrowsWithoutLosingData" methodname="WhenRequestingWritePastBoundsForGrowingWriter_BufferGrowsWithoutLosingData" classname="Unity.Netcode.EditorTests.FastBufferWriterTests" runstate="Runnable" seed="1542161883" result="Passed" start-time="2025-12-30 16:55:53Z" end-time="2025-12-30 16:55:53Z" duration="0.000350" asserts="0">
                <properties>
                  <property name="retryIteration" value="0" />
                  <property name="repeatIteration" value="0" />
                </properties>
              </test-case>
              <test-case id="2301" name="WhenRequestingWritePastBoundsForNonGrowingWriter_TryBeginWriteReturnsFalse" fullname="Unity.Netcode.EditorTests.FastBufferWriterTests.WhenRequestingWritePastBoundsForNonGrowingWriter_TryBeginWriteReturnsFalse" methodname="WhenRequestingWritePastBoundsForNonGrowingWriter_TryBeginWriteReturnsFalse" classname="Unity.Netcode.EditorTests.FastBufferWriterTests" runstate="Runnable" seed="1034278039" result="Passed" start-time="2025-12-30 16:55:53Z" end-time="2025-12-30 16:55:53Z" duration="0.000113" asserts="0">
                <properties>
                  <property name="retryIteration" value="0" />
                  <property name="repeatIteration" value="0" />
                </properties>
              </test-case>
              <test-case id="2292" name="WhenSeekingBackward_LengthDoesNotChange" fullname="Unity.Netcode.EditorTests.FastBufferWriterTests.WhenSeekingBackward_LengthDoesNotChange" methodname="WhenSeekingBackward_LengthDoesNotChange" classname="Unity.Netcode.EditorTests.FastBufferWriterTests" runstate="Runnable" seed="506221938" result="Passed" start-time="2025-12-30 16:55:53Z" end-time="2025-12-30 16:55:53Z" duration="0.000116" asserts="0">
                <properties>
                  <property name="retryIteration" value="0" />
                  <property name="repeatIteration" value="0" />
                </properties>
              </test-case>
              <test-case id="2291" name="WhenSeekingForward_LengthUpdatesToNewPosition" fullname="Unity.Netcode.EditorTests.FastBufferWriterTests.WhenSeekingForward_LengthUpdatesToNewPosition" methodname="WhenSeekingForward_LengthUpdatesToNewPosition" classname="Unity.Netcode.EditorTests.FastBufferWriterTests" runstate="Runnable" seed="272985129" result="Passed" start-time="2025-12-30 16:55:53Z" end-time="2025-12-30 16:55:53Z" duration="0.000104" asserts="0">
                <properties>
                  <property name="retryIteration" value="0" />
                  <property name="repeatIteration" value="0" />
                </properties>
              </test-case>
              <test-case id="2295" name="WhenTruncatingToCurrentPosition_LengthIsUpdated" fullname="Unity.Netcode.EditorTests.FastBufferWriterTests.WhenTruncatingToCurrentPosition_LengthIsUpdated" methodname="WhenTruncatingToCurrentPosition_LengthIsUpdated" classname="Unity.Netcode.EditorTests.FastBufferWriterTests" runstate="Runnable" seed="150435481" result="Passed" start-time="2025-12-30 16:55:53Z" end-time="2025-12-30 16:55:53Z" duration="0.000118" asserts="0">
                <properties>
                  <property name="retryIteration" value="0" />
                  <property name="repeatIteration" value="0" />
                </properties>
              </test-case>
              <test-case id="2293" name="WhenTruncatingToSpecificPositionAheadOfWritePosition_LengthIsUpdatedAndPositionIsNot" fullname="Unity.Netcode.EditorTests.FastBufferWriterTests.WhenTruncatingToSpecificPositionAheadOfWritePosition_LengthIsUpdatedAndPositionIsNot" methodname="WhenTruncatingToSpecificPositionAheadOfWritePosition_LengthIsUpdatedAndPositionIsNot" classname="Unity.Netcode.EditorTests.FastBufferWriterTests" runstate="Runnable" seed="2024969615" result="Passed" start-time="2025-12-30 16:55:53Z" end-time="2025-12-30 16:55:53Z" duration="0.000136" asserts="0">
                <properties>
                  <property name="retryIteration" value="0" />
                  <property name="repeatIteration" value="0" />
                </properties>
              </test-case>
              <test-case id="2294" name="WhenTruncatingToSpecificPositionBehindWritePosition_BothLengthAndPositionAreUpdated" fullname="Unity.Netcode.EditorTests.FastBufferWriterTests.WhenTruncatingToSpecificPositionBehindWritePosition_BothLengthAndPositionAreUpdated" methodname="WhenTruncatingToSpecificPositionBehindWritePosition_BothLengthAndPositionAreUpdated" classname="Unity.Netcode.EditorTests.FastBufferWriterTests" runstate="Runnable" seed="1029775281" result="Passed" start-time="2025-12-30 16:55:53Z" end-time="2025-12-30 16:55:53Z" duration="0.000114" asserts="0">
                <properties>
                  <property name="retryIteration" value="0" />
                  <property name="repeatIteration" value="0" />
                </properties>
              </test-case>
              <test-case id="2302" name="WhenTryBeginWriteReturnsFalse_WritingThrowsOverflowException" fullname="Unity.Netcode.EditorTests.FastBufferWriterTests.WhenTryBeginWriteReturnsFalse_WritingThrowsOverflowException" methodname="WhenTryBeginWriteReturnsFalse_WritingThrowsOverflowException" classname="Unity.Netcode.EditorTests.FastBufferWriterTests" runstate="Runnable" seed="1034839910" result="Passed" start-time="2025-12-30 16:55:53Z" end-time="2025-12-30 16:55:53Z" duration="0.000236" asserts="0">
                <properties>
                  <property name="retryIteration" value="0" />
                  <property name="repeatIteration" value="0" />
                </properties>
              </test-case>
              <test-case id="2303" name="WhenTryBeginWriteReturnsFalseAndOverflowExceptionIsThrown_DataIsNotAffected" fullname="Unity.Netcode.EditorTests.FastBufferWriterTests.WhenTryBeginWriteReturnsFalseAndOverflowExceptionIsThrown_DataIsNotAffected" methodname="WhenTryBeginWriteReturnsFalseAndOverflowExceptionIsThrown_DataIsNotAffected" classname="Unity.Netcode.EditorTests.FastBufferWriterTests" runstate="Runnable" seed="1205824934" result="Passed" start-time="2025-12-30 16:55:53Z" end-time="2025-12-30 16:55:53Z" duration="0.000400" asserts="0">
                <properties>
                  <property name="retryIteration" value="0" />
                  <property name="repeatIteration" value="0" />
                </properties>
              </test-case>
              <test-case id="2308" name="WhenTryingToWritePastMaxCapacity_GrowthDoesNotOccurAndTryBeginWriteReturnsFalse" fullname="Unity.Netcode.EditorTests.FastBufferWriterTests.WhenTryingToWritePastMaxCapacity_GrowthDoesNotOccurAndTryBeginWriteReturnsFalse" methodname="WhenTryingToWritePastMaxCapacity_GrowthDoesNotOccurAndTryBeginWriteReturnsFalse" classname="Unity.Netcode.EditorTests.FastBufferWriterTests" runstate="Runnable" seed="1273358789" result="Passed" start-time="2025-12-30 16:55:53Z" end-time="2025-12-30 16:55:53Z" duration="0.000126" asserts="0">
                <properties>
                  <property name="retryIteration" value="0" />
                  <property name="repeatIteration" value="0" />
                </properties>
              </test-case>
              <test-case id="2300" name="WhenUsingDefaultFastBufferWriter_IsInitializedIsFalse" fullname="Unity.Netcode.EditorTests.FastBufferWriterTests.WhenUsingDefaultFastBufferWriter_IsInitializedIsFalse" methodname="WhenUsingDefaultFastBufferWriter_IsInitializedIsFalse" classname="Unity.Netcode.EditorTests.FastBufferWriterTests" runstate="Runnable" seed="590976598" result="Passed" start-time="2025-12-30 16:55:53Z" end-time="2025-12-30 16:55:53Z" duration="0.000099" asserts="0">
                <properties>
                  <property name="retryIteration" value="0" />
                  <property name="repeatIteration" value="0" />
                </properties>
              </test-case>
              <test-case id="2290" name="WhenWritingAfterSeeking_TheNewWriteGoesToTheCorrectPosition" fullname="Unity.Netcode.EditorTests.FastBufferWriterTests.WhenWritingAfterSeeking_TheNewWriteGoesToTheCorrectPosition" methodname="WhenWritingAfterSeeking_TheNewWriteGoesToTheCorrectPosition" classname="Unity.Netcode.EditorTests.FastBufferWriterTests" runstate="Runnable" seed="992830006" result="Passed" start-time="2025-12-30 16:55:53Z" end-time="2025-12-30 16:55:53Z" duration="0.000207" asserts="0">
                <properties>
                  <property name="retryIteration" value="0" />
                  <property name="repeatIteration" value="0" />
                </properties>
              </test-case>
              <test-suite type="ParameterizedMethod" id="2118" name="WhenWritingArrayOfUnmanagedElementType_ArrayIsWrittenCorrectly" fullname="Unity.Netcode.EditorTests.FastBufferWriterTests.WhenWritingArrayOfUnmanagedElementType_ArrayIsWrittenCorrectly" classname="Unity.Netcode.EditorTests.FastBufferWriterTests" runstate="Runnable" testcasecount="64" result="Passed" start-time="2025-12-30 16:55:53Z" end-time="2025-12-30 16:55:53Z" duration="0.030084" total="64" passed="64" failed="0" inconclusive="0" skipped="0" asserts="0">
                <properties />
                <test-case id="2054" name="WhenWritingArrayOfUnmanagedElementType_ArrayIsWrittenCorrectly(System.Byte,WriteDirect)" fullname="Unity.Netcode.EditorTests.FastBufferWriterTests.WhenWritingArrayOfUnmanagedElementType_ArrayIsWrittenCorrectly(System.Byte,WriteDirect)" methodname="WhenWritingArrayOfUnmanagedElementType_ArrayIsWrittenCorrectly" classname="Unity.Netcode.EditorTests.FastBufferWriterTests" runstate="Runnable" seed="1179366757" result="Passed" start-time="2025-12-30 16:55:53Z" end-time="2025-12-30 16:55:53Z" duration="0.000853" asserts="0">
                  <properties>
                    <property name="retryIteration" value="0" />
                    <property name="repeatIteration" value="0" />
                  </properties>
                </test-case>
                <test-case id="2055" name="WhenWritingArrayOfUnmanagedElementType_ArrayIsWrittenCorrectly(System.Byte,WriteSafe)" fullname="Unity.Netcode.EditorTests.FastBufferWriterTests.WhenWritingArrayOfUnmanagedElementType_ArrayIsWrittenCorrectly(System.Byte,WriteSafe)" methodname="WhenWritingArrayOfUnmanagedElementType_ArrayIsWrittenCorrectly" classname="Unity.Netcode.EditorTests.FastBufferWriterTests" runstate="Runnable" seed="1235312920" result="Passed" start-time="2025-12-30 16:55:53Z" end-time="2025-12-30 16:55:53Z" duration="0.000265" asserts="0">
                  <properties>
                    <property name="retryIteration" value="0" />
                    <property name="repeatIteration" value="0" />
                  </properties>
                </test-case>
                <test-case id="2056" name="WhenWritingArrayOfUnmanagedElementType_ArrayIsWrittenCorrectly(System.SByte,WriteDirect)" fullname="Unity.Netcode.EditorTests.FastBufferWriterTests.WhenWritingArrayOfUnmanagedElementType_ArrayIsWrittenCorrectly(System.SByte,WriteDirect)" methodname="WhenWritingArrayOfUnmanagedElementType_ArrayIsWrittenCorrectly" classname="Unity.Netcode.EditorTests.FastBufferWriterTests" runstate="Runnable" seed="1602519965" result="Passed" start-time="2025-12-30 16:55:53Z" end-time="2025-12-30 16:55:53Z" duration="0.000482" asserts="0">
                  <properties>
                    <property name="retryIteration" value="0" />
                    <property name="repeatIteration" value="0" />
                  </properties>
                </test-case>
                <test-case id="2057" name="WhenWritingArrayOfUnmanagedElementType_ArrayIsWrittenCorrectly(System.SByte,WriteSafe)" fullname="Unity.Netcode.EditorTests.FastBufferWriterTests.WhenWritingArrayOfUnmanagedElementType_ArrayIsWrittenCorrectly(System.SByte,WriteSafe)" methodname="WhenWritingArrayOfUnmanagedElementType_ArrayIsWrittenCorrectly" classname="Unity.Netcode.EditorTests.FastBufferWriterTests" runstate="Runnable" seed="872525596" result="Passed" start-time="2025-12-30 16:55:53Z" end-time="2025-12-30 16:55:53Z" duration="0.000243" asserts="0">
                  <properties>
                    <property name="retryIteration" value="0" />
                    <property name="repeatIteration" value="0" />
                  </properties>
                </test-case>
                <test-case id="2058" name="WhenWritingArrayOfUnmanagedElementType_ArrayIsWrittenCorrectly(System.Int16,WriteDirect)" fullname="Unity.Netcode.EditorTests.FastBufferWriterTests.WhenWritingArrayOfUnmanagedElementType_ArrayIsWrittenCorrectly(System.Int16,WriteDirect)" methodname="WhenWritingArrayOfUnmanagedElementType_ArrayIsWrittenCorrectly" classname="Unity.Netcode.EditorTests.FastBufferWriterTests" runstate="Runnable" seed="1369702242" result="Passed" start-time="2025-12-30 16:55:53Z" end-time="2025-12-30 16:55:53Z" duration="0.000442" asserts="0">
                  <properties>
                    <property name="retryIteration" value="0" />
                    <property name="repeatIteration" value="0" />
                  </properties>
                </test-case>
                <test-case id="2059" name="WhenWritingArrayOfUnmanagedElementType_ArrayIsWrittenCorrectly(System.Int16,WriteSafe)" fullname="Unity.Netcode.EditorTests.FastBufferWriterTests.WhenWritingArrayOfUnmanagedElementType_ArrayIsWrittenCorrectly(System.Int16,WriteSafe)" methodname="WhenWritingArrayOfUnmanagedElementType_ArrayIsWrittenCorrectly" classname="Unity.Netcode.EditorTests.FastBufferWriterTests" runstate="Runnable" seed="455218734" result="Passed" start-time="2025-12-30 16:55:53Z" end-time="2025-12-30 16:55:53Z" duration="0.000225" asserts="0">
                  <properties>
                    <property name="retryIteration" value="0" />
                    <property name="repeatIteration" value="0" />
                  </properties>
                </test-case>
                <test-case id="2060" name="WhenWritingArrayOfUnmanagedElementType_ArrayIsWrittenCorrectly(System.UInt16,WriteDirect)" fullname="Unity.Netcode.EditorTests.FastBufferWriterTests.WhenWritingArrayOfUnmanagedElementType_ArrayIsWrittenCorrectly(System.UInt16,WriteDirect)" methodname="WhenWritingArrayOfUnmanagedElementType_ArrayIsWrittenCorrectly" classname="Unity.Netcode.EditorTests.FastBufferWriterTests" runstate="Runnable" seed="530339519" result="Passed" start-time="2025-12-30 16:55:53Z" end-time="2025-12-30 16:55:53Z" duration="0.000432" asserts="0">
                  <properties>
                    <property name="retryIteration" value="0" />
                    <property name="repeatIteration" value="0" />
                  </properties>
                </test-case>
                <test-case id="2061" name="WhenWritingArrayOfUnmanagedElementType_ArrayIsWrittenCorrectly(System.UInt16,WriteSafe)" fullname="Unity.Netcode.EditorTests.FastBufferWriterTests.WhenWritingArrayOfUnmanagedElementType_ArrayIsWrittenCorrectly(System.UInt16,WriteSafe)" methodname="WhenWritingArrayOfUnmanagedElementType_ArrayIsWrittenCorrectly" classname="Unity.Netcode.EditorTests.FastBufferWriterTests" runstate="Runnable" seed="1458120266" result="Passed" start-time="2025-12-30 16:55:53Z" end-time="2025-12-30 16:55:53Z" duration="0.000222" asserts="0">
                  <properties>
                    <property name="retryIteration" value="0" />
                    <property name="repeatIteration" value="0" />
                  </properties>
                </test-case>
                <test-case id="2062" name="WhenWritingArrayOfUnmanagedElementType_ArrayIsWrittenCorrectly(System.Int32,WriteDirect)" fullname="Unity.Netcode.EditorTests.FastBufferWriterTests.WhenWritingArrayOfUnmanagedElementType_ArrayIsWrittenCorrectly(System.Int32,WriteDirect)" methodname="WhenWritingArrayOfUnmanagedElementType_ArrayIsWrittenCorrectly" classname="Unity.Netcode.EditorTests.FastBufferWriterTests" runstate="Runnable" seed="435890055" result="Passed" start-time="2025-12-30 16:55:53Z" end-time="2025-12-30 16:55:53Z" duration="0.000448" asserts="0">
                  <properties>
                    <property name="retryIteration" value="0" />
                    <property name="repeatIteration" value="0" />
                  </properties>
                </test-case>
                <test-case id="2063" name="WhenWritingArrayOfUnmanagedElementType_ArrayIsWrittenCorrectly(System.Int32,WriteSafe)" fullname="Unity.Netcode.EditorTests.FastBufferWriterTests.WhenWritingArrayOfUnmanagedElementType_ArrayIsWrittenCorrectly(System.Int32,WriteSafe)" methodname="WhenWritingArrayOfUnmanagedElementType_ArrayIsWrittenCorrectly" classname="Unity.Netcode.EditorTests.FastBufferWriterTests" runstate="Runnable" seed="1673251784" result="Passed" start-time="2025-12-30 16:55:53Z" end-time="2025-12-30 16:55:53Z" duration="0.000235" asserts="0">
                  <properties>
                    <property name="retryIteration" value="0" />
                    <property name="repeatIteration" value="0" />
                  </properties>
                </test-case>
                <test-case id="2064" name="WhenWritingArrayOfUnmanagedElementType_ArrayIsWrittenCorrectly(System.UInt32,WriteDirect)" fullname="Unity.Netcode.EditorTests.FastBufferWriterTests.WhenWritingArrayOfUnmanagedElementType_ArrayIsWrittenCorrectly(System.UInt32,WriteDirect)" methodname="WhenWritingArrayOfUnmanagedElementType_ArrayIsWrittenCorrectly" classname="Unity.Netcode.EditorTests.FastBufferWriterTests" runstate="Runnable" seed="987500193" result="Passed" start-time="2025-12-30 16:55:53Z" end-time="2025-12-30 16:55:53Z" duration="0.000440" asserts="0">
                  <properties>
                    <property name="retryIteration" value="0" />
                    <property name="repeatIteration" value="0" />
                  </properties>
                </test-case>
                <test-case id="2065" name="WhenWritingArrayOfUnmanagedElementType_ArrayIsWrittenCorrectly(System.UInt32,WriteSafe)" fullname="Unity.Netcode.EditorTests.FastBufferWriterTests.WhenWritingArrayOfUnmanagedElementType_ArrayIsWrittenCorrectly(System.UInt32,WriteSafe)" methodname="WhenWritingArrayOfUnmanagedElementType_ArrayIsWrittenCorrectly" classname="Unity.Netcode.EditorTests.FastBufferWriterTests" runstate="Runnable" seed="229446582" result="Passed" start-time="2025-12-30 16:55:53Z" end-time="2025-12-30 16:55:53Z" duration="0.000231" asserts="0">
                  <properties>
                    <property name="retryIteration" value="0" />
                    <property name="repeatIteration" value="0" />
                  </properties>
                </test-case>
                <test-case id="2066" name="WhenWritingArrayOfUnmanagedElementType_ArrayIsWrittenCorrectly(System.Int64,WriteDirect)" fullname="Unity.Netcode.EditorTests.FastBufferWriterTests.WhenWritingArrayOfUnmanagedElementType_ArrayIsWrittenCorrectly(System.Int64,WriteDirect)" methodname="WhenWritingArrayOfUnmanagedElementType_ArrayIsWrittenCorrectly" classname="Unity.Netcode.EditorTests.FastBufferWriterTests" runstate="Runnable" seed="1714410043" result="Passed" start-time="2025-12-30 16:55:53Z" end-time="2025-12-30 16:55:53Z" duration="0.000449" asserts="0">
                  <properties>
                    <property name="retryIteration" value="0" />
                    <property name="repeatIteration" value="0" />
                  </properties>
                </test-case>
                <test-case id="2067" name="WhenWritingArrayOfUnmanagedElementType_ArrayIsWrittenCorrectly(System.Int64,WriteSafe)" fullname="Unity.Netcode.EditorTests.FastBufferWriterTests.WhenWritingArrayOfUnmanagedElementType_ArrayIsWrittenCorrectly(System.Int64,WriteSafe)" methodname="WhenWritingArrayOfUnmanagedElementType_ArrayIsWrittenCorrectly" classname="Unity.Netcode.EditorTests.FastBufferWriterTests" runstate="Runnable" seed="874274169" result="Passed" start-time="2025-12-30 16:55:53Z" end-time="2025-12-30 16:55:53Z" duration="0.000219" asserts="0">
                  <properties>
                    <property name="retryIteration" value="0" />
                    <property name="repeatIteration" value="0" />
                  </properties>
                </test-case>
                <test-case id="2068" name="WhenWritingArrayOfUnmanagedElementType_ArrayIsWrittenCorrectly(System.UInt64,WriteDirect)" fullname="Unity.Netcode.EditorTests.FastBufferWriterTests.WhenWritingArrayOfUnmanagedElementType_ArrayIsWrittenCorrectly(System.UInt64,WriteDirect)" methodname="WhenWritingArrayOfUnmanagedElementType_ArrayIsWrittenCorrectly" classname="Unity.Netcode.EditorTests.FastBufferWriterTests" runstate="Runnable" seed="1573169789" result="Passed" start-time="2025-12-30 16:55:53Z" end-time="2025-12-30 16:55:53Z" duration="0.000525" asserts="0">
                  <properties>
                    <property name="retryIteration" value="0" />
                    <property name="repeatIteration" value="0" />
                  </properties>
                </test-case>
                <test-case id="2069" name="WhenWritingArrayOfUnmanagedElementType_ArrayIsWrittenCorrectly(System.UInt64,WriteSafe)" fullname="Unity.Netcode.EditorTests.FastBufferWriterTests.WhenWritingArrayOfUnmanagedElementType_ArrayIsWrittenCorrectly(System.UInt64,WriteSafe)" methodname="WhenWritingArrayOfUnmanagedElementType_ArrayIsWrittenCorrectly" classname="Unity.Netcode.EditorTests.FastBufferWriterTests" runstate="Runnable" seed="672633421" result="Passed" start-time="2025-12-30 16:55:53Z" end-time="2025-12-30 16:55:53Z" duration="0.000272" asserts="0">
                  <properties>
                    <property name="retryIteration" value="0" />
                    <property name="repeatIteration" value="0" />
                  </properties>
                </test-case>
                <test-case id="2070" name="WhenWritingArrayOfUnmanagedElementType_ArrayIsWrittenCorrectly(System.Boolean,WriteDirect)" fullname="Unity.Netcode.EditorTests.FastBufferWriterTests.WhenWritingArrayOfUnmanagedElementType_ArrayIsWrittenCorrectly(System.Boolean,WriteDirect)" methodname="WhenWritingArrayOfUnmanagedElementType_ArrayIsWrittenCorrectly" classname="Unity.Netcode.EditorTests.FastBufferWriterTests" runstate="Runnable" seed="1708888849" result="Passed" start-time="2025-12-30 16:55:53Z" end-time="2025-12-30 16:55:53Z" duration="0.000577" asserts="0">
                  <properties>
                    <property name="retryIteration" value="0" />
                    <property name="repeatIteration" value="0" />
                  </properties>
                </test-case>
                <test-case id="2071" name="WhenWritingArrayOfUnmanagedElementType_ArrayIsWrittenCorrectly(System.Boolean,WriteSafe)" fullname="Unity.Netcode.EditorTests.FastBufferWriterTests.WhenWritingArrayOfUnmanagedElementType_ArrayIsWrittenCorrectly(System.Boolean,WriteSafe)" methodname="WhenWritingArrayOfUnmanagedElementType_ArrayIsWrittenCorrectly" classname="Unity.Netcode.EditorTests.FastBufferWriterTests" runstate="Runnable" seed="728677414" result="Passed" start-time="2025-12-30 16:55:53Z" end-time="2025-12-30 16:55:53Z" duration="0.000305" asserts="0">
                  <properties>
                    <property name="retryIteration" value="0" />
                    <property name="repeatIteration" value="0" />
                  </properties>
                </test-case>
                <test-case id="2072" name="WhenWritingArrayOfUnmanagedElementType_ArrayIsWrittenCorrectly(System.Char,WriteDirect)" fullname="Unity.Netcode.EditorTests.FastBufferWriterTests.WhenWritingArrayOfUnmanagedElementType_ArrayIsWrittenCorrectly(System.Char,WriteDirect)" methodname="WhenWritingArrayOfUnmanagedElementType_ArrayIsWrittenCorrectly" classname="Unity.Netcode.EditorTests.FastBufferWriterTests" runstate="Runnable" seed="395823173" result="Passed" start-time="2025-12-30 16:55:53Z" end-time="2025-12-30 16:55:53Z" duration="0.000524" asserts="0">
                  <properties>
                    <property name="retryIteration" value="0" />
                    <property name="repeatIteration" value="0" />
                  </properties>
                </test-case>
                <test-case id="2073" name="WhenWritingArrayOfUnmanagedElementType_ArrayIsWrittenCorrectly(System.Char,WriteSafe)" fullname="Unity.Netcode.EditorTests.FastBufferWriterTests.WhenWritingArrayOfUnmanagedElementType_ArrayIsWrittenCorrectly(System.Char,WriteSafe)" methodname="WhenWritingArrayOfUnmanagedElementType_ArrayIsWrittenCorrectly" classname="Unity.Netcode.EditorTests.FastBufferWriterTests" runstate="Runnable" seed="1232407703" result="Passed" start-time="2025-12-30 16:55:53Z" end-time="2025-12-30 16:55:53Z" duration="0.000246" asserts="0">
                  <properties>
                    <property name="retryIteration" value="0" />
                    <property name="repeatIteration" value="0" />
                  </properties>
                </test-case>
                <test-case id="2074" name="WhenWritingArrayOfUnmanagedElementType_ArrayIsWrittenCorrectly(System.Single,WriteDirect)" fullname="Unity.Netcode.EditorTests.FastBufferWriterTests.WhenWritingArrayOfUnmanagedElementType_ArrayIsWrittenCorrectly(System.Single,WriteDirect)" methodname="WhenWritingArrayOfUnmanagedElementType_ArrayIsWrittenCorrectly" classname="Unity.Netcode.EditorTests.FastBufferWriterTests" runstate="Runnable" seed="1838302117" result="Passed" start-time="2025-12-30 16:55:53Z" end-time="2025-12-30 16:55:53Z" duration="0.000503" asserts="0">
                  <properties>
                    <property name="retryIteration" value="0" />
                    <property name="repeatIteration" value="0" />
                  </properties>
                </test-case>
                <test-case id="2075" name="WhenWritingArrayOfUnmanagedElementType_ArrayIsWrittenCorrectly(System.Single,WriteSafe)" fullname="Unity.Netcode.EditorTests.FastBufferWriterTests.WhenWritingArrayOfUnmanagedElementType_ArrayIsWrittenCorrectly(System.Single,WriteSafe)" methodname="WhenWritingArrayOfUnmanagedElementType_ArrayIsWrittenCorrectly" classname="Unity.Netcode.EditorTests.FastBufferWriterTests" runstate="Runnable" seed="1142949808" result="Passed" start-time="2025-12-30 16:55:53Z" end-time="2025-12-30 16:55:53Z" duration="0.000250" asserts="0">
                  <properties>
                    <property name="retryIteration" value="0" />
                    <property name="repeatIteration" value="0" />
                  </properties>
                </test-case>
                <test-case id="2076" name="WhenWritingArrayOfUnmanagedElementType_ArrayIsWrittenCorrectly(System.Double,WriteDirect)" fullname="Unity.Netcode.EditorTests.FastBufferWriterTests.WhenWritingArrayOfUnmanagedElementType_ArrayIsWrittenCorrectly(System.Double,WriteDirect)" methodname="WhenWritingArrayOfUnmanagedElementType_ArrayIsWrittenCorrectly" classname="Unity.Netcode.EditorTests.FastBufferWriterTests" runstate="Runnable" seed="765101257" result="Passed" start-time="2025-12-30 16:55:53Z" end-time="2025-12-30 16:55:53Z" duration="0.000497" asserts="0">
                  <properties>
                    <property name="retryIteration" value="0" />
                    <property name="repeatIteration" value="0" />
                  </properties>
                </test-case>
                <test-case id="2077" name="WhenWritingArrayOfUnmanagedElementType_ArrayIsWrittenCorrectly(System.Double,WriteSafe)" fullname="Unity.Netcode.EditorTests.FastBufferWriterTests.WhenWritingArrayOfUnmanagedElementType_ArrayIsWrittenCorrectly(System.Double,WriteSafe)" methodname="WhenWritingArrayOfUnmanagedElementType_ArrayIsWrittenCorrectly" classname="Unity.Netcode.EditorTests.FastBufferWriterTests" runstate="Runnable" seed="2046608576" result="Passed" start-time="2025-12-30 16:55:53Z" end-time="2025-12-30 16:55:53Z" duration="0.000276" asserts="0">
                  <properties>
                    <property name="retryIteration" value="0" />
                    <property name="repeatIteration" value="0" />
                  </properties>
                </test-case>
                <test-case id="2078" name="WhenWritingArrayOfUnmanagedElementType_ArrayIsWrittenCorrectly(Unity.Netcode.EditorTests.BaseFastBufferReaderWriterTest+ByteEnum,WriteDirect)" fullname="Unity.Netcode.EditorTests.FastBufferWriterTests.WhenWritingArrayOfUnmanagedElementType_ArrayIsWrittenCorrectly(Unity.Netcode.EditorTests.BaseFastBufferReaderWriterTest+ByteEnum,WriteDirect)" methodname="WhenWritingArrayOfUnmanagedElementType_ArrayIsWrittenCorrectly" classname="Unity.Netcode.EditorTests.FastBufferWriterTests" runstate="Runnable" seed="176547054" result="Passed" start-time="2025-12-30 16:55:53Z" end-time="2025-12-30 16:55:53Z" duration="0.000510" asserts="0">
                  <properties>
                    <property name="retryIteration" value="0" />
                    <property name="repeatIteration" value="0" />
                  </properties>
                </test-case>
                <test-case id="2079" name="WhenWritingArrayOfUnmanagedElementType_ArrayIsWrittenCorrectly(Unity.Netcode.EditorTests.BaseFastBufferReaderWriterTest+ByteEnum,WriteSafe)" fullname="Unity.Netcode.EditorTests.FastBufferWriterTests.WhenWritingArrayOfUnmanagedElementType_ArrayIsWrittenCorrectly(Unity.Netcode.EditorTests.BaseFastBufferReaderWriterTest+ByteEnum,WriteSafe)" methodname="WhenWritingArrayOfUnmanagedElementType_ArrayIsWrittenCorrectly" classname="Unity.Netcode.EditorTests.FastBufferWriterTests" runstate="Runnable" seed="1763272428" result="Passed" start-time="2025-12-30 16:55:53Z" end-time="2025-12-30 16:55:53Z" duration="0.000290" asserts="0">
                  <properties>
                    <property name="retryIteration" value="0" />
                    <property name="repeatIteration" value="0" />
                  </properties>
                </test-case>
                <test-case id="2080" name="WhenWritingArrayOfUnmanagedElementType_ArrayIsWrittenCorrectly(Unity.Netcode.EditorTests.BaseFastBufferReaderWriterTest+SByteEnum,WriteDirect)" fullname="Unity.Netcode.EditorTests.FastBufferWriterTests.WhenWritingArrayOfUnmanagedElementType_ArrayIsWrittenCorrectly(Unity.Netcode.EditorTests.BaseFastBufferReaderWriterTest+SByteEnum,WriteDirect)" methodname="WhenWritingArrayOfUnmanagedElementType_ArrayIsWrittenCorrectly" classname="Unity.Netcode.EditorTests.FastBufferWriterTests" runstate="Runnable" seed="1622603084" result="Passed" start-time="2025-12-30 16:55:53Z" end-time="2025-12-30 16:55:53Z" duration="0.000511" asserts="0">
                  <properties>
                    <property name="retryIteration" value="0" />
                    <property name="repeatIteration" value="0" />
                  </properties>
                </test-case>
                <test-case id="2081" name="WhenWritingArrayOfUnmanagedElementType_ArrayIsWrittenCorrectly(Unity.Netcode.EditorTests.BaseFastBufferReaderWriterTest+SByteEnum,WriteSafe)" fullname="Unity.Netcode.EditorTests.FastBufferWriterTests.WhenWritingArrayOfUnmanagedElementType_ArrayIsWrittenCorrectly(Unity.Netcode.EditorTests.BaseFastBufferReaderWriterTest+SByteEnum,WriteSafe)" methodname="WhenWritingArrayOfUnmanagedElementType_ArrayIsWrittenCorrectly" classname="Unity.Netcode.EditorTests.FastBufferWriterTests" runstate="Runnable" seed="1630554671" result="Passed" start-time="2025-12-30 16:55:53Z" end-time="2025-12-30 16:55:53Z" duration="0.000253" asserts="0">
                  <properties>
                    <property name="retryIteration" value="0" />
                    <property name="repeatIteration" value="0" />
                  </properties>
                </test-case>
                <test-case id="2082" name="WhenWritingArrayOfUnmanagedElementType_ArrayIsWrittenCorrectly(Unity.Netcode.EditorTests.BaseFastBufferReaderWriterTest+ShortEnum,WriteDirect)" fullname="Unity.Netcode.EditorTests.FastBufferWriterTests.WhenWritingArrayOfUnmanagedElementType_ArrayIsWrittenCorrectly(Unity.Netcode.EditorTests.BaseFastBufferReaderWriterTest+ShortEnum,WriteDirect)" methodname="WhenWritingArrayOfUnmanagedElementType_ArrayIsWrittenCorrectly" classname="Unity.Netcode.EditorTests.FastBufferWriterTests" runstate="Runnable" seed="1672205657" result="Passed" start-time="2025-12-30 16:55:53Z" end-time="2025-12-30 16:55:53Z" duration="0.000480" asserts="0">
                  <properties>
                    <property name="retryIteration" value="0" />
                    <property name="repeatIteration" value="0" />
                  </properties>
                </test-case>
                <test-case id="2083" name="WhenWritingArrayOfUnmanagedElementType_ArrayIsWrittenCorrectly(Unity.Netcode.EditorTests.BaseFastBufferReaderWriterTest+ShortEnum,WriteSafe)" fullname="Unity.Netcode.EditorTests.FastBufferWriterTests.WhenWritingArrayOfUnmanagedElementType_ArrayIsWrittenCorrectly(Unity.Netcode.EditorTests.BaseFastBufferReaderWriterTest+ShortEnum,WriteSafe)" methodname="WhenWritingArrayOfUnmanagedElementType_ArrayIsWrittenCorrectly" classname="Unity.Netcode.EditorTests.FastBufferWriterTests" runstate="Runnable" seed="883501524" result="Passed" start-time="2025-12-30 16:55:53Z" end-time="2025-12-30 16:55:53Z" duration="0.000278" asserts="0">
                  <properties>
                    <property name="retryIteration" value="0" />
                    <property name="repeatIteration" value="0" />
                  </properties>
                </test-case>
                <test-case id="2084" name="WhenWritingArrayOfUnmanagedElementType_ArrayIsWrittenCorrectly(Unity.Netcode.EditorTests.BaseFastBufferReaderWriterTest+UShortEnum,WriteDirect)" fullname="Unity.Netcode.EditorTests.FastBufferWriterTests.WhenWritingArrayOfUnmanagedElementType_ArrayIsWrittenCorrectly(Unity.Netcode.EditorTests.BaseFastBufferReaderWriterTest+UShortEnum,WriteDirect)" methodname="WhenWritingArrayOfUnmanagedElementType_ArrayIsWrittenCorrectly" classname="Unity.Netcode.EditorTests.FastBufferWriterTests" runstate="Runnable" seed="1229475161" result="Passed" start-time="2025-12-30 16:55:53Z" end-time="2025-12-30 16:55:53Z" duration="0.000625" asserts="0">
                  <properties>
                    <property name="retryIteration" value="0" />
                    <property name="repeatIteration" value="0" />
                  </properties>
                </test-case>
                <test-case id="2085" name="WhenWritingArrayOfUnmanagedElementType_ArrayIsWrittenCorrectly(Unity.Netcode.EditorTests.BaseFastBufferReaderWriterTest+UShortEnum,WriteSafe)" fullname="Unity.Netcode.EditorTests.FastBufferWriterTests.WhenWritingArrayOfUnmanagedElementType_ArrayIsWrittenCorrectly(Unity.Netcode.EditorTests.BaseFastBufferReaderWriterTest+UShortEnum,WriteSafe)" methodname="WhenWritingArrayOfUnmanagedElementType_ArrayIsWrittenCorrectly" classname="Unity.Netcode.EditorTests.FastBufferWriterTests" runstate="Runnable" seed="1813604983" result="Passed" start-time="2025-12-30 16:55:53Z" end-time="2025-12-30 16:55:53Z" duration="0.000297" asserts="0">
                  <properties>
                    <property name="retryIteration" value="0" />
                    <property name="repeatIteration" value="0" />
                  </properties>
                </test-case>
                <test-case id="2086" name="WhenWritingArrayOfUnmanagedElementType_ArrayIsWrittenCorrectly(Unity.Netcode.EditorTests.BaseFastBufferReaderWriterTest+IntEnum,WriteDirect)" fullname="Unity.Netcode.EditorTests.FastBufferWriterTests.WhenWritingArrayOfUnmanagedElementType_ArrayIsWrittenCorrectly(Unity.Netcode.EditorTests.BaseFastBufferReaderWriterTest+IntEnum,WriteDirect)" methodname="WhenWritingArrayOfUnmanagedElementType_ArrayIsWrittenCorrectly" classname="Unity.Netcode.EditorTests.FastBufferWriterTests" runstate="Runnable" seed="870420696" result="Passed" start-time="2025-12-30 16:55:53Z" end-time="2025-12-30 16:55:53Z" duration="0.000545" asserts="0">
                  <properties>
                    <property name="retryIteration" value="0" />
                    <property name="repeatIteration" value="0" />
                  </properties>
                </test-case>
                <test-case id="2087" name="WhenWritingArrayOfUnmanagedElementType_ArrayIsWrittenCorrectly(Unity.Netcode.EditorTests.BaseFastBufferReaderWriterTest+IntEnum,WriteSafe)" fullname="Unity.Netcode.EditorTests.FastBufferWriterTests.WhenWritingArrayOfUnmanagedElementType_ArrayIsWrittenCorrectly(Unity.Netcode.EditorTests.BaseFastBufferReaderWriterTest+IntEnum,WriteSafe)" methodname="WhenWritingArrayOfUnmanagedElementType_ArrayIsWrittenCorrectly" classname="Unity.Netcode.EditorTests.FastBufferWriterTests" runstate="Runnable" seed="1819924371" result="Passed" start-time="2025-12-30 16:55:53Z" end-time="2025-12-30 16:55:53Z" duration="0.000265" asserts="0">
                  <properties>
                    <property name="retryIteration" value="0" />
                    <property name="repeatIteration" value="0" />
                  </properties>
                </test-case>
                <test-case id="2088" name="WhenWritingArrayOfUnmanagedElementType_ArrayIsWrittenCorrectly(Unity.Netcode.EditorTests.BaseFastBufferReaderWriterTest+UIntEnum,WriteDirect)" fullname="Unity.Netcode.EditorTests.FastBufferWriterTests.WhenWritingArrayOfUnmanagedElementType_ArrayIsWrittenCorrectly(Unity.Netcode.EditorTests.BaseFastBufferReaderWriterTest+UIntEnum,WriteDirect)" methodname="WhenWritingArrayOfUnmanagedElementType_ArrayIsWrittenCorrectly" classname="Unity.Netcode.EditorTests.FastBufferWriterTests" runstate="Runnable" seed="63539414" result="Passed" start-time="2025-12-30 16:55:53Z" end-time="2025-12-30 16:55:53Z" duration="0.000483" asserts="0">
                  <properties>
                    <property name="retryIteration" value="0" />
                    <property name="repeatIteration" value="0" />
                  </properties>
                </test-case>
                <test-case id="2089" name="WhenWritingArrayOfUnmanagedElementType_ArrayIsWrittenCorrectly(Unity.Netcode.EditorTests.BaseFastBufferReaderWriterTest+UIntEnum,WriteSafe)" fullname="Unity.Netcode.EditorTests.FastBufferWriterTests.WhenWritingArrayOfUnmanagedElementType_ArrayIsWrittenCorrectly(Unity.Netcode.EditorTests.BaseFastBufferReaderWriterTest+UIntEnum,WriteSafe)" methodname="WhenWritingArrayOfUnmanagedElementType_ArrayIsWrittenCorrectly" classname="Unity.Netcode.EditorTests.FastBufferWriterTests" runstate="Runnable" seed="1271900038" result="Passed" start-time="2025-12-30 16:55:53Z" end-time="2025-12-30 16:55:53Z" duration="0.000258" asserts="0">
                  <properties>
                    <property name="retryIteration" value="0" />
                    <property name="repeatIteration" value="0" />
                  </properties>
                </test-case>
                <test-case id="2090" name="WhenWritingArrayOfUnmanagedElementType_ArrayIsWrittenCorrectly(Unity.Netcode.EditorTests.BaseFastBufferReaderWriterTest+LongEnum,WriteDirect)" fullname="Unity.Netcode.EditorTests.FastBufferWriterTests.WhenWritingArrayOfUnmanagedElementType_ArrayIsWrittenCorrectly(Unity.Netcode.EditorTests.BaseFastBufferReaderWriterTest+LongEnum,WriteDirect)" methodname="WhenWritingArrayOfUnmanagedElementType_ArrayIsWrittenCorrectly" classname="Unity.Netcode.EditorTests.FastBufferWriterTests" runstate="Runnable" seed="745869975" result="Passed" start-time="2025-12-30 16:55:53Z" end-time="2025-12-30 16:55:53Z" duration="0.000484" asserts="0">
                  <properties>
                    <property name="retryIteration" value="0" />
                    <property name="repeatIteration" value="0" />
                  </properties>
                </test-case>
                <test-case id="2091" name="WhenWritingArrayOfUnmanagedElementType_ArrayIsWrittenCorrectly(Unity.Netcode.EditorTests.BaseFastBufferReaderWriterTest+LongEnum,WriteSafe)" fullname="Unity.Netcode.EditorTests.FastBufferWriterTests.WhenWritingArrayOfUnmanagedElementType_ArrayIsWrittenCorrectly(Unity.Netcode.EditorTests.BaseFastBufferReaderWriterTest+LongEnum,WriteSafe)" methodname="WhenWritingArrayOfUnmanagedElementType_ArrayIsWrittenCorrectly" classname="Unity.Netcode.EditorTests.FastBufferWriterTests" runstate="Runnable" seed="738702541" result="Passed" start-time="2025-12-30 16:55:53Z" end-time="2025-12-30 16:55:53Z" duration="0.000257" asserts="0">
                  <properties>
                    <property name="retryIteration" value="0" />
                    <property name="repeatIteration" value="0" />
                  </properties>
                </test-case>
                <test-case id="2092" name="WhenWritingArrayOfUnmanagedElementType_ArrayIsWrittenCorrectly(Unity.Netcode.EditorTests.BaseFastBufferReaderWriterTest+ULongEnum,WriteDirect)" fullname="Unity.Netcode.EditorTests.FastBufferWriterTests.WhenWritingArrayOfUnmanagedElementType_ArrayIsWrittenCorrectly(Unity.Netcode.EditorTests.BaseFastBufferReaderWriterTest+ULongEnum,WriteDirect)" methodname="WhenWritingArrayOfUnmanagedElementType_ArrayIsWrittenCorrectly" classname="Unity.Netcode.EditorTests.FastBufferWriterTests" runstate="Runnable" seed="162835420" result="Passed" start-time="2025-12-30 16:55:53Z" end-time="2025-12-30 16:55:53Z" duration="0.000462" asserts="0">
                  <properties>
                    <property name="retryIteration" value="0" />
                    <property name="repeatIteration" value="0" />
                  </properties>
                </test-case>
                <test-case id="2093" name="WhenWritingArrayOfUnmanagedElementType_ArrayIsWrittenCorrectly(Unity.Netcode.EditorTests.BaseFastBufferReaderWriterTest+ULongEnum,WriteSafe)" fullname="Unity.Netcode.EditorTests.FastBufferWriterTests.WhenWritingArrayOfUnmanagedElementType_ArrayIsWrittenCorrectly(Unity.Netcode.EditorTests.BaseFastBufferReaderWriterTest+ULongEnum,WriteSafe)" methodname="WhenWritingArrayOfUnmanagedElementType_ArrayIsWrittenCorrectly" classname="Unity.Netcode.EditorTests.FastBufferWriterTests" runstate="Runnable" seed="2013803408" result="Passed" start-time="2025-12-30 16:55:53Z" end-time="2025-12-30 16:55:53Z" duration="0.000350" asserts="0">
                  <properties>
                    <property name="retryIteration" value="0" />
                    <property name="repeatIteration" value="0" />
                  </properties>
                </test-case>
                <test-case id="2094" name="WhenWritingArrayOfUnmanagedElementType_ArrayIsWrittenCorrectly(UnityEngine.Vector2,WriteDirect)" fullname="Unity.Netcode.EditorTests.FastBufferWriterTests.WhenWritingArrayOfUnmanagedElementType_ArrayIsWrittenCorrectly(UnityEngine.Vector2,WriteDirect)" methodname="WhenWritingArrayOfUnmanagedElementType_ArrayIsWrittenCorrectly" classname="Unity.Netcode.EditorTests.FastBufferWriterTests" runstate="Runnable" seed="1597209721" result="Passed" start-time="2025-12-30 16:55:53Z" end-time="2025-12-30 16:55:53Z" duration="0.000550" asserts="0">
                  <properties>
                    <property name="retryIteration" value="0" />
                    <property name="repeatIteration" value="0" />
                  </properties>
                </test-case>
                <test-case id="2095" name="WhenWritingArrayOfUnmanagedElementType_ArrayIsWrittenCorrectly(UnityEngine.Vector2,WriteSafe)" fullname="Unity.Netcode.EditorTests.FastBufferWriterTests.WhenWritingArrayOfUnmanagedElementType_ArrayIsWrittenCorrectly(UnityEngine.Vector2,WriteSafe)" methodname="WhenWritingArrayOfUnmanagedElementType_ArrayIsWrittenCorrectly" classname="Unity.Netcode.EditorTests.FastBufferWriterTests" runstate="Runnable" seed="251831018" result="Passed" start-time="2025-12-30 16:55:53Z" end-time="2025-12-30 16:55:53Z" duration="0.000256" asserts="0">
                  <properties>
                    <property name="retryIteration" value="0" />
                    <property name="repeatIteration" value="0" />
                  </properties>
                </test-case>
                <test-case id="2096" name="WhenWritingArrayOfUnmanagedElementType_ArrayIsWrittenCorrectly(UnityEngine.Vector3,WriteDirect)" fullname="Unity.Netcode.EditorTests.FastBufferWriterTests.WhenWritingArrayOfUnmanagedElementType_ArrayIsWrittenCorrectly(UnityEngine.Vector3,WriteDirect)" methodname="WhenWritingArrayOfUnmanagedElementType_ArrayIsWrittenCorrectly" classname="Unity.Netcode.EditorTests.FastBufferWriterTests" runstate="Runnable" seed="1357011709" result="Passed" start-time="2025-12-30 16:55:53Z" end-time="2025-12-30 16:55:53Z" duration="0.000471" asserts="0">
                  <properties>
                    <property name="retryIteration" value="0" />
                    <property name="repeatIteration" value="0" />
                  </properties>
                </test-case>
                <test-case id="2097" name="WhenWritingArrayOfUnmanagedElementType_ArrayIsWrittenCorrectly(UnityEngine.Vector3,WriteSafe)" fullname="Unity.Netcode.EditorTests.FastBufferWriterTests.WhenWritingArrayOfUnmanagedElementType_ArrayIsWrittenCorrectly(UnityEngine.Vector3,WriteSafe)" methodname="WhenWritingArrayOfUnmanagedElementType_ArrayIsWrittenCorrectly" classname="Unity.Netcode.EditorTests.FastBufferWriterTests" runstate="Runnable" seed="1514070721" result="Passed" start-time="2025-12-30 16:55:53Z" end-time="2025-12-30 16:55:53Z" duration="0.000221" asserts="0">
                  <properties>
                    <property name="retryIteration" value="0" />
                    <property name="repeatIteration" value="0" />
                  </properties>
                </test-case>
                <test-case id="2098" name="WhenWritingArrayOfUnmanagedElementType_ArrayIsWrittenCorrectly(UnityEngine.Vector2Int,WriteDirect)" fullname="Unity.Netcode.EditorTests.FastBufferWriterTests.WhenWritingArrayOfUnmanagedElementType_ArrayIsWrittenCorrectly(UnityEngine.Vector2Int,WriteDirect)" methodname="WhenWritingArrayOfUnmanagedElementType_ArrayIsWrittenCorrectly" classname="Unity.Netcode.EditorTests.FastBufferWriterTests" runstate="Runnable" seed="1321514092" result="Passed" start-time="2025-12-30 16:55:53Z" end-time="2025-12-30 16:55:53Z" duration="0.000571" asserts="0">
                  <properties>
                    <property name="retryIteration" value="0" />
                    <property name="repeatIteration" value="0" />
                  </properties>
                </test-case>
                <test-case id="2099" name="WhenWritingArrayOfUnmanagedElementType_ArrayIsWrittenCorrectly(UnityEngine.Vector2Int,WriteSafe)" fullname="Unity.Netcode.EditorTests.FastBufferWriterTests.WhenWritingArrayOfUnmanagedElementType_ArrayIsWrittenCorrectly(UnityEngine.Vector2Int,WriteSafe)" methodname="WhenWritingArrayOfUnmanagedElementType_ArrayIsWrittenCorrectly" classname="Unity.Netcode.EditorTests.FastBufferWriterTests" runstate="Runnable" seed="329101025" result="Passed" start-time="2025-12-30 16:55:53Z" end-time="2025-12-30 16:55:53Z" duration="0.000212" asserts="0">
                  <properties>
                    <property name="retryIteration" value="0" />
                    <property name="repeatIteration" value="0" />
                  </properties>
                </test-case>
                <test-case id="2100" name="WhenWritingArrayOfUnmanagedElementType_ArrayIsWrittenCorrectly(UnityEngine.Vector3Int,WriteDirect)" fullname="Unity.Netcode.EditorTests.FastBufferWriterTests.WhenWritingArrayOfUnmanagedElementType_ArrayIsWrittenCorrectly(UnityEngine.Vector3Int,WriteDirect)" methodname="WhenWritingArrayOfUnmanagedElementType_ArrayIsWrittenCorrectly" classname="Unity.Netcode.EditorTests.FastBufferWriterTests" runstate="Runnable" seed="2091390272" result="Passed" start-time="2025-12-30 16:55:53Z" end-time="2025-12-30 16:55:53Z" duration="0.000438" asserts="0">
                  <properties>
                    <property name="retryIteration" value="0" />
                    <property name="repeatIteration" value="0" />
                  </properties>
                </test-case>
                <test-case id="2101" name="WhenWritingArrayOfUnmanagedElementType_ArrayIsWrittenCorrectly(UnityEngine.Vector3Int,WriteSafe)" fullname="Unity.Netcode.EditorTests.FastBufferWriterTests.WhenWritingArrayOfUnmanagedElementType_ArrayIsWrittenCorrectly(UnityEngine.Vector3Int,WriteSafe)" methodname="WhenWritingArrayOfUnmanagedElementType_ArrayIsWrittenCorrectly" classname="Unity.Netcode.EditorTests.FastBufferWriterTests" runstate="Runnable" seed="1361230871" result="Passed" start-time="2025-12-30 16:55:53Z" end-time="2025-12-30 16:55:53Z" duration="0.000217" asserts="0">
                  <properties>
                    <property name="retryIteration" value="0" />
                    <property name="repeatIteration" value="0" />
                  </properties>
                </test-case>
                <test-case id="2102" name="WhenWritingArrayOfUnmanagedElementType_ArrayIsWrittenCorrectly(UnityEngine.Vector4,WriteDirect)" fullname="Unity.Netcode.EditorTests.FastBufferWriterTests.WhenWritingArrayOfUnmanagedElementType_ArrayIsWrittenCorrectly(UnityEngine.Vector4,WriteDirect)" methodname="WhenWritingArrayOfUnmanagedElementType_ArrayIsWrittenCorrectly" classname="Unity.Netcode.EditorTests.FastBufferWriterTests" runstate="Runnable" seed="2085850302" result="Passed" start-time="2025-12-30 16:55:53Z" end-time="2025-12-30 16:55:53Z" duration="0.000416" asserts="0">
                  <properties>
                    <property name="retryIteration" value="0" />
                    <property name="repeatIteration" value="0" />
                  </properties>
                </test-case>
                <test-case id="2103" name="WhenWritingArrayOfUnmanagedElementType_ArrayIsWrittenCorrectly(UnityEngine.Vector4,WriteSafe)" fullname="Unity.Netcode.EditorTests.FastBufferWriterTests.WhenWritingArrayOfUnmanagedElementType_ArrayIsWrittenCorrectly(UnityEngine.Vector4,WriteSafe)" methodname="WhenWritingArrayOfUnmanagedElementType_ArrayIsWrittenCorrectly" classname="Unity.Netcode.EditorTests.FastBufferWriterTests" runstate="Runnable" seed="349152737" result="Passed" start-time="2025-12-30 16:55:53Z" end-time="2025-12-30 16:55:53Z" duration="0.000195" asserts="0">
                  <properties>
                    <property name="retryIteration" value="0" />
                    <property name="repeatIteration" value="0" />
                  </properties>
                </test-case>
                <test-case id="2104" name="WhenWritingArrayOfUnmanagedElementType_ArrayIsWrittenCorrectly(UnityEngine.Quaternion,WriteDirect)" fullname="Unity.Netcode.EditorTests.FastBufferWriterTests.WhenWritingArrayOfUnmanagedElementType_ArrayIsWrittenCorrectly(UnityEngine.Quaternion,WriteDirect)" methodname="WhenWritingArrayOfUnmanagedElementType_ArrayIsWrittenCorrectly" classname="Unity.Netcode.EditorTests.FastBufferWriterTests" runstate="Runnable" seed="1723210134" result="Passed" start-time="2025-12-30 16:55:53Z" end-time="2025-12-30 16:55:53Z" duration="0.000414" asserts="0">
                  <properties>
                    <property name="retryIteration" value="0" />
                    <property name="repeatIteration" value="0" />
                  </properties>
                </test-case>
                <test-case id="2105" name="WhenWritingArrayOfUnmanagedElementType_ArrayIsWrittenCorrectly(UnityEngine.Quaternion,WriteSafe)" fullname="Unity.Netcode.EditorTests.FastBufferWriterTests.WhenWritingArrayOfUnmanagedElementType_ArrayIsWrittenCorrectly(UnityEngine.Quaternion,WriteSafe)" methodname="WhenWritingArrayOfUnmanagedElementType_ArrayIsWrittenCorrectly" classname="Unity.Netcode.EditorTests.FastBufferWriterTests" runstate="Runnable" seed="1277906073" result="Passed" start-time="2025-12-30 16:55:53Z" end-time="2025-12-30 16:55:53Z" duration="0.000203" asserts="0">
                  <properties>
                    <property name="retryIteration" value="0" />
                    <property name="repeatIteration" value="0" />
                  </properties>
                </test-case>
                <test-case id="2106" name="WhenWritingArrayOfUnmanagedElementType_ArrayIsWrittenCorrectly(UnityEngine.Pose,WriteDirect)" fullname="Unity.Netcode.EditorTests.FastBufferWriterTests.WhenWritingArrayOfUnmanagedElementType_ArrayIsWrittenCorrectly(UnityEngine.Pose,WriteDirect)" methodname="WhenWritingArrayOfUnmanagedElementType_ArrayIsWrittenCorrectly" classname="Unity.Netcode.EditorTests.FastBufferWriterTests" runstate="Runnable" seed="2082127172" result="Passed" start-time="2025-12-30 16:55:53Z" end-time="2025-12-30 16:55:53Z" duration="0.000430" asserts="0">
                  <properties>
                    <property name="retryIteration" value="0" />
                    <property name="repeatIteration" value="0" />
                  </properties>
                </test-case>
                <test-case id="2107" name="WhenWritingArrayOfUnmanagedElementType_ArrayIsWrittenCorrectly(UnityEngine.Pose,WriteSafe)" fullname="Unity.Netcode.EditorTests.FastBufferWriterTests.WhenWritingArrayOfUnmanagedElementType_ArrayIsWrittenCorrectly(UnityEngine.Pose,WriteSafe)" methodname="WhenWritingArrayOfUnmanagedElementType_ArrayIsWrittenCorrectly" classname="Unity.Netcode.EditorTests.FastBufferWriterTests" runstate="Runnable" seed="868242926" result="Passed" start-time="2025-12-30 16:55:53Z" end-time="2025-12-30 16:55:53Z" duration="0.000237" asserts="0">
                  <properties>
                    <property name="retryIteration" value="0" />
                    <property name="repeatIteration" value="0" />
                  </properties>
                </test-case>
                <test-case id="2108" name="WhenWritingArrayOfUnmanagedElementType_ArrayIsWrittenCorrectly(UnityEngine.Color,WriteDirect)" fullname="Unity.Netcode.EditorTests.FastBufferWriterTests.WhenWritingArrayOfUnmanagedElementType_ArrayIsWrittenCorrectly(UnityEngine.Color,WriteDirect)" methodname="WhenWritingArrayOfUnmanagedElementType_ArrayIsWrittenCorrectly" classname="Unity.Netcode.EditorTests.FastBufferWriterTests" runstate="Runnable" seed="784500766" result="Passed" start-time="2025-12-30 16:55:53Z" end-time="2025-12-30 16:55:53Z" duration="0.000448" asserts="0">
                  <properties>
                    <property name="retryIteration" value="0" />
                    <property name="repeatIteration" value="0" />
                  </properties>
                </test-case>
                <test-case id="2109" name="WhenWritingArrayOfUnmanagedElementType_ArrayIsWrittenCorrectly(UnityEngine.Color,WriteSafe)" fullname="Unity.Netcode.EditorTests.FastBufferWriterTests.WhenWritingArrayOfUnmanagedElementType_ArrayIsWrittenCorrectly(UnityEngine.Color,WriteSafe)" methodname="WhenWritingArrayOfUnmanagedElementType_ArrayIsWrittenCorrectly" classname="Unity.Netcode.EditorTests.FastBufferWriterTests" runstate="Runnable" seed="36416949" result="Passed" start-time="2025-12-30 16:55:53Z" end-time="2025-12-30 16:55:53Z" duration="0.000193" asserts="0">
                  <properties>
                    <property name="retryIteration" value="0" />
                    <property name="repeatIteration" value="0" />
                  </properties>
                </test-case>
                <test-case id="2110" name="WhenWritingArrayOfUnmanagedElementType_ArrayIsWrittenCorrectly(UnityEngine.Color32,WriteDirect)" fullname="Unity.Netcode.EditorTests.FastBufferWriterTests.WhenWritingArrayOfUnmanagedElementType_ArrayIsWrittenCorrectly(UnityEngine.Color32,WriteDirect)" methodname="WhenWritingArrayOfUnmanagedElementType_ArrayIsWrittenCorrectly" classname="Unity.Netcode.EditorTests.FastBufferWriterTests" runstate="Runnable" seed="470211663" result="Passed" start-time="2025-12-30 16:55:53Z" end-time="2025-12-30 16:55:53Z" duration="0.000410" asserts="0">
                  <properties>
                    <property name="retryIteration" value="0" />
                    <property name="repeatIteration" value="0" />
                  </properties>
                </test-case>
                <test-case id="2111" name="WhenWritingArrayOfUnmanagedElementType_ArrayIsWrittenCorrectly(UnityEngine.Color32,WriteSafe)" fullname="Unity.Netcode.EditorTests.FastBufferWriterTests.WhenWritingArrayOfUnmanagedElementType_ArrayIsWrittenCorrectly(UnityEngine.Color32,WriteSafe)" methodname="WhenWritingArrayOfUnmanagedElementType_ArrayIsWrittenCorrectly" classname="Unity.Netcode.EditorTests.FastBufferWriterTests" runstate="Runnable" seed="1703395036" result="Passed" start-time="2025-12-30 16:55:53Z" end-time="2025-12-30 16:55:53Z" duration="0.000200" asserts="0">
                  <properties>
                    <property name="retryIteration" value="0" />
                    <property name="repeatIteration" value="0" />
                  </properties>
                </test-case>
                <test-case id="2112" name="WhenWritingArrayOfUnmanagedElementType_ArrayIsWrittenCorrectly(UnityEngine.Ray,WriteDirect)" fullname="Unity.Netcode.EditorTests.FastBufferWriterTests.WhenWritingArrayOfUnmanagedElementType_ArrayIsWrittenCorrectly(UnityEngine.Ray,WriteDirect)" methodname="WhenWritingArrayOfUnmanagedElementType_ArrayIsWrittenCorrectly" classname="Unity.Netcode.EditorTests.FastBufferWriterTests" runstate="Runnable" seed="695978542" result="Passed" start-time="2025-12-30 16:55:53Z" end-time="2025-12-30 16:55:53Z" duration="0.000412" asserts="0">
                  <properties>
                    <property name="retryIteration" value="0" />
                    <property name="repeatIteration" value="0" />
                  </properties>
                </test-case>
                <test-case id="2113" name="WhenWritingArrayOfUnmanagedElementType_ArrayIsWrittenCorrectly(UnityEngine.Ray,WriteSafe)" fullname="Unity.Netcode.EditorTests.FastBufferWriterTests.WhenWritingArrayOfUnmanagedElementType_ArrayIsWrittenCorrectly(UnityEngine.Ray,WriteSafe)" methodname="WhenWritingArrayOfUnmanagedElementType_ArrayIsWrittenCorrectly" classname="Unity.Netcode.EditorTests.FastBufferWriterTests" runstate="Runnable" seed="1753913461" result="Passed" start-time="2025-12-30 16:55:53Z" end-time="2025-12-30 16:55:53Z" duration="0.000198" asserts="0">
                  <properties>
                    <property name="retryIteration" value="0" />
                    <property name="repeatIteration" value="0" />
                  </properties>
                </test-case>
                <test-case id="2114" name="WhenWritingArrayOfUnmanagedElementType_ArrayIsWrittenCorrectly(UnityEngine.Ray2D,WriteDirect)" fullname="Unity.Netcode.EditorTests.FastBufferWriterTests.WhenWritingArrayOfUnmanagedElementType_ArrayIsWrittenCorrectly(UnityEngine.Ray2D,WriteDirect)" methodname="WhenWritingArrayOfUnmanagedElementType_ArrayIsWrittenCorrectly" classname="Unity.Netcode.EditorTests.FastBufferWriterTests" runstate="Runnable" seed="980099297" result="Passed" start-time="2025-12-30 16:55:53Z" end-time="2025-12-30 16:55:53Z" duration="0.000421" asserts="0">
                  <properties>
                    <property name="retryIteration" value="0" />
                    <property name="repeatIteration" value="0" />
                  </properties>
                </test-case>
                <test-case id="2115" name="WhenWritingArrayOfUnmanagedElementType_ArrayIsWrittenCorrectly(UnityEngine.Ray2D,WriteSafe)" fullname="Unity.Netcode.EditorTests.FastBufferWriterTests.WhenWritingArrayOfUnmanagedElementType_ArrayIsWrittenCorrectly(UnityEngine.Ray2D,WriteSafe)" methodname="WhenWritingArrayOfUnmanagedElementType_ArrayIsWrittenCorrectly" classname="Unity.Netcode.EditorTests.FastBufferWriterTests" runstate="Runnable" seed="1047268495" result="Passed" start-time="2025-12-30 16:55:53Z" end-time="2025-12-30 16:55:53Z" duration="0.000188" asserts="0">
                  <properties>
                    <property name="retryIteration" value="0" />
                    <property name="repeatIteration" value="0" />
                  </properties>
                </test-case>
                <test-case id="2116" name="WhenWritingArrayOfUnmanagedElementType_ArrayIsWrittenCorrectly(Unity.Netcode.EditorTests.BaseFastBufferReaderWriterTest+TestStruct,WriteDirect)" fullname="Unity.Netcode.EditorTests.FastBufferWriterTests.WhenWritingArrayOfUnmanagedElementType_ArrayIsWrittenCorrectly(Unity.Netcode.EditorTests.BaseFastBufferReaderWriterTest+TestStruct,WriteDirect)" methodname="WhenWritingArrayOfUnmanagedElementType_ArrayIsWrittenCorrectly" classname="Unity.Netcode.EditorTests.FastBufferWriterTests" runstate="Runnable" seed="1933398256" result="Passed" start-time="2025-12-30 16:55:53Z" end-time="2025-12-30 16:55:53Z" duration="0.000481" asserts="0">
                  <properties>
                    <property name="retryIteration" value="0" />
                    <property name="repeatIteration" value="0" />
                  </properties>
                </test-case>
                <test-case id="2117" name="WhenWritingArrayOfUnmanagedElementType_ArrayIsWrittenCorrectly(Unity.Netcode.EditorTests.BaseFastBufferReaderWriterTest+TestStruct,WriteSafe)" fullname="Unity.Netcode.EditorTests.FastBufferWriterTests.WhenWritingArrayOfUnmanagedElementType_ArrayIsWrittenCorrectly(Unity.Netcode.EditorTests.BaseFastBufferReaderWriterTest+TestStruct,WriteSafe)" methodname="WhenWritingArrayOfUnmanagedElementType_ArrayIsWrittenCorrectly" classname="Unity.Netcode.EditorTests.FastBufferWriterTests" runstate="Runnable" seed="1699872178" result="Passed" start-time="2025-12-30 16:55:53Z" end-time="2025-12-30 16:55:53Z" duration="0.000241" asserts="0">
                  <properties>
                    <property name="retryIteration" value="0" />
                    <property name="repeatIteration" value="0" />
                  </properties>
                </test-case>
              </test-suite>
              <test-suite type="ParameterizedMethod" id="2206" name="WhenWritingFixedString128Bytes_ValueIsWrittenCorrectly" fullname="Unity.Netcode.EditorTests.FastBufferWriterTests.WhenWritingFixedString128Bytes_ValueIsWrittenCorrectly" classname="Unity.Netcode.EditorTests.FastBufferWriterTests" runstate="Runnable" testcasecount="6" result="Passed" start-time="2025-12-30 16:55:53Z" end-time="2025-12-30 16:55:53Z" duration="0.003080" total="6" passed="6" failed="0" inconclusive="0" skipped="0" asserts="0">
                <properties />
                <test-case id="2200" name="WhenWritingFixedString128Bytes_ValueIsWrittenCorrectly(3,WriteDirect)" fullname="Unity.Netcode.EditorTests.FastBufferWriterTests.WhenWritingFixedString128Bytes_ValueIsWrittenCorrectly(3,WriteDirect)" methodname="WhenWritingFixedString128Bytes_ValueIsWrittenCorrectly" classname="Unity.Netcode.EditorTests.FastBufferWriterTests" runstate="Runnable" seed="1800371127" result="Passed" start-time="2025-12-30 16:55:53Z" end-time="2025-12-30 16:55:53Z" duration="0.000580" asserts="0">
                  <properties>
                    <property name="retryIteration" value="0" />
                    <property name="repeatIteration" value="0" />
                  </properties>
                </test-case>
                <test-case id="2201" name="WhenWritingFixedString128Bytes_ValueIsWrittenCorrectly(5,WriteSafe)" fullname="Unity.Netcode.EditorTests.FastBufferWriterTests.WhenWritingFixedString128Bytes_ValueIsWrittenCorrectly(5,WriteSafe)" methodname="WhenWritingFixedString128Bytes_ValueIsWrittenCorrectly" classname="Unity.Netcode.EditorTests.FastBufferWriterTests" runstate="Runnable" seed="326432693" result="Passed" start-time="2025-12-30 16:55:53Z" end-time="2025-12-30 16:55:53Z" duration="0.000160" asserts="0">
                  <properties>
                    <property name="retryIteration" value="0" />
                    <property name="repeatIteration" value="0" />
                  </properties>
                </test-case>
                <test-case id="2202" name="WhenWritingFixedString128Bytes_ValueIsWrittenCorrectly(16,WriteDirect)" fullname="Unity.Netcode.EditorTests.FastBufferWriterTests.WhenWritingFixedString128Bytes_ValueIsWrittenCorrectly(16,WriteDirect)" methodname="WhenWritingFixedString128Bytes_ValueIsWrittenCorrectly" classname="Unity.Netcode.EditorTests.FastBufferWriterTests" runstate="Runnable" seed="150285674" result="Passed" start-time="2025-12-30 16:55:53Z" end-time="2025-12-30 16:55:53Z" duration="0.000152" asserts="0">
                  <properties>
                    <property name="retryIteration" value="0" />
                    <property name="repeatIteration" value="0" />
                  </properties>
                </test-case>
                <test-case id="2203" name="WhenWritingFixedString128Bytes_ValueIsWrittenCorrectly(29,WriteSafe)" fullname="Unity.Netcode.EditorTests.FastBufferWriterTests.WhenWritingFixedString128Bytes_ValueIsWrittenCorrectly(29,WriteSafe)" methodname="WhenWritingFixedString128Bytes_ValueIsWrittenCorrectly" classname="Unity.Netcode.EditorTests.FastBufferWriterTests" runstate="Runnable" seed="184979174" result="Passed" start-time="2025-12-30 16:55:53Z" end-time="2025-12-30 16:55:53Z" duration="0.000157" asserts="0">
                  <properties>
                    <property name="retryIteration" value="0" />
                    <property name="repeatIteration" value="0" />
                  </properties>
                </test-case>
                <test-case id="2204" name="WhenWritingFixedString128Bytes_ValueIsWrittenCorrectly(61,WriteSafe)" fullname="Unity.Netcode.EditorTests.FastBufferWriterTests.WhenWritingFixedString128Bytes_ValueIsWrittenCorrectly(61,WriteSafe)" methodname="WhenWritingFixedString128Bytes_ValueIsWrittenCorrectly" classname="Unity.Netcode.EditorTests.FastBufferWriterTests" runstate="Runnable" seed="2098695921" result="Passed" start-time="2025-12-30 16:55:53Z" end-time="2025-12-30 16:55:53Z" duration="0.000215" asserts="0">
                  <properties>
                    <property name="retryIteration" value="0" />
                    <property name="repeatIteration" value="0" />
                  </properties>
                </test-case>
                <test-case id="2205" name="WhenWritingFixedString128Bytes_ValueIsWrittenCorrectly(125,WriteSafe)" fullname="Unity.Netcode.EditorTests.FastBufferWriterTests.WhenWritingFixedString128Bytes_ValueIsWrittenCorrectly(125,WriteSafe)" methodname="WhenWritingFixedString128Bytes_ValueIsWrittenCorrectly" classname="Unity.Netcode.EditorTests.FastBufferWriterTests" runstate="Runnable" seed="345650510" result="Passed" start-time="2025-12-30 16:55:53Z" end-time="2025-12-30 16:55:53Z" duration="0.000346" asserts="0">
                  <properties>
                    <property name="retryIteration" value="0" />
                    <property name="repeatIteration" value="0" />
                  </properties>
                </test-case>
              </test-suite>
              <test-suite type="ParameterizedMethod" id="2193" name="WhenWritingFixedString32Bytes_ValueIsWrittenCorrectly" fullname="Unity.Netcode.EditorTests.FastBufferWriterTests.WhenWritingFixedString32Bytes_ValueIsWrittenCorrectly" classname="Unity.Netcode.EditorTests.FastBufferWriterTests" runstate="Runnable" testcasecount="4" result="Passed" start-time="2025-12-30 16:55:53Z" end-time="2025-12-30 16:55:53Z" duration="0.001492" total="4" passed="4" failed="0" inconclusive="0" skipped="0" asserts="0">
                <properties />
                <test-case id="2189" name="WhenWritingFixedString32Bytes_ValueIsWrittenCorrectly(3,WriteDirect)" fullname="Unity.Netcode.EditorTests.FastBufferWriterTests.WhenWritingFixedString32Bytes_ValueIsWrittenCorrectly(3,WriteDirect)" methodname="WhenWritingFixedString32Bytes_ValueIsWrittenCorrectly" classname="Unity.Netcode.EditorTests.FastBufferWriterTests" runstate="Runnable" seed="207846253" result="Passed" start-time="2025-12-30 16:55:53Z" end-time="2025-12-30 16:55:53Z" duration="0.000410" asserts="0">
                  <properties>
                    <property name="retryIteration" value="0" />
                    <property name="repeatIteration" value="0" />
                  </properties>
                </test-case>
                <test-case id="2190" name="WhenWritingFixedString32Bytes_ValueIsWrittenCorrectly(5,WriteSafe)" fullname="Unity.Netcode.EditorTests.FastBufferWriterTests.WhenWritingFixedString32Bytes_ValueIsWrittenCorrectly(5,WriteSafe)" methodname="WhenWritingFixedString32Bytes_ValueIsWrittenCorrectly" classname="Unity.Netcode.EditorTests.FastBufferWriterTests" runstate="Runnable" seed="2097392738" result="Passed" start-time="2025-12-30 16:55:53Z" end-time="2025-12-30 16:55:53Z" duration="0.000105" asserts="0">
                  <properties>
                    <property name="retryIteration" value="0" />
                    <property name="repeatIteration" value="0" />
                  </properties>
                </test-case>
                <test-case id="2191" name="WhenWritingFixedString32Bytes_ValueIsWrittenCorrectly(16,WriteDirect)" fullname="Unity.Netcode.EditorTests.FastBufferWriterTests.WhenWritingFixedString32Bytes_ValueIsWrittenCorrectly(16,WriteDirect)" methodname="WhenWritingFixedString32Bytes_ValueIsWrittenCorrectly" classname="Unity.Netcode.EditorTests.FastBufferWriterTests" runstate="Runnable" seed="1609451457" result="Passed" start-time="2025-12-30 16:55:53Z" end-time="2025-12-30 16:55:53Z" duration="0.000122" asserts="0">
                  <properties>
                    <property name="retryIteration" value="0" />
                    <property name="repeatIteration" value="0" />
                  </properties>
                </test-case>
                <test-case id="2192" name="WhenWritingFixedString32Bytes_ValueIsWrittenCorrectly(29,WriteSafe)" fullname="Unity.Netcode.EditorTests.FastBufferWriterTests.WhenWritingFixedString32Bytes_ValueIsWrittenCorrectly(29,WriteSafe)" methodname="WhenWritingFixedString32Bytes_ValueIsWrittenCorrectly" classname="Unity.Netcode.EditorTests.FastBufferWriterTests" runstate="Runnable" seed="1288609556" result="Passed" start-time="2025-12-30 16:55:53Z" end-time="2025-12-30 16:55:53Z" duration="0.000135" asserts="0">
                  <properties>
                    <property name="retryIteration" value="0" />
                    <property name="repeatIteration" value="0" />
                  </properties>
                </test-case>
              </test-suite>
              <test-suite type="ParameterizedMethod" id="2223" name="WhenWritingFixedString4096Bytes_ValueIsWrittenCorrectly" fullname="Unity.Netcode.EditorTests.FastBufferWriterTests.WhenWritingFixedString4096Bytes_ValueIsWrittenCorrectly" classname="Unity.Netcode.EditorTests.FastBufferWriterTests" runstate="Runnable" testcasecount="8" result="Passed" start-time="2025-12-30 16:55:53Z" end-time="2025-12-30 16:55:53Z" duration="0.076961" total="8" passed="8" failed="0" inconclusive="0" skipped="0" asserts="0">
                <properties />
                <test-case id="2215" name="WhenWritingFixedString4096Bytes_ValueIsWrittenCorrectly(3,WriteDirect)" fullname="Unity.Netcode.EditorTests.FastBufferWriterTests.WhenWritingFixedString4096Bytes_ValueIsWrittenCorrectly(3,WriteDirect)" methodname="WhenWritingFixedString4096Bytes_ValueIsWrittenCorrectly" classname="Unity.Netcode.EditorTests.FastBufferWriterTests" runstate="Runnable" seed="362696343" result="Passed" start-time="2025-12-30 16:55:53Z" end-time="2025-12-30 16:55:53Z" duration="0.040535" asserts="0">
                  <properties>
                    <property name="retryIteration" value="0" />
                    <property name="repeatIteration" value="0" />
                  </properties>
                </test-case>
                <test-case id="2216" name="WhenWritingFixedString4096Bytes_ValueIsWrittenCorrectly(5,WriteSafe)" fullname="Unity.Netcode.EditorTests.FastBufferWriterTests.WhenWritingFixedString4096Bytes_ValueIsWrittenCorrectly(5,WriteSafe)" methodname="WhenWritingFixedString4096Bytes_ValueIsWrittenCorrectly" classname="Unity.Netcode.EditorTests.FastBufferWriterTests" runstate="Runnable" seed="802206395" result="Passed" start-time="2025-12-30 16:55:53Z" end-time="2025-12-30 16:55:53Z" duration="0.004141" asserts="0">
                  <properties>
                    <property name="retryIteration" value="0" />
                    <property name="repeatIteration" value="0" />
                  </properties>
                </test-case>
                <test-case id="2217" name="WhenWritingFixedString4096Bytes_ValueIsWrittenCorrectly(16,WriteDirect)" fullname="Unity.Netcode.EditorTests.FastBufferWriterTests.WhenWritingFixedString4096Bytes_ValueIsWrittenCorrectly(16,WriteDirect)" methodname="WhenWritingFixedString4096Bytes_ValueIsWrittenCorrectly" classname="Unity.Netcode.EditorTests.FastBufferWriterTests" runstate="Runnable" seed="1682265007" result="Passed" start-time="2025-12-30 16:55:53Z" end-time="2025-12-30 16:55:53Z" duration="0.004087" asserts="0">
                  <properties>
                    <property name="retryIteration" value="0" />
                    <property name="repeatIteration" value="0" />
                  </properties>
                </test-case>
                <test-case id="2218" name="WhenWritingFixedString4096Bytes_ValueIsWrittenCorrectly(29,WriteSafe)" fullname="Unity.Netcode.EditorTests.FastBufferWriterTests.WhenWritingFixedString4096Bytes_ValueIsWrittenCorrectly(29,WriteSafe)" methodname="WhenWritingFixedString4096Bytes_ValueIsWrittenCorrectly" classname="Unity.Netcode.EditorTests.FastBufferWriterTests" runstate="Runnable" seed="342746077" result="Passed" start-time="2025-12-30 16:55:53Z" end-time="2025-12-30 16:55:53Z" duration="0.004027" asserts="0">
                  <properties>
                    <property name="retryIteration" value="0" />
                    <property name="repeatIteration" value="0" />
                  </properties>
                </test-case>
                <test-case id="2219" name="WhenWritingFixedString4096Bytes_ValueIsWrittenCorrectly(61,WriteSafe)" fullname="Unity.Netcode.EditorTests.FastBufferWriterTests.WhenWritingFixedString4096Bytes_ValueIsWrittenCorrectly(61,WriteSafe)" methodname="WhenWritingFixedString4096Bytes_ValueIsWrittenCorrectly" classname="Unity.Netcode.EditorTests.FastBufferWriterTests" runstate="Runnable" seed="349834012" result="Passed" start-time="2025-12-30 16:55:53Z" end-time="2025-12-30 16:55:53Z" duration="0.003992" asserts="0">
                  <properties>
                    <property name="retryIteration" value="0" />
                    <property name="repeatIteration" value="0" />
                  </properties>
                </test-case>
                <test-case id="2220" name="WhenWritingFixedString4096Bytes_ValueIsWrittenCorrectly(125,WriteSafe)" fullname="Unity.Netcode.EditorTests.FastBufferWriterTests.WhenWritingFixedString4096Bytes_ValueIsWrittenCorrectly(125,WriteSafe)" methodname="WhenWritingFixedString4096Bytes_ValueIsWrittenCorrectly" classname="Unity.Netcode.EditorTests.FastBufferWriterTests" runstate="Runnable" seed="1774299923" result="Passed" start-time="2025-12-30 16:55:53Z" end-time="2025-12-30 16:55:53Z" duration="0.003936" asserts="0">
                  <properties>
                    <property name="retryIteration" value="0" />
                    <property name="repeatIteration" value="0" />
                  </properties>
                </test-case>
                <test-case id="2221" name="WhenWritingFixedString4096Bytes_ValueIsWrittenCorrectly(509,WriteSafe)" fullname="Unity.Netcode.EditorTests.FastBufferWriterTests.WhenWritingFixedString4096Bytes_ValueIsWrittenCorrectly(509,WriteSafe)" methodname="WhenWritingFixedString4096Bytes_ValueIsWrittenCorrectly" classname="Unity.Netcode.EditorTests.FastBufferWriterTests" runstate="Runnable" seed="812489745" result="Passed" start-time="2025-12-30 16:55:53Z" end-time="2025-12-30 16:55:53Z" duration="0.004521" asserts="0">
                  <properties>
                    <property name="retryIteration" value="0" />
                    <property name="repeatIteration" value="0" />
                  </properties>
                </test-case>
                <test-case id="2222" name="WhenWritingFixedString4096Bytes_ValueIsWrittenCorrectly(4093,WriteSafe)" fullname="Unity.Netcode.EditorTests.FastBufferWriterTests.WhenWritingFixedString4096Bytes_ValueIsWrittenCorrectly(4093,WriteSafe)" methodname="WhenWritingFixedString4096Bytes_ValueIsWrittenCorrectly" classname="Unity.Netcode.EditorTests.FastBufferWriterTests" runstate="Runnable" seed="363689893" result="Passed" start-time="2025-12-30 16:55:53Z" end-time="2025-12-30 16:55:53Z" duration="0.010113" asserts="0">
                  <properties>
                    <property name="retryIteration" value="0" />
                    <property name="repeatIteration" value="0" />
                  </properties>
                </test-case>
              </test-suite>
              <test-suite type="ParameterizedMethod" id="2214" name="WhenWritingFixedString512Bytes_ValueIsWrittenCorrectly" fullname="Unity.Netcode.EditorTests.FastBufferWriterTests.WhenWritingFixedString512Bytes_ValueIsWrittenCorrectly" classname="Unity.Netcode.EditorTests.FastBufferWriterTests" runstate="Runnable" testcasecount="7" result="Passed" start-time="2025-12-30 16:55:53Z" end-time="2025-12-30 16:55:53Z" duration="0.005106" total="7" passed="7" failed="0" inconclusive="0" skipped="0" asserts="0">
                <properties />
                <test-case id="2207" name="WhenWritingFixedString512Bytes_ValueIsWrittenCorrectly(3,WriteDirect)" fullname="Unity.Netcode.EditorTests.FastBufferWriterTests.WhenWritingFixedString512Bytes_ValueIsWrittenCorrectly(3,WriteDirect)" methodname="WhenWritingFixedString512Bytes_ValueIsWrittenCorrectly" classname="Unity.Netcode.EditorTests.FastBufferWriterTests" runstate="Runnable" seed="515554437" result="Passed" start-time="2025-12-30 16:55:53Z" end-time="2025-12-30 16:55:53Z" duration="0.000843" asserts="0">
                  <properties>
                    <property name="retryIteration" value="0" />
                    <property name="repeatIteration" value="0" />
                  </properties>
                </test-case>
                <test-case id="2208" name="WhenWritingFixedString512Bytes_ValueIsWrittenCorrectly(5,WriteSafe)" fullname="Unity.Netcode.EditorTests.FastBufferWriterTests.WhenWritingFixedString512Bytes_ValueIsWrittenCorrectly(5,WriteSafe)" methodname="WhenWritingFixedString512Bytes_ValueIsWrittenCorrectly" classname="Unity.Netcode.EditorTests.FastBufferWriterTests" runstate="Runnable" seed="361576048" result="Passed" start-time="2025-12-30 16:55:53Z" end-time="2025-12-30 16:55:53Z" duration="0.000295" asserts="0">
                  <properties>
                    <property name="retryIteration" value="0" />
                    <property name="repeatIteration" value="0" />
                  </properties>
                </test-case>
                <test-case id="2209" name="WhenWritingFixedString512Bytes_ValueIsWrittenCorrectly(16,WriteDirect)" fullname="Unity.Netcode.EditorTests.FastBufferWriterTests.WhenWritingFixedString512Bytes_ValueIsWrittenCorrectly(16,WriteDirect)" methodname="WhenWritingFixedString512Bytes_ValueIsWrittenCorrectly" classname="Unity.Netcode.EditorTests.FastBufferWriterTests" runstate="Runnable" seed="1801160260" result="Passed" start-time="2025-12-30 16:55:53Z" end-time="2025-12-30 16:55:53Z" duration="0.000300" asserts="0">
                  <properties>
                    <property name="retryIteration" value="0" />
                    <property name="repeatIteration" value="0" />
                  </properties>
                </test-case>
                <test-case id="2210" name="WhenWritingFixedString512Bytes_ValueIsWrittenCorrectly(29,WriteSafe)" fullname="Unity.Netcode.EditorTests.FastBufferWriterTests.WhenWritingFixedString512Bytes_ValueIsWrittenCorrectly(29,WriteSafe)" methodname="WhenWritingFixedString512Bytes_ValueIsWrittenCorrectly" classname="Unity.Netcode.EditorTests.FastBufferWriterTests" runstate="Runnable" seed="1118868535" result="Passed" start-time="2025-12-30 16:55:53Z" end-time="2025-12-30 16:55:53Z" duration="0.000318" asserts="0">
                  <properties>
                    <property name="retryIteration" value="0" />
                    <property name="repeatIteration" value="0" />
                  </properties>
                </test-case>
                <test-case id="2211" name="WhenWritingFixedString512Bytes_ValueIsWrittenCorrectly(61,WriteSafe)" fullname="Unity.Netcode.EditorTests.FastBufferWriterTests.WhenWritingFixedString512Bytes_ValueIsWrittenCorrectly(61,WriteSafe)" methodname="WhenWritingFixedString512Bytes_ValueIsWrittenCorrectly" classname="Unity.Netcode.EditorTests.FastBufferWriterTests" runstate="Runnable" seed="984736089" result="Passed" start-time="2025-12-30 16:55:53Z" end-time="2025-12-30 16:55:53Z" duration="0.000399" asserts="0">
                  <properties>
                    <property name="retryIteration" value="0" />
                    <property name="repeatIteration" value="0" />
                  </properties>
                </test-case>
                <test-case id="2212" name="WhenWritingFixedString512Bytes_ValueIsWrittenCorrectly(125,WriteSafe)" fullname="Unity.Netcode.EditorTests.FastBufferWriterTests.WhenWritingFixedString512Bytes_ValueIsWrittenCorrectly(125,WriteSafe)" methodname="WhenWritingFixedString512Bytes_ValueIsWrittenCorrectly" classname="Unity.Netcode.EditorTests.FastBufferWriterTests" runstate="Runnable" seed="1109506788" result="Passed" start-time="2025-12-30 16:55:53Z" end-time="2025-12-30 16:55:53Z" duration="0.000507" asserts="0">
                  <properties>
                    <property name="retryIteration" value="0" />
                    <property name="repeatIteration" value="0" />
                  </properties>
                </test-case>
                <test-case id="2213" name="WhenWritingFixedString512Bytes_ValueIsWrittenCorrectly(509,WriteSafe)" fullname="Unity.Netcode.EditorTests.FastBufferWriterTests.WhenWritingFixedString512Bytes_ValueIsWrittenCorrectly(509,WriteSafe)" methodname="WhenWritingFixedString512Bytes_ValueIsWrittenCorrectly" classname="Unity.Netcode.EditorTests.FastBufferWriterTests" runstate="Runnable" seed="1807135676" result="Passed" start-time="2025-12-30 16:55:53Z" end-time="2025-12-30 16:55:53Z" duration="0.001104" asserts="0">
                  <properties>
                    <property name="retryIteration" value="0" />
                    <property name="repeatIteration" value="0" />
                  </properties>
                </test-case>
              </test-suite>
              <test-suite type="ParameterizedMethod" id="2199" name="WhenWritingFixedString64Bytes_ValueIsWrittenCorrectly" fullname="Unity.Netcode.EditorTests.FastBufferWriterTests.WhenWritingFixedString64Bytes_ValueIsWrittenCorrectly" classname="Unity.Netcode.EditorTests.FastBufferWriterTests" runstate="Runnable" testcasecount="5" result="Passed" start-time="2025-12-30 16:55:53Z" end-time="2025-12-30 16:55:53Z" duration="0.001910" total="5" passed="5" failed="0" inconclusive="0" skipped="0" asserts="0">
                <properties />
                <test-case id="2194" name="WhenWritingFixedString64Bytes_ValueIsWrittenCorrectly(3,WriteDirect)" fullname="Unity.Netcode.EditorTests.FastBufferWriterTests.WhenWritingFixedString64Bytes_ValueIsWrittenCorrectly(3,WriteDirect)" methodname="WhenWritingFixedString64Bytes_ValueIsWrittenCorrectly" classname="Unity.Netcode.EditorTests.FastBufferWriterTests" runstate="Runnable" seed="47785165" result="Passed" start-time="2025-12-30 16:55:53Z" end-time="2025-12-30 16:55:53Z" duration="0.000500" asserts="0">
                  <properties>
                    <property name="retryIteration" value="0" />
                    <property name="repeatIteration" value="0" />
                  </properties>
                </test-case>
                <test-case id="2195" name="WhenWritingFixedString64Bytes_ValueIsWrittenCorrectly(5,WriteSafe)" fullname="Unity.Netcode.EditorTests.FastBufferWriterTests.WhenWritingFixedString64Bytes_ValueIsWrittenCorrectly(5,WriteSafe)" methodname="WhenWritingFixedString64Bytes_ValueIsWrittenCorrectly" classname="Unity.Netcode.EditorTests.FastBufferWriterTests" runstate="Runnable" seed="913942464" result="Passed" start-time="2025-12-30 16:55:53Z" end-time="2025-12-30 16:55:53Z" duration="0.000110" asserts="0">
                  <properties>
                    <property name="retryIteration" value="0" />
                    <property name="repeatIteration" value="0" />
                  </properties>
                </test-case>
                <test-case id="2196" name="WhenWritingFixedString64Bytes_ValueIsWrittenCorrectly(16,WriteDirect)" fullname="Unity.Netcode.EditorTests.FastBufferWriterTests.WhenWritingFixedString64Bytes_ValueIsWrittenCorrectly(16,WriteDirect)" methodname="WhenWritingFixedString64Bytes_ValueIsWrittenCorrectly" classname="Unity.Netcode.EditorTests.FastBufferWriterTests" runstate="Runnable" seed="1433390076" result="Passed" start-time="2025-12-30 16:55:53Z" end-time="2025-12-30 16:55:53Z" duration="0.000116" asserts="0">
                  <properties>
                    <property name="retryIteration" value="0" />
                    <property name="repeatIteration" value="0" />
                  </properties>
                </test-case>
                <test-case id="2197" name="WhenWritingFixedString64Bytes_ValueIsWrittenCorrectly(29,WriteSafe)" fullname="Unity.Netcode.EditorTests.FastBufferWriterTests.WhenWritingFixedString64Bytes_ValueIsWrittenCorrectly(29,WriteSafe)" methodname="WhenWritingFixedString64Bytes_ValueIsWrittenCorrectly" classname="Unity.Netcode.EditorTests.FastBufferWriterTests" runstate="Runnable" seed="21215920" result="Passed" start-time="2025-12-30 16:55:53Z" end-time="2025-12-30 16:55:53Z" duration="0.000135" asserts="0">
                  <properties>
                    <property name="retryIteration" value="0" />
                    <property name="repeatIteration" value="0" />
                  </properties>
                </test-case>
                <test-case id="2198" name="WhenWritingFixedString64Bytes_ValueIsWrittenCorrectly(61,WriteSafe)" fullname="Unity.Netcode.EditorTests.FastBufferWriterTests.WhenWritingFixedString64Bytes_ValueIsWrittenCorrectly(61,WriteSafe)" methodname="WhenWritingFixedString64Bytes_ValueIsWrittenCorrectly" classname="Unity.Netcode.EditorTests.FastBufferWriterTests" runstate="Runnable" seed="1119300490" result="Passed" start-time="2025-12-30 16:55:53Z" end-time="2025-12-30 16:55:53Z" duration="0.000183" asserts="0">
                  <properties>
                    <property name="retryIteration" value="0" />
                    <property name="repeatIteration" value="0" />
                  </properties>
                </test-case>
              </test-suite>
              <test-suite type="ParameterizedMethod" id="2183" name="WhenWritingNativeArrayOfUnmanagedElementType_NativeArrayIsWrittenCorrectly" fullname="Unity.Netcode.EditorTests.FastBufferWriterTests.WhenWritingNativeArrayOfUnmanagedElementType_NativeArrayIsWrittenCorrectly" classname="Unity.Netcode.EditorTests.FastBufferWriterTests" runstate="Runnable" testcasecount="64" result="Passed" start-time="2025-12-30 16:55:53Z" end-time="2025-12-30 16:55:53Z" duration="0.032290" total="64" passed="64" failed="0" inconclusive="0" skipped="0" asserts="0">
                <properties />
                <test-case id="2119" name="WhenWritingNativeArrayOfUnmanagedElementType_NativeArrayIsWrittenCorrectly(System.Byte,WriteDirect)" fullname="Unity.Netcode.EditorTests.FastBufferWriterTests.WhenWritingNativeArrayOfUnmanagedElementType_NativeArrayIsWrittenCorrectly(System.Byte,WriteDirect)" methodname="WhenWritingNativeArrayOfUnmanagedElementType_NativeArrayIsWrittenCorrectly" classname="Unity.Netcode.EditorTests.FastBufferWriterTests" runstate="Runnable" seed="495489770" result="Passed" start-time="2025-12-30 16:55:53Z" end-time="2025-12-30 16:55:53Z" duration="0.000702" asserts="0">
                  <properties>
                    <property name="retryIteration" value="0" />
                    <property name="repeatIteration" value="0" />
                  </properties>
                </test-case>
                <test-case id="2120" name="WhenWritingNativeArrayOfUnmanagedElementType_NativeArrayIsWrittenCorrectly(System.Byte,WriteSafe)" fullname="Unity.Netcode.EditorTests.FastBufferWriterTests.WhenWritingNativeArrayOfUnmanagedElementType_NativeArrayIsWrittenCorrectly(System.Byte,WriteSafe)" methodname="WhenWritingNativeArrayOfUnmanagedElementType_NativeArrayIsWrittenCorrectly" classname="Unity.Netcode.EditorTests.FastBufferWriterTests" runstate="Runnable" seed="21227182" result="Passed" start-time="2025-12-30 16:55:53Z" end-time="2025-12-30 16:55:53Z" duration="0.000261" asserts="0">
                  <properties>
                    <property name="retryIteration" value="0" />
                    <property name="repeatIteration" value="0" />
                  </properties>
                </test-case>
                <test-case id="2121" name="WhenWritingNativeArrayOfUnmanagedElementType_NativeArrayIsWrittenCorrectly(System.SByte,WriteDirect)" fullname="Unity.Netcode.EditorTests.FastBufferWriterTests.WhenWritingNativeArrayOfUnmanagedElementType_NativeArrayIsWrittenCorrectly(System.SByte,WriteDirect)" methodname="WhenWritingNativeArrayOfUnmanagedElementType_NativeArrayIsWrittenCorrectly" classname="Unity.Netcode.EditorTests.FastBufferWriterTests" runstate="Runnable" seed="1472366454" result="Passed" start-time="2025-12-30 16:55:53Z" end-time="2025-12-30 16:55:53Z" duration="0.000484" asserts="0">
                  <properties>
                    <property name="retryIteration" value="0" />
                    <property name="repeatIteration" value="0" />
                  </properties>
                </test-case>
                <test-case id="2122" name="WhenWritingNativeArrayOfUnmanagedElementType_NativeArrayIsWrittenCorrectly(System.SByte,WriteSafe)" fullname="Unity.Netcode.EditorTests.FastBufferWriterTests.WhenWritingNativeArrayOfUnmanagedElementType_NativeArrayIsWrittenCorrectly(System.SByte,WriteSafe)" methodname="WhenWritingNativeArrayOfUnmanagedElementType_NativeArrayIsWrittenCorrectly" classname="Unity.Netcode.EditorTests.FastBufferWriterTests" runstate="Runnable" seed="1598049020" result="Passed" start-time="2025-12-30 16:55:53Z" end-time="2025-12-30 16:55:53Z" duration="0.000229" asserts="0">
                  <properties>
                    <property name="retryIteration" value="0" />
                    <property name="repeatIteration" value="0" />
                  </properties>
                </test-case>
                <test-case id="2123" name="WhenWritingNativeArrayOfUnmanagedElementType_NativeArrayIsWrittenCorrectly(System.Int16,WriteDirect)" fullname="Unity.Netcode.EditorTests.FastBufferWriterTests.WhenWritingNativeArrayOfUnmanagedElementType_NativeArrayIsWrittenCorrectly(System.Int16,WriteDirect)" methodname="WhenWritingNativeArrayOfUnmanagedElementType_NativeArrayIsWrittenCorrectly" classname="Unity.Netcode.EditorTests.FastBufferWriterTests" runstate="Runnable" seed="156721360" result="Passed" start-time="2025-12-30 16:55:53Z" end-time="2025-12-30 16:55:53Z" duration="0.000484" asserts="0">
                  <properties>
                    <property name="retryIteration" value="0" />
                    <property name="repeatIteration" value="0" />
                  </properties>
                </test-case>
                <test-case id="2124" name="WhenWritingNativeArrayOfUnmanagedElementType_NativeArrayIsWrittenCorrectly(System.Int16,WriteSafe)" fullname="Unity.Netcode.EditorTests.FastBufferWriterTests.WhenWritingNativeArrayOfUnmanagedElementType_NativeArrayIsWrittenCorrectly(System.Int16,WriteSafe)" methodname="WhenWritingNativeArrayOfUnmanagedElementType_NativeArrayIsWrittenCorrectly" classname="Unity.Netcode.EditorTests.FastBufferWriterTests" runstate="Runnable" seed="1518953285" result="Passed" start-time="2025-12-30 16:55:53Z" end-time="2025-12-30 16:55:53Z" duration="0.000263" asserts="0">
                  <properties>
                    <property name="retryIteration" value="0" />
                    <property name="repeatIteration" value="0" />
                  </properties>
                </test-case>
                <test-case id="2125" name="WhenWritingNativeArrayOfUnmanagedElementType_NativeArrayIsWrittenCorrectly(System.UInt16,WriteDirect)" fullname="Unity.Netcode.EditorTests.FastBufferWriterTests.WhenWritingNativeArrayOfUnmanagedElementType_NativeArrayIsWrittenCorrectly(System.UInt16,WriteDirect)" methodname="WhenWritingNativeArrayOfUnmanagedElementType_NativeArrayIsWrittenCorrectly" classname="Unity.Netcode.EditorTests.FastBufferWriterTests" runstate="Runnable" seed="1981180826" result="Passed" start-time="2025-12-30 16:55:53Z" end-time="2025-12-30 16:55:53Z" duration="0.000503" asserts="0">
                  <properties>
                    <property name="retryIteration" value="0" />
                    <property name="repeatIteration" value="0" />
                  </properties>
                </test-case>
                <test-case id="2126" name="WhenWritingNativeArrayOfUnmanagedElementType_NativeArrayIsWrittenCorrectly(System.UInt16,WriteSafe)" fullname="Unity.Netcode.EditorTests.FastBufferWriterTests.WhenWritingNativeArrayOfUnmanagedElementType_NativeArrayIsWrittenCorrectly(System.UInt16,WriteSafe)" methodname="WhenWritingNativeArrayOfUnmanagedElementType_NativeArrayIsWrittenCorrectly" classname="Unity.Netcode.EditorTests.FastBufferWriterTests" runstate="Runnable" seed="1371785051" result="Passed" start-time="2025-12-30 16:55:53Z" end-time="2025-12-30 16:55:53Z" duration="0.000244" asserts="0">
                  <properties>
                    <property name="retryIteration" value="0" />
                    <property name="repeatIteration" value="0" />
                  </properties>
                </test-case>
                <test-case id="2127" name="WhenWritingNativeArrayOfUnmanagedElementType_NativeArrayIsWrittenCorrectly(System.Int32,WriteDirect)" fullname="Unity.Netcode.EditorTests.FastBufferWriterTests.WhenWritingNativeArrayOfUnmanagedElementType_NativeArrayIsWrittenCorrectly(System.Int32,WriteDirect)" methodname="WhenWritingNativeArrayOfUnmanagedElementType_NativeArrayIsWrittenCorrectly" classname="Unity.Netcode.EditorTests.FastBufferWriterTests" runstate="Runnable" seed="1561089772" result="Passed" start-time="2025-12-30 16:55:53Z" end-time="2025-12-30 16:55:53Z" duration="0.000465" asserts="0">
                  <properties>
                    <property name="retryIteration" value="0" />
                    <property name="repeatIteration" value="0" />
                  </properties>
                </test-case>
                <test-case id="2128" name="WhenWritingNativeArrayOfUnmanagedElementType_NativeArrayIsWrittenCorrectly(System.Int32,WriteSafe)" fullname="Unity.Netcode.EditorTests.FastBufferWriterTests.WhenWritingNativeArrayOfUnmanagedElementType_NativeArrayIsWrittenCorrectly(System.Int32,WriteSafe)" methodname="WhenWritingNativeArrayOfUnmanagedElementType_NativeArrayIsWrittenCorrectly" classname="Unity.Netcode.EditorTests.FastBufferWriterTests" runstate="Runnable" seed="1348373856" result="Passed" start-time="2025-12-30 16:55:53Z" end-time="2025-12-30 16:55:53Z" duration="0.000243" asserts="0">
                  <properties>
                    <property name="retryIteration" value="0" />
                    <property name="repeatIteration" value="0" />
                  </properties>
                </test-case>
                <test-case id="2129" name="WhenWritingNativeArrayOfUnmanagedElementType_NativeArrayIsWrittenCorrectly(System.UInt32,WriteDirect)" fullname="Unity.Netcode.EditorTests.FastBufferWriterTests.WhenWritingNativeArrayOfUnmanagedElementType_NativeArrayIsWrittenCorrectly(System.UInt32,WriteDirect)" methodname="WhenWritingNativeArrayOfUnmanagedElementType_NativeArrayIsWrittenCorrectly" classname="Unity.Netcode.EditorTests.FastBufferWriterTests" runstate="Runnable" seed="688917501" result="Passed" start-time="2025-12-30 16:55:53Z" end-time="2025-12-30 16:55:53Z" duration="0.000493" asserts="0">
                  <properties>
                    <property name="retryIteration" value="0" />
                    <property name="repeatIteration" value="0" />
                  </properties>
                </test-case>
                <test-case id="2130" name="WhenWritingNativeArrayOfUnmanagedElementType_NativeArrayIsWrittenCorrectly(System.UInt32,WriteSafe)" fullname="Unity.Netcode.EditorTests.FastBufferWriterTests.WhenWritingNativeArrayOfUnmanagedElementType_NativeArrayIsWrittenCorrectly(System.UInt32,WriteSafe)" methodname="WhenWritingNativeArrayOfUnmanagedElementType_NativeArrayIsWrittenCorrectly" classname="Unity.Netcode.EditorTests.FastBufferWriterTests" runstate="Runnable" seed="1839741636" result="Passed" start-time="2025-12-30 16:55:53Z" end-time="2025-12-30 16:55:53Z" duration="0.000247" asserts="0">
                  <properties>
                    <property name="retryIteration" value="0" />
                    <property name="repeatIteration" value="0" />
                  </properties>
                </test-case>
                <test-case id="2131" name="WhenWritingNativeArrayOfUnmanagedElementType_NativeArrayIsWrittenCorrectly(System.Int64,WriteDirect)" fullname="Unity.Netcode.EditorTests.FastBufferWriterTests.WhenWritingNativeArrayOfUnmanagedElementType_NativeArrayIsWrittenCorrectly(System.Int64,WriteDirect)" methodname="WhenWritingNativeArrayOfUnmanagedElementType_NativeArrayIsWrittenCorrectly" classname="Unity.Netcode.EditorTests.FastBufferWriterTests" runstate="Runnable" seed="1713190045" result="Passed" start-time="2025-12-30 16:55:53Z" end-time="2025-12-30 16:55:53Z" duration="0.000496" asserts="0">
                  <properties>
                    <property name="retryIteration" value="0" />
                    <property name="repeatIteration" value="0" />
                  </properties>
                </test-case>
                <test-case id="2132" name="WhenWritingNativeArrayOfUnmanagedElementType_NativeArrayIsWrittenCorrectly(System.Int64,WriteSafe)" fullname="Unity.Netcode.EditorTests.FastBufferWriterTests.WhenWritingNativeArrayOfUnmanagedElementType_NativeArrayIsWrittenCorrectly(System.Int64,WriteSafe)" methodname="WhenWritingNativeArrayOfUnmanagedElementType_NativeArrayIsWrittenCorrectly" classname="Unity.Netcode.EditorTests.FastBufferWriterTests" runstate="Runnable" seed="1227114041" result="Passed" start-time="2025-12-30 16:55:53Z" end-time="2025-12-30 16:55:53Z" duration="0.000246" asserts="0">
                  <properties>
                    <property name="retryIteration" value="0" />
                    <property name="repeatIteration" value="0" />
                  </properties>
                </test-case>
                <test-case id="2133" name="WhenWritingNativeArrayOfUnmanagedElementType_NativeArrayIsWrittenCorrectly(System.UInt64,WriteDirect)" fullname="Unity.Netcode.EditorTests.FastBufferWriterTests.WhenWritingNativeArrayOfUnmanagedElementType_NativeArrayIsWrittenCorrectly(System.UInt64,WriteDirect)" methodname="WhenWritingNativeArrayOfUnmanagedElementType_NativeArrayIsWrittenCorrectly" classname="Unity.Netcode.EditorTests.FastBufferWriterTests" runstate="Runnable" seed="1542199453" result="Passed" start-time="2025-12-30 16:55:53Z" end-time="2025-12-30 16:55:53Z" duration="0.000493" asserts="0">
                  <properties>
                    <property name="retryIteration" value="0" />
                    <property name="repeatIteration" value="0" />
                  </properties>
                </test-case>
                <test-case id="2134" name="WhenWritingNativeArrayOfUnmanagedElementType_NativeArrayIsWrittenCorrectly(System.UInt64,WriteSafe)" fullname="Unity.Netcode.EditorTests.FastBufferWriterTests.WhenWritingNativeArrayOfUnmanagedElementType_NativeArrayIsWrittenCorrectly(System.UInt64,WriteSafe)" methodname="WhenWritingNativeArrayOfUnmanagedElementType_NativeArrayIsWrittenCorrectly" classname="Unity.Netcode.EditorTests.FastBufferWriterTests" runstate="Runnable" seed="598105017" result="Passed" start-time="2025-12-30 16:55:53Z" end-time="2025-12-30 16:55:53Z" duration="0.000260" asserts="0">
                  <properties>
                    <property name="retryIteration" value="0" />
                    <property name="repeatIteration" value="0" />
                  </properties>
                </test-case>
                <test-case id="2135" name="WhenWritingNativeArrayOfUnmanagedElementType_NativeArrayIsWrittenCorrectly(System.Boolean,WriteDirect)" fullname="Unity.Netcode.EditorTests.FastBufferWriterTests.WhenWritingNativeArrayOfUnmanagedElementType_NativeArrayIsWrittenCorrectly(System.Boolean,WriteDirect)" methodname="WhenWritingNativeArrayOfUnmanagedElementType_NativeArrayIsWrittenCorrectly" classname="Unity.Netcode.EditorTests.FastBufferWriterTests" runstate="Runnable" seed="1495762455" result="Passed" start-time="2025-12-30 16:55:53Z" end-time="2025-12-30 16:55:53Z" duration="0.000539" asserts="0">
                  <properties>
                    <property name="retryIteration" value="0" />
                    <property name="repeatIteration" value="0" />
                  </properties>
                </test-case>
                <test-case id="2136" name="WhenWritingNativeArrayOfUnmanagedElementType_NativeArrayIsWrittenCorrectly(System.Boolean,WriteSafe)" fullname="Unity.Netcode.EditorTests.FastBufferWriterTests.WhenWritingNativeArrayOfUnmanagedElementType_NativeArrayIsWrittenCorrectly(System.Boolean,WriteSafe)" methodname="WhenWritingNativeArrayOfUnmanagedElementType_NativeArrayIsWrittenCorrectly" classname="Unity.Netcode.EditorTests.FastBufferWriterTests" runstate="Runnable" seed="58533259" result="Passed" start-time="2025-12-30 16:55:53Z" end-time="2025-12-30 16:55:53Z" duration="0.000322" asserts="0">
                  <properties>
                    <property name="retryIteration" value="0" />
                    <property name="repeatIteration" value="0" />
                  </properties>
                </test-case>
                <test-case id="2137" name="WhenWritingNativeArrayOfUnmanagedElementType_NativeArrayIsWrittenCorrectly(System.Char,WriteDirect)" fullname="Unity.Netcode.EditorTests.FastBufferWriterTests.WhenWritingNativeArrayOfUnmanagedElementType_NativeArrayIsWrittenCorrectly(System.Char,WriteDirect)" methodname="WhenWritingNativeArrayOfUnmanagedElementType_NativeArrayIsWrittenCorrectly" classname="Unity.Netcode.EditorTests.FastBufferWriterTests" runstate="Runnable" seed="1323423365" result="Passed" start-time="2025-12-30 16:55:53Z" end-time="2025-12-30 16:55:53Z" duration="0.000515" asserts="0">
                  <properties>
                    <property name="retryIteration" value="0" />
                    <property name="repeatIteration" value="0" />
                  </properties>
                </test-case>
                <test-case id="2138" name="WhenWritingNativeArrayOfUnmanagedElementType_NativeArrayIsWrittenCorrectly(System.Char,WriteSafe)" fullname="Unity.Netcode.EditorTests.FastBufferWriterTests.WhenWritingNativeArrayOfUnmanagedElementType_NativeArrayIsWrittenCorrectly(System.Char,WriteSafe)" methodname="WhenWritingNativeArrayOfUnmanagedElementType_NativeArrayIsWrittenCorrectly" classname="Unity.Netcode.EditorTests.FastBufferWriterTests" runstate="Runnable" seed="962772514" result="Passed" start-time="2025-12-30 16:55:53Z" end-time="2025-12-30 16:55:53Z" duration="0.000252" asserts="0">
                  <properties>
                    <property name="retryIteration" value="0" />
                    <property name="repeatIteration" value="0" />
                  </properties>
                </test-case>
                <test-case id="2139" name="WhenWritingNativeArrayOfUnmanagedElementType_NativeArrayIsWrittenCorrectly(System.Single,WriteDirect)" fullname="Unity.Netcode.EditorTests.FastBufferWriterTests.WhenWritingNativeArrayOfUnmanagedElementType_NativeArrayIsWrittenCorrectly(System.Single,WriteDirect)" methodname="WhenWritingNativeArrayOfUnmanagedElementType_NativeArrayIsWrittenCorrectly" classname="Unity.Netcode.EditorTests.FastBufferWriterTests" runstate="Runnable" seed="1611628912" result="Passed" start-time="2025-12-30 16:55:53Z" end-time="2025-12-30 16:55:53Z" duration="0.000506" asserts="0">
                  <properties>
                    <property name="retryIteration" value="0" />
                    <property name="repeatIteration" value="0" />
                  </properties>
                </test-case>
                <test-case id="2140" name="WhenWritingNativeArrayOfUnmanagedElementType_NativeArrayIsWrittenCorrectly(System.Single,WriteSafe)" fullname="Unity.Netcode.EditorTests.FastBufferWriterTests.WhenWritingNativeArrayOfUnmanagedElementType_NativeArrayIsWrittenCorrectly(System.Single,WriteSafe)" methodname="WhenWritingNativeArrayOfUnmanagedElementType_NativeArrayIsWrittenCorrectly" classname="Unity.Netcode.EditorTests.FastBufferWriterTests" runstate="Runnable" seed="906869681" result="Passed" start-time="2025-12-30 16:55:53Z" end-time="2025-12-30 16:55:53Z" duration="0.000265" asserts="0">
                  <properties>
                    <property name="retryIteration" value="0" />
                    <property name="repeatIteration" value="0" />
                  </properties>
                </test-case>
                <test-case id="2141" name="WhenWritingNativeArrayOfUnmanagedElementType_NativeArrayIsWrittenCorrectly(System.Double,WriteDirect)" fullname="Unity.Netcode.EditorTests.FastBufferWriterTests.WhenWritingNativeArrayOfUnmanagedElementType_NativeArrayIsWrittenCorrectly(System.Double,WriteDirect)" methodname="WhenWritingNativeArrayOfUnmanagedElementType_NativeArrayIsWrittenCorrectly" classname="Unity.Netcode.EditorTests.FastBufferWriterTests" runstate="Runnable" seed="1054330526" result="Passed" start-time="2025-12-30 16:55:53Z" end-time="2025-12-30 16:55:53Z" duration="0.000798" asserts="0">
                  <properties>
                    <property name="retryIteration" value="0" />
                    <property name="repeatIteration" value="0" />
                  </properties>
                </test-case>
                <test-case id="2142" name="WhenWritingNativeArrayOfUnmanagedElementType_NativeArrayIsWrittenCorrectly(System.Double,WriteSafe)" fullname="Unity.Netcode.EditorTests.FastBufferWriterTests.WhenWritingNativeArrayOfUnmanagedElementType_NativeArrayIsWrittenCorrectly(System.Double,WriteSafe)" methodname="WhenWritingNativeArrayOfUnmanagedElementType_NativeArrayIsWrittenCorrectly" classname="Unity.Netcode.EditorTests.FastBufferWriterTests" runstate="Runnable" seed="2012911707" result="Passed" start-time="2025-12-30 16:55:53Z" end-time="2025-12-30 16:55:53Z" duration="0.000339" asserts="0">
                  <properties>
                    <property name="retryIteration" value="0" />
                    <property name="repeatIteration" value="0" />
                  </properties>
                </test-case>
                <test-case id="2143" name="WhenWritingNativeArrayOfUnmanagedElementType_NativeArrayIsWrittenCorrectly(Unity.Netcode.EditorTests.BaseFastBufferReaderWriterTest+ByteEnum,WriteDirect)" fullname="Unity.Netcode.EditorTests.FastBufferWriterTests.WhenWritingNativeArrayOfUnmanagedElementType_NativeArrayIsWrittenCorrectly(Unity.Netcode.EditorTests.BaseFastBufferReaderWriterTest+ByteEnum,WriteDirect)" methodname="WhenWritingNativeArrayOfUnmanagedElementType_NativeArrayIsWrittenCorrectly" classname="Unity.Netcode.EditorTests.FastBufferWriterTests" runstate="Runnable" seed="1543316710" result="Passed" start-time="2025-12-30 16:55:53Z" end-time="2025-12-30 16:55:53Z" duration="0.000548" asserts="0">
                  <properties>
                    <property name="retryIteration" value="0" />
                    <property name="repeatIteration" value="0" />
                  </properties>
                </test-case>
                <test-case id="2144" name="WhenWritingNativeArrayOfUnmanagedElementType_NativeArrayIsWrittenCorrectly(Unity.Netcode.EditorTests.BaseFastBufferReaderWriterTest+ByteEnum,WriteSafe)" fullname="Unity.Netcode.EditorTests.FastBufferWriterTests.WhenWritingNativeArrayOfUnmanagedElementType_NativeArrayIsWrittenCorrectly(Unity.Netcode.EditorTests.BaseFastBufferReaderWriterTest+ByteEnum,WriteSafe)" methodname="WhenWritingNativeArrayOfUnmanagedElementType_NativeArrayIsWrittenCorrectly" classname="Unity.Netcode.EditorTests.FastBufferWriterTests" runstate="Runnable" seed="22653458" result="Passed" start-time="2025-12-30 16:55:53Z" end-time="2025-12-30 16:55:53Z" duration="0.000249" asserts="0">
                  <properties>
                    <property name="retryIteration" value="0" />
                    <property name="repeatIteration" value="0" />
                  </properties>
                </test-case>
                <test-case id="2145" name="WhenWritingNativeArrayOfUnmanagedElementType_NativeArrayIsWrittenCorrectly(Unity.Netcode.EditorTests.BaseFastBufferReaderWriterTest+SByteEnum,WriteDirect)" fullname="Unity.Netcode.EditorTests.FastBufferWriterTests.WhenWritingNativeArrayOfUnmanagedElementType_NativeArrayIsWrittenCorrectly(Unity.Netcode.EditorTests.BaseFastBufferReaderWriterTest+SByteEnum,WriteDirect)" methodname="WhenWritingNativeArrayOfUnmanagedElementType_NativeArrayIsWrittenCorrectly" classname="Unity.Netcode.EditorTests.FastBufferWriterTests" runstate="Runnable" seed="138556052" result="Passed" start-time="2025-12-30 16:55:53Z" end-time="2025-12-30 16:55:53Z" duration="0.000490" asserts="0">
                  <properties>
                    <property name="retryIteration" value="0" />
                    <property name="repeatIteration" value="0" />
                  </properties>
                </test-case>
                <test-case id="2146" name="WhenWritingNativeArrayOfUnmanagedElementType_NativeArrayIsWrittenCorrectly(Unity.Netcode.EditorTests.BaseFastBufferReaderWriterTest+SByteEnum,WriteSafe)" fullname="Unity.Netcode.EditorTests.FastBufferWriterTests.WhenWritingNativeArrayOfUnmanagedElementType_NativeArrayIsWrittenCorrectly(Unity.Netcode.EditorTests.BaseFastBufferReaderWriterTest+SByteEnum,WriteSafe)" methodname="WhenWritingNativeArrayOfUnmanagedElementType_NativeArrayIsWrittenCorrectly" classname="Unity.Netcode.EditorTests.FastBufferWriterTests" runstate="Runnable" seed="824935965" result="Passed" start-time="2025-12-30 16:55:53Z" end-time="2025-12-30 16:55:53Z" duration="0.000240" asserts="0">
                  <properties>
                    <property name="retryIteration" value="0" />
                    <property name="repeatIteration" value="0" />
                  </properties>
                </test-case>
                <test-case id="2147" name="WhenWritingNativeArrayOfUnmanagedElementType_NativeArrayIsWrittenCorrectly(Unity.Netcode.EditorTests.BaseFastBufferReaderWriterTest+ShortEnum,WriteDirect)" fullname="Unity.Netcode.EditorTests.FastBufferWriterTests.WhenWritingNativeArrayOfUnmanagedElementType_NativeArrayIsWrittenCorrectly(Unity.Netcode.EditorTests.BaseFastBufferReaderWriterTest+ShortEnum,WriteDirect)" methodname="WhenWritingNativeArrayOfUnmanagedElementType_NativeArrayIsWrittenCorrectly" classname="Unity.Netcode.EditorTests.FastBufferWriterTests" runstate="Runnable" seed="1562872608" result="Passed" start-time="2025-12-30 16:55:53Z" end-time="2025-12-30 16:55:53Z" duration="0.000483" asserts="0">
                  <properties>
                    <property name="retryIteration" value="0" />
                    <property name="repeatIteration" value="0" />
                  </properties>
                </test-case>
                <test-case id="2148" name="WhenWritingNativeArrayOfUnmanagedElementType_NativeArrayIsWrittenCorrectly(Unity.Netcode.EditorTests.BaseFastBufferReaderWriterTest+ShortEnum,WriteSafe)" fullname="Unity.Netcode.EditorTests.FastBufferWriterTests.WhenWritingNativeArrayOfUnmanagedElementType_NativeArrayIsWrittenCorrectly(Unity.Netcode.EditorTests.BaseFastBufferReaderWriterTest+ShortEnum,WriteSafe)" methodname="WhenWritingNativeArrayOfUnmanagedElementType_NativeArrayIsWrittenCorrectly" classname="Unity.Netcode.EditorTests.FastBufferWriterTests" runstate="Runnable" seed="1617507412" result="Passed" start-time="2025-12-30 16:55:53Z" end-time="2025-12-30 16:55:53Z" duration="0.000233" asserts="0">
                  <properties>
                    <property name="retryIteration" value="0" />
                    <property name="repeatIteration" value="0" />
                  </properties>
                </test-case>
                <test-case id="2149" name="WhenWritingNativeArrayOfUnmanagedElementType_NativeArrayIsWrittenCorrectly(Unity.Netcode.EditorTests.BaseFastBufferReaderWriterTest+UShortEnum,WriteDirect)" fullname="Unity.Netcode.EditorTests.FastBufferWriterTests.WhenWritingNativeArrayOfUnmanagedElementType_NativeArrayIsWrittenCorrectly(Unity.Netcode.EditorTests.BaseFastBufferReaderWriterTest+UShortEnum,WriteDirect)" methodname="WhenWritingNativeArrayOfUnmanagedElementType_NativeArrayIsWrittenCorrectly" classname="Unity.Netcode.EditorTests.FastBufferWriterTests" runstate="Runnable" seed="1665548288" result="Passed" start-time="2025-12-30 16:55:53Z" end-time="2025-12-30 16:55:53Z" duration="0.000481" asserts="0">
                  <properties>
                    <property name="retryIteration" value="0" />
                    <property name="repeatIteration" value="0" />
                  </properties>
                </test-case>
                <test-case id="2150" name="WhenWritingNativeArrayOfUnmanagedElementType_NativeArrayIsWrittenCorrectly(Unity.Netcode.EditorTests.BaseFastBufferReaderWriterTest+UShortEnum,WriteSafe)" fullname="Unity.Netcode.EditorTests.FastBufferWriterTests.WhenWritingNativeArrayOfUnmanagedElementType_NativeArrayIsWrittenCorrectly(Unity.Netcode.EditorTests.BaseFastBufferReaderWriterTest+UShortEnum,WriteSafe)" methodname="WhenWritingNativeArrayOfUnmanagedElementType_NativeArrayIsWrittenCorrectly" classname="Unity.Netcode.EditorTests.FastBufferWriterTests" runstate="Runnable" seed="88900480" result="Passed" start-time="2025-12-30 16:55:53Z" end-time="2025-12-30 16:55:53Z" duration="0.000254" asserts="0">
                  <properties>
                    <property name="retryIteration" value="0" />
                    <property name="repeatIteration" value="0" />
                  </properties>
                </test-case>
                <test-case id="2151" name="WhenWritingNativeArrayOfUnmanagedElementType_NativeArrayIsWrittenCorrectly(Unity.Netcode.EditorTests.BaseFastBufferReaderWriterTest+IntEnum,WriteDirect)" fullname="Unity.Netcode.EditorTests.FastBufferWriterTests.WhenWritingNativeArrayOfUnmanagedElementType_NativeArrayIsWrittenCorrectly(Unity.Netcode.EditorTests.BaseFastBufferReaderWriterTest+IntEnum,WriteDirect)" methodname="WhenWritingNativeArrayOfUnmanagedElementType_NativeArrayIsWrittenCorrectly" classname="Unity.Netcode.EditorTests.FastBufferWriterTests" runstate="Runnable" seed="432757215" result="Passed" start-time="2025-12-30 16:55:53Z" end-time="2025-12-30 16:55:53Z" duration="0.000488" asserts="0">
                  <properties>
                    <property name="retryIteration" value="0" />
                    <property name="repeatIteration" value="0" />
                  </properties>
                </test-case>
                <test-case id="2152" name="WhenWritingNativeArrayOfUnmanagedElementType_NativeArrayIsWrittenCorrectly(Unity.Netcode.EditorTests.BaseFastBufferReaderWriterTest+IntEnum,WriteSafe)" fullname="Unity.Netcode.EditorTests.FastBufferWriterTests.WhenWritingNativeArrayOfUnmanagedElementType_NativeArrayIsWrittenCorrectly(Unity.Netcode.EditorTests.BaseFastBufferReaderWriterTest+IntEnum,WriteSafe)" methodname="WhenWritingNativeArrayOfUnmanagedElementType_NativeArrayIsWrittenCorrectly" classname="Unity.Netcode.EditorTests.FastBufferWriterTests" runstate="Runnable" seed="1952305015" result="Passed" start-time="2025-12-30 16:55:53Z" end-time="2025-12-30 16:55:53Z" duration="0.000244" asserts="0">
                  <properties>
                    <property name="retryIteration" value="0" />
                    <property name="repeatIteration" value="0" />
                  </properties>
                </test-case>
                <test-case id="2153" name="WhenWritingNativeArrayOfUnmanagedElementType_NativeArrayIsWrittenCorrectly(Unity.Netcode.EditorTests.BaseFastBufferReaderWriterTest+UIntEnum,WriteDirect)" fullname="Unity.Netcode.EditorTests.FastBufferWriterTests.WhenWritingNativeArrayOfUnmanagedElementType_NativeArrayIsWrittenCorrectly(Unity.Netcode.EditorTests.BaseFastBufferReaderWriterTest+UIntEnum,WriteDirect)" methodname="WhenWritingNativeArrayOfUnmanagedElementType_NativeArrayIsWrittenCorrectly" classname="Unity.Netcode.EditorTests.FastBufferWriterTests" runstate="Runnable" seed="1636499538" result="Passed" start-time="2025-12-30 16:55:53Z" end-time="2025-12-30 16:55:53Z" duration="0.000481" asserts="0">
                  <properties>
                    <property name="retryIteration" value="0" />
                    <property name="repeatIteration" value="0" />
                  </properties>
                </test-case>
                <test-case id="2154" name="WhenWritingNativeArrayOfUnmanagedElementType_NativeArrayIsWrittenCorrectly(Unity.Netcode.EditorTests.BaseFastBufferReaderWriterTest+UIntEnum,WriteSafe)" fullname="Unity.Netcode.EditorTests.FastBufferWriterTests.WhenWritingNativeArrayOfUnmanagedElementType_NativeArrayIsWrittenCorrectly(Unity.Netcode.EditorTests.BaseFastBufferReaderWriterTest+UIntEnum,WriteSafe)" methodname="WhenWritingNativeArrayOfUnmanagedElementType_NativeArrayIsWrittenCorrectly" classname="Unity.Netcode.EditorTests.FastBufferWriterTests" runstate="Runnable" seed="1315190168" result="Passed" start-time="2025-12-30 16:55:53Z" end-time="2025-12-30 16:55:53Z" duration="0.000239" asserts="0">
                  <properties>
                    <property name="retryIteration" value="0" />
                    <property name="repeatIteration" value="0" />
                  </properties>
                </test-case>
                <test-case id="2155" name="WhenWritingNativeArrayOfUnmanagedElementType_NativeArrayIsWrittenCorrectly(Unity.Netcode.EditorTests.BaseFastBufferReaderWriterTest+LongEnum,WriteDirect)" fullname="Unity.Netcode.EditorTests.FastBufferWriterTests.WhenWritingNativeArrayOfUnmanagedElementType_NativeArrayIsWrittenCorrectly(Unity.Netcode.EditorTests.BaseFastBufferReaderWriterTest+LongEnum,WriteDirect)" methodname="WhenWritingNativeArrayOfUnmanagedElementType_NativeArrayIsWrittenCorrectly" classname="Unity.Netcode.EditorTests.FastBufferWriterTests" runstate="Runnable" seed="1485286073" result="Passed" start-time="2025-12-30 16:55:53Z" end-time="2025-12-30 16:55:53Z" duration="0.000484" asserts="0">
                  <properties>
                    <property name="retryIteration" value="0" />
                    <property name="repeatIteration" value="0" />
                  </properties>
                </test-case>
                <test-case id="2156" name="WhenWritingNativeArrayOfUnmanagedElementType_NativeArrayIsWrittenCorrectly(Unity.Netcode.EditorTests.BaseFastBufferReaderWriterTest+LongEnum,WriteSafe)" fullname="Unity.Netcode.EditorTests.FastBufferWriterTests.WhenWritingNativeArrayOfUnmanagedElementType_NativeArrayIsWrittenCorrectly(Unity.Netcode.EditorTests.BaseFastBufferReaderWriterTest+LongEnum,WriteSafe)" methodname="WhenWritingNativeArrayOfUnmanagedElementType_NativeArrayIsWrittenCorrectly" classname="Unity.Netcode.EditorTests.FastBufferWriterTests" runstate="Runnable" seed="1391098" result="Passed" start-time="2025-12-30 16:55:53Z" end-time="2025-12-30 16:55:53Z" duration="0.000238" asserts="0">
                  <properties>
                    <property name="retryIteration" value="0" />
                    <property name="repeatIteration" value="0" />
                  </properties>
                </test-case>
                <test-case id="2157" name="WhenWritingNativeArrayOfUnmanagedElementType_NativeArrayIsWrittenCorrectly(Unity.Netcode.EditorTests.BaseFastBufferReaderWriterTest+ULongEnum,WriteDirect)" fullname="Unity.Netcode.EditorTests.FastBufferWriterTests.WhenWritingNativeArrayOfUnmanagedElementType_NativeArrayIsWrittenCorrectly(Unity.Netcode.EditorTests.BaseFastBufferReaderWriterTest+ULongEnum,WriteDirect)" methodname="WhenWritingNativeArrayOfUnmanagedElementType_NativeArrayIsWrittenCorrectly" classname="Unity.Netcode.EditorTests.FastBufferWriterTests" runstate="Runnable" seed="715419762" result="Passed" start-time="2025-12-30 16:55:53Z" end-time="2025-12-30 16:55:53Z" duration="0.000466" asserts="0">
                  <properties>
                    <property name="retryIteration" value="0" />
                    <property name="repeatIteration" value="0" />
                  </properties>
                </test-case>
                <test-case id="2158" name="WhenWritingNativeArrayOfUnmanagedElementType_NativeArrayIsWrittenCorrectly(Unity.Netcode.EditorTests.BaseFastBufferReaderWriterTest+ULongEnum,WriteSafe)" fullname="Unity.Netcode.EditorTests.FastBufferWriterTests.WhenWritingNativeArrayOfUnmanagedElementType_NativeArrayIsWrittenCorrectly(Unity.Netcode.EditorTests.BaseFastBufferReaderWriterTest+ULongEnum,WriteSafe)" methodname="WhenWritingNativeArrayOfUnmanagedElementType_NativeArrayIsWrittenCorrectly" classname="Unity.Netcode.EditorTests.FastBufferWriterTests" runstate="Runnable" seed="1892265753" result="Passed" start-time="2025-12-30 16:55:53Z" end-time="2025-12-30 16:55:53Z" duration="0.000233" asserts="0">
                  <properties>
                    <property name="retryIteration" value="0" />
                    <property name="repeatIteration" value="0" />
                  </properties>
                </test-case>
                <test-case id="2159" name="WhenWritingNativeArrayOfUnmanagedElementType_NativeArrayIsWrittenCorrectly(UnityEngine.Vector2,WriteDirect)" fullname="Unity.Netcode.EditorTests.FastBufferWriterTests.WhenWritingNativeArrayOfUnmanagedElementType_NativeArrayIsWrittenCorrectly(UnityEngine.Vector2,WriteDirect)" methodname="WhenWritingNativeArrayOfUnmanagedElementType_NativeArrayIsWrittenCorrectly" classname="Unity.Netcode.EditorTests.FastBufferWriterTests" runstate="Runnable" seed="225995546" result="Passed" start-time="2025-12-30 16:55:53Z" end-time="2025-12-30 16:55:53Z" duration="0.000498" asserts="0">
                  <properties>
                    <property name="retryIteration" value="0" />
                    <property name="repeatIteration" value="0" />
                  </properties>
                </test-case>
                <test-case id="2160" name="WhenWritingNativeArrayOfUnmanagedElementType_NativeArrayIsWrittenCorrectly(UnityEngine.Vector2,WriteSafe)" fullname="Unity.Netcode.EditorTests.FastBufferWriterTests.WhenWritingNativeArrayOfUnmanagedElementType_NativeArrayIsWrittenCorrectly(UnityEngine.Vector2,WriteSafe)" methodname="WhenWritingNativeArrayOfUnmanagedElementType_NativeArrayIsWrittenCorrectly" classname="Unity.Netcode.EditorTests.FastBufferWriterTests" runstate="Runnable" seed="310869300" result="Passed" start-time="2025-12-30 16:55:53Z" end-time="2025-12-30 16:55:53Z" duration="0.000261" asserts="0">
                  <properties>
                    <property name="retryIteration" value="0" />
                    <property name="repeatIteration" value="0" />
                  </properties>
                </test-case>
                <test-case id="2161" name="WhenWritingNativeArrayOfUnmanagedElementType_NativeArrayIsWrittenCorrectly(UnityEngine.Vector3,WriteDirect)" fullname="Unity.Netcode.EditorTests.FastBufferWriterTests.WhenWritingNativeArrayOfUnmanagedElementType_NativeArrayIsWrittenCorrectly(UnityEngine.Vector3,WriteDirect)" methodname="WhenWritingNativeArrayOfUnmanagedElementType_NativeArrayIsWrittenCorrectly" classname="Unity.Netcode.EditorTests.FastBufferWriterTests" runstate="Runnable" seed="1987481008" result="Passed" start-time="2025-12-30 16:55:53Z" end-time="2025-12-30 16:55:53Z" duration="0.000495" asserts="0">
                  <properties>
                    <property name="retryIteration" value="0" />
                    <property name="repeatIteration" value="0" />
                  </properties>
                </test-case>
                <test-case id="2162" name="WhenWritingNativeArrayOfUnmanagedElementType_NativeArrayIsWrittenCorrectly(UnityEngine.Vector3,WriteSafe)" fullname="Unity.Netcode.EditorTests.FastBufferWriterTests.WhenWritingNativeArrayOfUnmanagedElementType_NativeArrayIsWrittenCorrectly(UnityEngine.Vector3,WriteSafe)" methodname="WhenWritingNativeArrayOfUnmanagedElementType_NativeArrayIsWrittenCorrectly" classname="Unity.Netcode.EditorTests.FastBufferWriterTests" runstate="Runnable" seed="2117517033" result="Passed" start-time="2025-12-30 16:55:53Z" end-time="2025-12-30 16:55:53Z" duration="0.000243" asserts="0">
                  <properties>
                    <property name="retryIteration" value="0" />
                    <property name="repeatIteration" value="0" />
                  </properties>
                </test-case>
                <test-case id="2163" name="WhenWritingNativeArrayOfUnmanagedElementType_NativeArrayIsWrittenCorrectly(UnityEngine.Vector2Int,WriteDirect)" fullname="Unity.Netcode.EditorTests.FastBufferWriterTests.WhenWritingNativeArrayOfUnmanagedElementType_NativeArrayIsWrittenCorrectly(UnityEngine.Vector2Int,WriteDirect)" methodname="WhenWritingNativeArrayOfUnmanagedElementType_NativeArrayIsWrittenCorrectly" classname="Unity.Netcode.EditorTests.FastBufferWriterTests" runstate="Runnable" seed="223791822" result="Passed" start-time="2025-12-30 16:55:53Z" end-time="2025-12-30 16:55:53Z" duration="0.000492" asserts="0">
                  <properties>
                    <property name="retryIteration" value="0" />
                    <property name="repeatIteration" value="0" />
                  </properties>
                </test-case>
                <test-case id="2164" name="WhenWritingNativeArrayOfUnmanagedElementType_NativeArrayIsWrittenCorrectly(UnityEngine.Vector2Int,WriteSafe)" fullname="Unity.Netcode.EditorTests.FastBufferWriterTests.WhenWritingNativeArrayOfUnmanagedElementType_NativeArrayIsWrittenCorrectly(UnityEngine.Vector2Int,WriteSafe)" methodname="WhenWritingNativeArrayOfUnmanagedElementType_NativeArrayIsWrittenCorrectly" classname="Unity.Netcode.EditorTests.FastBufferWriterTests" runstate="Runnable" seed="892890908" result="Passed" start-time="2025-12-30 16:55:53Z" end-time="2025-12-30 16:55:53Z" duration="0.000267" asserts="0">
                  <properties>
                    <property name="retryIteration" value="0" />
                    <property name="repeatIteration" value="0" />
                  </properties>
                </test-case>
                <test-case id="2165" name="WhenWritingNativeArrayOfUnmanagedElementType_NativeArrayIsWrittenCorrectly(UnityEngine.Vector3Int,WriteDirect)" fullname="Unity.Netcode.EditorTests.FastBufferWriterTests.WhenWritingNativeArrayOfUnmanagedElementType_NativeArrayIsWrittenCorrectly(UnityEngine.Vector3Int,WriteDirect)" methodname="WhenWritingNativeArrayOfUnmanagedElementType_NativeArrayIsWrittenCorrectly" classname="Unity.Netcode.EditorTests.FastBufferWriterTests" runstate="Runnable" seed="2025024286" result="Passed" start-time="2025-12-30 16:55:53Z" end-time="2025-12-30 16:55:53Z" duration="0.000503" asserts="0">
                  <properties>
                    <property name="retryIteration" value="0" />
                    <property name="repeatIteration" value="0" />
                  </properties>
                </test-case>
                <test-case id="2166" name="WhenWritingNativeArrayOfUnmanagedElementType_NativeArrayIsWrittenCorrectly(UnityEngine.Vector3Int,WriteSafe)" fullname="Unity.Netcode.EditorTests.FastBufferWriterTests.WhenWritingNativeArrayOfUnmanagedElementType_NativeArrayIsWrittenCorrectly(UnityEngine.Vector3Int,WriteSafe)" methodname="WhenWritingNativeArrayOfUnmanagedElementType_NativeArrayIsWrittenCorrectly" classname="Unity.Netcode.EditorTests.FastBufferWriterTests" runstate="Runnable" seed="1341533445" result="Passed" start-time="2025-12-30 16:55:53Z" end-time="2025-12-30 16:55:53Z" duration="0.000257" asserts="0">
                  <properties>
                    <property name="retryIteration" value="0" />
                    <property name="repeatIteration" value="0" />
                  </properties>
                </test-case>
                <test-case id="2167" name="WhenWritingNativeArrayOfUnmanagedElementType_NativeArrayIsWrittenCorrectly(UnityEngine.Vector4,WriteDirect)" fullname="Unity.Netcode.EditorTests.FastBufferWriterTests.WhenWritingNativeArrayOfUnmanagedElementType_NativeArrayIsWrittenCorrectly(UnityEngine.Vector4,WriteDirect)" methodname="WhenWritingNativeArrayOfUnmanagedElementType_NativeArrayIsWrittenCorrectly" classname="Unity.Netcode.EditorTests.FastBufferWriterTests" runstate="Runnable" seed="297689914" result="Passed" start-time="2025-12-30 16:55:53Z" end-time="2025-12-30 16:55:53Z" duration="0.000603" asserts="0">
                  <properties>
                    <property name="retryIteration" value="0" />
                    <property name="repeatIteration" value="0" />
                  </properties>
                </test-case>
                <test-case id="2168" name="WhenWritingNativeArrayOfUnmanagedElementType_NativeArrayIsWrittenCorrectly(UnityEngine.Vector4,WriteSafe)" fullname="Unity.Netcode.EditorTests.FastBufferWriterTests.WhenWritingNativeArrayOfUnmanagedElementType_NativeArrayIsWrittenCorrectly(UnityEngine.Vector4,WriteSafe)" methodname="WhenWritingNativeArrayOfUnmanagedElementType_NativeArrayIsWrittenCorrectly" classname="Unity.Netcode.EditorTests.FastBufferWriterTests" runstate="Runnable" seed="1617531900" result="Passed" start-time="2025-12-30 16:55:53Z" end-time="2025-12-30 16:55:53Z" duration="0.000450" asserts="0">
                  <properties>
                    <property name="retryIteration" value="0" />
                    <property name="repeatIteration" value="0" />
                  </properties>
                </test-case>
                <test-case id="2169" name="WhenWritingNativeArrayOfUnmanagedElementType_NativeArrayIsWrittenCorrectly(UnityEngine.Quaternion,WriteDirect)" fullname="Unity.Netcode.EditorTests.FastBufferWriterTests.WhenWritingNativeArrayOfUnmanagedElementType_NativeArrayIsWrittenCorrectly(UnityEngine.Quaternion,WriteDirect)" methodname="WhenWritingNativeArrayOfUnmanagedElementType_NativeArrayIsWrittenCorrectly" classname="Unity.Netcode.EditorTests.FastBufferWriterTests" runstate="Runnable" seed="757474335" result="Passed" start-time="2025-12-30 16:55:53Z" end-time="2025-12-30 16:55:53Z" duration="0.000652" asserts="0">
                  <properties>
                    <property name="retryIteration" value="0" />
                    <property name="repeatIteration" value="0" />
                  </properties>
                </test-case>
                <test-case id="2170" name="WhenWritingNativeArrayOfUnmanagedElementType_NativeArrayIsWrittenCorrectly(UnityEngine.Quaternion,WriteSafe)" fullname="Unity.Netcode.EditorTests.FastBufferWriterTests.WhenWritingNativeArrayOfUnmanagedElementType_NativeArrayIsWrittenCorrectly(UnityEngine.Quaternion,WriteSafe)" methodname="WhenWritingNativeArrayOfUnmanagedElementType_NativeArrayIsWrittenCorrectly" classname="Unity.Netcode.EditorTests.FastBufferWriterTests" runstate="Runnable" seed="413096244" result="Passed" start-time="2025-12-30 16:55:53Z" end-time="2025-12-30 16:55:53Z" duration="0.000308" asserts="0">
                  <properties>
                    <property name="retryIteration" value="0" />
                    <property name="repeatIteration" value="0" />
                  </properties>
                </test-case>
                <test-case id="2171" name="WhenWritingNativeArrayOfUnmanagedElementType_NativeArrayIsWrittenCorrectly(UnityEngine.Pose,WriteDirect)" fullname="Unity.Netcode.EditorTests.FastBufferWriterTests.WhenWritingNativeArrayOfUnmanagedElementType_NativeArrayIsWrittenCorrectly(UnityEngine.Pose,WriteDirect)" methodname="WhenWritingNativeArrayOfUnmanagedElementType_NativeArrayIsWrittenCorrectly" classname="Unity.Netcode.EditorTests.FastBufferWriterTests" runstate="Runnable" seed="2066543023" result="Passed" start-time="2025-12-30 16:55:53Z" end-time="2025-12-30 16:55:53Z" duration="0.000558" asserts="0">
                  <properties>
                    <property name="retryIteration" value="0" />
                    <property name="repeatIteration" value="0" />
                  </properties>
                </test-case>
                <test-case id="2172" name="WhenWritingNativeArrayOfUnmanagedElementType_NativeArrayIsWrittenCorrectly(UnityEngine.Pose,WriteSafe)" fullname="Unity.Netcode.EditorTests.FastBufferWriterTests.WhenWritingNativeArrayOfUnmanagedElementType_NativeArrayIsWrittenCorrectly(UnityEngine.Pose,WriteSafe)" methodname="WhenWritingNativeArrayOfUnmanagedElementType_NativeArrayIsWrittenCorrectly" classname="Unity.Netcode.EditorTests.FastBufferWriterTests" runstate="Runnable" seed="1309914742" result="Passed" start-time="2025-12-30 16:55:53Z" end-time="2025-12-30 16:55:53Z" duration="0.000277" asserts="0">
                  <properties>
                    <property name="retryIteration" value="0" />
                    <property name="repeatIteration" value="0" />
                  </properties>
                </test-case>
                <test-case id="2173" name="WhenWritingNativeArrayOfUnmanagedElementType_NativeArrayIsWrittenCorrectly(UnityEngine.Color,WriteDirect)" fullname="Unity.Netcode.EditorTests.FastBufferWriterTests.WhenWritingNativeArrayOfUnmanagedElementType_NativeArrayIsWrittenCorrectly(UnityEngine.Color,WriteDirect)" methodname="WhenWritingNativeArrayOfUnmanagedElementType_NativeArrayIsWrittenCorrectly" classname="Unity.Netcode.EditorTests.FastBufferWriterTests" runstate="Runnable" seed="1381542628" result="Passed" start-time="2025-12-30 16:55:53Z" end-time="2025-12-30 16:55:53Z" duration="0.000537" asserts="0">
                  <properties>
                    <property name="retryIteration" value="0" />
                    <property name="repeatIteration" value="0" />
                  </properties>
                </test-case>
                <test-case id="2174" name="WhenWritingNativeArrayOfUnmanagedElementType_NativeArrayIsWrittenCorrectly(UnityEngine.Color,WriteSafe)" fullname="Unity.Netcode.EditorTests.FastBufferWriterTests.WhenWritingNativeArrayOfUnmanagedElementType_NativeArrayIsWrittenCorrectly(UnityEngine.Color,WriteSafe)" methodname="WhenWritingNativeArrayOfUnmanagedElementType_NativeArrayIsWrittenCorrectly" classname="Unity.Netcode.EditorTests.FastBufferWriterTests" runstate="Runnable" seed="1736103736" result="Passed" start-time="2025-12-30 16:55:53Z" end-time="2025-12-30 16:55:53Z" duration="0.000278" asserts="0">
                  <properties>
                    <property name="retryIteration" value="0" />
                    <property name="repeatIteration" value="0" />
                  </properties>
                </test-case>
                <test-case id="2175" name="WhenWritingNativeArrayOfUnmanagedElementType_NativeArrayIsWrittenCorrectly(UnityEngine.Color32,WriteDirect)" fullname="Unity.Netcode.EditorTests.FastBufferWriterTests.WhenWritingNativeArrayOfUnmanagedElementType_NativeArrayIsWrittenCorrectly(UnityEngine.Color32,WriteDirect)" methodname="WhenWritingNativeArrayOfUnmanagedElementType_NativeArrayIsWrittenCorrectly" classname="Unity.Netcode.EditorTests.FastBufferWriterTests" runstate="Runnable" seed="1114380303" result="Passed" start-time="2025-12-30 16:55:53Z" end-time="2025-12-30 16:55:53Z" duration="0.000529" asserts="0">
                  <properties>
                    <property name="retryIteration" value="0" />
                    <property name="repeatIteration" value="0" />
                  </properties>
                </test-case>
                <test-case id="2176" name="WhenWritingNativeArrayOfUnmanagedElementType_NativeArrayIsWrittenCorrectly(UnityEngine.Color32,WriteSafe)" fullname="Unity.Netcode.EditorTests.FastBufferWriterTests.WhenWritingNativeArrayOfUnmanagedElementType_NativeArrayIsWrittenCorrectly(UnityEngine.Color32,WriteSafe)" methodname="WhenWritingNativeArrayOfUnmanagedElementType_NativeArrayIsWrittenCorrectly" classname="Unity.Netcode.EditorTests.FastBufferWriterTests" runstate="Runnable" seed="1606938394" result="Passed" start-time="2025-12-30 16:55:53Z" end-time="2025-12-30 16:55:53Z" duration="0.000270" asserts="0">
                  <properties>
                    <property name="retryIteration" value="0" />
                    <property name="repeatIteration" value="0" />
                  </properties>
                </test-case>
                <test-case id="2177" name="WhenWritingNativeArrayOfUnmanagedElementType_NativeArrayIsWrittenCorrectly(UnityEngine.Ray,WriteDirect)" fullname="Unity.Netcode.EditorTests.FastBufferWriterTests.WhenWritingNativeArrayOfUnmanagedElementType_NativeArrayIsWrittenCorrectly(UnityEngine.Ray,WriteDirect)" methodname="WhenWritingNativeArrayOfUnmanagedElementType_NativeArrayIsWrittenCorrectly" classname="Unity.Netcode.EditorTests.FastBufferWriterTests" runstate="Runnable" seed="54732310" result="Passed" start-time="2025-12-30 16:55:53Z" end-time="2025-12-30 16:55:53Z" duration="0.000835" asserts="0">
                  <properties>
                    <property name="retryIteration" value="0" />
                    <property name="repeatIteration" value="0" />
                  </properties>
                </test-case>
                <test-case id="2178" name="WhenWritingNativeArrayOfUnmanagedElementType_NativeArrayIsWrittenCorrectly(UnityEngine.Ray,WriteSafe)" fullname="Unity.Netcode.EditorTests.FastBufferWriterTests.WhenWritingNativeArrayOfUnmanagedElementType_NativeArrayIsWrittenCorrectly(UnityEngine.Ray,WriteSafe)" methodname="WhenWritingNativeArrayOfUnmanagedElementType_NativeArrayIsWrittenCorrectly" classname="Unity.Netcode.EditorTests.FastBufferWriterTests" runstate="Runnable" seed="134067902" result="Passed" start-time="2025-12-30 16:55:53Z" end-time="2025-12-30 16:55:53Z" duration="0.000321" asserts="0">
                  <properties>
                    <property name="retryIteration" value="0" />
                    <property name="repeatIteration" value="0" />
                  </properties>
                </test-case>
                <test-case id="2179" name="WhenWritingNativeArrayOfUnmanagedElementType_NativeArrayIsWrittenCorrectly(UnityEngine.Ray2D,WriteDirect)" fullname="Unity.Netcode.EditorTests.FastBufferWriterTests.WhenWritingNativeArrayOfUnmanagedElementType_NativeArrayIsWrittenCorrectly(UnityEngine.Ray2D,WriteDirect)" methodname="WhenWritingNativeArrayOfUnmanagedElementType_NativeArrayIsWrittenCorrectly" classname="Unity.Netcode.EditorTests.FastBufferWriterTests" runstate="Runnable" seed="1380397233" result="Passed" start-time="2025-12-30 16:55:53Z" end-time="2025-12-30 16:55:53Z" duration="0.000542" asserts="0">
                  <properties>
                    <property name="retryIteration" value="0" />
                    <property name="repeatIteration" value="0" />
                  </properties>
                </test-case>
                <test-case id="2180" name="WhenWritingNativeArrayOfUnmanagedElementType_NativeArrayIsWrittenCorrectly(UnityEngine.Ray2D,WriteSafe)" fullname="Unity.Netcode.EditorTests.FastBufferWriterTests.WhenWritingNativeArrayOfUnmanagedElementType_NativeArrayIsWrittenCorrectly(UnityEngine.Ray2D,WriteSafe)" methodname="WhenWritingNativeArrayOfUnmanagedElementType_NativeArrayIsWrittenCorrectly" classname="Unity.Netcode.EditorTests.FastBufferWriterTests" runstate="Runnable" seed="1156244861" result="Passed" start-time="2025-12-30 16:55:53Z" end-time="2025-12-30 16:55:53Z" duration="0.000258" asserts="0">
                  <properties>
                    <property name="retryIteration" value="0" />
                    <property name="repeatIteration" value="0" />
                  </properties>
                </test-case>
                <test-case id="2181" name="WhenWritingNativeArrayOfUnmanagedElementType_NativeArrayIsWrittenCorrectly(Unity.Netcode.EditorTests.BaseFastBufferReaderWriterTest+TestStruct,WriteDirect)" fullname="Unity.Netcode.EditorTests.FastBufferWriterTests.WhenWritingNativeArrayOfUnmanagedElementType_NativeArrayIsWrittenCorrectly(Unity.Netcode.EditorTests.BaseFastBufferReaderWriterTest+TestStruct,WriteDirect)" methodname="WhenWritingNativeArrayOfUnmanagedElementType_NativeArrayIsWrittenCorrectly" classname="Unity.Netcode.EditorTests.FastBufferWriterTests" runstate="Runnable" seed="1956396090" result="Passed" start-time="2025-12-30 16:55:53Z" end-time="2025-12-30 16:55:53Z" duration="0.000527" asserts="0">
                  <properties>
                    <property name="retryIteration" value="0" />
                    <property name="repeatIteration" value="0" />
                  </properties>
                </test-case>
                <test-case id="2182" name="WhenWritingNativeArrayOfUnmanagedElementType_NativeArrayIsWrittenCorrectly(Unity.Netcode.EditorTests.BaseFastBufferReaderWriterTest+TestStruct,WriteSafe)" fullname="Unity.Netcode.EditorTests.FastBufferWriterTests.WhenWritingNativeArrayOfUnmanagedElementType_NativeArrayIsWrittenCorrectly(Unity.Netcode.EditorTests.BaseFastBufferReaderWriterTest+TestStruct,WriteSafe)" methodname="WhenWritingNativeArrayOfUnmanagedElementType_NativeArrayIsWrittenCorrectly" classname="Unity.Netcode.EditorTests.FastBufferWriterTests" runstate="Runnable" seed="2091066007" result="Passed" start-time="2025-12-30 16:55:53Z" end-time="2025-12-30 16:55:53Z" duration="0.000256" asserts="0">
                  <properties>
                    <property name="retryIteration" value="0" />
                    <property name="repeatIteration" value="0" />
                  </properties>
                </test-case>
              </test-suite>
              <test-suite type="ParameterizedMethod" id="2260" name="WhenWritingPartialValueWithCountAndOffset_ValueIsWrittenCorrectly" fullname="Unity.Netcode.EditorTests.FastBufferWriterTests.WhenWritingPartialValueWithCountAndOffset_ValueIsWrittenCorrectly" classname="Unity.Netcode.EditorTests.FastBufferWriterTests" runstate="Runnable" testcasecount="36" result="Passed" start-time="2025-12-30 16:55:53Z" end-time="2025-12-30 16:55:53Z" duration="0.008494" total="36" passed="36" failed="0" inconclusive="0" skipped="0" asserts="0">
                <properties />
                <test-case id="2224" name="WhenWritingPartialValueWithCountAndOffset_ValueIsWrittenCorrectly(1,0)" fullname="Unity.Netcode.EditorTests.FastBufferWriterTests.WhenWritingPartialValueWithCountAndOffset_ValueIsWrittenCorrectly(1,0)" methodname="WhenWritingPartialValueWithCountAndOffset_ValueIsWrittenCorrectly" classname="Unity.Netcode.EditorTests.FastBufferWriterTests" runstate="Runnable" seed="1100371907" result="Passed" start-time="2025-12-30 16:55:53Z" end-time="2025-12-30 16:55:53Z" duration="0.000457" asserts="0">
                  <properties>
                    <property name="retryIteration" value="0" />
                    <property name="repeatIteration" value="0" />
                  </properties>
                </test-case>
                <test-case id="2225" name="WhenWritingPartialValueWithCountAndOffset_ValueIsWrittenCorrectly(2,0)" fullname="Unity.Netcode.EditorTests.FastBufferWriterTests.WhenWritingPartialValueWithCountAndOffset_ValueIsWrittenCorrectly(2,0)" methodname="WhenWritingPartialValueWithCountAndOffset_ValueIsWrittenCorrectly" classname="Unity.Netcode.EditorTests.FastBufferWriterTests" runstate="Runnable" seed="549939385" result="Passed" start-time="2025-12-30 16:55:53Z" end-time="2025-12-30 16:55:53Z" duration="0.000131" asserts="0">
                  <properties>
                    <property name="retryIteration" value="0" />
                    <property name="repeatIteration" value="0" />
                  </properties>
                </test-case>
                <test-case id="2226" name="WhenWritingPartialValueWithCountAndOffset_ValueIsWrittenCorrectly(3,0)" fullname="Unity.Netcode.EditorTests.FastBufferWriterTests.WhenWritingPartialValueWithCountAndOffset_ValueIsWrittenCorrectly(3,0)" methodname="WhenWritingPartialValueWithCountAndOffset_ValueIsWrittenCorrectly" classname="Unity.Netcode.EditorTests.FastBufferWriterTests" runstate="Runnable" seed="1986164866" result="Passed" start-time="2025-12-30 16:55:53Z" end-time="2025-12-30 16:55:53Z" duration="0.000118" asserts="0">
                  <properties>
                    <property name="retryIteration" value="0" />
                    <property name="repeatIteration" value="0" />
                  </properties>
                </test-case>
                <test-case id="2227" name="WhenWritingPartialValueWithCountAndOffset_ValueIsWrittenCorrectly(4,0)" fullname="Unity.Netcode.EditorTests.FastBufferWriterTests.WhenWritingPartialValueWithCountAndOffset_ValueIsWrittenCorrectly(4,0)" methodname="WhenWritingPartialValueWithCountAndOffset_ValueIsWrittenCorrectly" classname="Unity.Netcode.EditorTests.FastBufferWriterTests" runstate="Runnable" seed="1648967482" result="Passed" start-time="2025-12-30 16:55:53Z" end-time="2025-12-30 16:55:53Z" duration="0.000114" asserts="0">
                  <properties>
                    <property name="retryIteration" value="0" />
                    <property name="repeatIteration" value="0" />
                  </properties>
                </test-case>
                <test-case id="2228" name="WhenWritingPartialValueWithCountAndOffset_ValueIsWrittenCorrectly(5,0)" fullname="Unity.Netcode.EditorTests.FastBufferWriterTests.WhenWritingPartialValueWithCountAndOffset_ValueIsWrittenCorrectly(5,0)" methodname="WhenWritingPartialValueWithCountAndOffset_ValueIsWrittenCorrectly" classname="Unity.Netcode.EditorTests.FastBufferWriterTests" runstate="Runnable" seed="223571933" result="Passed" start-time="2025-12-30 16:55:53Z" end-time="2025-12-30 16:55:53Z" duration="0.000124" asserts="0">
                  <properties>
                    <property name="retryIteration" value="0" />
                    <property name="repeatIteration" value="0" />
                  </properties>
                </test-case>
                <test-case id="2229" name="WhenWritingPartialValueWithCountAndOffset_ValueIsWrittenCorrectly(6,0)" fullname="Unity.Netcode.EditorTests.FastBufferWriterTests.WhenWritingPartialValueWithCountAndOffset_ValueIsWrittenCorrectly(6,0)" methodname="WhenWritingPartialValueWithCountAndOffset_ValueIsWrittenCorrectly" classname="Unity.Netcode.EditorTests.FastBufferWriterTests" runstate="Runnable" seed="1392842806" result="Passed" start-time="2025-12-30 16:55:53Z" end-time="2025-12-30 16:55:53Z" duration="0.000120" asserts="0">
                  <properties>
                    <property name="retryIteration" value="0" />
                    <property name="repeatIteration" value="0" />
                  </properties>
                </test-case>
                <test-case id="2230" name="WhenWritingPartialValueWithCountAndOffset_ValueIsWrittenCorrectly(7,0)" fullname="Unity.Netcode.EditorTests.FastBufferWriterTests.WhenWritingPartialValueWithCountAndOffset_ValueIsWrittenCorrectly(7,0)" methodname="WhenWritingPartialValueWithCountAndOffset_ValueIsWrittenCorrectly" classname="Unity.Netcode.EditorTests.FastBufferWriterTests" runstate="Runnable" seed="626208654" result="Passed" start-time="2025-12-30 16:55:53Z" end-time="2025-12-30 16:55:53Z" duration="0.000125" asserts="0">
                  <properties>
                    <property name="retryIteration" value="0" />
                    <property name="repeatIteration" value="0" />
                  </properties>
                </test-case>
                <test-case id="2231" name="WhenWritingPartialValueWithCountAndOffset_ValueIsWrittenCorrectly(8,0)" fullname="Unity.Netcode.EditorTests.FastBufferWriterTests.WhenWritingPartialValueWithCountAndOffset_ValueIsWrittenCorrectly(8,0)" methodname="WhenWritingPartialValueWithCountAndOffset_ValueIsWrittenCorrectly" classname="Unity.Netcode.EditorTests.FastBufferWriterTests" runstate="Runnable" seed="1574677061" result="Passed" start-time="2025-12-30 16:55:53Z" end-time="2025-12-30 16:55:53Z" duration="0.000122" asserts="0">
                  <properties>
                    <property name="retryIteration" value="0" />
                    <property name="repeatIteration" value="0" />
                  </properties>
                </test-case>
                <test-case id="2232" name="WhenWritingPartialValueWithCountAndOffset_ValueIsWrittenCorrectly(1,1)" fullname="Unity.Netcode.EditorTests.FastBufferWriterTests.WhenWritingPartialValueWithCountAndOffset_ValueIsWrittenCorrectly(1,1)" methodname="WhenWritingPartialValueWithCountAndOffset_ValueIsWrittenCorrectly" classname="Unity.Netcode.EditorTests.FastBufferWriterTests" runstate="Runnable" seed="255175659" result="Passed" start-time="2025-12-30 16:55:53Z" end-time="2025-12-30 16:55:53Z" duration="0.000112" asserts="0">
                  <properties>
                    <property name="retryIteration" value="0" />
                    <property name="repeatIteration" value="0" />
                  </properties>
                </test-case>
                <test-case id="2233" name="WhenWritingPartialValueWithCountAndOffset_ValueIsWrittenCorrectly(2,1)" fullname="Unity.Netcode.EditorTests.FastBufferWriterTests.WhenWritingPartialValueWithCountAndOffset_ValueIsWrittenCorrectly(2,1)" methodname="WhenWritingPartialValueWithCountAndOffset_ValueIsWrittenCorrectly" classname="Unity.Netcode.EditorTests.FastBufferWriterTests" runstate="Runnable" seed="381239542" result="Passed" start-time="2025-12-30 16:55:53Z" end-time="2025-12-30 16:55:53Z" duration="0.000107" asserts="0">
                  <properties>
                    <property name="retryIteration" value="0" />
                    <property name="repeatIteration" value="0" />
                  </properties>
                </test-case>
                <test-case id="2234" name="WhenWritingPartialValueWithCountAndOffset_ValueIsWrittenCorrectly(3,1)" fullname="Unity.Netcode.EditorTests.FastBufferWriterTests.WhenWritingPartialValueWithCountAndOffset_ValueIsWrittenCorrectly(3,1)" methodname="WhenWritingPartialValueWithCountAndOffset_ValueIsWrittenCorrectly" classname="Unity.Netcode.EditorTests.FastBufferWriterTests" runstate="Runnable" seed="479548230" result="Passed" start-time="2025-12-30 16:55:53Z" end-time="2025-12-30 16:55:53Z" duration="0.000110" asserts="0">
                  <properties>
                    <property name="retryIteration" value="0" />
                    <property name="repeatIteration" value="0" />
                  </properties>
                </test-case>
                <test-case id="2235" name="WhenWritingPartialValueWithCountAndOffset_ValueIsWrittenCorrectly(4,1)" fullname="Unity.Netcode.EditorTests.FastBufferWriterTests.WhenWritingPartialValueWithCountAndOffset_ValueIsWrittenCorrectly(4,1)" methodname="WhenWritingPartialValueWithCountAndOffset_ValueIsWrittenCorrectly" classname="Unity.Netcode.EditorTests.FastBufferWriterTests" runstate="Runnable" seed="1291307553" result="Passed" start-time="2025-12-30 16:55:53Z" end-time="2025-12-30 16:55:53Z" duration="0.000112" asserts="0">
                  <properties>
                    <property name="retryIteration" value="0" />
                    <property name="repeatIteration" value="0" />
                  </properties>
                </test-case>
                <test-case id="2236" name="WhenWritingPartialValueWithCountAndOffset_ValueIsWrittenCorrectly(5,1)" fullname="Unity.Netcode.EditorTests.FastBufferWriterTests.WhenWritingPartialValueWithCountAndOffset_ValueIsWrittenCorrectly(5,1)" methodname="WhenWritingPartialValueWithCountAndOffset_ValueIsWrittenCorrectly" classname="Unity.Netcode.EditorTests.FastBufferWriterTests" runstate="Runnable" seed="18263654" result="Passed" start-time="2025-12-30 16:55:53Z" end-time="2025-12-30 16:55:53Z" duration="0.000114" asserts="0">
                  <properties>
                    <property name="retryIteration" value="0" />
                    <property name="repeatIteration" value="0" />
                  </properties>
                </test-case>
                <test-case id="2237" name="WhenWritingPartialValueWithCountAndOffset_ValueIsWrittenCorrectly(6,1)" fullname="Unity.Netcode.EditorTests.FastBufferWriterTests.WhenWritingPartialValueWithCountAndOffset_ValueIsWrittenCorrectly(6,1)" methodname="WhenWritingPartialValueWithCountAndOffset_ValueIsWrittenCorrectly" classname="Unity.Netcode.EditorTests.FastBufferWriterTests" runstate="Runnable" seed="2060397880" result="Passed" start-time="2025-12-30 16:55:53Z" end-time="2025-12-30 16:55:53Z" duration="0.000115" asserts="0">
                  <properties>
                    <property name="retryIteration" value="0" />
                    <property name="repeatIteration" value="0" />
                  </properties>
                </test-case>
                <test-case id="2238" name="WhenWritingPartialValueWithCountAndOffset_ValueIsWrittenCorrectly(7,1)" fullname="Unity.Netcode.EditorTests.FastBufferWriterTests.WhenWritingPartialValueWithCountAndOffset_ValueIsWrittenCorrectly(7,1)" methodname="WhenWritingPartialValueWithCountAndOffset_ValueIsWrittenCorrectly" classname="Unity.Netcode.EditorTests.FastBufferWriterTests" runstate="Runnable" seed="970859031" result="Passed" start-time="2025-12-30 16:55:53Z" end-time="2025-12-30 16:55:53Z" duration="0.000123" asserts="0">
                  <properties>
                    <property name="retryIteration" value="0" />
                    <property name="repeatIteration" value="0" />
                  </properties>
                </test-case>
                <test-case id="2239" name="WhenWritingPartialValueWithCountAndOffset_ValueIsWrittenCorrectly(1,2)" fullname="Unity.Netcode.EditorTests.FastBufferWriterTests.WhenWritingPartialValueWithCountAndOffset_ValueIsWrittenCorrectly(1,2)" methodname="WhenWritingPartialValueWithCountAndOffset_ValueIsWrittenCorrectly" classname="Unity.Netcode.EditorTests.FastBufferWriterTests" runstate="Runnable" seed="307958418" result="Passed" start-time="2025-12-30 16:55:53Z" end-time="2025-12-30 16:55:53Z" duration="0.000110" asserts="0">
                  <properties>
                    <property name="retryIteration" value="0" />
                    <property name="repeatIteration" value="0" />
                  </properties>
                </test-case>
                <test-case id="2240" name="WhenWritingPartialValueWithCountAndOffset_ValueIsWrittenCorrectly(2,2)" fullname="Unity.Netcode.EditorTests.FastBufferWriterTests.WhenWritingPartialValueWithCountAndOffset_ValueIsWrittenCorrectly(2,2)" methodname="WhenWritingPartialValueWithCountAndOffset_ValueIsWrittenCorrectly" classname="Unity.Netcode.EditorTests.FastBufferWriterTests" runstate="Runnable" seed="642613583" result="Passed" start-time="2025-12-30 16:55:53Z" end-time="2025-12-30 16:55:53Z" duration="0.000115" asserts="0">
                  <properties>
                    <property name="retryIteration" value="0" />
                    <property name="repeatIteration" value="0" />
                  </properties>
                </test-case>
                <test-case id="2241" name="WhenWritingPartialValueWithCountAndOffset_ValueIsWrittenCorrectly(3,2)" fullname="Unity.Netcode.EditorTests.FastBufferWriterTests.WhenWritingPartialValueWithCountAndOffset_ValueIsWrittenCorrectly(3,2)" methodname="WhenWritingPartialValueWithCountAndOffset_ValueIsWrittenCorrectly" classname="Unity.Netcode.EditorTests.FastBufferWriterTests" runstate="Runnable" seed="1898813641" result="Passed" start-time="2025-12-30 16:55:53Z" end-time="2025-12-30 16:55:53Z" duration="0.000111" asserts="0">
                  <properties>
                    <property name="retryIteration" value="0" />
                    <property name="repeatIteration" value="0" />
                  </properties>
                </test-case>
                <test-case id="2242" name="WhenWritingPartialValueWithCountAndOffset_ValueIsWrittenCorrectly(4,2)" fullname="Unity.Netcode.EditorTests.FastBufferWriterTests.WhenWritingPartialValueWithCountAndOffset_ValueIsWrittenCorrectly(4,2)" methodname="WhenWritingPartialValueWithCountAndOffset_ValueIsWrittenCorrectly" classname="Unity.Netcode.EditorTests.FastBufferWriterTests" runstate="Runnable" seed="2089141119" result="Passed" start-time="2025-12-30 16:55:53Z" end-time="2025-12-30 16:55:53Z" duration="0.000125" asserts="0">
                  <properties>
                    <property name="retryIteration" value="0" />
                    <property name="repeatIteration" value="0" />
                  </properties>
                </test-case>
                <test-case id="2243" name="WhenWritingPartialValueWithCountAndOffset_ValueIsWrittenCorrectly(5,2)" fullname="Unity.Netcode.EditorTests.FastBufferWriterTests.WhenWritingPartialValueWithCountAndOffset_ValueIsWrittenCorrectly(5,2)" methodname="WhenWritingPartialValueWithCountAndOffset_ValueIsWrittenCorrectly" classname="Unity.Netcode.EditorTests.FastBufferWriterTests" runstate="Runnable" seed="703943909" result="Passed" start-time="2025-12-30 16:55:53Z" end-time="2025-12-30 16:55:53Z" duration="0.000118" asserts="0">
                  <properties>
                    <property name="retryIteration" value="0" />
                    <property name="repeatIteration" value="0" />
                  </properties>
                </test-case>
                <test-case id="2244" name="WhenWritingPartialValueWithCountAndOffset_ValueIsWrittenCorrectly(6,2)" fullname="Unity.Netcode.EditorTests.FastBufferWriterTests.WhenWritingPartialValueWithCountAndOffset_ValueIsWrittenCorrectly(6,2)" methodname="WhenWritingPartialValueWithCountAndOffset_ValueIsWrittenCorrectly" classname="Unity.Netcode.EditorTests.FastBufferWriterTests" runstate="Runnable" seed="648573264" result="Passed" start-time="2025-12-30 16:55:53Z" end-time="2025-12-30 16:55:53Z" duration="0.000116" asserts="0">
                  <properties>
                    <property name="retryIteration" value="0" />
                    <property name="repeatIteration" value="0" />
                  </properties>
                </test-case>
                <test-case id="2245" name="WhenWritingPartialValueWithCountAndOffset_ValueIsWrittenCorrectly(1,3)" fullname="Unity.Netcode.EditorTests.FastBufferWriterTests.WhenWritingPartialValueWithCountAndOffset_ValueIsWrittenCorrectly(1,3)" methodname="WhenWritingPartialValueWithCountAndOffset_ValueIsWrittenCorrectly" classname="Unity.Netcode.EditorTests.FastBufferWriterTests" runstate="Runnable" seed="524768548" result="Passed" start-time="2025-12-30 16:55:53Z" end-time="2025-12-30 16:55:53Z" duration="0.000114" asserts="0">
                  <properties>
                    <property name="retryIteration" value="0" />
                    <property name="repeatIteration" value="0" />
                  </properties>
                </test-case>
                <test-case id="2246" name="WhenWritingPartialValueWithCountAndOffset_ValueIsWrittenCorrectly(2,3)" fullname="Unity.Netcode.EditorTests.FastBufferWriterTests.WhenWritingPartialValueWithCountAndOffset_ValueIsWrittenCorrectly(2,3)" methodname="WhenWritingPartialValueWithCountAndOffset_ValueIsWrittenCorrectly" classname="Unity.Netcode.EditorTests.FastBufferWriterTests" runstate="Runnable" seed="2059540215" result="Passed" start-time="2025-12-30 16:55:53Z" end-time="2025-12-30 16:55:53Z" duration="0.000109" asserts="0">
                  <properties>
                    <property name="retryIteration" value="0" />
                    <property name="repeatIteration" value="0" />
                  </properties>
                </test-case>
                <test-case id="2247" name="WhenWritingPartialValueWithCountAndOffset_ValueIsWrittenCorrectly(3,3)" fullname="Unity.Netcode.EditorTests.FastBufferWriterTests.WhenWritingPartialValueWithCountAndOffset_ValueIsWrittenCorrectly(3,3)" methodname="WhenWritingPartialValueWithCountAndOffset_ValueIsWrittenCorrectly" classname="Unity.Netcode.EditorTests.FastBufferWriterTests" runstate="Runnable" seed="1041069426" result="Passed" start-time="2025-12-30 16:55:53Z" end-time="2025-12-30 16:55:53Z" duration="0.000108" asserts="0">
                  <properties>
                    <property name="retryIteration" value="0" />
                    <property name="repeatIteration" value="0" />
                  </properties>
                </test-case>
                <test-case id="2248" name="WhenWritingPartialValueWithCountAndOffset_ValueIsWrittenCorrectly(4,3)" fullname="Unity.Netcode.EditorTests.FastBufferWriterTests.WhenWritingPartialValueWithCountAndOffset_ValueIsWrittenCorrectly(4,3)" methodname="WhenWritingPartialValueWithCountAndOffset_ValueIsWrittenCorrectly" classname="Unity.Netcode.EditorTests.FastBufferWriterTests" runstate="Runnable" seed="528510377" result="Passed" start-time="2025-12-30 16:55:53Z" end-time="2025-12-30 16:55:53Z" duration="0.000115" asserts="0">
                  <properties>
                    <property name="retryIteration" value="0" />
                    <property name="repeatIteration" value="0" />
                  </properties>
                </test-case>
                <test-case id="2249" name="WhenWritingPartialValueWithCountAndOffset_ValueIsWrittenCorrectly(5,3)" fullname="Unity.Netcode.EditorTests.FastBufferWriterTests.WhenWritingPartialValueWithCountAndOffset_ValueIsWrittenCorrectly(5,3)" methodname="WhenWritingPartialValueWithCountAndOffset_ValueIsWrittenCorrectly" classname="Unity.Netcode.EditorTests.FastBufferWriterTests" runstate="Runnable" seed="1244684368" result="Passed" start-time="2025-12-30 16:55:53Z" end-time="2025-12-30 16:55:53Z" duration="0.000112" asserts="0">
                  <properties>
                    <property name="retryIteration" value="0" />
                    <property name="repeatIteration" value="0" />
                  </properties>
                </test-case>
                <test-case id="2250" name="WhenWritingPartialValueWithCountAndOffset_ValueIsWrittenCorrectly(1,4)" fullname="Unity.Netcode.EditorTests.FastBufferWriterTests.WhenWritingPartialValueWithCountAndOffset_ValueIsWrittenCorrectly(1,4)" methodname="WhenWritingPartialValueWithCountAndOffset_ValueIsWrittenCorrectly" classname="Unity.Netcode.EditorTests.FastBufferWriterTests" runstate="Runnable" seed="1671331615" result="Passed" start-time="2025-12-30 16:55:53Z" end-time="2025-12-30 16:55:53Z" duration="0.000109" asserts="0">
                  <properties>
                    <property name="retryIteration" value="0" />
                    <property name="repeatIteration" value="0" />
                  </properties>
                </test-case>
                <test-case id="2251" name="WhenWritingPartialValueWithCountAndOffset_ValueIsWrittenCorrectly(2,4)" fullname="Unity.Netcode.EditorTests.FastBufferWriterTests.WhenWritingPartialValueWithCountAndOffset_ValueIsWrittenCorrectly(2,4)" methodname="WhenWritingPartialValueWithCountAndOffset_ValueIsWrittenCorrectly" classname="Unity.Netcode.EditorTests.FastBufferWriterTests" runstate="Runnable" seed="1310720615" result="Passed" start-time="2025-12-30 16:55:53Z" end-time="2025-12-30 16:55:53Z" duration="0.000116" asserts="0">
                  <properties>
                    <property name="retryIteration" value="0" />
                    <property name="repeatIteration" value="0" />
                  </properties>
                </test-case>
                <test-case id="2252" name="WhenWritingPartialValueWithCountAndOffset_ValueIsWrittenCorrectly(3,4)" fullname="Unity.Netcode.EditorTests.FastBufferWriterTests.WhenWritingPartialValueWithCountAndOffset_ValueIsWrittenCorrectly(3,4)" methodname="WhenWritingPartialValueWithCountAndOffset_ValueIsWrittenCorrectly" classname="Unity.Netcode.EditorTests.FastBufferWriterTests" runstate="Runnable" seed="1238065389" result="Passed" start-time="2025-12-30 16:55:53Z" end-time="2025-12-30 16:55:53Z" duration="0.000114" asserts="0">
                  <properties>
                    <property name="retryIteration" value="0" />
                    <property name="repeatIteration" value="0" />
                  </properties>
                </test-case>
                <test-case id="2253" name="WhenWritingPartialValueWithCountAndOffset_ValueIsWrittenCorrectly(4,4)" fullname="Unity.Netcode.EditorTests.FastBufferWriterTests.WhenWritingPartialValueWithCountAndOffset_ValueIsWrittenCorrectly(4,4)" methodname="WhenWritingPartialValueWithCountAndOffset_ValueIsWrittenCorrectly" classname="Unity.Netcode.EditorTests.FastBufferWriterTests" runstate="Runnable" seed="181578377" result="Passed" start-time="2025-12-30 16:55:53Z" end-time="2025-12-30 16:55:53Z" duration="0.000115" asserts="0">
                  <properties>
                    <property name="retryIteration" value="0" />
                    <property name="repeatIteration" value="0" />
                  </properties>
                </test-case>
                <test-case id="2254" name="WhenWritingPartialValueWithCountAndOffset_ValueIsWrittenCorrectly(1,5)" fullname="Unity.Netcode.EditorTests.FastBufferWriterTests.WhenWritingPartialValueWithCountAndOffset_ValueIsWrittenCorrectly(1,5)" methodname="WhenWritingPartialValueWithCountAndOffset_ValueIsWrittenCorrectly" classname="Unity.Netcode.EditorTests.FastBufferWriterTests" runstate="Runnable" seed="1016670591" result="Passed" start-time="2025-12-30 16:55:53Z" end-time="2025-12-30 16:55:53Z" duration="0.000113" asserts="0">
                  <properties>
                    <property name="retryIteration" value="0" />
                    <property name="repeatIteration" value="0" />
                  </properties>
                </test-case>
                <test-case id="2255" name="WhenWritingPartialValueWithCountAndOffset_ValueIsWrittenCorrectly(2,5)" fullname="Unity.Netcode.EditorTests.FastBufferWriterTests.WhenWritingPartialValueWithCountAndOffset_ValueIsWrittenCorrectly(2,5)" methodname="WhenWritingPartialValueWithCountAndOffset_ValueIsWrittenCorrectly" classname="Unity.Netcode.EditorTests.FastBufferWriterTests" runstate="Runnable" seed="399993281" result="Passed" start-time="2025-12-30 16:55:53Z" end-time="2025-12-30 16:55:53Z" duration="0.000111" asserts="0">
                  <properties>
                    <property name="retryIteration" value="0" />
                    <property name="repeatIteration" value="0" />
                  </properties>
                </test-case>
                <test-case id="2256" name="WhenWritingPartialValueWithCountAndOffset_ValueIsWrittenCorrectly(3,5)" fullname="Unity.Netcode.EditorTests.FastBufferWriterTests.WhenWritingPartialValueWithCountAndOffset_ValueIsWrittenCorrectly(3,5)" methodname="WhenWritingPartialValueWithCountAndOffset_ValueIsWrittenCorrectly" classname="Unity.Netcode.EditorTests.FastBufferWriterTests" runstate="Runnable" seed="1522338346" result="Passed" start-time="2025-12-30 16:55:53Z" end-time="2025-12-30 16:55:53Z" duration="0.000111" asserts="0">
                  <properties>
                    <property name="retryIteration" value="0" />
                    <property name="repeatIteration" value="0" />
                  </properties>
                </test-case>
                <test-case id="2257" name="WhenWritingPartialValueWithCountAndOffset_ValueIsWrittenCorrectly(1,6)" fullname="Unity.Netcode.EditorTests.FastBufferWriterTests.WhenWritingPartialValueWithCountAndOffset_ValueIsWrittenCorrectly(1,6)" methodname="WhenWritingPartialValueWithCountAndOffset_ValueIsWrittenCorrectly" classname="Unity.Netcode.EditorTests.FastBufferWriterTests" runstate="Runnable" seed="993919048" result="Passed" start-time="2025-12-30 16:55:53Z" end-time="2025-12-30 16:55:53Z" duration="0.000109" asserts="0">
                  <properties>
                    <property name="retryIteration" value="0" />
                    <property name="repeatIteration" value="0" />
                  </properties>
                </test-case>
                <test-case id="2258" name="WhenWritingPartialValueWithCountAndOffset_ValueIsWrittenCorrectly(2,6)" fullname="Unity.Netcode.EditorTests.FastBufferWriterTests.WhenWritingPartialValueWithCountAndOffset_ValueIsWrittenCorrectly(2,6)" methodname="WhenWritingPartialValueWithCountAndOffset_ValueIsWrittenCorrectly" classname="Unity.Netcode.EditorTests.FastBufferWriterTests" runstate="Runnable" seed="644202813" result="Passed" start-time="2025-12-30 16:55:53Z" end-time="2025-12-30 16:55:53Z" duration="0.000156" asserts="0">
                  <properties>
                    <property name="retryIteration" value="0" />
                    <property name="repeatIteration" value="0" />
                  </properties>
                </test-case>
                <test-case id="2259" name="WhenWritingPartialValueWithCountAndOffset_ValueIsWrittenCorrectly(1,7)" fullname="Unity.Netcode.EditorTests.FastBufferWriterTests.WhenWritingPartialValueWithCountAndOffset_ValueIsWrittenCorrectly(1,7)" methodname="WhenWritingPartialValueWithCountAndOffset_ValueIsWrittenCorrectly" classname="Unity.Netcode.EditorTests.FastBufferWriterTests" runstate="Runnable" seed="960868435" result="Passed" start-time="2025-12-30 16:55:53Z" end-time="2025-12-30 16:55:53Z" duration="0.000141" asserts="0">
                  <properties>
                    <property name="retryIteration" value="0" />
                    <property name="repeatIteration" value="0" />
                  </properties>
                </test-case>
              </test-suite>
              <test-suite type="ParameterizedMethod" id="2188" name="WhenWritingString_ValueIsWrittenCorrectly" fullname="Unity.Netcode.EditorTests.FastBufferWriterTests.WhenWritingString_ValueIsWrittenCorrectly" classname="Unity.Netcode.EditorTests.FastBufferWriterTests" runstate="Runnable" testcasecount="4" result="Passed" start-time="2025-12-30 16:55:53Z" end-time="2025-12-30 16:55:53Z" duration="0.001792" total="4" passed="4" failed="0" inconclusive="0" skipped="0" asserts="0">
                <properties />
                <test-case id="2184" name="WhenWritingString_ValueIsWrittenCorrectly(False,WriteDirect)" fullname="Unity.Netcode.EditorTests.FastBufferWriterTests.WhenWritingString_ValueIsWrittenCorrectly(False,WriteDirect)" methodname="WhenWritingString_ValueIsWrittenCorrectly" classname="Unity.Netcode.EditorTests.FastBufferWriterTests" runstate="Runnable" seed="1241497029" result="Passed" start-time="2025-12-30 16:55:53Z" end-time="2025-12-30 16:55:53Z" duration="0.000498" asserts="0">
                  <properties>
                    <property name="retryIteration" value="0" />
                    <property name="repeatIteration" value="0" />
                  </properties>
                </test-case>
                <test-case id="2185" name="WhenWritingString_ValueIsWrittenCorrectly(False,WriteSafe)" fullname="Unity.Netcode.EditorTests.FastBufferWriterTests.WhenWritingString_ValueIsWrittenCorrectly(False,WriteSafe)" methodname="WhenWritingString_ValueIsWrittenCorrectly" classname="Unity.Netcode.EditorTests.FastBufferWriterTests" runstate="Runnable" seed="749517878" result="Passed" start-time="2025-12-30 16:55:53Z" end-time="2025-12-30 16:55:53Z" duration="0.000138" asserts="0">
                  <properties>
                    <property name="retryIteration" value="0" />
                    <property name="repeatIteration" value="0" />
                  </properties>
                </test-case>
                <test-case id="2186" name="WhenWritingString_ValueIsWrittenCorrectly(True,WriteDirect)" fullname="Unity.Netcode.EditorTests.FastBufferWriterTests.WhenWritingString_ValueIsWrittenCorrectly(True,WriteDirect)" methodname="WhenWritingString_ValueIsWrittenCorrectly" classname="Unity.Netcode.EditorTests.FastBufferWriterTests" runstate="Runnable" seed="854772532" result="Passed" start-time="2025-12-30 16:55:53Z" end-time="2025-12-30 16:55:53Z" duration="0.000130" asserts="0">
                  <properties>
                    <property name="retryIteration" value="0" />
                    <property name="repeatIteration" value="0" />
                  </properties>
                </test-case>
                <test-case id="2187" name="WhenWritingString_ValueIsWrittenCorrectly(True,WriteSafe)" fullname="Unity.Netcode.EditorTests.FastBufferWriterTests.WhenWritingString_ValueIsWrittenCorrectly(True,WriteSafe)" methodname="WhenWritingString_ValueIsWrittenCorrectly" classname="Unity.Netcode.EditorTests.FastBufferWriterTests" runstate="Runnable" seed="891121621" result="Passed" start-time="2025-12-30 16:55:53Z" end-time="2025-12-30 16:55:53Z" duration="0.000124" asserts="0">
                  <properties>
                    <property name="retryIteration" value="0" />
                    <property name="repeatIteration" value="0" />
                  </properties>
                </test-case>
              </test-suite>
              <test-suite type="ParameterizedMethod" id="2053" name="WhenWritingUnmanagedType_ValueIsWrittenCorrectly" fullname="Unity.Netcode.EditorTests.FastBufferWriterTests.WhenWritingUnmanagedType_ValueIsWrittenCorrectly" classname="Unity.Netcode.EditorTests.FastBufferWriterTests" runstate="Runnable" testcasecount="64" result="Passed" start-time="2025-12-30 16:55:53Z" end-time="2025-12-30 16:55:53Z" duration="0.034616" total="64" passed="64" failed="0" inconclusive="0" skipped="0" asserts="0">
                <properties>
                  <property name="Description" value="Tests" />
                </properties>
                <test-case id="1989" name="WhenWritingUnmanagedType_ValueIsWrittenCorrectly(System.Byte,WriteDirect)" fullname="Unity.Netcode.EditorTests.FastBufferWriterTests.WhenWritingUnmanagedType_ValueIsWrittenCorrectly(System.Byte,WriteDirect)" methodname="WhenWritingUnmanagedType_ValueIsWrittenCorrectly" classname="Unity.Netcode.EditorTests.FastBufferWriterTests" runstate="Runnable" seed="1707409441" result="Passed" start-time="2025-12-30 16:55:53Z" end-time="2025-12-30 16:55:53Z" duration="0.001037" asserts="0">
                  <properties>
                    <property name="retryIteration" value="0" />
                    <property name="repeatIteration" value="0" />
                  </properties>
                </test-case>
                <test-case id="1990" name="WhenWritingUnmanagedType_ValueIsWrittenCorrectly(System.Byte,WriteSafe)" fullname="Unity.Netcode.EditorTests.FastBufferWriterTests.WhenWritingUnmanagedType_ValueIsWrittenCorrectly(System.Byte,WriteSafe)" methodname="WhenWritingUnmanagedType_ValueIsWrittenCorrectly" classname="Unity.Netcode.EditorTests.FastBufferWriterTests" runstate="Runnable" seed="1191994346" result="Passed" start-time="2025-12-30 16:55:53Z" end-time="2025-12-30 16:55:53Z" duration="0.000329" asserts="0">
                  <properties>
                    <property name="retryIteration" value="0" />
                    <property name="repeatIteration" value="0" />
                  </properties>
                </test-case>
                <test-case id="1991" name="WhenWritingUnmanagedType_ValueIsWrittenCorrectly(System.SByte,WriteDirect)" fullname="Unity.Netcode.EditorTests.FastBufferWriterTests.WhenWritingUnmanagedType_ValueIsWrittenCorrectly(System.SByte,WriteDirect)" methodname="WhenWritingUnmanagedType_ValueIsWrittenCorrectly" classname="Unity.Netcode.EditorTests.FastBufferWriterTests" runstate="Runnable" seed="694501765" result="Passed" start-time="2025-12-30 16:55:53Z" end-time="2025-12-30 16:55:53Z" duration="0.000616" asserts="0">
                  <properties>
                    <property name="retryIteration" value="0" />
                    <property name="repeatIteration" value="0" />
                  </properties>
                </test-case>
                <test-case id="1992" name="WhenWritingUnmanagedType_ValueIsWrittenCorrectly(System.SByte,WriteSafe)" fullname="Unity.Netcode.EditorTests.FastBufferWriterTests.WhenWritingUnmanagedType_ValueIsWrittenCorrectly(System.SByte,WriteSafe)" methodname="WhenWritingUnmanagedType_ValueIsWrittenCorrectly" classname="Unity.Netcode.EditorTests.FastBufferWriterTests" runstate="Runnable" seed="548861678" result="Passed" start-time="2025-12-30 16:55:53Z" end-time="2025-12-30 16:55:53Z" duration="0.000268" asserts="0">
                  <properties>
                    <property name="retryIteration" value="0" />
                    <property name="repeatIteration" value="0" />
                  </properties>
                </test-case>
                <test-case id="1993" name="WhenWritingUnmanagedType_ValueIsWrittenCorrectly(System.Int16,WriteDirect)" fullname="Unity.Netcode.EditorTests.FastBufferWriterTests.WhenWritingUnmanagedType_ValueIsWrittenCorrectly(System.Int16,WriteDirect)" methodname="WhenWritingUnmanagedType_ValueIsWrittenCorrectly" classname="Unity.Netcode.EditorTests.FastBufferWriterTests" runstate="Runnable" seed="208457188" result="Passed" start-time="2025-12-30 16:55:53Z" end-time="2025-12-30 16:55:53Z" duration="0.000560" asserts="0">
                  <properties>
                    <property name="retryIteration" value="0" />
                    <property name="repeatIteration" value="0" />
                  </properties>
                </test-case>
                <test-case id="1994" name="WhenWritingUnmanagedType_ValueIsWrittenCorrectly(System.Int16,WriteSafe)" fullname="Unity.Netcode.EditorTests.FastBufferWriterTests.WhenWritingUnmanagedType_ValueIsWrittenCorrectly(System.Int16,WriteSafe)" methodname="WhenWritingUnmanagedType_ValueIsWrittenCorrectly" classname="Unity.Netcode.EditorTests.FastBufferWriterTests" runstate="Runnable" seed="2130156934" result="Passed" start-time="2025-12-30 16:55:53Z" end-time="2025-12-30 16:55:53Z" duration="0.000245" asserts="0">
                  <properties>
                    <property name="retryIteration" value="0" />
                    <property name="repeatIteration" value="0" />
                  </properties>
                </test-case>
                <test-case id="1995" name="WhenWritingUnmanagedType_ValueIsWrittenCorrectly(System.UInt16,WriteDirect)" fullname="Unity.Netcode.EditorTests.FastBufferWriterTests.WhenWritingUnmanagedType_ValueIsWrittenCorrectly(System.UInt16,WriteDirect)" methodname="WhenWritingUnmanagedType_ValueIsWrittenCorrectly" classname="Unity.Netcode.EditorTests.FastBufferWriterTests" runstate="Runnable" seed="2146259830" result="Passed" start-time="2025-12-30 16:55:53Z" end-time="2025-12-30 16:55:53Z" duration="0.000555" asserts="0">
                  <properties>
                    <property name="retryIteration" value="0" />
                    <property name="repeatIteration" value="0" />
                  </properties>
                </test-case>
                <test-case id="1996" name="WhenWritingUnmanagedType_ValueIsWrittenCorrectly(System.UInt16,WriteSafe)" fullname="Unity.Netcode.EditorTests.FastBufferWriterTests.WhenWritingUnmanagedType_ValueIsWrittenCorrectly(System.UInt16,WriteSafe)" methodname="WhenWritingUnmanagedType_ValueIsWrittenCorrectly" classname="Unity.Netcode.EditorTests.FastBufferWriterTests" runstate="Runnable" seed="1911513739" result="Passed" start-time="2025-12-30 16:55:53Z" end-time="2025-12-30 16:55:53Z" duration="0.000269" asserts="0">
                  <properties>
                    <property name="retryIteration" value="0" />
                    <property name="repeatIteration" value="0" />
                  </properties>
                </test-case>
                <test-case id="1997" name="WhenWritingUnmanagedType_ValueIsWrittenCorrectly(System.Int32,WriteDirect)" fullname="Unity.Netcode.EditorTests.FastBufferWriterTests.WhenWritingUnmanagedType_ValueIsWrittenCorrectly(System.Int32,WriteDirect)" methodname="WhenWritingUnmanagedType_ValueIsWrittenCorrectly" classname="Unity.Netcode.EditorTests.FastBufferWriterTests" runstate="Runnable" seed="1070132921" result="Passed" start-time="2025-12-30 16:55:53Z" end-time="2025-12-30 16:55:53Z" duration="0.000621" asserts="0">
                  <properties>
                    <property name="retryIteration" value="0" />
                    <property name="repeatIteration" value="0" />
                  </properties>
                </test-case>
                <test-case id="1998" name="WhenWritingUnmanagedType_ValueIsWrittenCorrectly(System.Int32,WriteSafe)" fullname="Unity.Netcode.EditorTests.FastBufferWriterTests.WhenWritingUnmanagedType_ValueIsWrittenCorrectly(System.Int32,WriteSafe)" methodname="WhenWritingUnmanagedType_ValueIsWrittenCorrectly" classname="Unity.Netcode.EditorTests.FastBufferWriterTests" runstate="Runnable" seed="2081071592" result="Passed" start-time="2025-12-30 16:55:53Z" end-time="2025-12-30 16:55:53Z" duration="0.000260" asserts="0">
                  <properties>
                    <property name="retryIteration" value="0" />
                    <property name="repeatIteration" value="0" />
                  </properties>
                </test-case>
                <test-case id="1999" name="WhenWritingUnmanagedType_ValueIsWrittenCorrectly(System.UInt32,WriteDirect)" fullname="Unity.Netcode.EditorTests.FastBufferWriterTests.WhenWritingUnmanagedType_ValueIsWrittenCorrectly(System.UInt32,WriteDirect)" methodname="WhenWritingUnmanagedType_ValueIsWrittenCorrectly" classname="Unity.Netcode.EditorTests.FastBufferWriterTests" runstate="Runnable" seed="488484302" result="Passed" start-time="2025-12-30 16:55:53Z" end-time="2025-12-30 16:55:53Z" duration="0.000525" asserts="0">
                  <properties>
                    <property name="retryIteration" value="0" />
                    <property name="repeatIteration" value="0" />
                  </properties>
                </test-case>
                <test-case id="2000" name="WhenWritingUnmanagedType_ValueIsWrittenCorrectly(System.UInt32,WriteSafe)" fullname="Unity.Netcode.EditorTests.FastBufferWriterTests.WhenWritingUnmanagedType_ValueIsWrittenCorrectly(System.UInt32,WriteSafe)" methodname="WhenWritingUnmanagedType_ValueIsWrittenCorrectly" classname="Unity.Netcode.EditorTests.FastBufferWriterTests" runstate="Runnable" seed="209117550" result="Passed" start-time="2025-12-30 16:55:53Z" end-time="2025-12-30 16:55:53Z" duration="0.000223" asserts="0">
                  <properties>
                    <property name="retryIteration" value="0" />
                    <property name="repeatIteration" value="0" />
                  </properties>
                </test-case>
                <test-case id="2001" name="WhenWritingUnmanagedType_ValueIsWrittenCorrectly(System.Int64,WriteDirect)" fullname="Unity.Netcode.EditorTests.FastBufferWriterTests.WhenWritingUnmanagedType_ValueIsWrittenCorrectly(System.Int64,WriteDirect)" methodname="WhenWritingUnmanagedType_ValueIsWrittenCorrectly" classname="Unity.Netcode.EditorTests.FastBufferWriterTests" runstate="Runnable" seed="321253140" result="Passed" start-time="2025-12-30 16:55:53Z" end-time="2025-12-30 16:55:53Z" duration="0.000548" asserts="0">
                  <properties>
                    <property name="retryIteration" value="0" />
                    <property name="repeatIteration" value="0" />
                  </properties>
                </test-case>
                <test-case id="2002" name="WhenWritingUnmanagedType_ValueIsWrittenCorrectly(System.Int64,WriteSafe)" fullname="Unity.Netcode.EditorTests.FastBufferWriterTests.WhenWritingUnmanagedType_ValueIsWrittenCorrectly(System.Int64,WriteSafe)" methodname="WhenWritingUnmanagedType_ValueIsWrittenCorrectly" classname="Unity.Netcode.EditorTests.FastBufferWriterTests" runstate="Runnable" seed="2095700456" result="Passed" start-time="2025-12-30 16:55:53Z" end-time="2025-12-30 16:55:53Z" duration="0.000241" asserts="0">
                  <properties>
                    <property name="retryIteration" value="0" />
                    <property name="repeatIteration" value="0" />
                  </properties>
                </test-case>
                <test-case id="2003" name="WhenWritingUnmanagedType_ValueIsWrittenCorrectly(System.UInt64,WriteDirect)" fullname="Unity.Netcode.EditorTests.FastBufferWriterTests.WhenWritingUnmanagedType_ValueIsWrittenCorrectly(System.UInt64,WriteDirect)" methodname="WhenWritingUnmanagedType_ValueIsWrittenCorrectly" classname="Unity.Netcode.EditorTests.FastBufferWriterTests" runstate="Runnable" seed="1815043466" result="Passed" start-time="2025-12-30 16:55:53Z" end-time="2025-12-30 16:55:53Z" duration="0.000495" asserts="0">
                  <properties>
                    <property name="retryIteration" value="0" />
                    <property name="repeatIteration" value="0" />
                  </properties>
                </test-case>
                <test-case id="2004" name="WhenWritingUnmanagedType_ValueIsWrittenCorrectly(System.UInt64,WriteSafe)" fullname="Unity.Netcode.EditorTests.FastBufferWriterTests.WhenWritingUnmanagedType_ValueIsWrittenCorrectly(System.UInt64,WriteSafe)" methodname="WhenWritingUnmanagedType_ValueIsWrittenCorrectly" classname="Unity.Netcode.EditorTests.FastBufferWriterTests" runstate="Runnable" seed="851043911" result="Passed" start-time="2025-12-30 16:55:53Z" end-time="2025-12-30 16:55:53Z" duration="0.000239" asserts="0">
                  <properties>
                    <property name="retryIteration" value="0" />
                    <property name="repeatIteration" value="0" />
                  </properties>
                </test-case>
                <test-case id="2005" name="WhenWritingUnmanagedType_ValueIsWrittenCorrectly(System.Boolean,WriteDirect)" fullname="Unity.Netcode.EditorTests.FastBufferWriterTests.WhenWritingUnmanagedType_ValueIsWrittenCorrectly(System.Boolean,WriteDirect)" methodname="WhenWritingUnmanagedType_ValueIsWrittenCorrectly" classname="Unity.Netcode.EditorTests.FastBufferWriterTests" runstate="Runnable" seed="1072549209" result="Passed" start-time="2025-12-30 16:55:53Z" end-time="2025-12-30 16:55:53Z" duration="0.000538" asserts="0">
                  <properties>
                    <property name="retryIteration" value="0" />
                    <property name="repeatIteration" value="0" />
                  </properties>
                </test-case>
                <test-case id="2006" name="WhenWritingUnmanagedType_ValueIsWrittenCorrectly(System.Boolean,WriteSafe)" fullname="Unity.Netcode.EditorTests.FastBufferWriterTests.WhenWritingUnmanagedType_ValueIsWrittenCorrectly(System.Boolean,WriteSafe)" methodname="WhenWritingUnmanagedType_ValueIsWrittenCorrectly" classname="Unity.Netcode.EditorTests.FastBufferWriterTests" runstate="Runnable" seed="1216940461" result="Passed" start-time="2025-12-30 16:55:53Z" end-time="2025-12-30 16:55:53Z" duration="0.000242" asserts="0">
                  <properties>
                    <property name="retryIteration" value="0" />
                    <property name="repeatIteration" value="0" />
                  </properties>
                </test-case>
                <test-case id="2007" name="WhenWritingUnmanagedType_ValueIsWrittenCorrectly(System.Char,WriteDirect)" fullname="Unity.Netcode.EditorTests.FastBufferWriterTests.WhenWritingUnmanagedType_ValueIsWrittenCorrectly(System.Char,WriteDirect)" methodname="WhenWritingUnmanagedType_ValueIsWrittenCorrectly" classname="Unity.Netcode.EditorTests.FastBufferWriterTests" runstate="Runnable" seed="1456768017" result="Passed" start-time="2025-12-30 16:55:53Z" end-time="2025-12-30 16:55:53Z" duration="0.000630" asserts="0">
                  <properties>
                    <property name="retryIteration" value="0" />
                    <property name="repeatIteration" value="0" />
                  </properties>
                </test-case>
                <test-case id="2008" name="WhenWritingUnmanagedType_ValueIsWrittenCorrectly(System.Char,WriteSafe)" fullname="Unity.Netcode.EditorTests.FastBufferWriterTests.WhenWritingUnmanagedType_ValueIsWrittenCorrectly(System.Char,WriteSafe)" methodname="WhenWritingUnmanagedType_ValueIsWrittenCorrectly" classname="Unity.Netcode.EditorTests.FastBufferWriterTests" runstate="Runnable" seed="909059808" result="Passed" start-time="2025-12-30 16:55:53Z" end-time="2025-12-30 16:55:53Z" duration="0.000331" asserts="0">
                  <properties>
                    <property name="retryIteration" value="0" />
                    <property name="repeatIteration" value="0" />
                  </properties>
                </test-case>
                <test-case id="2009" name="WhenWritingUnmanagedType_ValueIsWrittenCorrectly(System.Single,WriteDirect)" fullname="Unity.Netcode.EditorTests.FastBufferWriterTests.WhenWritingUnmanagedType_ValueIsWrittenCorrectly(System.Single,WriteDirect)" methodname="WhenWritingUnmanagedType_ValueIsWrittenCorrectly" classname="Unity.Netcode.EditorTests.FastBufferWriterTests" runstate="Runnable" seed="1660414314" result="Passed" start-time="2025-12-30 16:55:53Z" end-time="2025-12-30 16:55:53Z" duration="0.000838" asserts="0">
                  <properties>
                    <property name="retryIteration" value="0" />
                    <property name="repeatIteration" value="0" />
                  </properties>
                </test-case>
                <test-case id="2010" name="WhenWritingUnmanagedType_ValueIsWrittenCorrectly(System.Single,WriteSafe)" fullname="Unity.Netcode.EditorTests.FastBufferWriterTests.WhenWritingUnmanagedType_ValueIsWrittenCorrectly(System.Single,WriteSafe)" methodname="WhenWritingUnmanagedType_ValueIsWrittenCorrectly" classname="Unity.Netcode.EditorTests.FastBufferWriterTests" runstate="Runnable" seed="250801784" result="Passed" start-time="2025-12-30 16:55:53Z" end-time="2025-12-30 16:55:53Z" duration="0.000272" asserts="0">
                  <properties>
                    <property name="retryIteration" value="0" />
                    <property name="repeatIteration" value="0" />
                  </properties>
                </test-case>
                <test-case id="2011" name="WhenWritingUnmanagedType_ValueIsWrittenCorrectly(System.Double,WriteDirect)" fullname="Unity.Netcode.EditorTests.FastBufferWriterTests.WhenWritingUnmanagedType_ValueIsWrittenCorrectly(System.Double,WriteDirect)" methodname="WhenWritingUnmanagedType_ValueIsWrittenCorrectly" classname="Unity.Netcode.EditorTests.FastBufferWriterTests" runstate="Runnable" seed="931155420" result="Passed" start-time="2025-12-30 16:55:53Z" end-time="2025-12-30 16:55:53Z" duration="0.000578" asserts="0">
                  <properties>
                    <property name="retryIteration" value="0" />
                    <property name="repeatIteration" value="0" />
                  </properties>
                </test-case>
                <test-case id="2012" name="WhenWritingUnmanagedType_ValueIsWrittenCorrectly(System.Double,WriteSafe)" fullname="Unity.Netcode.EditorTests.FastBufferWriterTests.WhenWritingUnmanagedType_ValueIsWrittenCorrectly(System.Double,WriteSafe)" methodname="WhenWritingUnmanagedType_ValueIsWrittenCorrectly" classname="Unity.Netcode.EditorTests.FastBufferWriterTests" runstate="Runnable" seed="1369055093" result="Passed" start-time="2025-12-30 16:55:53Z" end-time="2025-12-30 16:55:53Z" duration="0.000255" asserts="0">
                  <properties>
                    <property name="retryIteration" value="0" />
                    <property name="repeatIteration" value="0" />
                  </properties>
                </test-case>
                <test-case id="2013" name="WhenWritingUnmanagedType_ValueIsWrittenCorrectly(Unity.Netcode.EditorTests.BaseFastBufferReaderWriterTest+ByteEnum,WriteDirect)" fullname="Unity.Netcode.EditorTests.FastBufferWriterTests.WhenWritingUnmanagedType_ValueIsWrittenCorrectly(Unity.Netcode.EditorTests.BaseFastBufferReaderWriterTest+ByteEnum,WriteDirect)" methodname="WhenWritingUnmanagedType_ValueIsWrittenCorrectly" classname="Unity.Netcode.EditorTests.FastBufferWriterTests" runstate="Runnable" seed="1871238360" result="Passed" start-time="2025-12-30 16:55:53Z" end-time="2025-12-30 16:55:53Z" duration="0.000581" asserts="0">
                  <properties>
                    <property name="retryIteration" value="0" />
                    <property name="repeatIteration" value="0" />
                  </properties>
                </test-case>
                <test-case id="2014" name="WhenWritingUnmanagedType_ValueIsWrittenCorrectly(Unity.Netcode.EditorTests.BaseFastBufferReaderWriterTest+ByteEnum,WriteSafe)" fullname="Unity.Netcode.EditorTests.FastBufferWriterTests.WhenWritingUnmanagedType_ValueIsWrittenCorrectly(Unity.Netcode.EditorTests.BaseFastBufferReaderWriterTest+ByteEnum,WriteSafe)" methodname="WhenWritingUnmanagedType_ValueIsWrittenCorrectly" classname="Unity.Netcode.EditorTests.FastBufferWriterTests" runstate="Runnable" seed="29361700" result="Passed" start-time="2025-12-30 16:55:53Z" end-time="2025-12-30 16:55:53Z" duration="0.000278" asserts="0">
                  <properties>
                    <property name="retryIteration" value="0" />
                    <property name="repeatIteration" value="0" />
                  </properties>
                </test-case>
                <test-case id="2015" name="WhenWritingUnmanagedType_ValueIsWrittenCorrectly(Unity.Netcode.EditorTests.BaseFastBufferReaderWriterTest+SByteEnum,WriteDirect)" fullname="Unity.Netcode.EditorTests.FastBufferWriterTests.WhenWritingUnmanagedType_ValueIsWrittenCorrectly(Unity.Netcode.EditorTests.BaseFastBufferReaderWriterTest+SByteEnum,WriteDirect)" methodname="WhenWritingUnmanagedType_ValueIsWrittenCorrectly" classname="Unity.Netcode.EditorTests.FastBufferWriterTests" runstate="Runnable" seed="1108143540" result="Passed" start-time="2025-12-30 16:55:53Z" end-time="2025-12-30 16:55:53Z" duration="0.000833" asserts="0">
                  <properties>
                    <property name="retryIteration" value="0" />
                    <property name="repeatIteration" value="0" />
                  </properties>
                </test-case>
                <test-case id="2016" name="WhenWritingUnmanagedType_ValueIsWrittenCorrectly(Unity.Netcode.EditorTests.BaseFastBufferReaderWriterTest+SByteEnum,WriteSafe)" fullname="Unity.Netcode.EditorTests.FastBufferWriterTests.WhenWritingUnmanagedType_ValueIsWrittenCorrectly(Unity.Netcode.EditorTests.BaseFastBufferReaderWriterTest+SByteEnum,WriteSafe)" methodname="WhenWritingUnmanagedType_ValueIsWrittenCorrectly" classname="Unity.Netcode.EditorTests.FastBufferWriterTests" runstate="Runnable" seed="91787203" result="Passed" start-time="2025-12-30 16:55:53Z" end-time="2025-12-30 16:55:53Z" duration="0.000292" asserts="0">
                  <properties>
                    <property name="retryIteration" value="0" />
                    <property name="repeatIteration" value="0" />
                  </properties>
                </test-case>
                <test-case id="2017" name="WhenWritingUnmanagedType_ValueIsWrittenCorrectly(Unity.Netcode.EditorTests.BaseFastBufferReaderWriterTest+ShortEnum,WriteDirect)" fullname="Unity.Netcode.EditorTests.FastBufferWriterTests.WhenWritingUnmanagedType_ValueIsWrittenCorrectly(Unity.Netcode.EditorTests.BaseFastBufferReaderWriterTest+ShortEnum,WriteDirect)" methodname="WhenWritingUnmanagedType_ValueIsWrittenCorrectly" classname="Unity.Netcode.EditorTests.FastBufferWriterTests" runstate="Runnable" seed="628305445" result="Passed" start-time="2025-12-30 16:55:53Z" end-time="2025-12-30 16:55:53Z" duration="0.000581" asserts="0">
                  <properties>
                    <property name="retryIteration" value="0" />
                    <property name="repeatIteration" value="0" />
                  </properties>
                </test-case>
                <test-case id="2018" name="WhenWritingUnmanagedType_ValueIsWrittenCorrectly(Unity.Netcode.EditorTests.BaseFastBufferReaderWriterTest+ShortEnum,WriteSafe)" fullname="Unity.Netcode.EditorTests.FastBufferWriterTests.WhenWritingUnmanagedType_ValueIsWrittenCorrectly(Unity.Netcode.EditorTests.BaseFastBufferReaderWriterTest+ShortEnum,WriteSafe)" methodname="WhenWritingUnmanagedType_ValueIsWrittenCorrectly" classname="Unity.Netcode.EditorTests.FastBufferWriterTests" runstate="Runnable" seed="528926508" result="Passed" start-time="2025-12-30 16:55:53Z" end-time="2025-12-30 16:55:53Z" duration="0.000254" asserts="0">
                  <properties>
                    <property name="retryIteration" value="0" />
                    <property name="repeatIteration" value="0" />
                  </properties>
                </test-case>
                <test-case id="2019" name="WhenWritingUnmanagedType_ValueIsWrittenCorrectly(Unity.Netcode.EditorTests.BaseFastBufferReaderWriterTest+UShortEnum,WriteDirect)" fullname="Unity.Netcode.EditorTests.FastBufferWriterTests.WhenWritingUnmanagedType_ValueIsWrittenCorrectly(Unity.Netcode.EditorTests.BaseFastBufferReaderWriterTest+UShortEnum,WriteDirect)" methodname="WhenWritingUnmanagedType_ValueIsWrittenCorrectly" classname="Unity.Netcode.EditorTests.FastBufferWriterTests" runstate="Runnable" seed="23173113" result="Passed" start-time="2025-12-30 16:55:53Z" end-time="2025-12-30 16:55:53Z" duration="0.000569" asserts="0">
                  <properties>
                    <property name="retryIteration" value="0" />
                    <property name="repeatIteration" value="0" />
                  </properties>
                </test-case>
                <test-case id="2020" name="WhenWritingUnmanagedType_ValueIsWrittenCorrectly(Unity.Netcode.EditorTests.BaseFastBufferReaderWriterTest+UShortEnum,WriteSafe)" fullname="Unity.Netcode.EditorTests.FastBufferWriterTests.WhenWritingUnmanagedType_ValueIsWrittenCorrectly(Unity.Netcode.EditorTests.BaseFastBufferReaderWriterTest+UShortEnum,WriteSafe)" methodname="WhenWritingUnmanagedType_ValueIsWrittenCorrectly" classname="Unity.Netcode.EditorTests.FastBufferWriterTests" runstate="Runnable" seed="1738998061" result="Passed" start-time="2025-12-30 16:55:53Z" end-time="2025-12-30 16:55:53Z" duration="0.000255" asserts="0">
                  <properties>
                    <property name="retryIteration" value="0" />
                    <property name="repeatIteration" value="0" />
                  </properties>
                </test-case>
                <test-case id="2021" name="WhenWritingUnmanagedType_ValueIsWrittenCorrectly(Unity.Netcode.EditorTests.BaseFastBufferReaderWriterTest+IntEnum,WriteDirect)" fullname="Unity.Netcode.EditorTests.FastBufferWriterTests.WhenWritingUnmanagedType_ValueIsWrittenCorrectly(Unity.Netcode.EditorTests.BaseFastBufferReaderWriterTest+IntEnum,WriteDirect)" methodname="WhenWritingUnmanagedType_ValueIsWrittenCorrectly" classname="Unity.Netcode.EditorTests.FastBufferWriterTests" runstate="Runnable" seed="1907938982" result="Passed" start-time="2025-12-30 16:55:53Z" end-time="2025-12-30 16:55:53Z" duration="0.000542" asserts="0">
                  <properties>
                    <property name="retryIteration" value="0" />
                    <property name="repeatIteration" value="0" />
                  </properties>
                </test-case>
                <test-case id="2022" name="WhenWritingUnmanagedType_ValueIsWrittenCorrectly(Unity.Netcode.EditorTests.BaseFastBufferReaderWriterTest+IntEnum,WriteSafe)" fullname="Unity.Netcode.EditorTests.FastBufferWriterTests.WhenWritingUnmanagedType_ValueIsWrittenCorrectly(Unity.Netcode.EditorTests.BaseFastBufferReaderWriterTest+IntEnum,WriteSafe)" methodname="WhenWritingUnmanagedType_ValueIsWrittenCorrectly" classname="Unity.Netcode.EditorTests.FastBufferWriterTests" runstate="Runnable" seed="897437823" result="Passed" start-time="2025-12-30 16:55:53Z" end-time="2025-12-30 16:55:53Z" duration="0.000256" asserts="0">
                  <properties>
                    <property name="retryIteration" value="0" />
                    <property name="repeatIteration" value="0" />
                  </properties>
                </test-case>
                <test-case id="2023" name="WhenWritingUnmanagedType_ValueIsWrittenCorrectly(Unity.Netcode.EditorTests.BaseFastBufferReaderWriterTest+UIntEnum,WriteDirect)" fullname="Unity.Netcode.EditorTests.FastBufferWriterTests.WhenWritingUnmanagedType_ValueIsWrittenCorrectly(Unity.Netcode.EditorTests.BaseFastBufferReaderWriterTest+UIntEnum,WriteDirect)" methodname="WhenWritingUnmanagedType_ValueIsWrittenCorrectly" classname="Unity.Netcode.EditorTests.FastBufferWriterTests" runstate="Runnable" seed="467060966" result="Passed" start-time="2025-12-30 16:55:53Z" end-time="2025-12-30 16:55:53Z" duration="0.000568" asserts="0">
                  <properties>
                    <property name="retryIteration" value="0" />
                    <property name="repeatIteration" value="0" />
                  </properties>
                </test-case>
                <test-case id="2024" name="WhenWritingUnmanagedType_ValueIsWrittenCorrectly(Unity.Netcode.EditorTests.BaseFastBufferReaderWriterTest+UIntEnum,WriteSafe)" fullname="Unity.Netcode.EditorTests.FastBufferWriterTests.WhenWritingUnmanagedType_ValueIsWrittenCorrectly(Unity.Netcode.EditorTests.BaseFastBufferReaderWriterTest+UIntEnum,WriteSafe)" methodname="WhenWritingUnmanagedType_ValueIsWrittenCorrectly" classname="Unity.Netcode.EditorTests.FastBufferWriterTests" runstate="Runnable" seed="376123140" result="Passed" start-time="2025-12-30 16:55:53Z" end-time="2025-12-30 16:55:53Z" duration="0.000289" asserts="0">
                  <properties>
                    <property name="retryIteration" value="0" />
                    <property name="repeatIteration" value="0" />
                  </properties>
                </test-case>
                <test-case id="2025" name="WhenWritingUnmanagedType_ValueIsWrittenCorrectly(Unity.Netcode.EditorTests.BaseFastBufferReaderWriterTest+LongEnum,WriteDirect)" fullname="Unity.Netcode.EditorTests.FastBufferWriterTests.WhenWritingUnmanagedType_ValueIsWrittenCorrectly(Unity.Netcode.EditorTests.BaseFastBufferReaderWriterTest+LongEnum,WriteDirect)" methodname="WhenWritingUnmanagedType_ValueIsWrittenCorrectly" classname="Unity.Netcode.EditorTests.FastBufferWriterTests" runstate="Runnable" seed="1414437951" result="Passed" start-time="2025-12-30 16:55:53Z" end-time="2025-12-30 16:55:53Z" duration="0.000551" asserts="0">
                  <properties>
                    <property name="retryIteration" value="0" />
                    <property name="repeatIteration" value="0" />
                  </properties>
                </test-case>
                <test-case id="2026" name="WhenWritingUnmanagedType_ValueIsWrittenCorrectly(Unity.Netcode.EditorTests.BaseFastBufferReaderWriterTest+LongEnum,WriteSafe)" fullname="Unity.Netcode.EditorTests.FastBufferWriterTests.WhenWritingUnmanagedType_ValueIsWrittenCorrectly(Unity.Netcode.EditorTests.BaseFastBufferReaderWriterTest+LongEnum,WriteSafe)" methodname="WhenWritingUnmanagedType_ValueIsWrittenCorrectly" classname="Unity.Netcode.EditorTests.FastBufferWriterTests" runstate="Runnable" seed="488400428" result="Passed" start-time="2025-12-30 16:55:53Z" end-time="2025-12-30 16:55:53Z" duration="0.000255" asserts="0">
                  <properties>
                    <property name="retryIteration" value="0" />
                    <property name="repeatIteration" value="0" />
                  </properties>
                </test-case>
                <test-case id="2027" name="WhenWritingUnmanagedType_ValueIsWrittenCorrectly(Unity.Netcode.EditorTests.BaseFastBufferReaderWriterTest+ULongEnum,WriteDirect)" fullname="Unity.Netcode.EditorTests.FastBufferWriterTests.WhenWritingUnmanagedType_ValueIsWrittenCorrectly(Unity.Netcode.EditorTests.BaseFastBufferReaderWriterTest+ULongEnum,WriteDirect)" methodname="WhenWritingUnmanagedType_ValueIsWrittenCorrectly" classname="Unity.Netcode.EditorTests.FastBufferWriterTests" runstate="Runnable" seed="717187236" result="Passed" start-time="2025-12-30 16:55:53Z" end-time="2025-12-30 16:55:53Z" duration="0.000557" asserts="0">
                  <properties>
                    <property name="retryIteration" value="0" />
                    <property name="repeatIteration" value="0" />
                  </properties>
                </test-case>
                <test-case id="2028" name="WhenWritingUnmanagedType_ValueIsWrittenCorrectly(Unity.Netcode.EditorTests.BaseFastBufferReaderWriterTest+ULongEnum,WriteSafe)" fullname="Unity.Netcode.EditorTests.FastBufferWriterTests.WhenWritingUnmanagedType_ValueIsWrittenCorrectly(Unity.Netcode.EditorTests.BaseFastBufferReaderWriterTest+ULongEnum,WriteSafe)" methodname="WhenWritingUnmanagedType_ValueIsWrittenCorrectly" classname="Unity.Netcode.EditorTests.FastBufferWriterTests" runstate="Runnable" seed="555957818" result="Passed" start-time="2025-12-30 16:55:53Z" end-time="2025-12-30 16:55:53Z" duration="0.000261" asserts="0">
                  <properties>
                    <property name="retryIteration" value="0" />
                    <property name="repeatIteration" value="0" />
                  </properties>
                </test-case>
                <test-case id="2029" name="WhenWritingUnmanagedType_ValueIsWrittenCorrectly(UnityEngine.Vector2,WriteDirect)" fullname="Unity.Netcode.EditorTests.FastBufferWriterTests.WhenWritingUnmanagedType_ValueIsWrittenCorrectly(UnityEngine.Vector2,WriteDirect)" methodname="WhenWritingUnmanagedType_ValueIsWrittenCorrectly" classname="Unity.Netcode.EditorTests.FastBufferWriterTests" runstate="Runnable" seed="759730400" result="Passed" start-time="2025-12-30 16:55:53Z" end-time="2025-12-30 16:55:53Z" duration="0.000550" asserts="0">
                  <properties>
                    <property name="retryIteration" value="0" />
                    <property name="repeatIteration" value="0" />
                  </properties>
                </test-case>
                <test-case id="2030" name="WhenWritingUnmanagedType_ValueIsWrittenCorrectly(UnityEngine.Vector2,WriteSafe)" fullname="Unity.Netcode.EditorTests.FastBufferWriterTests.WhenWritingUnmanagedType_ValueIsWrittenCorrectly(UnityEngine.Vector2,WriteSafe)" methodname="WhenWritingUnmanagedType_ValueIsWrittenCorrectly" classname="Unity.Netcode.EditorTests.FastBufferWriterTests" runstate="Runnable" seed="343194326" result="Passed" start-time="2025-12-30 16:55:53Z" end-time="2025-12-30 16:55:53Z" duration="0.000221" asserts="0">
                  <properties>
                    <property name="retryIteration" value="0" />
                    <property name="repeatIteration" value="0" />
                  </properties>
                </test-case>
                <test-case id="2031" name="WhenWritingUnmanagedType_ValueIsWrittenCorrectly(UnityEngine.Vector3,WriteDirect)" fullname="Unity.Netcode.EditorTests.FastBufferWriterTests.WhenWritingUnmanagedType_ValueIsWrittenCorrectly(UnityEngine.Vector3,WriteDirect)" methodname="WhenWritingUnmanagedType_ValueIsWrittenCorrectly" classname="Unity.Netcode.EditorTests.FastBufferWriterTests" runstate="Runnable" seed="1042772896" result="Passed" start-time="2025-12-30 16:55:53Z" end-time="2025-12-30 16:55:53Z" duration="0.000533" asserts="0">
                  <properties>
                    <property name="retryIteration" value="0" />
                    <property name="repeatIteration" value="0" />
                  </properties>
                </test-case>
                <test-case id="2032" name="WhenWritingUnmanagedType_ValueIsWrittenCorrectly(UnityEngine.Vector3,WriteSafe)" fullname="Unity.Netcode.EditorTests.FastBufferWriterTests.WhenWritingUnmanagedType_ValueIsWrittenCorrectly(UnityEngine.Vector3,WriteSafe)" methodname="WhenWritingUnmanagedType_ValueIsWrittenCorrectly" classname="Unity.Netcode.EditorTests.FastBufferWriterTests" runstate="Runnable" seed="1641617593" result="Passed" start-time="2025-12-30 16:55:53Z" end-time="2025-12-30 16:55:53Z" duration="0.000222" asserts="0">
                  <properties>
                    <property name="retryIteration" value="0" />
                    <property name="repeatIteration" value="0" />
                  </properties>
                </test-case>
                <test-case id="2033" name="WhenWritingUnmanagedType_ValueIsWrittenCorrectly(UnityEngine.Vector2Int,WriteDirect)" fullname="Unity.Netcode.EditorTests.FastBufferWriterTests.WhenWritingUnmanagedType_ValueIsWrittenCorrectly(UnityEngine.Vector2Int,WriteDirect)" methodname="WhenWritingUnmanagedType_ValueIsWrittenCorrectly" classname="Unity.Netcode.EditorTests.FastBufferWriterTests" runstate="Runnable" seed="925390599" result="Passed" start-time="2025-12-30 16:55:53Z" end-time="2025-12-30 16:55:53Z" duration="0.000518" asserts="0">
                  <properties>
                    <property name="retryIteration" value="0" />
                    <property name="repeatIteration" value="0" />
                  </properties>
                </test-case>
                <test-case id="2034" name="WhenWritingUnmanagedType_ValueIsWrittenCorrectly(UnityEngine.Vector2Int,WriteSafe)" fullname="Unity.Netcode.EditorTests.FastBufferWriterTests.WhenWritingUnmanagedType_ValueIsWrittenCorrectly(UnityEngine.Vector2Int,WriteSafe)" methodname="WhenWritingUnmanagedType_ValueIsWrittenCorrectly" classname="Unity.Netcode.EditorTests.FastBufferWriterTests" runstate="Runnable" seed="916064934" result="Passed" start-time="2025-12-30 16:55:53Z" end-time="2025-12-30 16:55:53Z" duration="0.000220" asserts="0">
                  <properties>
                    <property name="retryIteration" value="0" />
                    <property name="repeatIteration" value="0" />
                  </properties>
                </test-case>
                <test-case id="2035" name="WhenWritingUnmanagedType_ValueIsWrittenCorrectly(UnityEngine.Vector3Int,WriteDirect)" fullname="Unity.Netcode.EditorTests.FastBufferWriterTests.WhenWritingUnmanagedType_ValueIsWrittenCorrectly(UnityEngine.Vector3Int,WriteDirect)" methodname="WhenWritingUnmanagedType_ValueIsWrittenCorrectly" classname="Unity.Netcode.EditorTests.FastBufferWriterTests" runstate="Runnable" seed="1729381791" result="Passed" start-time="2025-12-30 16:55:53Z" end-time="2025-12-30 16:55:53Z" duration="0.000529" asserts="0">
                  <properties>
                    <property name="retryIteration" value="0" />
                    <property name="repeatIteration" value="0" />
                  </properties>
                </test-case>
                <test-case id="2036" name="WhenWritingUnmanagedType_ValueIsWrittenCorrectly(UnityEngine.Vector3Int,WriteSafe)" fullname="Unity.Netcode.EditorTests.FastBufferWriterTests.WhenWritingUnmanagedType_ValueIsWrittenCorrectly(UnityEngine.Vector3Int,WriteSafe)" methodname="WhenWritingUnmanagedType_ValueIsWrittenCorrectly" classname="Unity.Netcode.EditorTests.FastBufferWriterTests" runstate="Runnable" seed="1861699028" result="Passed" start-time="2025-12-30 16:55:53Z" end-time="2025-12-30 16:55:53Z" duration="0.000231" asserts="0">
                  <properties>
                    <property name="retryIteration" value="0" />
                    <property name="repeatIteration" value="0" />
                  </properties>
                </test-case>
                <test-case id="2037" name="WhenWritingUnmanagedType_ValueIsWrittenCorrectly(UnityEngine.Vector4,WriteDirect)" fullname="Unity.Netcode.EditorTests.FastBufferWriterTests.WhenWritingUnmanagedType_ValueIsWrittenCorrectly(UnityEngine.Vector4,WriteDirect)" methodname="WhenWritingUnmanagedType_ValueIsWrittenCorrectly" classname="Unity.Netcode.EditorTests.FastBufferWriterTests" runstate="Runnable" seed="1591301509" result="Passed" start-time="2025-12-30 16:55:53Z" end-time="2025-12-30 16:55:53Z" duration="0.000561" asserts="0">
                  <properties>
                    <property name="retryIteration" value="0" />
                    <property name="repeatIteration" value="0" />
                  </properties>
                </test-case>
                <test-case id="2038" name="WhenWritingUnmanagedType_ValueIsWrittenCorrectly(UnityEngine.Vector4,WriteSafe)" fullname="Unity.Netcode.EditorTests.FastBufferWriterTests.WhenWritingUnmanagedType_ValueIsWrittenCorrectly(UnityEngine.Vector4,WriteSafe)" methodname="WhenWritingUnmanagedType_ValueIsWrittenCorrectly" classname="Unity.Netcode.EditorTests.FastBufferWriterTests" runstate="Runnable" seed="142335030" result="Passed" start-time="2025-12-30 16:55:53Z" end-time="2025-12-30 16:55:53Z" duration="0.000249" asserts="0">
                  <properties>
                    <property name="retryIteration" value="0" />
                    <property name="repeatIteration" value="0" />
                  </properties>
                </test-case>
                <test-case id="2039" name="WhenWritingUnmanagedType_ValueIsWrittenCorrectly(UnityEngine.Quaternion,WriteDirect)" fullname="Unity.Netcode.EditorTests.FastBufferWriterTests.WhenWritingUnmanagedType_ValueIsWrittenCorrectly(UnityEngine.Quaternion,WriteDirect)" methodname="WhenWritingUnmanagedType_ValueIsWrittenCorrectly" classname="Unity.Netcode.EditorTests.FastBufferWriterTests" runstate="Runnable" seed="914676717" result="Passed" start-time="2025-12-30 16:55:53Z" end-time="2025-12-30 16:55:53Z" duration="0.000566" asserts="0">
                  <properties>
                    <property name="retryIteration" value="0" />
                    <property name="repeatIteration" value="0" />
                  </properties>
                </test-case>
                <test-case id="2040" name="WhenWritingUnmanagedType_ValueIsWrittenCorrectly(UnityEngine.Quaternion,WriteSafe)" fullname="Unity.Netcode.EditorTests.FastBufferWriterTests.WhenWritingUnmanagedType_ValueIsWrittenCorrectly(UnityEngine.Quaternion,WriteSafe)" methodname="WhenWritingUnmanagedType_ValueIsWrittenCorrectly" classname="Unity.Netcode.EditorTests.FastBufferWriterTests" runstate="Runnable" seed="1339468956" result="Passed" start-time="2025-12-30 16:55:53Z" end-time="2025-12-30 16:55:53Z" duration="0.000271" asserts="0">
                  <properties>
                    <property name="retryIteration" value="0" />
                    <property name="repeatIteration" value="0" />
                  </properties>
                </test-case>
                <test-case id="2041" name="WhenWritingUnmanagedType_ValueIsWrittenCorrectly(UnityEngine.Pose,WriteDirect)" fullname="Unity.Netcode.EditorTests.FastBufferWriterTests.WhenWritingUnmanagedType_ValueIsWrittenCorrectly(UnityEngine.Pose,WriteDirect)" methodname="WhenWritingUnmanagedType_ValueIsWrittenCorrectly" classname="Unity.Netcode.EditorTests.FastBufferWriterTests" runstate="Runnable" seed="791913477" result="Passed" start-time="2025-12-30 16:55:53Z" end-time="2025-12-30 16:55:53Z" duration="0.000603" asserts="0">
                  <properties>
                    <property name="retryIteration" value="0" />
                    <property name="repeatIteration" value="0" />
                  </properties>
                </test-case>
                <test-case id="2042" name="WhenWritingUnmanagedType_ValueIsWrittenCorrectly(UnityEngine.Pose,WriteSafe)" fullname="Unity.Netcode.EditorTests.FastBufferWriterTests.WhenWritingUnmanagedType_ValueIsWrittenCorrectly(UnityEngine.Pose,WriteSafe)" methodname="WhenWritingUnmanagedType_ValueIsWrittenCorrectly" classname="Unity.Netcode.EditorTests.FastBufferWriterTests" runstate="Runnable" seed="336766244" result="Passed" start-time="2025-12-30 16:55:53Z" end-time="2025-12-30 16:55:53Z" duration="0.000319" asserts="0">
                  <properties>
                    <property name="retryIteration" value="0" />
                    <property name="repeatIteration" value="0" />
                  </properties>
                </test-case>
                <test-case id="2043" name="WhenWritingUnmanagedType_ValueIsWrittenCorrectly(UnityEngine.Color,WriteDirect)" fullname="Unity.Netcode.EditorTests.FastBufferWriterTests.WhenWritingUnmanagedType_ValueIsWrittenCorrectly(UnityEngine.Color,WriteDirect)" methodname="WhenWritingUnmanagedType_ValueIsWrittenCorrectly" classname="Unity.Netcode.EditorTests.FastBufferWriterTests" runstate="Runnable" seed="1692374052" result="Passed" start-time="2025-12-30 16:55:53Z" end-time="2025-12-30 16:55:53Z" duration="0.000614" asserts="0">
                  <properties>
                    <property name="retryIteration" value="0" />
                    <property name="repeatIteration" value="0" />
                  </properties>
                </test-case>
                <test-case id="2044" name="WhenWritingUnmanagedType_ValueIsWrittenCorrectly(UnityEngine.Color,WriteSafe)" fullname="Unity.Netcode.EditorTests.FastBufferWriterTests.WhenWritingUnmanagedType_ValueIsWrittenCorrectly(UnityEngine.Color,WriteSafe)" methodname="WhenWritingUnmanagedType_ValueIsWrittenCorrectly" classname="Unity.Netcode.EditorTests.FastBufferWriterTests" runstate="Runnable" seed="1456607657" result="Passed" start-time="2025-12-30 16:55:53Z" end-time="2025-12-30 16:55:53Z" duration="0.000248" asserts="0">
                  <properties>
                    <property name="retryIteration" value="0" />
                    <property name="repeatIteration" value="0" />
                  </properties>
                </test-case>
                <test-case id="2045" name="WhenWritingUnmanagedType_ValueIsWrittenCorrectly(UnityEngine.Color32,WriteDirect)" fullname="Unity.Netcode.EditorTests.FastBufferWriterTests.WhenWritingUnmanagedType_ValueIsWrittenCorrectly(UnityEngine.Color32,WriteDirect)" methodname="WhenWritingUnmanagedType_ValueIsWrittenCorrectly" classname="Unity.Netcode.EditorTests.FastBufferWriterTests" runstate="Runnable" seed="260838926" result="Passed" start-time="2025-12-30 16:55:53Z" end-time="2025-12-30 16:55:53Z" duration="0.000512" asserts="0">
                  <properties>
                    <property name="retryIteration" value="0" />
                    <property name="repeatIteration" value="0" />
                  </properties>
                </test-case>
                <test-case id="2046" name="WhenWritingUnmanagedType_ValueIsWrittenCorrectly(UnityEngine.Color32,WriteSafe)" fullname="Unity.Netcode.EditorTests.FastBufferWriterTests.WhenWritingUnmanagedType_ValueIsWrittenCorrectly(UnityEngine.Color32,WriteSafe)" methodname="WhenWritingUnmanagedType_ValueIsWrittenCorrectly" classname="Unity.Netcode.EditorTests.FastBufferWriterTests" runstate="Runnable" seed="1472930319" result="Passed" start-time="2025-12-30 16:55:53Z" end-time="2025-12-30 16:55:53Z" duration="0.000219" asserts="0">
                  <properties>
                    <property name="retryIteration" value="0" />
                    <property name="repeatIteration" value="0" />
                  </properties>
                </test-case>
                <test-case id="2047" name="WhenWritingUnmanagedType_ValueIsWrittenCorrectly(UnityEngine.Ray,WriteDirect)" fullname="Unity.Netcode.EditorTests.FastBufferWriterTests.WhenWritingUnmanagedType_ValueIsWrittenCorrectly(UnityEngine.Ray,WriteDirect)" methodname="WhenWritingUnmanagedType_ValueIsWrittenCorrectly" classname="Unity.Netcode.EditorTests.FastBufferWriterTests" runstate="Runnable" seed="825106965" result="Passed" start-time="2025-12-30 16:55:53Z" end-time="2025-12-30 16:55:53Z" duration="0.000619" asserts="0">
                  <properties>
                    <property name="retryIteration" value="0" />
                    <property name="repeatIteration" value="0" />
                  </properties>
                </test-case>
                <test-case id="2048" name="WhenWritingUnmanagedType_ValueIsWrittenCorrectly(UnityEngine.Ray,WriteSafe)" fullname="Unity.Netcode.EditorTests.FastBufferWriterTests.WhenWritingUnmanagedType_ValueIsWrittenCorrectly(UnityEngine.Ray,WriteSafe)" methodname="WhenWritingUnmanagedType_ValueIsWrittenCorrectly" classname="Unity.Netcode.EditorTests.FastBufferWriterTests" runstate="Runnable" seed="179095488" result="Passed" start-time="2025-12-30 16:55:53Z" end-time="2025-12-30 16:55:53Z" duration="0.000320" asserts="0">
                  <properties>
                    <property name="retryIteration" value="0" />
                    <property name="repeatIteration" value="0" />
                  </properties>
                </test-case>
                <test-case id="2049" name="WhenWritingUnmanagedType_ValueIsWrittenCorrectly(UnityEngine.Ray2D,WriteDirect)" fullname="Unity.Netcode.EditorTests.FastBufferWriterTests.WhenWritingUnmanagedType_ValueIsWrittenCorrectly(UnityEngine.Ray2D,WriteDirect)" methodname="WhenWritingUnmanagedType_ValueIsWrittenCorrectly" classname="Unity.Netcode.EditorTests.FastBufferWriterTests" runstate="Runnable" seed="1022013394" result="Passed" start-time="2025-12-30 16:55:53Z" end-time="2025-12-30 16:55:53Z" duration="0.000602" asserts="0">
                  <properties>
                    <property name="retryIteration" value="0" />
                    <property name="repeatIteration" value="0" />
                  </properties>
                </test-case>
                <test-case id="2050" name="WhenWritingUnmanagedType_ValueIsWrittenCorrectly(UnityEngine.Ray2D,WriteSafe)" fullname="Unity.Netcode.EditorTests.FastBufferWriterTests.WhenWritingUnmanagedType_ValueIsWrittenCorrectly(UnityEngine.Ray2D,WriteSafe)" methodname="WhenWritingUnmanagedType_ValueIsWrittenCorrectly" classname="Unity.Netcode.EditorTests.FastBufferWriterTests" runstate="Runnable" seed="2054472627" result="Passed" start-time="2025-12-30 16:55:53Z" end-time="2025-12-30 16:55:53Z" duration="0.000275" asserts="0">
                  <properties>
                    <property name="retryIteration" value="0" />
                    <property name="repeatIteration" value="0" />
                  </properties>
                </test-case>
                <test-case id="2051" name="WhenWritingUnmanagedType_ValueIsWrittenCorrectly(Unity.Netcode.EditorTests.BaseFastBufferReaderWriterTest+TestStruct,WriteDirect)" fullname="Unity.Netcode.EditorTests.FastBufferWriterTests.WhenWritingUnmanagedType_ValueIsWrittenCorrectly(Unity.Netcode.EditorTests.BaseFastBufferReaderWriterTest+TestStruct,WriteDirect)" methodname="WhenWritingUnmanagedType_ValueIsWrittenCorrectly" classname="Unity.Netcode.EditorTests.FastBufferWriterTests" runstate="Runnable" seed="1283208294" result="Passed" start-time="2025-12-30 16:55:53Z" end-time="2025-12-30 16:55:53Z" duration="0.001289" asserts="0">
                  <properties>
                    <property name="retryIteration" value="0" />
                    <property name="repeatIteration" value="0" />
                  </properties>
                </test-case>
                <test-case id="2052" name="WhenWritingUnmanagedType_ValueIsWrittenCorrectly(Unity.Netcode.EditorTests.BaseFastBufferReaderWriterTest+TestStruct,WriteSafe)" fullname="Unity.Netcode.EditorTests.FastBufferWriterTests.WhenWritingUnmanagedType_ValueIsWrittenCorrectly(Unity.Netcode.EditorTests.BaseFastBufferReaderWriterTest+TestStruct,WriteSafe)" methodname="WhenWritingUnmanagedType_ValueIsWrittenCorrectly" classname="Unity.Netcode.EditorTests.FastBufferWriterTests" runstate="Runnable" seed="541206413" result="Passed" start-time="2025-12-30 16:55:53Z" end-time="2025-12-30 16:55:53Z" duration="0.000386" asserts="0">
                  <properties>
                    <property name="retryIteration" value="0" />
                    <property name="repeatIteration" value="0" />
                  </properties>
                </test-case>
              </test-suite>
            </test-suite>
            <test-suite type="TestFixture" id="1027" name="InterpolatorTests" fullname="Unity.Netcode.EditorTests.InterpolatorTests" classname="Unity.Netcode.EditorTests.InterpolatorTests" runstate="Runnable" testcasecount="10" result="Passed" start-time="2025-12-30 16:55:53Z" end-time="2025-12-30 16:55:53Z" duration="0.005821" total="10" passed="10" failed="0" inconclusive="0" skipped="0" asserts="0">
              <properties />
              <test-case id="1032" name="AddFirstMeasurement" fullname="Unity.Netcode.EditorTests.InterpolatorTests.AddFirstMeasurement" methodname="AddFirstMeasurement" classname="Unity.Netcode.EditorTests.InterpolatorTests" runstate="Runnable" seed="122486241" result="Passed" start-time="2025-12-30 16:55:53Z" end-time="2025-12-30 16:55:53Z" duration="0.001713" asserts="0">
                <properties>
                  <property name="retryIteration" value="0" />
                  <property name="repeatIteration" value="0" />
                </properties>
              </test-case>
              <test-case id="1033" name="JumpToEachValueIfDeltaTimeTooBig" fullname="Unity.Netcode.EditorTests.InterpolatorTests.JumpToEachValueIfDeltaTimeTooBig" methodname="JumpToEachValueIfDeltaTimeTooBig" classname="Unity.Netcode.EditorTests.InterpolatorTests" runstate="Runnable" seed="166855228" result="Passed" start-time="2025-12-30 16:55:53Z" end-time="2025-12-30 16:55:53Z" duration="0.000372" asserts="0">
                <properties>
                  <property name="retryIteration" value="0" />
                  <property name="repeatIteration" value="0" />
                </properties>
              </test-case>
              <test-case id="1034" name="JumpToLastValueFromStart" fullname="Unity.Netcode.EditorTests.InterpolatorTests.JumpToLastValueFromStart" methodname="JumpToLastValueFromStart" classname="Unity.Netcode.EditorTests.InterpolatorTests" runstate="Runnable" seed="414314080" result="Passed" start-time="2025-12-30 16:55:53Z" end-time="2025-12-30 16:55:53Z" duration="0.000270" asserts="0">
                <properties>
                  <property name="retryIteration" value="0" />
                  <property name="repeatIteration" value="0" />
                </properties>
              </test-case>
              <test-case id="1031" name="MessageLoss" fullname="Unity.Netcode.EditorTests.InterpolatorTests.MessageLoss" methodname="MessageLoss" classname="Unity.Netcode.EditorTests.InterpolatorTests" runstate="Runnable" seed="1574140442" result="Passed" start-time="2025-12-30 16:55:53Z" end-time="2025-12-30 16:55:53Z" duration="0.000306" asserts="0">
                <properties>
                  <property name="retryIteration" value="0" />
                  <property name="repeatIteration" value="0" />
                </properties>
              </test-case>
              <test-case id="1029" name="NormalUsage" fullname="Unity.Netcode.EditorTests.InterpolatorTests.NormalUsage" methodname="NormalUsage" classname="Unity.Netcode.EditorTests.InterpolatorTests" runstate="Runnable" seed="1661169619" result="Passed" start-time="2025-12-30 16:55:53Z" end-time="2025-12-30 16:55:53Z" duration="0.000371" asserts="0">
                <properties>
                  <property name="retryIteration" value="0" />
                  <property name="repeatIteration" value="0" />
                </properties>
              </test-case>
              <test-case id="1030" name="OutOfOrderShouldStillWork" fullname="Unity.Netcode.EditorTests.InterpolatorTests.OutOfOrderShouldStillWork" methodname="OutOfOrderShouldStillWork" classname="Unity.Netcode.EditorTests.InterpolatorTests" runstate="Runnable" seed="575022582" result="Passed" start-time="2025-12-30 16:55:53Z" end-time="2025-12-30 16:55:53Z" duration="0.000211" asserts="0">
                <properties>
                  <property name="retryIteration" value="0" />
                  <property name="repeatIteration" value="0" />
                </properties>
              </test-case>
              <test-case id="1035" name="TestBufferSizeLimit" fullname="Unity.Netcode.EditorTests.InterpolatorTests.TestBufferSizeLimit" methodname="TestBufferSizeLimit" classname="Unity.Netcode.EditorTests.InterpolatorTests" runstate="Runnable" seed="113158563" result="Passed" start-time="2025-12-30 16:55:53Z" end-time="2025-12-30 16:55:53Z" duration="0.000317" asserts="0">
                <properties>
                  <property name="retryIteration" value="0" />
                  <property name="repeatIteration" value="0" />
                </properties>
              </test-case>
              <test-case id="1037" name="TestDuplicatedValues" fullname="Unity.Netcode.EditorTests.InterpolatorTests.TestDuplicatedValues" methodname="TestDuplicatedValues" classname="Unity.Netcode.EditorTests.InterpolatorTests" runstate="Runnable" seed="1894196723" result="Passed" start-time="2025-12-30 16:55:53Z" end-time="2025-12-30 16:55:53Z" duration="0.000217" asserts="0">
                <properties>
                  <property name="retryIteration" value="0" />
                  <property name="repeatIteration" value="0" />
                </properties>
              </test-case>
              <test-case id="1028" name="TestReset" fullname="Unity.Netcode.EditorTests.InterpolatorTests.TestReset" methodname="TestReset" classname="Unity.Netcode.EditorTests.InterpolatorTests" runstate="Runnable" seed="2133274843" result="Passed" start-time="2025-12-30 16:55:53Z" end-time="2025-12-30 16:55:53Z" duration="0.000282" asserts="0">
                <properties>
                  <property name="retryIteration" value="0" />
                  <property name="repeatIteration" value="0" />
                </properties>
              </test-case>
              <test-case id="1036" name="TestUpdatingInterpolatorWithNoData" fullname="Unity.Netcode.EditorTests.InterpolatorTests.TestUpdatingInterpolatorWithNoData" methodname="TestUpdatingInterpolatorWithNoData" classname="Unity.Netcode.EditorTests.InterpolatorTests" runstate="Runnable" seed="100649569" result="Passed" start-time="2025-12-30 16:55:53Z" end-time="2025-12-30 16:55:53Z" duration="0.000118" asserts="0">
                <properties>
                  <property name="retryIteration" value="0" />
                  <property name="repeatIteration" value="0" />
                </properties>
              </test-case>
            </test-suite>
            <test-suite type="TestFixture" id="1040" name="MessageCorruptionTests" fullname="Unity.Netcode.EditorTests.MessageCorruptionTests" classname="Unity.Netcode.EditorTests.MessageCorruptionTests" runstate="Runnable" testcasecount="5" result="Passed" start-time="2025-12-30 16:55:53Z" end-time="2025-12-30 16:55:53Z" duration="0.007426" total="5" passed="5" failed="0" inconclusive="0" skipped="0" asserts="0">
              <properties />
              <test-suite type="ParameterizedMethod" id="1046" name="WhenPacketsAreCorrupted_TheyDontGetProcessed" fullname="Unity.Netcode.EditorTests.MessageCorruptionTests.WhenPacketsAreCorrupted_TheyDontGetProcessed" classname="Unity.Netcode.EditorTests.MessageCorruptionTests" runstate="Runnable" testcasecount="5" result="Passed" start-time="2025-12-30 16:55:53Z" end-time="2025-12-30 16:55:53Z" duration="0.006755" total="5" passed="5" failed="0" inconclusive="0" skipped="0" asserts="0">
                <properties />
                <test-case id="1041" name="WhenPacketsAreCorrupted_TheyDontGetProcessed(OffsetPlus)" fullname="Unity.Netcode.EditorTests.MessageCorruptionTests.WhenPacketsAreCorrupted_TheyDontGetProcessed(OffsetPlus)" methodname="WhenPacketsAreCorrupted_TheyDontGetProcessed" classname="Unity.Netcode.EditorTests.MessageCorruptionTests" runstate="Runnable" seed="647338897" result="Passed" start-time="2025-12-30 16:55:53Z" end-time="2025-12-30 16:55:53Z" duration="0.002735" asserts="0">
                  <properties>
                    <property name="retryIteration" value="0" />
                    <property name="repeatIteration" value="0" />
                  </properties>
                  <output><![CDATA[[Netcode] Received a packet with an invalid Magic Value. Please report this to the Netcode for GameObjects team at https://github.com/Unity-Technologies/com.unity.netcode.gameobjects/issues and include the following data: Offset: 0, Size: 41, Full receive array: 00 60 11 01 00 28 00 00 00 b9 d1 e5 d8 51 b8 5a 41 00 00 00 00 10 00 00 00 e7 d3 6f 62 77 c0 67 49 93 4e 55 ac 92 bc c9 48 
]]></output>
                </test-case>
                <test-case id="1042" name="WhenPacketsAreCorrupted_TheyDontGetProcessed(OffsetMinus)" fullname="Unity.Netcode.EditorTests.MessageCorruptionTests.WhenPacketsAreCorrupted_TheyDontGetProcessed(OffsetMinus)" methodname="WhenPacketsAreCorrupted_TheyDontGetProcessed" classname="Unity.Netcode.EditorTests.MessageCorruptionTests" runstate="Runnable" seed="16227717" result="Passed" start-time="2025-12-30 16:55:53Z" end-time="2025-12-30 16:55:53Z" duration="0.000825" asserts="0">
                  <properties>
                    <property name="retryIteration" value="0" />
                    <property name="repeatIteration" value="0" />
                  </properties>
                  <output><![CDATA[[Netcode] Received a packet with an invalid Magic Value. Please report this to the Netcode for GameObjects team at https://github.com/Unity-Technologies/com.unity.netcode.gameobjects/issues and include the following data: Offset: 0, Size: 39, Full receive array: 11 01 00 28 00 00 00 86 08 74 95 b7 cc 41 8f 00 00 00 00 10 00 00 00 0a 43 aa 4c 2b ba 74 48 97 3a d0 eb 28 27 36 0a 
]]></output>
                </test-case>
                <test-case id="1043" name="WhenPacketsAreCorrupted_TheyDontGetProcessed(CorruptBytes)" fullname="Unity.Netcode.EditorTests.MessageCorruptionTests.WhenPacketsAreCorrupted_TheyDontGetProcessed(CorruptBytes)" methodname="WhenPacketsAreCorrupted_TheyDontGetProcessed" classname="Unity.Netcode.EditorTests.MessageCorruptionTests" runstate="Runnable" seed="1638244576" result="Passed" start-time="2025-12-30 16:55:53Z" end-time="2025-12-30 16:55:53Z" duration="0.000769" asserts="0">
                  <properties>
                    <property name="retryIteration" value="0" />
                    <property name="repeatIteration" value="0" />
                  </properties>
                  <output><![CDATA[[Netcode] Received a packet with an invalid Hash Value. Please report this to the Netcode for GameObjects team at https://github.com/Unity-Technologies/com.unity.netcode.gameobjects/issues and include the following data: Received Hash: 11981743631190323314, Calculated Hash: 14636804280233507318, Offset: 0, Size: 40, Full receive array: 60 11 01 00 28 00 00 00 72 f0 e5 be 59 b4 47 a6 61 00 00 00 10 00 00 00 c8 78 c1 c0 d7 ef fa 4d 9c ab a6 d6 9b 57 88 be 
]]></output>
                </test-case>
                <test-case id="1044" name="WhenPacketsAreCorrupted_TheyDontGetProcessed(Truncated)" fullname="Unity.Netcode.EditorTests.MessageCorruptionTests.WhenPacketsAreCorrupted_TheyDontGetProcessed(Truncated)" methodname="WhenPacketsAreCorrupted_TheyDontGetProcessed" classname="Unity.Netcode.EditorTests.MessageCorruptionTests" runstate="Runnable" seed="1636041093" result="Passed" start-time="2025-12-30 16:55:53Z" end-time="2025-12-30 16:55:53Z" duration="0.000748" asserts="0">
                  <properties>
                    <property name="retryIteration" value="0" />
                    <property name="repeatIteration" value="0" />
                  </properties>
                  <output><![CDATA[[Netcode] Received a packet with an invalid Batch Size Value. Please report this to the Netcode for GameObjects team at https://github.com/Unity-Technologies/com.unity.netcode.gameobjects/issues and include the following data: Offset: 0, Size: 39, Expected Size: 40, Full receive array: 60 11 01 00 28 00 00 00 14 fa ad 87 14 f0 05 9c 00 00 00 00 10 00 00 00 b2 b5 a4 fb 36 ce db 49 91 a6 e2 52 6b 22 cf 
]]></output>
                </test-case>
                <test-case id="1045" name="WhenPacketsAreCorrupted_TheyDontGetProcessed(AdditionalGarbageData)" fullname="Unity.Netcode.EditorTests.MessageCorruptionTests.WhenPacketsAreCorrupted_TheyDontGetProcessed(AdditionalGarbageData)" methodname="WhenPacketsAreCorrupted_TheyDontGetProcessed" classname="Unity.Netcode.EditorTests.MessageCorruptionTests" runstate="Runnable" seed="853843920" result="Passed" start-time="2025-12-30 16:55:53Z" end-time="2025-12-30 16:55:53Z" duration="0.000736" asserts="0">
                  <properties>
                    <property name="retryIteration" value="0" />
                    <property name="repeatIteration" value="0" />
                  </properties>
                  <output><![CDATA[[Netcode] Received a packet with an invalid Batch Size Value. Please report this to the Netcode for GameObjects team at https://github.com/Unity-Technologies/com.unity.netcode.gameobjects/issues and include the following data: Offset: 0, Size: 41, Expected Size: 40, Full receive array: 60 11 01 00 28 00 00 00 7c 32 ef fa df 8f 38 5c 00 00 00 00 10 00 00 00 48 38 af c4 4e b1 f3 46 85 c0 e8 8f cb 0f 9d fb 00 
]]></output>
                </test-case>
              </test-suite>
            </test-suite>
            <test-suite type="TestFixture" id="1047" name="MessageReceivingTests" fullname="Unity.Netcode.EditorTests.MessageReceivingTests" classname="Unity.Netcode.EditorTests.MessageReceivingTests" runstate="Runnable" testcasecount="4" result="Passed" start-time="2025-12-30 16:55:53Z" end-time="2025-12-30 16:55:53Z" duration="0.004259" total="4" passed="4" failed="0" inconclusive="0" skipped="0" asserts="0">
              <properties />
              <test-case id="1048" name="WhenHandlingAMessage_ReceiveMethodIsCalled" fullname="Unity.Netcode.EditorTests.MessageReceivingTests.WhenHandlingAMessage_ReceiveMethodIsCalled" methodname="WhenHandlingAMessage_ReceiveMethodIsCalled" classname="Unity.Netcode.EditorTests.MessageReceivingTests" runstate="Runnable" seed="1899189506" result="Passed" start-time="2025-12-30 16:55:53Z" end-time="2025-12-30 16:55:53Z" duration="0.001610" asserts="0">
                <properties>
                  <property name="retryIteration" value="0" />
                  <property name="repeatIteration" value="0" />
                </properties>
              </test-case>
              <test-case id="1049" name="WhenHandlingIncomingData_ReceiveIsNotCalledBeforeProcessingIncomingMessageQueue" fullname="Unity.Netcode.EditorTests.MessageReceivingTests.WhenHandlingIncomingData_ReceiveIsNotCalledBeforeProcessingIncomingMessageQueue" methodname="WhenHandlingIncomingData_ReceiveIsNotCalledBeforeProcessingIncomingMessageQueue" classname="Unity.Netcode.EditorTests.MessageReceivingTests" runstate="Runnable" seed="1587573396" result="Passed" start-time="2025-12-30 16:55:53Z" end-time="2025-12-30 16:55:53Z" duration="0.000709" asserts="0">
                <properties>
                  <property name="retryIteration" value="0" />
                  <property name="repeatIteration" value="0" />
                </properties>
              </test-case>
              <test-case id="1050" name="WhenReceivingAMessageAndProcessingMessageQueue_ReceiveMethodIsCalled" fullname="Unity.Netcode.EditorTests.MessageReceivingTests.WhenReceivingAMessageAndProcessingMessageQueue_ReceiveMethodIsCalled" methodname="WhenReceivingAMessageAndProcessingMessageQueue_ReceiveMethodIsCalled" classname="Unity.Netcode.EditorTests.MessageReceivingTests" runstate="Runnable" seed="1267224188" result="Passed" start-time="2025-12-30 16:55:53Z" end-time="2025-12-30 16:55:53Z" duration="0.000499" asserts="0">
                <properties>
                  <property name="retryIteration" value="0" />
                  <property name="repeatIteration" value="0" />
                </properties>
              </test-case>
              <test-case id="1051" name="WhenReceivingMultipleMessagesAndProcessingMessageQueue_ReceiveMethodIsCalledMultipleTimes" fullname="Unity.Netcode.EditorTests.MessageReceivingTests.WhenReceivingMultipleMessagesAndProcessingMessageQueue_ReceiveMethodIsCalledMultipleTimes" methodname="WhenReceivingMultipleMessagesAndProcessingMessageQueue_ReceiveMethodIsCalledMultipleTimes" classname="Unity.Netcode.EditorTests.MessageReceivingTests" runstate="Runnable" seed="1013964194" result="Passed" start-time="2025-12-30 16:55:53Z" end-time="2025-12-30 16:55:53Z" duration="0.000341" asserts="0">
                <properties>
                  <property name="retryIteration" value="0" />
                  <property name="repeatIteration" value="0" />
                </properties>
              </test-case>
            </test-suite>
            <test-suite type="TestFixture" id="1052" name="MessageRegistrationTests" fullname="Unity.Netcode.EditorTests.MessageRegistrationTests" classname="Unity.Netcode.EditorTests.MessageRegistrationTests" runstate="Runnable" testcasecount="2" result="Passed" start-time="2025-12-30 16:55:53Z" end-time="2025-12-30 16:55:53Z" duration="0.002086" total="2" passed="2" failed="0" inconclusive="0" skipped="0" asserts="0">
              <properties />
              <test-case id="1054" name="WhenCreatingMessageSystem_BoundTypeMessageHandlersAreRegistered" fullname="Unity.Netcode.EditorTests.MessageRegistrationTests.WhenCreatingMessageSystem_BoundTypeMessageHandlersAreRegistered" methodname="WhenCreatingMessageSystem_BoundTypeMessageHandlersAreRegistered" classname="Unity.Netcode.EditorTests.MessageRegistrationTests" runstate="Runnable" seed="1186874173" result="Passed" start-time="2025-12-30 16:55:53Z" end-time="2025-12-30 16:55:53Z" duration="0.000686" asserts="0">
                <properties>
                  <property name="retryIteration" value="0" />
                  <property name="repeatIteration" value="0" />
                </properties>
              </test-case>
              <test-case id="1053" name="WhenCreatingMessageSystem_OnlyProvidedTypesAreRegistered" fullname="Unity.Netcode.EditorTests.MessageRegistrationTests.WhenCreatingMessageSystem_OnlyProvidedTypesAreRegistered" methodname="WhenCreatingMessageSystem_OnlyProvidedTypesAreRegistered" classname="Unity.Netcode.EditorTests.MessageRegistrationTests" runstate="Runnable" seed="1093431075" result="Passed" start-time="2025-12-30 16:55:53Z" end-time="2025-12-30 16:55:53Z" duration="0.000640" asserts="0">
                <properties>
                  <property name="retryIteration" value="0" />
                  <property name="repeatIteration" value="0" />
                </properties>
              </test-case>
            </test-suite>
            <test-suite type="TestFixture" id="1055" name="MessageSendingTests" fullname="Unity.Netcode.EditorTests.MessageSendingTests" classname="Unity.Netcode.EditorTests.MessageSendingTests" runstate="Runnable" testcasecount="25" result="Passed" start-time="2025-12-30 16:55:53Z" end-time="2025-12-30 16:55:53Z" duration="0.026294" total="25" passed="25" failed="0" inconclusive="0" skipped="0" asserts="0">
              <properties />
              <test-suite type="ParameterizedMethod" id="1065" name="WhenExceedingBatchSize_NewBatchesAreCreated" fullname="Unity.Netcode.EditorTests.MessageSendingTests.WhenExceedingBatchSize_NewBatchesAreCreated" classname="Unity.Netcode.EditorTests.MessageSendingTests" runstate="Runnable" testcasecount="4" result="Passed" start-time="2025-12-30 16:55:53Z" end-time="2025-12-30 16:55:53Z" duration="0.003416" total="4" passed="4" failed="0" inconclusive="0" skipped="0" asserts="0">
                <properties />
                <test-case id="1061" name="WhenExceedingBatchSize_NewBatchesAreCreated(500)" fullname="Unity.Netcode.EditorTests.MessageSendingTests.WhenExceedingBatchSize_NewBatchesAreCreated(500)" methodname="WhenExceedingBatchSize_NewBatchesAreCreated" classname="Unity.Netcode.EditorTests.MessageSendingTests" runstate="Runnable" seed="429318685" result="Passed" start-time="2025-12-30 16:55:53Z" end-time="2025-12-30 16:55:53Z" duration="0.001527" asserts="0">
                  <properties>
                    <property name="retryIteration" value="0" />
                    <property name="repeatIteration" value="0" />
                  </properties>
                </test-case>
                <test-case id="1062" name="WhenExceedingBatchSize_NewBatchesAreCreated(1000)" fullname="Unity.Netcode.EditorTests.MessageSendingTests.WhenExceedingBatchSize_NewBatchesAreCreated(1000)" methodname="WhenExceedingBatchSize_NewBatchesAreCreated" classname="Unity.Netcode.EditorTests.MessageSendingTests" runstate="Runnable" seed="25042768" result="Passed" start-time="2025-12-30 16:55:53Z" end-time="2025-12-30 16:55:53Z" duration="0.000274" asserts="0">
                  <properties>
                    <property name="retryIteration" value="0" />
                    <property name="repeatIteration" value="0" />
                  </properties>
                </test-case>
                <test-case id="1063" name="WhenExceedingBatchSize_NewBatchesAreCreated(1300)" fullname="Unity.Netcode.EditorTests.MessageSendingTests.WhenExceedingBatchSize_NewBatchesAreCreated(1300)" methodname="WhenExceedingBatchSize_NewBatchesAreCreated" classname="Unity.Netcode.EditorTests.MessageSendingTests" runstate="Runnable" seed="116565038" result="Passed" start-time="2025-12-30 16:55:53Z" end-time="2025-12-30 16:55:53Z" duration="0.000358" asserts="0">
                  <properties>
                    <property name="retryIteration" value="0" />
                    <property name="repeatIteration" value="0" />
                  </properties>
                </test-case>
                <test-case id="1064" name="WhenExceedingBatchSize_NewBatchesAreCreated(2000)" fullname="Unity.Netcode.EditorTests.MessageSendingTests.WhenExceedingBatchSize_NewBatchesAreCreated(2000)" methodname="WhenExceedingBatchSize_NewBatchesAreCreated" classname="Unity.Netcode.EditorTests.MessageSendingTests" runstate="Runnable" seed="862543414" result="Passed" start-time="2025-12-30 16:55:53Z" end-time="2025-12-30 16:55:53Z" duration="0.000616" asserts="0">
                  <properties>
                    <property name="retryIteration" value="0" />
                    <property name="repeatIteration" value="0" />
                  </properties>
                </test-case>
              </test-suite>
              <test-suite type="ParameterizedMethod" id="1080" name="WhenExceedingMTUSizeWithFragmentedDelivery_NewBatchesAreNotCreated" fullname="Unity.Netcode.EditorTests.MessageSendingTests.WhenExceedingMTUSizeWithFragmentedDelivery_NewBatchesAreNotCreated" classname="Unity.Netcode.EditorTests.MessageSendingTests" runstate="Runnable" testcasecount="4" result="Passed" start-time="2025-12-30 16:55:53Z" end-time="2025-12-30 16:55:53Z" duration="0.001972" total="4" passed="4" failed="0" inconclusive="0" skipped="0" asserts="0">
                <properties />
                <test-case id="1076" name="WhenExceedingMTUSizeWithFragmentedDelivery_NewBatchesAreNotCreated(500)" fullname="Unity.Netcode.EditorTests.MessageSendingTests.WhenExceedingMTUSizeWithFragmentedDelivery_NewBatchesAreNotCreated(500)" methodname="WhenExceedingMTUSizeWithFragmentedDelivery_NewBatchesAreNotCreated" classname="Unity.Netcode.EditorTests.MessageSendingTests" runstate="Runnable" seed="1848415919" result="Passed" start-time="2025-12-30 16:55:53Z" end-time="2025-12-30 16:55:53Z" duration="0.000366" asserts="0">
                  <properties>
                    <property name="retryIteration" value="0" />
                    <property name="repeatIteration" value="0" />
                  </properties>
                </test-case>
                <test-case id="1077" name="WhenExceedingMTUSizeWithFragmentedDelivery_NewBatchesAreNotCreated(1000)" fullname="Unity.Netcode.EditorTests.MessageSendingTests.WhenExceedingMTUSizeWithFragmentedDelivery_NewBatchesAreNotCreated(1000)" methodname="WhenExceedingMTUSizeWithFragmentedDelivery_NewBatchesAreNotCreated" classname="Unity.Netcode.EditorTests.MessageSendingTests" runstate="Runnable" seed="1169966621" result="Passed" start-time="2025-12-30 16:55:53Z" end-time="2025-12-30 16:55:53Z" duration="0.000242" asserts="0">
                  <properties>
                    <property name="retryIteration" value="0" />
                    <property name="repeatIteration" value="0" />
                  </properties>
                </test-case>
                <test-case id="1078" name="WhenExceedingMTUSizeWithFragmentedDelivery_NewBatchesAreNotCreated(1300)" fullname="Unity.Netcode.EditorTests.MessageSendingTests.WhenExceedingMTUSizeWithFragmentedDelivery_NewBatchesAreNotCreated(1300)" methodname="WhenExceedingMTUSizeWithFragmentedDelivery_NewBatchesAreNotCreated" classname="Unity.Netcode.EditorTests.MessageSendingTests" runstate="Runnable" seed="1570196723" result="Passed" start-time="2025-12-30 16:55:53Z" end-time="2025-12-30 16:55:53Z" duration="0.000270" asserts="0">
                  <properties>
                    <property name="retryIteration" value="0" />
                    <property name="repeatIteration" value="0" />
                  </properties>
                </test-case>
                <test-case id="1079" name="WhenExceedingMTUSizeWithFragmentedDelivery_NewBatchesAreNotCreated(2000)" fullname="Unity.Netcode.EditorTests.MessageSendingTests.WhenExceedingMTUSizeWithFragmentedDelivery_NewBatchesAreNotCreated(2000)" methodname="WhenExceedingMTUSizeWithFragmentedDelivery_NewBatchesAreNotCreated" classname="Unity.Netcode.EditorTests.MessageSendingTests" runstate="Runnable" seed="1474885756" result="Passed" start-time="2025-12-30 16:55:53Z" end-time="2025-12-30 16:55:53Z" duration="0.000348" asserts="0">
                  <properties>
                    <property name="retryIteration" value="0" />
                    <property name="repeatIteration" value="0" />
                  </properties>
                </test-case>
              </test-suite>
              <test-suite type="ParameterizedMethod" id="1075" name="WhenExceedingPerClientBatchSizeGreaterThanDefault_OnlyOneNewBatcheIsCreated" fullname="Unity.Netcode.EditorTests.MessageSendingTests.WhenExceedingPerClientBatchSizeGreaterThanDefault_OnlyOneNewBatcheIsCreated" classname="Unity.Netcode.EditorTests.MessageSendingTests" runstate="Runnable" testcasecount="4" result="Passed" start-time="2025-12-30 16:55:53Z" end-time="2025-12-30 16:55:53Z" duration="0.006444" total="4" passed="4" failed="0" inconclusive="0" skipped="0" asserts="0">
                <properties />
                <test-case id="1071" name="WhenExceedingPerClientBatchSizeGreaterThanDefault_OnlyOneNewBatcheIsCreated(500)" fullname="Unity.Netcode.EditorTests.MessageSendingTests.WhenExceedingPerClientBatchSizeGreaterThanDefault_OnlyOneNewBatcheIsCreated(500)" methodname="WhenExceedingPerClientBatchSizeGreaterThanDefault_OnlyOneNewBatcheIsCreated" classname="Unity.Netcode.EditorTests.MessageSendingTests" runstate="Runnable" seed="933293640" result="Passed" start-time="2025-12-30 16:55:53Z" end-time="2025-12-30 16:55:53Z" duration="0.001555" asserts="0">
                  <properties>
                    <property name="retryIteration" value="0" />
                    <property name="repeatIteration" value="0" />
                  </properties>
                </test-case>
                <test-case id="1072" name="WhenExceedingPerClientBatchSizeGreaterThanDefault_OnlyOneNewBatcheIsCreated(1000)" fullname="Unity.Netcode.EditorTests.MessageSendingTests.WhenExceedingPerClientBatchSizeGreaterThanDefault_OnlyOneNewBatcheIsCreated(1000)" methodname="WhenExceedingPerClientBatchSizeGreaterThanDefault_OnlyOneNewBatcheIsCreated" classname="Unity.Netcode.EditorTests.MessageSendingTests" runstate="Runnable" seed="366425637" result="Passed" start-time="2025-12-30 16:55:53Z" end-time="2025-12-30 16:55:53Z" duration="0.000898" asserts="0">
                  <properties>
                    <property name="retryIteration" value="0" />
                    <property name="repeatIteration" value="0" />
                  </properties>
                </test-case>
                <test-case id="1073" name="WhenExceedingPerClientBatchSizeGreaterThanDefault_OnlyOneNewBatcheIsCreated(1300)" fullname="Unity.Netcode.EditorTests.MessageSendingTests.WhenExceedingPerClientBatchSizeGreaterThanDefault_OnlyOneNewBatcheIsCreated(1300)" methodname="WhenExceedingPerClientBatchSizeGreaterThanDefault_OnlyOneNewBatcheIsCreated" classname="Unity.Netcode.EditorTests.MessageSendingTests" runstate="Runnable" seed="86622176" result="Passed" start-time="2025-12-30 16:55:53Z" end-time="2025-12-30 16:55:53Z" duration="0.001277" asserts="0">
                  <properties>
                    <property name="retryIteration" value="0" />
                    <property name="repeatIteration" value="0" />
                  </properties>
                </test-case>
                <test-case id="1074" name="WhenExceedingPerClientBatchSizeGreaterThanDefault_OnlyOneNewBatcheIsCreated(2000)" fullname="Unity.Netcode.EditorTests.MessageSendingTests.WhenExceedingPerClientBatchSizeGreaterThanDefault_OnlyOneNewBatcheIsCreated(2000)" methodname="WhenExceedingPerClientBatchSizeGreaterThanDefault_OnlyOneNewBatcheIsCreated" classname="Unity.Netcode.EditorTests.MessageSendingTests" runstate="Runnable" seed="661870633" result="Passed" start-time="2025-12-30 16:55:53Z" end-time="2025-12-30 16:55:53Z" duration="0.002068" asserts="0">
                  <properties>
                    <property name="retryIteration" value="0" />
                    <property name="repeatIteration" value="0" />
                  </properties>
                </test-case>
              </test-suite>
              <test-suite type="ParameterizedMethod" id="1070" name="WhenExceedingPerClientBatchSizeLessThanDefault_NewBatchesAreCreated" fullname="Unity.Netcode.EditorTests.MessageSendingTests.WhenExceedingPerClientBatchSizeLessThanDefault_NewBatchesAreCreated" classname="Unity.Netcode.EditorTests.MessageSendingTests" runstate="Runnable" testcasecount="4" result="Passed" start-time="2025-12-30 16:55:53Z" end-time="2025-12-30 16:55:53Z" duration="0.007291" total="4" passed="4" failed="0" inconclusive="0" skipped="0" asserts="0">
                <properties />
                <test-case id="1066" name="WhenExceedingPerClientBatchSizeLessThanDefault_NewBatchesAreCreated(500)" fullname="Unity.Netcode.EditorTests.MessageSendingTests.WhenExceedingPerClientBatchSizeLessThanDefault_NewBatchesAreCreated(500)" methodname="WhenExceedingPerClientBatchSizeLessThanDefault_NewBatchesAreCreated" classname="Unity.Netcode.EditorTests.MessageSendingTests" runstate="Runnable" seed="1565774564" result="Passed" start-time="2025-12-30 16:55:53Z" end-time="2025-12-30 16:55:53Z" duration="0.000922" asserts="0">
                  <properties>
                    <property name="retryIteration" value="0" />
                    <property name="repeatIteration" value="0" />
                  </properties>
                </test-case>
                <test-case id="1067" name="WhenExceedingPerClientBatchSizeLessThanDefault_NewBatchesAreCreated(1000)" fullname="Unity.Netcode.EditorTests.MessageSendingTests.WhenExceedingPerClientBatchSizeLessThanDefault_NewBatchesAreCreated(1000)" methodname="WhenExceedingPerClientBatchSizeLessThanDefault_NewBatchesAreCreated" classname="Unity.Netcode.EditorTests.MessageSendingTests" runstate="Runnable" seed="1057566628" result="Passed" start-time="2025-12-30 16:55:53Z" end-time="2025-12-30 16:55:53Z" duration="0.000968" asserts="0">
                  <properties>
                    <property name="retryIteration" value="0" />
                    <property name="repeatIteration" value="0" />
                  </properties>
                </test-case>
                <test-case id="1068" name="WhenExceedingPerClientBatchSizeLessThanDefault_NewBatchesAreCreated(1300)" fullname="Unity.Netcode.EditorTests.MessageSendingTests.WhenExceedingPerClientBatchSizeLessThanDefault_NewBatchesAreCreated(1300)" methodname="WhenExceedingPerClientBatchSizeLessThanDefault_NewBatchesAreCreated" classname="Unity.Netcode.EditorTests.MessageSendingTests" runstate="Runnable" seed="2100539432" result="Passed" start-time="2025-12-30 16:55:53Z" end-time="2025-12-30 16:55:53Z" duration="0.001408" asserts="0">
                  <properties>
                    <property name="retryIteration" value="0" />
                    <property name="repeatIteration" value="0" />
                  </properties>
                </test-case>
                <test-case id="1069" name="WhenExceedingPerClientBatchSizeLessThanDefault_NewBatchesAreCreated(2000)" fullname="Unity.Netcode.EditorTests.MessageSendingTests.WhenExceedingPerClientBatchSizeLessThanDefault_NewBatchesAreCreated(2000)" methodname="WhenExceedingPerClientBatchSizeLessThanDefault_NewBatchesAreCreated" classname="Unity.Netcode.EditorTests.MessageSendingTests" runstate="Runnable" seed="1801486593" result="Passed" start-time="2025-12-30 16:55:53Z" end-time="2025-12-30 16:55:53Z" duration="0.003011" asserts="0">
                  <properties>
                    <property name="retryIteration" value="0" />
                    <property name="repeatIteration" value="0" />
                  </properties>
                </test-case>
              </test-suite>
              <test-case id="1060" name="WhenNotExceedingBatchSize_NewBatchesAreNotCreated" fullname="Unity.Netcode.EditorTests.MessageSendingTests.WhenNotExceedingBatchSize_NewBatchesAreNotCreated" methodname="WhenNotExceedingBatchSize_NewBatchesAreNotCreated" classname="Unity.Netcode.EditorTests.MessageSendingTests" runstate="Runnable" seed="72093799" result="Passed" start-time="2025-12-30 16:55:53Z" end-time="2025-12-30 16:55:53Z" duration="0.000581" asserts="0">
                <properties>
                  <property name="retryIteration" value="0" />
                  <property name="repeatIteration" value="0" />
                </properties>
              </test-case>
              <test-case id="1058" name="WhenProcessingSendQueue_MessageIsSent" fullname="Unity.Netcode.EditorTests.MessageSendingTests.WhenProcessingSendQueue_MessageIsSent" methodname="WhenProcessingSendQueue_MessageIsSent" classname="Unity.Netcode.EditorTests.MessageSendingTests" runstate="Runnable" seed="993735524" result="Passed" start-time="2025-12-30 16:55:53Z" end-time="2025-12-30 16:55:53Z" duration="0.000214" asserts="0">
                <properties>
                  <property name="retryIteration" value="0" />
                  <property name="repeatIteration" value="0" />
                </properties>
              </test-case>
              <test-case id="1084" name="WhenReceivingAMessageWithoutAHandler_ExceptionIsLogged" fullname="Unity.Netcode.EditorTests.MessageSendingTests.WhenReceivingAMessageWithoutAHandler_ExceptionIsLogged" methodname="WhenReceivingAMessageWithoutAHandler_ExceptionIsLogged" classname="Unity.Netcode.EditorTests.MessageSendingTests" runstate="Runnable" seed="1875151889" result="Passed" start-time="2025-12-30 16:55:53Z" end-time="2025-12-30 16:55:53Z" duration="0.003064" asserts="0">
                <properties>
                  <property name="retryIteration" value="0" />
                  <property name="repeatIteration" value="0" />
                </properties>
                <output><![CDATA[HandlerNotRegisteredException: 0
UnityEngine.Debug:LogException(Exception)
Unity.Netcode.NetworkMessageManager:HandleMessage(NetworkMessageHeader&, FastBufferReader, UInt64, Single, Int32) (at ./Library/PackageCache/com.unity.netcode.gameobjects@bd2a018756ed/Runtime/Messaging/NetworkMessageManager.cs:413)
Unity.Netcode.EditorTests.MessageSendingTests:WhenReceivingAMessageWithoutAHandler_ExceptionIsLogged() (at ./Library/PackageCache/com.unity.netcode.gameobjects@bd2a018756ed/Tests/Editor/Messaging/MessageSendingTests.cs:363)
System.Reflection.MethodBase:Invoke(Object, Object[])
NUnit.Framework.Internal.Reflect:InvokeMethod(MethodInfo, Object, Object[])
NUnit.Framework.Internal.MethodWrapper:Invoke(Object, Object[])
NUnit.Framework.Internal.Commands.TestMethodCommand:RunNonAsyncTestMethod(ITestExecutionContext)
NUnit.Framework.Internal.Commands.TestMethodCommand:RunTestMethod(ITestExecutionContext)
NUnit.Framework.Internal.Commands.TestMethodCommand:Execute(ITestExecutionContext)
UnityEditor.EditorApplication:Internal_CallUpdateFunctions() (at /Users/bokken/build/output/unity/unity/Editor/Mono/EditorApplication.cs:392)

]]></output>
              </test-case>
              <test-case id="1057" name="WhenSendingMessage_NothingIsSentBeforeProcessingSendQueue" fullname="Unity.Netcode.EditorTests.MessageSendingTests.WhenSendingMessage_NothingIsSentBeforeProcessingSendQueue" methodname="WhenSendingMessage_NothingIsSentBeforeProcessingSendQueue" classname="Unity.Netcode.EditorTests.MessageSendingTests" runstate="Runnable" seed="516840146" result="Passed" start-time="2025-12-30 16:55:53Z" end-time="2025-12-30 16:55:53Z" duration="0.000246" asserts="0">
                <properties>
                  <property name="retryIteration" value="0" />
                  <property name="repeatIteration" value="0" />
                </properties>
              </test-case>
              <test-case id="1056" name="WhenSendingMessage_SerializeIsCalled" fullname="Unity.Netcode.EditorTests.MessageSendingTests.WhenSendingMessage_SerializeIsCalled" methodname="WhenSendingMessage_SerializeIsCalled" classname="Unity.Netcode.EditorTests.MessageSendingTests" runstate="Runnable" seed="863923755" result="Passed" start-time="2025-12-30 16:55:53Z" end-time="2025-12-30 16:55:53Z" duration="0.000170" asserts="0">
                <properties>
                  <property name="retryIteration" value="0" />
                  <property name="repeatIteration" value="0" />
                </properties>
              </test-case>
              <test-case id="1083" name="WhenSendingMessaged_SentDataIsCorrect" fullname="Unity.Netcode.EditorTests.MessageSendingTests.WhenSendingMessaged_SentDataIsCorrect" methodname="WhenSendingMessaged_SentDataIsCorrect" classname="Unity.Netcode.EditorTests.MessageSendingTests" runstate="Runnable" seed="1462646257" result="Passed" start-time="2025-12-30 16:55:53Z" end-time="2025-12-30 16:55:53Z" duration="0.000470" asserts="0">
                <properties>
                  <property name="retryIteration" value="0" />
                  <property name="repeatIteration" value="0" />
                </properties>
              </test-case>
              <test-case id="1059" name="WhenSendingMultipleMessages_MessagesAreBatched" fullname="Unity.Netcode.EditorTests.MessageSendingTests.WhenSendingMultipleMessages_MessagesAreBatched" methodname="WhenSendingMultipleMessages_MessagesAreBatched" classname="Unity.Netcode.EditorTests.MessageSendingTests" runstate="Runnable" seed="605213877" result="Passed" start-time="2025-12-30 16:55:53Z" end-time="2025-12-30 16:55:53Z" duration="0.000199" asserts="0">
                <properties>
                  <property name="retryIteration" value="0" />
                  <property name="repeatIteration" value="0" />
                </properties>
              </test-case>
              <test-case id="1082" name="WhenSwitchingChannel_NewBatchesAreNotCreated" fullname="Unity.Netcode.EditorTests.MessageSendingTests.WhenSwitchingChannel_NewBatchesAreNotCreated" methodname="WhenSwitchingChannel_NewBatchesAreNotCreated" classname="Unity.Netcode.EditorTests.MessageSendingTests" runstate="Runnable" seed="316769973" result="Passed" start-time="2025-12-30 16:55:53Z" end-time="2025-12-30 16:55:53Z" duration="0.000188" asserts="0">
                <properties>
                  <property name="retryIteration" value="0" />
                  <property name="repeatIteration" value="0" />
                </properties>
              </test-case>
              <test-case id="1081" name="WhenSwitchingDelivery_NewBatchesAreCreated" fullname="Unity.Netcode.EditorTests.MessageSendingTests.WhenSwitchingDelivery_NewBatchesAreCreated" methodname="WhenSwitchingDelivery_NewBatchesAreCreated" classname="Unity.Netcode.EditorTests.MessageSendingTests" runstate="Runnable" seed="938348226" result="Passed" start-time="2025-12-30 16:55:53Z" end-time="2025-12-30 16:55:53Z" duration="0.000180" asserts="0">
                <properties>
                  <property name="retryIteration" value="0" />
                  <property name="repeatIteration" value="0" />
                </properties>
              </test-case>
            </test-suite>
            <test-suite type="TestFixture" id="1085" name="MessageVersioningTests" fullname="Unity.Netcode.EditorTests.MessageVersioningTests" classname="Unity.Netcode.EditorTests.MessageVersioningTests" runstate="Runnable" testcasecount="9" result="Passed" start-time="2025-12-30 16:55:53Z" end-time="2025-12-30 16:55:53Z" duration="0.009454" total="9" passed="9" failed="0" inconclusive="0" skipped="0" asserts="0">
              <properties />
              <test-case id="1086" name="WhenSendingV0ToV0_DataIsReceivedCorrectly" fullname="Unity.Netcode.EditorTests.MessageVersioningTests.WhenSendingV0ToV0_DataIsReceivedCorrectly" methodname="WhenSendingV0ToV0_DataIsReceivedCorrectly" classname="Unity.Netcode.EditorTests.MessageVersioningTests" runstate="Runnable" seed="1723517788" result="Passed" start-time="2025-12-30 16:55:53Z" end-time="2025-12-30 16:55:53Z" duration="0.002793" asserts="0">
                <properties>
                  <property name="retryIteration" value="0" />
                  <property name="repeatIteration" value="0" />
                </properties>
              </test-case>
              <test-case id="1087" name="WhenSendingV0ToV1_DataIsReceivedCorrectly" fullname="Unity.Netcode.EditorTests.MessageVersioningTests.WhenSendingV0ToV1_DataIsReceivedCorrectly" methodname="WhenSendingV0ToV1_DataIsReceivedCorrectly" classname="Unity.Netcode.EditorTests.MessageVersioningTests" runstate="Runnable" seed="1044466668" result="Passed" start-time="2025-12-30 16:55:53Z" end-time="2025-12-30 16:55:53Z" duration="0.000708" asserts="0">
                <properties>
                  <property name="retryIteration" value="0" />
                  <property name="repeatIteration" value="0" />
                </properties>
              </test-case>
              <test-case id="1088" name="WhenSendingV0ToV2_DataIsReceivedCorrectly" fullname="Unity.Netcode.EditorTests.MessageVersioningTests.WhenSendingV0ToV2_DataIsReceivedCorrectly" methodname="WhenSendingV0ToV2_DataIsReceivedCorrectly" classname="Unity.Netcode.EditorTests.MessageVersioningTests" runstate="Runnable" seed="1874108847" result="Passed" start-time="2025-12-30 16:55:53Z" end-time="2025-12-30 16:55:53Z" duration="0.000656" asserts="0">
                <properties>
                  <property name="retryIteration" value="0" />
                  <property name="repeatIteration" value="0" />
                </properties>
              </test-case>
              <test-case id="1089" name="WhenSendingV1ToV0_DataIsReceivedCorrectly" fullname="Unity.Netcode.EditorTests.MessageVersioningTests.WhenSendingV1ToV0_DataIsReceivedCorrectly" methodname="WhenSendingV1ToV0_DataIsReceivedCorrectly" classname="Unity.Netcode.EditorTests.MessageVersioningTests" runstate="Runnable" seed="730834287" result="Passed" start-time="2025-12-30 16:55:53Z" end-time="2025-12-30 16:55:53Z" duration="0.001078" asserts="0">
                <properties>
                  <property name="retryIteration" value="0" />
                  <property name="repeatIteration" value="0" />
                </properties>
              </test-case>
              <test-case id="1090" name="WhenSendingV1ToV1_DataIsReceivedCorrectly" fullname="Unity.Netcode.EditorTests.MessageVersioningTests.WhenSendingV1ToV1_DataIsReceivedCorrectly" methodname="WhenSendingV1ToV1_DataIsReceivedCorrectly" classname="Unity.Netcode.EditorTests.MessageVersioningTests" runstate="Runnable" seed="1676648710" result="Passed" start-time="2025-12-30 16:55:53Z" end-time="2025-12-30 16:55:53Z" duration="0.000335" asserts="0">
                <properties>
                  <property name="retryIteration" value="0" />
                  <property name="repeatIteration" value="0" />
                </properties>
              </test-case>
              <test-case id="1091" name="WhenSendingV1ToV2_DataIsReceivedCorrectly" fullname="Unity.Netcode.EditorTests.MessageVersioningTests.WhenSendingV1ToV2_DataIsReceivedCorrectly" methodname="WhenSendingV1ToV2_DataIsReceivedCorrectly" classname="Unity.Netcode.EditorTests.MessageVersioningTests" runstate="Runnable" seed="720097979" result="Passed" start-time="2025-12-30 16:55:53Z" end-time="2025-12-30 16:55:53Z" duration="0.000299" asserts="0">
                <properties>
                  <property name="retryIteration" value="0" />
                  <property name="repeatIteration" value="0" />
                </properties>
              </test-case>
              <test-case id="1092" name="WhenSendingV2ToV0_DataIsReceivedCorrectly" fullname="Unity.Netcode.EditorTests.MessageVersioningTests.WhenSendingV2ToV0_DataIsReceivedCorrectly" methodname="WhenSendingV2ToV0_DataIsReceivedCorrectly" classname="Unity.Netcode.EditorTests.MessageVersioningTests" runstate="Runnable" seed="1223539672" result="Passed" start-time="2025-12-30 16:55:53Z" end-time="2025-12-30 16:55:53Z" duration="0.001081" asserts="0">
                <properties>
                  <property name="retryIteration" value="0" />
                  <property name="repeatIteration" value="0" />
                </properties>
              </test-case>
              <test-case id="1093" name="WhenSendingV2ToV1_DataIsReceivedCorrectly" fullname="Unity.Netcode.EditorTests.MessageVersioningTests.WhenSendingV2ToV1_DataIsReceivedCorrectly" methodname="WhenSendingV2ToV1_DataIsReceivedCorrectly" classname="Unity.Netcode.EditorTests.MessageVersioningTests" runstate="Runnable" seed="1756915224" result="Passed" start-time="2025-12-30 16:55:53Z" end-time="2025-12-30 16:55:53Z" duration="0.000329" asserts="0">
                <properties>
                  <property name="retryIteration" value="0" />
                  <property name="repeatIteration" value="0" />
                </properties>
              </test-case>
              <test-case id="1094" name="WhenSendingV2ToV2_DataIsReceivedCorrectly" fullname="Unity.Netcode.EditorTests.MessageVersioningTests.WhenSendingV2ToV2_DataIsReceivedCorrectly" methodname="WhenSendingV2ToV2_DataIsReceivedCorrectly" classname="Unity.Netcode.EditorTests.MessageVersioningTests" runstate="Runnable" seed="1869153603" result="Passed" start-time="2025-12-30 16:55:53Z" end-time="2025-12-30 16:55:53Z" duration="0.000303" asserts="0">
                <properties>
                  <property name="retryIteration" value="0" />
                  <property name="repeatIteration" value="0" />
                </properties>
              </test-case>
            </test-suite>
            <test-suite type="TestFixture" id="1095" name="NetworkBehaviourEditorTests" fullname="Unity.Netcode.EditorTests.NetworkBehaviourEditorTests" classname="Unity.Netcode.EditorTests.NetworkBehaviourEditorTests" runstate="Runnable" testcasecount="4" result="Passed" start-time="2025-12-30 16:55:53Z" end-time="2025-12-30 16:55:53Z" duration="0.010997" total="4" passed="4" failed="0" inconclusive="0" skipped="0" asserts="0">
              <properties />
              <test-case id="1097" name="AccessNetworkObjectTest" fullname="Unity.Netcode.EditorTests.NetworkBehaviourEditorTests.AccessNetworkObjectTest" methodname="AccessNetworkObjectTest" classname="Unity.Netcode.EditorTests.NetworkBehaviourEditorTests" runstate="Runnable" seed="1222599004" result="Passed" start-time="2025-12-30 16:55:53Z" end-time="2025-12-30 16:55:53Z" duration="0.001609" asserts="0">
                <properties>
                  <property name="retryIteration" value="0" />
                  <property name="repeatIteration" value="0" />
                </properties>
              </test-case>
              <test-case id="1098" name="AccessNetworkObjectTestInDerivedClassWithOverrideFunctions" fullname="Unity.Netcode.EditorTests.NetworkBehaviourEditorTests.AccessNetworkObjectTestInDerivedClassWithOverrideFunctions" methodname="AccessNetworkObjectTestInDerivedClassWithOverrideFunctions" classname="Unity.Netcode.EditorTests.NetworkBehaviourEditorTests" runstate="Runnable" seed="2036866306" result="Passed" start-time="2025-12-30 16:55:53Z" end-time="2025-12-30 16:55:53Z" duration="0.000809" asserts="0">
                <properties>
                  <property name="retryIteration" value="0" />
                  <property name="repeatIteration" value="0" />
                </properties>
              </test-case>
              <test-case id="1096" name="HasNetworkObjectTest" fullname="Unity.Netcode.EditorTests.NetworkBehaviourEditorTests.HasNetworkObjectTest" methodname="HasNetworkObjectTest" classname="Unity.Netcode.EditorTests.NetworkBehaviourEditorTests" runstate="Runnable" seed="1237241269" result="Passed" start-time="2025-12-30 16:55:53Z" end-time="2025-12-30 16:55:53Z" duration="0.000333" asserts="0">
                <properties>
                  <property name="retryIteration" value="0" />
                  <property name="repeatIteration" value="0" />
                </properties>
              </test-case>
              <test-case id="1099" name="RpcShouldNoopWhenInvokedWithoutANetworkManagerSession" fullname="Unity.Netcode.EditorTests.NetworkBehaviourEditorTests.RpcShouldNoopWhenInvokedWithoutANetworkManagerSession" methodname="RpcShouldNoopWhenInvokedWithoutANetworkManagerSession" classname="Unity.Netcode.EditorTests.NetworkBehaviourEditorTests" runstate="Runnable" seed="128282166" result="Passed" start-time="2025-12-30 16:55:53Z" end-time="2025-12-30 16:55:53Z" duration="0.006919" asserts="0">
                <properties>
                  <property name="_JOINTYPE" value="UnityCombinatorial" />
                  <property name="retryIteration" value="0" />
                  <property name="repeatIteration" value="0" />
                </properties>
                <output><![CDATA[Rpc methods can only be invoked after starting the NetworkManager!
Rpc methods can only be invoked after starting the NetworkManager!
]]></output>
              </test-case>
            </test-suite>
            <test-suite type="TestFixture" id="1100" name="NetworkManagerConfigurationTests" fullname="Unity.Netcode.EditorTests.NetworkManagerConfigurationTests" classname="Unity.Netcode.EditorTests.NetworkManagerConfigurationTests" runstate="Runnable" testcasecount="12" result="Passed" start-time="2025-12-30 16:55:53Z" end-time="2025-12-30 16:55:53Z" duration="0.067882" total="12" passed="12" failed="0" inconclusive="0" skipped="0" asserts="0">
              <properties />
              <test-case id="1101" name="NestedNetworkManagerCheck" fullname="Unity.Netcode.EditorTests.NetworkManagerConfigurationTests.NestedNetworkManagerCheck" methodname="NestedNetworkManagerCheck" classname="Unity.Netcode.EditorTests.NetworkManagerConfigurationTests" runstate="Runnable" seed="1148260550" result="Passed" start-time="2025-12-30 16:55:53Z" end-time="2025-12-30 16:55:53Z" duration="0.001479" asserts="0">
                <properties>
                  <property name="retryIteration" value="0" />
                  <property name="repeatIteration" value="0" />
                </properties>
                <output><![CDATA[NestedNetworkManagerCheck is nested under ParentObject. NetworkManager cannot be nested.

]]></output>
              </test-case>
              <test-case id="1105" name="NestedNetworkObjectPrefabCheck" fullname="Unity.Netcode.EditorTests.NetworkManagerConfigurationTests.NestedNetworkObjectPrefabCheck" methodname="NestedNetworkObjectPrefabCheck" classname="Unity.Netcode.EditorTests.NetworkManagerConfigurationTests" runstate="Runnable" seed="393912762" result="Passed" start-time="2025-12-30 16:55:53Z" end-time="2025-12-30 16:55:53Z" duration="0.002985" asserts="0">
                <properties>
                  <property name="retryIteration" value="0" />
                  <property name="repeatIteration" value="0" />
                </properties>
                <output><![CDATA[[Netcode] NetworkPrefab "Parent" has child NetworkObject(s) but they will not be spawned across the network (unsupported NetworkPrefab setup)
]]></output>
              </test-case>
              <test-suite type="ParameterizedMethod" id="1104" name="NetworkObjectNotAllowed" fullname="Unity.Netcode.EditorTests.NetworkManagerConfigurationTests.NetworkObjectNotAllowed" classname="Unity.Netcode.EditorTests.NetworkManagerConfigurationTests" runstate="Runnable" testcasecount="2" result="Passed" start-time="2025-12-30 16:55:53Z" end-time="2025-12-30 16:55:53Z" duration="0.004458" total="2" passed="2" failed="0" inconclusive="0" skipped="0" asserts="0">
                <properties />
                <test-case id="1102" name="NetworkObjectNotAllowed(Root)" fullname="Unity.Netcode.EditorTests.NetworkManagerConfigurationTests.NetworkObjectNotAllowed(Root)" methodname="NetworkObjectNotAllowed" classname="Unity.Netcode.EditorTests.NetworkManagerConfigurationTests" runstate="Runnable" seed="872487871" result="Passed" start-time="2025-12-30 16:55:53Z" end-time="2025-12-30 16:55:53Z" duration="0.001180" asserts="0">
                  <properties>
                    <property name="retryIteration" value="0" />
                    <property name="repeatIteration" value="0" />
                  </properties>
                  <output><![CDATA[A GameObject cannot have both a NetworkManager and NetworkObject assigned to it or any children under it.
]]></output>
                </test-case>
                <test-case id="1103" name="NetworkObjectNotAllowed(Child)" fullname="Unity.Netcode.EditorTests.NetworkManagerConfigurationTests.NetworkObjectNotAllowed(Child)" methodname="NetworkObjectNotAllowed" classname="Unity.Netcode.EditorTests.NetworkManagerConfigurationTests" runstate="Runnable" seed="1131865763" result="Passed" start-time="2025-12-30 16:55:53Z" end-time="2025-12-30 16:55:53Z" duration="0.000814" asserts="0">
                  <properties>
                    <property name="retryIteration" value="0" />
                    <property name="repeatIteration" value="0" />
                  </properties>
                  <output><![CDATA[A GameObject cannot have both a NetworkManager and NetworkObject assigned to it or any children under it.
]]></output>
                </test-case>
              </test-suite>
              <test-case id="1111" name="WhenCallingInitializeAfterAddingAPrefabUsingPrefabsAPI_ThePrefabStillExists" fullname="Unity.Netcode.EditorTests.NetworkManagerConfigurationTests.WhenCallingInitializeAfterAddingAPrefabUsingPrefabsAPI_ThePrefabStillExists" methodname="WhenCallingInitializeAfterAddingAPrefabUsingPrefabsAPI_ThePrefabStillExists" classname="Unity.Netcode.EditorTests.NetworkManagerConfigurationTests" runstate="Runnable" seed="305708" result="Passed" start-time="2025-12-30 16:55:53Z" end-time="2025-12-30 16:55:53Z" duration="0.044473" asserts="0">
                <properties>
                  <property name="retryIteration" value="0" />
                  <property name="repeatIteration" value="0" />
                </properties>
                <output><![CDATA[Directly calling `UnityTransport.Shutdown()` results in unexpected shutdown behaviour. All pending events will be lost. Use `NetworkManager.Shutdown()` instead.
Directly calling `UnityTransport.Shutdown()` results in unexpected shutdown behaviour. All pending events will be lost. Use `NetworkManager.Shutdown()` instead.
]]></output>
              </test-case>
              <test-case id="1113" name="WhenCallingInitializeMultipleTimes_NothingBreaks" fullname="Unity.Netcode.EditorTests.NetworkManagerConfigurationTests.WhenCallingInitializeMultipleTimes_NothingBreaks" methodname="WhenCallingInitializeMultipleTimes_NothingBreaks" classname="Unity.Netcode.EditorTests.NetworkManagerConfigurationTests" runstate="Runnable" seed="308472053" result="Passed" start-time="2025-12-30 16:55:53Z" end-time="2025-12-30 16:55:53Z" duration="0.001938" asserts="0">
                <properties>
                  <property name="retryIteration" value="0" />
                  <property name="repeatIteration" value="0" />
                </properties>
                <output><![CDATA[Directly calling `UnityTransport.Shutdown()` results in unexpected shutdown behaviour. All pending events will be lost. Use `NetworkManager.Shutdown()` instead.
Directly calling `UnityTransport.Shutdown()` results in unexpected shutdown behaviour. All pending events will be lost. Use `NetworkManager.Shutdown()` instead.
]]></output>
              </test-case>
              <test-case id="1107" name="WhenModifyingPrefabListUsingNetworkManagerAPI_ModificationIsLocal" fullname="Unity.Netcode.EditorTests.NetworkManagerConfigurationTests.WhenModifyingPrefabListUsingNetworkManagerAPI_ModificationIsLocal" methodname="WhenModifyingPrefabListUsingNetworkManagerAPI_ModificationIsLocal" classname="Unity.Netcode.EditorTests.NetworkManagerConfigurationTests" runstate="Runnable" seed="1942268483" result="Passed" start-time="2025-12-30 16:55:53Z" end-time="2025-12-30 16:55:53Z" duration="0.001759" asserts="0">
                <properties>
                  <property name="retryIteration" value="0" />
                  <property name="repeatIteration" value="0" />
                </properties>
                <output><![CDATA[Directly calling `UnityTransport.Shutdown()` results in unexpected shutdown behaviour. All pending events will be lost. Use `NetworkManager.Shutdown()` instead.
Directly calling `UnityTransport.Shutdown()` results in unexpected shutdown behaviour. All pending events will be lost. Use `NetworkManager.Shutdown()` instead.
]]></output>
              </test-case>
              <test-case id="1108" name="WhenModifyingPrefabListUsingPrefabsAPI_ModificationIsLocal" fullname="Unity.Netcode.EditorTests.NetworkManagerConfigurationTests.WhenModifyingPrefabListUsingPrefabsAPI_ModificationIsLocal" methodname="WhenModifyingPrefabListUsingPrefabsAPI_ModificationIsLocal" classname="Unity.Netcode.EditorTests.NetworkManagerConfigurationTests" runstate="Runnable" seed="350458784" result="Passed" start-time="2025-12-30 16:55:53Z" end-time="2025-12-30 16:55:53Z" duration="0.002266" asserts="0">
                <properties>
                  <property name="retryIteration" value="0" />
                  <property name="repeatIteration" value="0" />
                </properties>
                <output><![CDATA[Directly calling `UnityTransport.Shutdown()` results in unexpected shutdown behaviour. All pending events will be lost. Use `NetworkManager.Shutdown()` instead.
Directly calling `UnityTransport.Shutdown()` results in unexpected shutdown behaviour. All pending events will be lost. Use `NetworkManager.Shutdown()` instead.
]]></output>
              </test-case>
              <test-case id="1110" name="WhenModifyingPrefabListUsingPrefabsListAPI_ModificationIsShared" fullname="Unity.Netcode.EditorTests.NetworkManagerConfigurationTests.WhenModifyingPrefabListUsingPrefabsListAPI_ModificationIsShared" methodname="WhenModifyingPrefabListUsingPrefabsListAPI_ModificationIsShared" classname="Unity.Netcode.EditorTests.NetworkManagerConfigurationTests" runstate="Runnable" seed="263545409" result="Passed" start-time="2025-12-30 16:55:53Z" end-time="2025-12-30 16:55:53Z" duration="0.002024" asserts="0">
                <properties>
                  <property name="retryIteration" value="0" />
                  <property name="repeatIteration" value="0" />
                </properties>
                <output><![CDATA[Directly calling `UnityTransport.Shutdown()` results in unexpected shutdown behaviour. All pending events will be lost. Use `NetworkManager.Shutdown()` instead.
Directly calling `UnityTransport.Shutdown()` results in unexpected shutdown behaviour. All pending events will be lost. Use `NetworkManager.Shutdown()` instead.
]]></output>
              </test-case>
              <test-case id="1106" name="WhenNetworkConfigContainsOldPrefabList_TheyMigrateProperlyToTheNewList" fullname="Unity.Netcode.EditorTests.NetworkManagerConfigurationTests.WhenNetworkConfigContainsOldPrefabList_TheyMigrateProperlyToTheNewList" methodname="WhenNetworkConfigContainsOldPrefabList_TheyMigrateProperlyToTheNewList" classname="Unity.Netcode.EditorTests.NetworkManagerConfigurationTests" runstate="Runnable" seed="100170509" result="Passed" start-time="2025-12-30 16:55:53Z" end-time="2025-12-30 16:55:53Z" duration="0.001447" asserts="0">
                <properties>
                  <property name="retryIteration" value="0" />
                  <property name="repeatIteration" value="0" />
                </properties>
              </test-case>
              <test-case id="1112" name="WhenShuttingDownAndReinitializingPrefabs_RuntimeAddedPrefabsStillExists" fullname="Unity.Netcode.EditorTests.NetworkManagerConfigurationTests.WhenShuttingDownAndReinitializingPrefabs_RuntimeAddedPrefabsStillExists" methodname="WhenShuttingDownAndReinitializingPrefabs_RuntimeAddedPrefabsStillExists" classname="Unity.Netcode.EditorTests.NetworkManagerConfigurationTests" runstate="Runnable" seed="1428255970" result="Passed" start-time="2025-12-30 16:55:53Z" end-time="2025-12-30 16:55:53Z" duration="0.002962" asserts="0">
                <properties>
                  <property name="retryIteration" value="0" />
                  <property name="repeatIteration" value="0" />
                </properties>
                <output><![CDATA[Directly calling `UnityTransport.Shutdown()` results in unexpected shutdown behaviour. All pending events will be lost. Use `NetworkManager.Shutdown()` instead.
Directly calling `UnityTransport.Shutdown()` results in unexpected shutdown behaviour. All pending events will be lost. Use `NetworkManager.Shutdown()` instead.
Directly calling `UnityTransport.Shutdown()` results in unexpected shutdown behaviour. All pending events will be lost. Use `NetworkManager.Shutdown()` instead.
Directly calling `UnityTransport.Shutdown()` results in unexpected shutdown behaviour. All pending events will be lost. Use `NetworkManager.Shutdown()` instead.
]]></output>
              </test-case>
              <test-case id="1109" name="WhenThereAreUninitializedElementsInPrefabsList_NoErrors" fullname="Unity.Netcode.EditorTests.NetworkManagerConfigurationTests.WhenThereAreUninitializedElementsInPrefabsList_NoErrors" methodname="WhenThereAreUninitializedElementsInPrefabsList_NoErrors" classname="Unity.Netcode.EditorTests.NetworkManagerConfigurationTests" runstate="Runnable" seed="1924079385" result="Passed" start-time="2025-12-30 16:55:53Z" end-time="2025-12-30 16:55:53Z" duration="0.000217" asserts="0">
                <properties>
                  <property name="retryIteration" value="0" />
                  <property name="repeatIteration" value="0" />
                </properties>
              </test-case>
            </test-suite>
            <test-suite type="TestFixture" id="1114" name="NetworkObjectTests" fullname="Unity.Netcode.EditorTests.NetworkObjectTests" classname="Unity.Netcode.EditorTests.NetworkObjectTests" runstate="Runnable" testcasecount="6" result="Passed" start-time="2025-12-30 16:55:53Z" end-time="2025-12-30 16:55:53Z" duration="0.009262" total="6" passed="6" failed="0" inconclusive="0" skipped="0" asserts="0">
              <properties />
              <test-suite type="ParameterizedMethod" id="1119" name="GetBehaviourIndexNone" fullname="Unity.Netcode.EditorTests.NetworkObjectTests.GetBehaviourIndexNone" classname="Unity.Netcode.EditorTests.NetworkObjectTests" runstate="Runnable" testcasecount="3" result="Passed" start-time="2025-12-30 16:55:53Z" end-time="2025-12-30 16:55:53Z" duration="0.003147" total="3" passed="3" failed="0" inconclusive="0" skipped="0" asserts="0">
                <properties />
                <test-case id="1116" name="GetBehaviourIndexNone(0)" fullname="Unity.Netcode.EditorTests.NetworkObjectTests.GetBehaviourIndexNone(0)" methodname="GetBehaviourIndexNone" classname="Unity.Netcode.EditorTests.NetworkObjectTests" runstate="Runnable" seed="673375734" result="Passed" start-time="2025-12-30 16:55:53Z" end-time="2025-12-30 16:55:53Z" duration="0.001330" asserts="0">
                  <properties>
                    <property name="retryIteration" value="0" />
                    <property name="repeatIteration" value="0" />
                  </properties>
                  <output><![CDATA[[Netcode] NetworkBehaviour index 0 was out of bounds for GetBehaviourIndexNone. NetworkBehaviours must be the same, and in the same order, between server and client.
]]></output>
                </test-case>
                <test-case id="1117" name="GetBehaviourIndexNone(1)" fullname="Unity.Netcode.EditorTests.NetworkObjectTests.GetBehaviourIndexNone(1)" methodname="GetBehaviourIndexNone" classname="Unity.Netcode.EditorTests.NetworkObjectTests" runstate="Runnable" seed="1923375754" result="Passed" start-time="2025-12-30 16:55:53Z" end-time="2025-12-30 16:55:53Z" duration="0.000662" asserts="0">
                  <properties>
                    <property name="retryIteration" value="0" />
                    <property name="repeatIteration" value="0" />
                  </properties>
                  <output><![CDATA[[Netcode] NetworkBehaviour index 1 was out of bounds for GetBehaviourIndexNone. NetworkBehaviours must be the same, and in the same order, between server and client.
]]></output>
                </test-case>
                <test-case id="1118" name="GetBehaviourIndexNone(2)" fullname="Unity.Netcode.EditorTests.NetworkObjectTests.GetBehaviourIndexNone(2)" methodname="GetBehaviourIndexNone" classname="Unity.Netcode.EditorTests.NetworkObjectTests" runstate="Runnable" seed="1759130890" result="Passed" start-time="2025-12-30 16:55:53Z" end-time="2025-12-30 16:55:53Z" duration="0.000644" asserts="0">
                  <properties>
                    <property name="retryIteration" value="0" />
                    <property name="repeatIteration" value="0" />
                  </properties>
                  <output><![CDATA[[Netcode] NetworkBehaviour index 2 was out of bounds for GetBehaviourIndexNone. NetworkBehaviours must be the same, and in the same order, between server and client.
]]></output>
                </test-case>
              </test-suite>
              <test-case id="1120" name="GetBehaviourIndexOne" fullname="Unity.Netcode.EditorTests.NetworkObjectTests.GetBehaviourIndexOne" methodname="GetBehaviourIndexOne" classname="Unity.Netcode.EditorTests.NetworkObjectTests" runstate="Runnable" seed="1214306705" result="Passed" start-time="2025-12-30 16:55:53Z" end-time="2025-12-30 16:55:53Z" duration="0.001822" asserts="0">
                <properties>
                  <property name="retryIteration" value="0" />
                  <property name="repeatIteration" value="0" />
                </properties>
                <output><![CDATA[[Netcode] NetworkBehaviour index 1 was out of bounds for GetBehaviourIndexOne. NetworkBehaviours must be the same, and in the same order, between server and client.
]]></output>
              </test-case>
              <test-case id="1115" name="NetworkManagerOverrideTest" fullname="Unity.Netcode.EditorTests.NetworkObjectTests.NetworkManagerOverrideTest" methodname="NetworkManagerOverrideTest" classname="Unity.Netcode.EditorTests.NetworkObjectTests" runstate="Runnable" seed="1598320879" result="Passed" start-time="2025-12-30 16:55:53Z" end-time="2025-12-30 16:55:53Z" duration="0.000351" asserts="0">
                <properties>
                  <property name="retryIteration" value="0" />
                  <property name="repeatIteration" value="0" />
                </properties>
              </test-case>
              <test-case id="1121" name="NetworkObjectComponentOrder" fullname="Unity.Netcode.EditorTests.NetworkObjectTests.NetworkObjectComponentOrder" methodname="NetworkObjectComponentOrder" classname="Unity.Netcode.EditorTests.NetworkObjectTests" runstate="Runnable" seed="1760696429" result="Passed" start-time="2025-12-30 16:55:53Z" end-time="2025-12-30 16:55:53Z" duration="0.002395" asserts="0">
                <properties>
                  <property name="retryIteration" value="0" />
                  <property name="repeatIteration" value="0" />
                </properties>
              </test-case>
            </test-suite>
            <test-suite type="TestFixture" id="1122" name="NetworkPrefabProcessorTests" fullname="Unity.Netcode.EditorTests.NetworkPrefabProcessorTests" classname="Unity.Netcode.EditorTests.NetworkPrefabProcessorTests" runstate="Runnable" testcasecount="4" result="Passed" start-time="2025-12-30 16:55:53Z" end-time="2025-12-30 16:55:54Z" duration="1.106171" total="4" passed="4" failed="0" inconclusive="0" skipped="0" asserts="0">
              <properties />
              <test-case id="1123" name="WhenGenerateDefaultNetworkPrefabsIsEnabled_AddingAPrefabUpdatesDefaultPrefabList" fullname="Unity.Netcode.EditorTests.NetworkPrefabProcessorTests.WhenGenerateDefaultNetworkPrefabsIsEnabled_AddingAPrefabUpdatesDefaultPrefabList" methodname="WhenGenerateDefaultNetworkPrefabsIsEnabled_AddingAPrefabUpdatesDefaultPrefabList" classname="Unity.Netcode.EditorTests.NetworkPrefabProcessorTests" runstate="Runnable" seed="1795394108" result="Passed" start-time="2025-12-30 16:55:53Z" end-time="2025-12-30 16:55:53Z" duration="0.379787" asserts="0">
                <properties>
                  <property name="retryIteration" value="0" />
                  <property name="repeatIteration" value="0" />
                </properties>
              </test-case>
              <test-case id="1124" name="WhenGenerateDefaultNetworkPrefabsIsEnabled_RemovingAPrefabUpdatesDefaultPrefabList" fullname="Unity.Netcode.EditorTests.NetworkPrefabProcessorTests.WhenGenerateDefaultNetworkPrefabsIsEnabled_RemovingAPrefabUpdatesDefaultPrefabList" methodname="WhenGenerateDefaultNetworkPrefabsIsEnabled_RemovingAPrefabUpdatesDefaultPrefabList" classname="Unity.Netcode.EditorTests.NetworkPrefabProcessorTests" runstate="Runnable" seed="1777004822" result="Passed" start-time="2025-12-30 16:55:53Z" end-time="2025-12-30 16:55:54Z" duration="0.268737" asserts="0">
                <properties>
                  <property name="retryIteration" value="0" />
                  <property name="repeatIteration" value="0" />
                </properties>
              </test-case>
              <test-case id="1125" name="WhenGenerateDefaultNetworkPrefabsIsNotEnabled_AddingAPrefabDoesNotUpdateDefaultPrefabList" fullname="Unity.Netcode.EditorTests.NetworkPrefabProcessorTests.WhenGenerateDefaultNetworkPrefabsIsNotEnabled_AddingAPrefabDoesNotUpdateDefaultPrefabList" methodname="WhenGenerateDefaultNetworkPrefabsIsNotEnabled_AddingAPrefabDoesNotUpdateDefaultPrefabList" classname="Unity.Netcode.EditorTests.NetworkPrefabProcessorTests" runstate="Runnable" seed="1586491543" result="Passed" start-time="2025-12-30 16:55:54Z" end-time="2025-12-30 16:55:54Z" duration="0.206188" asserts="0">
                <properties>
                  <property name="retryIteration" value="0" />
                  <property name="repeatIteration" value="0" />
                </properties>
              </test-case>
              <test-case id="1126" name="WhenGenerateDefaultNetworkPrefabsIsNotEnabled_RemovingAPrefabDoesNotUpdateDefaultPrefabList" fullname="Unity.Netcode.EditorTests.NetworkPrefabProcessorTests.WhenGenerateDefaultNetworkPrefabsIsNotEnabled_RemovingAPrefabDoesNotUpdateDefaultPrefabList" methodname="WhenGenerateDefaultNetworkPrefabsIsNotEnabled_RemovingAPrefabDoesNotUpdateDefaultPrefabList" classname="Unity.Netcode.EditorTests.NetworkPrefabProcessorTests" runstate="Runnable" seed="1968807206" result="Passed" start-time="2025-12-30 16:55:54Z" end-time="2025-12-30 16:55:54Z" duration="0.249605" asserts="0">
                <properties>
                  <property name="retryIteration" value="0" />
                  <property name="repeatIteration" value="0" />
                </properties>
              </test-case>
            </test-suite>
            <test-suite type="TestFixture" id="2310" name="NetworkSceneHandleTests" fullname="Unity.Netcode.EditorTests.NetworkSceneHandleTests" classname="Unity.Netcode.EditorTests.NetworkSceneHandleTests" runstate="Runnable" testcasecount="1" result="Passed" start-time="2025-12-30 16:55:54Z" end-time="2025-12-30 16:55:54Z" duration="0.003928" total="1" passed="1" failed="0" inconclusive="0" skipped="0" asserts="0">
              <properties />
              <test-case id="2311" name="NetworkSceneHandleSerializationTest" fullname="Unity.Netcode.EditorTests.NetworkSceneHandleTests.NetworkSceneHandleSerializationTest" methodname="NetworkSceneHandleSerializationTest" classname="Unity.Netcode.EditorTests.NetworkSceneHandleTests" runstate="Runnable" seed="1856716297" result="Passed" start-time="2025-12-30 16:55:54Z" end-time="2025-12-30 16:55:54Z" duration="0.001273" asserts="0">
                <properties>
                  <property name="retryIteration" value="0" />
                  <property name="repeatIteration" value="0" />
                </properties>
              </test-case>
            </test-suite>
            <test-suite type="TestFixture" id="2319" name="NetworkTimeTests" fullname="Unity.Netcode.EditorTests.NetworkTimeTests" classname="Unity.Netcode.EditorTests.NetworkTimeTests" runstate="Runnable" testcasecount="51" result="Passed" start-time="2025-12-30 16:55:54Z" end-time="2025-12-30 16:55:54Z" duration="0.039019" total="51" passed="51" failed="0" inconclusive="0" skipped="0" asserts="0">
              <properties />
              <test-case id="2378" name="NetworkTickAdvanceTest" fullname="Unity.Netcode.EditorTests.NetworkTimeTests.NetworkTickAdvanceTest" methodname="NetworkTickAdvanceTest" classname="Unity.Netcode.EditorTests.NetworkTimeTests" runstate="Runnable" seed="1758921517" result="Passed" start-time="2025-12-30 16:55:54Z" end-time="2025-12-30 16:55:54Z" duration="0.001535" asserts="0">
                <properties>
                  <property name="retryIteration" value="0" />
                  <property name="repeatIteration" value="0" />
                </properties>
              </test-case>
              <test-suite type="ParameterizedMethod" id="2358" name="NetworkTimeAddFloatTest" fullname="Unity.Netcode.EditorTests.NetworkTimeTests.NetworkTimeAddFloatTest" classname="Unity.Netcode.EditorTests.NetworkTimeTests" runstate="Runnable" testcasecount="5" result="Passed" start-time="2025-12-30 16:55:54Z" end-time="2025-12-30 16:55:54Z" duration="0.001207" total="5" passed="5" failed="0" inconclusive="0" skipped="0" asserts="0">
                <properties />
                <test-case id="2353" name="NetworkTimeAddFloatTest(17.32d)" fullname="Unity.Netcode.EditorTests.NetworkTimeTests.NetworkTimeAddFloatTest(17.32d)" methodname="NetworkTimeAddFloatTest" classname="Unity.Netcode.EditorTests.NetworkTimeTests" runstate="Runnable" seed="1796085485" result="Passed" start-time="2025-12-30 16:55:54Z" end-time="2025-12-30 16:55:54Z" duration="0.000234" asserts="0">
                  <properties>
                    <property name="retryIteration" value="0" />
                    <property name="repeatIteration" value="0" />
                  </properties>
                </test-case>
                <test-case id="2354" name="NetworkTimeAddFloatTest(34.0d)" fullname="Unity.Netcode.EditorTests.NetworkTimeTests.NetworkTimeAddFloatTest(34.0d)" methodname="NetworkTimeAddFloatTest" classname="Unity.Netcode.EditorTests.NetworkTimeTests" runstate="Runnable" seed="1468611134" result="Passed" start-time="2025-12-30 16:55:54Z" end-time="2025-12-30 16:55:54Z" duration="0.000066" asserts="0">
                  <properties>
                    <property name="retryIteration" value="0" />
                    <property name="repeatIteration" value="0" />
                  </properties>
                </test-case>
                <test-case id="2355" name="NetworkTimeAddFloatTest(-42.4d)" fullname="Unity.Netcode.EditorTests.NetworkTimeTests.NetworkTimeAddFloatTest(-42.4d)" methodname="NetworkTimeAddFloatTest" classname="Unity.Netcode.EditorTests.NetworkTimeTests" runstate="Runnable" seed="956926320" result="Passed" start-time="2025-12-30 16:55:54Z" end-time="2025-12-30 16:55:54Z" duration="0.000061" asserts="0">
                  <properties>
                    <property name="retryIteration" value="0" />
                    <property name="repeatIteration" value="0" />
                  </properties>
                </test-case>
                <test-case id="2356" name="NetworkTimeAddFloatTest(-6.0d)" fullname="Unity.Netcode.EditorTests.NetworkTimeTests.NetworkTimeAddFloatTest(-6.0d)" methodname="NetworkTimeAddFloatTest" classname="Unity.Netcode.EditorTests.NetworkTimeTests" runstate="Runnable" seed="1786467110" result="Passed" start-time="2025-12-30 16:55:54Z" end-time="2025-12-30 16:55:54Z" duration="0.000059" asserts="0">
                  <properties>
                    <property name="retryIteration" value="0" />
                    <property name="repeatIteration" value="0" />
                  </properties>
                </test-case>
                <test-case id="2357" name="NetworkTimeAddFloatTest(35204649.9508197d)" fullname="Unity.Netcode.EditorTests.NetworkTimeTests.NetworkTimeAddFloatTest(35204649.9508197d)" methodname="NetworkTimeAddFloatTest" classname="Unity.Netcode.EditorTests.NetworkTimeTests" runstate="Runnable" seed="1864052503" result="Passed" start-time="2025-12-30 16:55:54Z" end-time="2025-12-30 16:55:54Z" duration="0.000060" asserts="0">
                  <properties>
                    <property name="retryIteration" value="0" />
                    <property name="repeatIteration" value="0" />
                  </properties>
                </test-case>
              </test-suite>
              <test-suite type="ParameterizedMethod" id="2370" name="NetworkTimeAddNetworkTimeTest" fullname="Unity.Netcode.EditorTests.NetworkTimeTests.NetworkTimeAddNetworkTimeTest" classname="Unity.Netcode.EditorTests.NetworkTimeTests" runstate="Runnable" testcasecount="5" result="Passed" start-time="2025-12-30 16:55:54Z" end-time="2025-12-30 16:55:54Z" duration="0.001481" total="5" passed="5" failed="0" inconclusive="0" skipped="0" asserts="0">
                <properties />
                <test-case id="2365" name="NetworkTimeAddNetworkTimeTest(17.32d)" fullname="Unity.Netcode.EditorTests.NetworkTimeTests.NetworkTimeAddNetworkTimeTest(17.32d)" methodname="NetworkTimeAddNetworkTimeTest" classname="Unity.Netcode.EditorTests.NetworkTimeTests" runstate="Runnable" seed="1383501585" result="Passed" start-time="2025-12-30 16:55:54Z" end-time="2025-12-30 16:55:54Z" duration="0.000240" asserts="0">
                  <properties>
                    <property name="retryIteration" value="0" />
                    <property name="repeatIteration" value="0" />
                  </properties>
                </test-case>
                <test-case id="2366" name="NetworkTimeAddNetworkTimeTest(34.0d)" fullname="Unity.Netcode.EditorTests.NetworkTimeTests.NetworkTimeAddNetworkTimeTest(34.0d)" methodname="NetworkTimeAddNetworkTimeTest" classname="Unity.Netcode.EditorTests.NetworkTimeTests" runstate="Runnable" seed="339047474" result="Passed" start-time="2025-12-30 16:55:54Z" end-time="2025-12-30 16:55:54Z" duration="0.000105" asserts="0">
                  <properties>
                    <property name="retryIteration" value="0" />
                    <property name="repeatIteration" value="0" />
                  </properties>
                </test-case>
                <test-case id="2367" name="NetworkTimeAddNetworkTimeTest(-42.4d)" fullname="Unity.Netcode.EditorTests.NetworkTimeTests.NetworkTimeAddNetworkTimeTest(-42.4d)" methodname="NetworkTimeAddNetworkTimeTest" classname="Unity.Netcode.EditorTests.NetworkTimeTests" runstate="Runnable" seed="804537374" result="Passed" start-time="2025-12-30 16:55:54Z" end-time="2025-12-30 16:55:54Z" duration="0.000070" asserts="0">
                  <properties>
                    <property name="retryIteration" value="0" />
                    <property name="repeatIteration" value="0" />
                  </properties>
                </test-case>
                <test-case id="2368" name="NetworkTimeAddNetworkTimeTest(-6.0d)" fullname="Unity.Netcode.EditorTests.NetworkTimeTests.NetworkTimeAddNetworkTimeTest(-6.0d)" methodname="NetworkTimeAddNetworkTimeTest" classname="Unity.Netcode.EditorTests.NetworkTimeTests" runstate="Runnable" seed="1535017066" result="Passed" start-time="2025-12-30 16:55:54Z" end-time="2025-12-30 16:55:54Z" duration="0.000061" asserts="0">
                  <properties>
                    <property name="retryIteration" value="0" />
                    <property name="repeatIteration" value="0" />
                  </properties>
                </test-case>
                <test-case id="2369" name="NetworkTimeAddNetworkTimeTest(35204649.9508197d)" fullname="Unity.Netcode.EditorTests.NetworkTimeTests.NetworkTimeAddNetworkTimeTest(35204649.9508197d)" methodname="NetworkTimeAddNetworkTimeTest" classname="Unity.Netcode.EditorTests.NetworkTimeTests" runstate="Runnable" seed="953109921" result="Passed" start-time="2025-12-30 16:55:54Z" end-time="2025-12-30 16:55:54Z" duration="0.000061" asserts="0">
                  <properties>
                    <property name="retryIteration" value="0" />
                    <property name="repeatIteration" value="0" />
                  </properties>
                </test-case>
              </test-suite>
              <test-case id="2377" name="NetworkTimeAdvanceTest" fullname="Unity.Netcode.EditorTests.NetworkTimeTests.NetworkTimeAdvanceTest" methodname="NetworkTimeAdvanceTest" classname="Unity.Netcode.EditorTests.NetworkTimeTests" runstate="Runnable" seed="1609662595" result="Passed" start-time="2025-12-30 16:55:54Z" end-time="2025-12-30 16:55:54Z" duration="0.023460" asserts="0">
                <properties>
                  <property name="retryIteration" value="0" />
                  <property name="repeatIteration" value="0" />
                </properties>
              </test-case>
              <test-suite type="ParameterizedMethod" id="2351" name="NetworkTimeCreate" fullname="Unity.Netcode.EditorTests.NetworkTimeTests.NetworkTimeCreate" classname="Unity.Netcode.EditorTests.NetworkTimeTests" runstate="Runnable" testcasecount="5" result="Passed" start-time="2025-12-30 16:55:54Z" end-time="2025-12-30 16:55:54Z" duration="0.001549" total="5" passed="5" failed="0" inconclusive="0" skipped="0" asserts="0">
                <properties />
                <test-case id="2346" name="NetworkTimeCreate(34.0d,0)" fullname="Unity.Netcode.EditorTests.NetworkTimeTests.NetworkTimeCreate(34.0d,0)" methodname="NetworkTimeCreate" classname="Unity.Netcode.EditorTests.NetworkTimeTests" runstate="Runnable" seed="411179830" result="Passed" start-time="2025-12-30 16:55:54Z" end-time="2025-12-30 16:55:54Z" duration="0.000345" asserts="0">
                  <properties>
                    <property name="retryIteration" value="0" />
                    <property name="repeatIteration" value="0" />
                  </properties>
                </test-case>
                <test-case id="2347" name="NetworkTimeCreate(17.32d,0.00333333333333333d)" fullname="Unity.Netcode.EditorTests.NetworkTimeTests.NetworkTimeCreate(17.32d,0.00333333333333333d)" methodname="NetworkTimeCreate" classname="Unity.Netcode.EditorTests.NetworkTimeTests" runstate="Runnable" seed="1912349039" result="Passed" start-time="2025-12-30 16:55:54Z" end-time="2025-12-30 16:55:54Z" duration="0.000065" asserts="0">
                  <properties>
                    <property name="retryIteration" value="0" />
                    <property name="repeatIteration" value="0" />
                  </properties>
                </test-case>
                <test-case id="2348" name="NetworkTimeCreate(-42.44d,0.01d)" fullname="Unity.Netcode.EditorTests.NetworkTimeTests.NetworkTimeCreate(-42.44d,0.01d)" methodname="NetworkTimeCreate" classname="Unity.Netcode.EditorTests.NetworkTimeTests" runstate="Runnable" seed="1637924384" result="Passed" start-time="2025-12-30 16:55:54Z" end-time="2025-12-30 16:55:54Z" duration="0.000062" asserts="0">
                  <properties>
                    <property name="retryIteration" value="0" />
                    <property name="repeatIteration" value="0" />
                  </properties>
                </test-case>
                <test-case id="2349" name="NetworkTimeCreate(-6.0d,0)" fullname="Unity.Netcode.EditorTests.NetworkTimeTests.NetworkTimeCreate(-6.0d,0)" methodname="NetworkTimeCreate" classname="Unity.Netcode.EditorTests.NetworkTimeTests" runstate="Runnable" seed="23445676" result="Passed" start-time="2025-12-30 16:55:54Z" end-time="2025-12-30 16:55:54Z" duration="0.000061" asserts="0">
                  <properties>
                    <property name="retryIteration" value="0" />
                    <property name="repeatIteration" value="0" />
                  </properties>
                </test-case>
                <test-case id="2350" name="NetworkTimeCreate(35204649.9508197d,0.00082d,10.0d)" fullname="Unity.Netcode.EditorTests.NetworkTimeTests.NetworkTimeCreate(35204649.9508197d,0.00082d,10.0d)" methodname="NetworkTimeCreate" classname="Unity.Netcode.EditorTests.NetworkTimeTests" runstate="Runnable" seed="1988708366" result="Passed" start-time="2025-12-30 16:55:54Z" end-time="2025-12-30 16:55:54Z" duration="0.000060" asserts="0">
                  <properties>
                    <property name="retryIteration" value="0" />
                    <property name="repeatIteration" value="0" />
                  </properties>
                </test-case>
              </test-suite>
              <test-case id="2352" name="NetworkTimeDefault" fullname="Unity.Netcode.EditorTests.NetworkTimeTests.NetworkTimeDefault" methodname="NetworkTimeDefault" classname="Unity.Netcode.EditorTests.NetworkTimeTests" runstate="Runnable" seed="544490048" result="Passed" start-time="2025-12-30 16:55:54Z" end-time="2025-12-30 16:55:54Z" duration="0.000084" asserts="0">
                <properties>
                  <property name="retryIteration" value="0" />
                  <property name="repeatIteration" value="0" />
                </properties>
              </test-case>
              <test-suite type="ParameterizedMethod" id="2364" name="NetworkTimeSubFloatTest" fullname="Unity.Netcode.EditorTests.NetworkTimeTests.NetworkTimeSubFloatTest" classname="Unity.Netcode.EditorTests.NetworkTimeTests" runstate="Runnable" testcasecount="5" result="Passed" start-time="2025-12-30 16:55:54Z" end-time="2025-12-30 16:55:54Z" duration="0.001010" total="5" passed="5" failed="0" inconclusive="0" skipped="0" asserts="0">
                <properties />
                <test-case id="2359" name="NetworkTimeSubFloatTest(17.32d)" fullname="Unity.Netcode.EditorTests.NetworkTimeTests.NetworkTimeSubFloatTest(17.32d)" methodname="NetworkTimeSubFloatTest" classname="Unity.Netcode.EditorTests.NetworkTimeTests" runstate="Runnable" seed="2047090699" result="Passed" start-time="2025-12-30 16:55:54Z" end-time="2025-12-30 16:55:54Z" duration="0.000140" asserts="0">
                  <properties>
                    <property name="retryIteration" value="0" />
                    <property name="repeatIteration" value="0" />
                  </properties>
                </test-case>
                <test-case id="2360" name="NetworkTimeSubFloatTest(34.0d)" fullname="Unity.Netcode.EditorTests.NetworkTimeTests.NetworkTimeSubFloatTest(34.0d)" methodname="NetworkTimeSubFloatTest" classname="Unity.Netcode.EditorTests.NetworkTimeTests" runstate="Runnable" seed="1386622402" result="Passed" start-time="2025-12-30 16:55:54Z" end-time="2025-12-30 16:55:54Z" duration="0.000057" asserts="0">
                  <properties>
                    <property name="retryIteration" value="0" />
                    <property name="repeatIteration" value="0" />
                  </properties>
                </test-case>
                <test-case id="2361" name="NetworkTimeSubFloatTest(-42.4d)" fullname="Unity.Netcode.EditorTests.NetworkTimeTests.NetworkTimeSubFloatTest(-42.4d)" methodname="NetworkTimeSubFloatTest" classname="Unity.Netcode.EditorTests.NetworkTimeTests" runstate="Runnable" seed="1469206799" result="Passed" start-time="2025-12-30 16:55:54Z" end-time="2025-12-30 16:55:54Z" duration="0.000055" asserts="0">
                  <properties>
                    <property name="retryIteration" value="0" />
                    <property name="repeatIteration" value="0" />
                  </properties>
                </test-case>
                <test-case id="2362" name="NetworkTimeSubFloatTest(-6.0d)" fullname="Unity.Netcode.EditorTests.NetworkTimeTests.NetworkTimeSubFloatTest(-6.0d)" methodname="NetworkTimeSubFloatTest" classname="Unity.Netcode.EditorTests.NetworkTimeTests" runstate="Runnable" seed="1094411286" result="Passed" start-time="2025-12-30 16:55:54Z" end-time="2025-12-30 16:55:54Z" duration="0.000058" asserts="0">
                  <properties>
                    <property name="retryIteration" value="0" />
                    <property name="repeatIteration" value="0" />
                  </properties>
                </test-case>
                <test-case id="2363" name="NetworkTimeSubFloatTest(35204649.9508197d)" fullname="Unity.Netcode.EditorTests.NetworkTimeTests.NetworkTimeSubFloatTest(35204649.9508197d)" methodname="NetworkTimeSubFloatTest" classname="Unity.Netcode.EditorTests.NetworkTimeTests" runstate="Runnable" seed="1545334117" result="Passed" start-time="2025-12-30 16:55:54Z" end-time="2025-12-30 16:55:54Z" duration="0.000057" asserts="0">
                  <properties>
                    <property name="retryIteration" value="0" />
                    <property name="repeatIteration" value="0" />
                  </properties>
                </test-case>
              </test-suite>
              <test-suite type="ParameterizedMethod" id="2376" name="NetworkTimeSubNetworkTimeTest" fullname="Unity.Netcode.EditorTests.NetworkTimeTests.NetworkTimeSubNetworkTimeTest" classname="Unity.Netcode.EditorTests.NetworkTimeTests" runstate="Runnable" testcasecount="5" result="Passed" start-time="2025-12-30 16:55:54Z" end-time="2025-12-30 16:55:54Z" duration="0.000988" total="5" passed="5" failed="0" inconclusive="0" skipped="0" asserts="0">
                <properties />
                <test-case id="2371" name="NetworkTimeSubNetworkTimeTest(17.32d)" fullname="Unity.Netcode.EditorTests.NetworkTimeTests.NetworkTimeSubNetworkTimeTest(17.32d)" methodname="NetworkTimeSubNetworkTimeTest" classname="Unity.Netcode.EditorTests.NetworkTimeTests" runstate="Runnable" seed="543872266" result="Passed" start-time="2025-12-30 16:55:54Z" end-time="2025-12-30 16:55:54Z" duration="0.000126" asserts="0">
                  <properties>
                    <property name="retryIteration" value="0" />
                    <property name="repeatIteration" value="0" />
                  </properties>
                </test-case>
                <test-case id="2372" name="NetworkTimeSubNetworkTimeTest(34.0d)" fullname="Unity.Netcode.EditorTests.NetworkTimeTests.NetworkTimeSubNetworkTimeTest(34.0d)" methodname="NetworkTimeSubNetworkTimeTest" classname="Unity.Netcode.EditorTests.NetworkTimeTests" runstate="Runnable" seed="1656132900" result="Passed" start-time="2025-12-30 16:55:54Z" end-time="2025-12-30 16:55:54Z" duration="0.000058" asserts="0">
                  <properties>
                    <property name="retryIteration" value="0" />
                    <property name="repeatIteration" value="0" />
                  </properties>
                </test-case>
                <test-case id="2373" name="NetworkTimeSubNetworkTimeTest(-42.4d)" fullname="Unity.Netcode.EditorTests.NetworkTimeTests.NetworkTimeSubNetworkTimeTest(-42.4d)" methodname="NetworkTimeSubNetworkTimeTest" classname="Unity.Netcode.EditorTests.NetworkTimeTests" runstate="Runnable" seed="113289757" result="Passed" start-time="2025-12-30 16:55:54Z" end-time="2025-12-30 16:55:54Z" duration="0.000055" asserts="0">
                  <properties>
                    <property name="retryIteration" value="0" />
                    <property name="repeatIteration" value="0" />
                  </properties>
                </test-case>
                <test-case id="2374" name="NetworkTimeSubNetworkTimeTest(-6.0d)" fullname="Unity.Netcode.EditorTests.NetworkTimeTests.NetworkTimeSubNetworkTimeTest(-6.0d)" methodname="NetworkTimeSubNetworkTimeTest" classname="Unity.Netcode.EditorTests.NetworkTimeTests" runstate="Runnable" seed="419418573" result="Passed" start-time="2025-12-30 16:55:54Z" end-time="2025-12-30 16:55:54Z" duration="0.000055" asserts="0">
                  <properties>
                    <property name="retryIteration" value="0" />
                    <property name="repeatIteration" value="0" />
                  </properties>
                </test-case>
                <test-case id="2375" name="NetworkTimeSubNetworkTimeTest(35204649.9508197d)" fullname="Unity.Netcode.EditorTests.NetworkTimeTests.NetworkTimeSubNetworkTimeTest(35204649.9508197d)" methodname="NetworkTimeSubNetworkTimeTest" classname="Unity.Netcode.EditorTests.NetworkTimeTests" runstate="Runnable" seed="1561148018" result="Passed" start-time="2025-12-30 16:55:54Z" end-time="2025-12-30 16:55:54Z" duration="0.000056" asserts="0">
                  <properties>
                    <property name="retryIteration" value="0" />
                    <property name="repeatIteration" value="0" />
                  </properties>
                </test-case>
              </test-suite>
              <test-suite type="ParameterizedMethod" id="2323" name="TestFailCreateInvalidTime" fullname="Unity.Netcode.EditorTests.NetworkTimeTests.TestFailCreateInvalidTime" classname="Unity.Netcode.EditorTests.NetworkTimeTests" runstate="Runnable" testcasecount="3" result="Passed" start-time="2025-12-30 16:55:54Z" end-time="2025-12-30 16:55:54Z" duration="0.001137" total="3" passed="3" failed="0" inconclusive="0" skipped="0" asserts="0">
                <properties />
                <test-case id="2320" name="TestFailCreateInvalidTime(0.0d,uint.MinValue)" fullname="Unity.Netcode.EditorTests.NetworkTimeTests.TestFailCreateInvalidTime(0.0d,uint.MinValue)" methodname="TestFailCreateInvalidTime" classname="Unity.Netcode.EditorTests.NetworkTimeTests" runstate="Runnable" seed="924610539" result="Passed" start-time="2025-12-30 16:55:54Z" end-time="2025-12-30 16:55:54Z" duration="0.000488" asserts="0">
                  <properties>
                    <property name="retryIteration" value="0" />
                    <property name="repeatIteration" value="0" />
                  </properties>
                </test-case>
                <test-case id="2321" name="TestFailCreateInvalidTime(5.0d,uint.MinValue)" fullname="Unity.Netcode.EditorTests.NetworkTimeTests.TestFailCreateInvalidTime(5.0d,uint.MinValue)" methodname="TestFailCreateInvalidTime" classname="Unity.Netcode.EditorTests.NetworkTimeTests" runstate="Runnable" seed="1991750245" result="Passed" start-time="2025-12-30 16:55:54Z" end-time="2025-12-30 16:55:54Z" duration="0.000080" asserts="0">
                  <properties>
                    <property name="retryIteration" value="0" />
                    <property name="repeatIteration" value="0" />
                  </properties>
                </test-case>
                <test-case id="2322" name="TestFailCreateInvalidTime(-5.0d,uint.MinValue)" fullname="Unity.Netcode.EditorTests.NetworkTimeTests.TestFailCreateInvalidTime(-5.0d,uint.MinValue)" methodname="TestFailCreateInvalidTime" classname="Unity.Netcode.EditorTests.NetworkTimeTests" runstate="Runnable" seed="2010278736" result="Passed" start-time="2025-12-30 16:55:54Z" end-time="2025-12-30 16:55:54Z" duration="0.000070" asserts="0">
                  <properties>
                    <property name="retryIteration" value="0" />
                    <property name="repeatIteration" value="0" />
                  </properties>
                </test-case>
              </test-suite>
              <test-suite type="ParameterizedMethod" id="2336" name="TestTimeAsFloat" fullname="Unity.Netcode.EditorTests.NetworkTimeTests.TestTimeAsFloat" classname="Unity.Netcode.EditorTests.NetworkTimeTests" runstate="Runnable" testcasecount="12" result="Passed" start-time="2025-12-30 16:55:54Z" end-time="2025-12-30 16:55:54Z" duration="0.002484" total="12" passed="12" failed="0" inconclusive="0" skipped="0" asserts="0">
                <properties />
                <test-case id="2324" name="TestTimeAsFloat(0.0d,0.0f,20)" fullname="Unity.Netcode.EditorTests.NetworkTimeTests.TestTimeAsFloat(0.0d,0.0f,20)" methodname="TestTimeAsFloat" classname="Unity.Netcode.EditorTests.NetworkTimeTests" runstate="Runnable" seed="448528105" result="Passed" start-time="2025-12-30 16:55:54Z" end-time="2025-12-30 16:55:54Z" duration="0.000208" asserts="0">
                  <properties>
                    <property name="retryIteration" value="0" />
                    <property name="repeatIteration" value="0" />
                  </properties>
                </test-case>
                <test-case id="2325" name="TestTimeAsFloat(0.0d,0.0f,30)" fullname="Unity.Netcode.EditorTests.NetworkTimeTests.TestTimeAsFloat(0.0d,0.0f,30)" methodname="TestTimeAsFloat" classname="Unity.Netcode.EditorTests.NetworkTimeTests" runstate="Runnable" seed="1827620928" result="Passed" start-time="2025-12-30 16:55:54Z" end-time="2025-12-30 16:55:54Z" duration="0.000075" asserts="0">
                  <properties>
                    <property name="retryIteration" value="0" />
                    <property name="repeatIteration" value="0" />
                  </properties>
                </test-case>
                <test-case id="2326" name="TestTimeAsFloat(0.0d,0.0f,60)" fullname="Unity.Netcode.EditorTests.NetworkTimeTests.TestTimeAsFloat(0.0d,0.0f,60)" methodname="TestTimeAsFloat" classname="Unity.Netcode.EditorTests.NetworkTimeTests" runstate="Runnable" seed="331004488" result="Passed" start-time="2025-12-30 16:55:54Z" end-time="2025-12-30 16:55:54Z" duration="0.000069" asserts="0">
                  <properties>
                    <property name="retryIteration" value="0" />
                    <property name="repeatIteration" value="0" />
                  </properties>
                </test-case>
                <test-case id="2327" name="TestTimeAsFloat(201.0d,201.0f,20)" fullname="Unity.Netcode.EditorTests.NetworkTimeTests.TestTimeAsFloat(201.0d,201.0f,20)" methodname="TestTimeAsFloat" classname="Unity.Netcode.EditorTests.NetworkTimeTests" runstate="Runnable" seed="2416832" result="Passed" start-time="2025-12-30 16:55:54Z" end-time="2025-12-30 16:55:54Z" duration="0.000068" asserts="0">
                  <properties>
                    <property name="retryIteration" value="0" />
                    <property name="repeatIteration" value="0" />
                  </properties>
                </test-case>
                <test-case id="2328" name="TestTimeAsFloat(201.0d,201.0f,30)" fullname="Unity.Netcode.EditorTests.NetworkTimeTests.TestTimeAsFloat(201.0d,201.0f,30)" methodname="TestTimeAsFloat" classname="Unity.Netcode.EditorTests.NetworkTimeTests" runstate="Runnable" seed="553894657" result="Passed" start-time="2025-12-30 16:55:54Z" end-time="2025-12-30 16:55:54Z" duration="0.000065" asserts="0">
                  <properties>
                    <property name="retryIteration" value="0" />
                    <property name="repeatIteration" value="0" />
                  </properties>
                </test-case>
                <test-case id="2329" name="TestTimeAsFloat(201.0d,201.0f,60)" fullname="Unity.Netcode.EditorTests.NetworkTimeTests.TestTimeAsFloat(201.0d,201.0f,60)" methodname="TestTimeAsFloat" classname="Unity.Netcode.EditorTests.NetworkTimeTests" runstate="Runnable" seed="323764695" result="Passed" start-time="2025-12-30 16:55:54Z" end-time="2025-12-30 16:55:54Z" duration="0.000066" asserts="0">
                  <properties>
                    <property name="retryIteration" value="0" />
                    <property name="repeatIteration" value="0" />
                  </properties>
                </test-case>
                <test-case id="2330" name="TestTimeAsFloat(-4301.0d,-4301.0f,20)" fullname="Unity.Netcode.EditorTests.NetworkTimeTests.TestTimeAsFloat(-4301.0d,-4301.0f,20)" methodname="TestTimeAsFloat" classname="Unity.Netcode.EditorTests.NetworkTimeTests" runstate="Runnable" seed="1154476863" result="Passed" start-time="2025-12-30 16:55:54Z" end-time="2025-12-30 16:55:54Z" duration="0.000068" asserts="0">
                  <properties>
                    <property name="retryIteration" value="0" />
                    <property name="repeatIteration" value="0" />
                  </properties>
                </test-case>
                <test-case id="2331" name="TestTimeAsFloat(-4301.0d,-4301.0f,30)" fullname="Unity.Netcode.EditorTests.NetworkTimeTests.TestTimeAsFloat(-4301.0d,-4301.0f,30)" methodname="TestTimeAsFloat" classname="Unity.Netcode.EditorTests.NetworkTimeTests" runstate="Runnable" seed="573660724" result="Passed" start-time="2025-12-30 16:55:54Z" end-time="2025-12-30 16:55:54Z" duration="0.000068" asserts="0">
                  <properties>
                    <property name="retryIteration" value="0" />
                    <property name="repeatIteration" value="0" />
                  </properties>
                </test-case>
                <test-case id="2332" name="TestTimeAsFloat(-4301.0d,-4301.0f,60)" fullname="Unity.Netcode.EditorTests.NetworkTimeTests.TestTimeAsFloat(-4301.0d,-4301.0f,60)" methodname="TestTimeAsFloat" classname="Unity.Netcode.EditorTests.NetworkTimeTests" runstate="Runnable" seed="1835482075" result="Passed" start-time="2025-12-30 16:55:54Z" end-time="2025-12-30 16:55:54Z" duration="0.000065" asserts="0">
                  <properties>
                    <property name="retryIteration" value="0" />
                    <property name="repeatIteration" value="0" />
                  </properties>
                </test-case>
                <test-case id="2333" name="TestTimeAsFloat(float.MaxValue,float.MaxValue,20)" fullname="Unity.Netcode.EditorTests.NetworkTimeTests.TestTimeAsFloat(float.MaxValue,float.MaxValue,20)" methodname="TestTimeAsFloat" classname="Unity.Netcode.EditorTests.NetworkTimeTests" runstate="Runnable" seed="1245634448" result="Passed" start-time="2025-12-30 16:55:54Z" end-time="2025-12-30 16:55:54Z" duration="0.000373" asserts="0">
                  <properties>
                    <property name="retryIteration" value="0" />
                    <property name="repeatIteration" value="0" />
                  </properties>
                </test-case>
                <test-case id="2334" name="TestTimeAsFloat(float.MaxValue,float.MaxValue,30)" fullname="Unity.Netcode.EditorTests.NetworkTimeTests.TestTimeAsFloat(float.MaxValue,float.MaxValue,30)" methodname="TestTimeAsFloat" classname="Unity.Netcode.EditorTests.NetworkTimeTests" runstate="Runnable" seed="1557252887" result="Passed" start-time="2025-12-30 16:55:54Z" end-time="2025-12-30 16:55:54Z" duration="0.000074" asserts="0">
                  <properties>
                    <property name="retryIteration" value="0" />
                    <property name="repeatIteration" value="0" />
                  </properties>
                </test-case>
                <test-case id="2335" name="TestTimeAsFloat(float.MaxValue,float.MaxValue,60)" fullname="Unity.Netcode.EditorTests.NetworkTimeTests.TestTimeAsFloat(float.MaxValue,float.MaxValue,60)" methodname="TestTimeAsFloat" classname="Unity.Netcode.EditorTests.NetworkTimeTests" runstate="Runnable" seed="1270158659" result="Passed" start-time="2025-12-30 16:55:54Z" end-time="2025-12-30 16:55:54Z" duration="0.000063" asserts="0">
                  <properties>
                    <property name="retryIteration" value="0" />
                    <property name="repeatIteration" value="0" />
                  </properties>
                </test-case>
              </test-suite>
              <test-suite type="ParameterizedMethod" id="2345" name="TestToFixedTime" fullname="Unity.Netcode.EditorTests.NetworkTimeTests.TestToFixedTime" classname="Unity.Netcode.EditorTests.NetworkTimeTests" runstate="Runnable" testcasecount="8" result="Passed" start-time="2025-12-30 16:55:54Z" end-time="2025-12-30 16:55:54Z" duration="0.002102" total="8" passed="8" failed="0" inconclusive="0" skipped="0" asserts="0">
                <properties />
                <test-case id="2337" name="TestToFixedTime(53.55d,53.5d,10)" fullname="Unity.Netcode.EditorTests.NetworkTimeTests.TestToFixedTime(53.55d,53.5d,10)" methodname="TestToFixedTime" classname="Unity.Netcode.EditorTests.NetworkTimeTests" runstate="Runnable" seed="1179887711" result="Passed" start-time="2025-12-30 16:55:54Z" end-time="2025-12-30 16:55:54Z" duration="0.000351" asserts="0">
                  <properties>
                    <property name="retryIteration" value="0" />
                    <property name="repeatIteration" value="0" />
                  </properties>
                </test-case>
                <test-case id="2338" name="TestToFixedTime(1013553.55d,1013553.5d,10)" fullname="Unity.Netcode.EditorTests.NetworkTimeTests.TestToFixedTime(1013553.55d,1013553.5d,10)" methodname="TestToFixedTime" classname="Unity.Netcode.EditorTests.NetworkTimeTests" runstate="Runnable" seed="251991124" result="Passed" start-time="2025-12-30 16:55:54Z" end-time="2025-12-30 16:55:54Z" duration="0.000094" asserts="0">
                  <properties>
                    <property name="retryIteration" value="0" />
                    <property name="repeatIteration" value="0" />
                  </properties>
                </test-case>
                <test-case id="2339" name="TestToFixedTime(0.0d,0.0d,10)" fullname="Unity.Netcode.EditorTests.NetworkTimeTests.TestToFixedTime(0.0d,0.0d,10)" methodname="TestToFixedTime" classname="Unity.Netcode.EditorTests.NetworkTimeTests" runstate="Runnable" seed="817008611" result="Passed" start-time="2025-12-30 16:55:54Z" end-time="2025-12-30 16:55:54Z" duration="0.000073" asserts="0">
                  <properties>
                    <property name="retryIteration" value="0" />
                    <property name="repeatIteration" value="0" />
                  </properties>
                </test-case>
                <test-case id="2340" name="TestToFixedTime(-27.41d,-27.5d,10)" fullname="Unity.Netcode.EditorTests.NetworkTimeTests.TestToFixedTime(-27.41d,-27.5d,10)" methodname="TestToFixedTime" classname="Unity.Netcode.EditorTests.NetworkTimeTests" runstate="Runnable" seed="950085962" result="Passed" start-time="2025-12-30 16:55:54Z" end-time="2025-12-30 16:55:54Z" duration="0.000072" asserts="0">
                  <properties>
                    <property name="retryIteration" value="0" />
                    <property name="repeatIteration" value="0" />
                  </properties>
                </test-case>
                <test-case id="2341" name="TestToFixedTime(53.55d,53.54d,50)" fullname="Unity.Netcode.EditorTests.NetworkTimeTests.TestToFixedTime(53.55d,53.54d,50)" methodname="TestToFixedTime" classname="Unity.Netcode.EditorTests.NetworkTimeTests" runstate="Runnable" seed="1455873598" result="Passed" start-time="2025-12-30 16:55:54Z" end-time="2025-12-30 16:55:54Z" duration="0.000067" asserts="0">
                  <properties>
                    <property name="retryIteration" value="0" />
                    <property name="repeatIteration" value="0" />
                  </properties>
                </test-case>
                <test-case id="2342" name="TestToFixedTime(1013553.55d,1013553.54d,50)" fullname="Unity.Netcode.EditorTests.NetworkTimeTests.TestToFixedTime(1013553.55d,1013553.54d,50)" methodname="TestToFixedTime" classname="Unity.Netcode.EditorTests.NetworkTimeTests" runstate="Runnable" seed="1762381260" result="Passed" start-time="2025-12-30 16:55:54Z" end-time="2025-12-30 16:55:54Z" duration="0.000064" asserts="0">
                  <properties>
                    <property name="retryIteration" value="0" />
                    <property name="repeatIteration" value="0" />
                  </properties>
                </test-case>
                <test-case id="2343" name="TestToFixedTime(0.0d,0.0d,50)" fullname="Unity.Netcode.EditorTests.NetworkTimeTests.TestToFixedTime(0.0d,0.0d,50)" methodname="TestToFixedTime" classname="Unity.Netcode.EditorTests.NetworkTimeTests" runstate="Runnable" seed="614548193" result="Passed" start-time="2025-12-30 16:55:54Z" end-time="2025-12-30 16:55:54Z" duration="0.000071" asserts="0">
                  <properties>
                    <property name="retryIteration" value="0" />
                    <property name="repeatIteration" value="0" />
                  </properties>
                </test-case>
                <test-case id="2344" name="TestToFixedTime(-27.4133d,-27.42d,50)" fullname="Unity.Netcode.EditorTests.NetworkTimeTests.TestToFixedTime(-27.4133d,-27.42d,50)" methodname="TestToFixedTime" classname="Unity.Netcode.EditorTests.NetworkTimeTests" runstate="Runnable" seed="2036136693" result="Passed" start-time="2025-12-30 16:55:54Z" end-time="2025-12-30 16:55:54Z" duration="0.000069" asserts="0">
                  <properties>
                    <property name="retryIteration" value="0" />
                    <property name="repeatIteration" value="0" />
                  </properties>
                </test-case>
              </test-suite>
            </test-suite>
            <test-suite type="TestSuite" id="2449" name="NetworkVar" fullname="Unity.Netcode.EditorTests.NetworkVar" runstate="Runnable" testcasecount="2" result="Passed" start-time="2025-12-30 16:55:54Z" end-time="2025-12-30 16:55:54Z" duration="0.004004" total="2" passed="2" failed="0" inconclusive="0" skipped="0" asserts="0">
              <properties />
              <test-suite type="TestFixture" id="2442" name="NetworkVarTests" fullname="Unity.Netcode.EditorTests.NetworkVar.NetworkVarTests" classname="Unity.Netcode.EditorTests.NetworkVar.NetworkVarTests" runstate="Runnable" testcasecount="2" result="Passed" start-time="2025-12-30 16:55:54Z" end-time="2025-12-30 16:55:54Z" duration="0.003456" total="2" passed="2" failed="0" inconclusive="0" skipped="0" asserts="0">
                <properties />
                <test-case id="2444" name="TestAssignmentChanged" fullname="Unity.Netcode.EditorTests.NetworkVar.NetworkVarTests.TestAssignmentChanged" methodname="TestAssignmentChanged" classname="Unity.Netcode.EditorTests.NetworkVar.NetworkVarTests" runstate="Runnable" seed="217465290" result="Passed" start-time="2025-12-30 16:55:54Z" end-time="2025-12-30 16:55:54Z" duration="0.002166" asserts="0">
                  <properties>
                    <property name="retryIteration" value="0" />
                    <property name="repeatIteration" value="0" />
                  </properties>
                </test-case>
                <test-case id="2443" name="TestAssignmentUnchanged" fullname="Unity.Netcode.EditorTests.NetworkVar.NetworkVarTests.TestAssignmentUnchanged" methodname="TestAssignmentUnchanged" classname="Unity.Netcode.EditorTests.NetworkVar.NetworkVarTests" runstate="Runnable" seed="919999412" result="Passed" start-time="2025-12-30 16:55:54Z" end-time="2025-12-30 16:55:54Z" duration="0.000403" asserts="0">
                  <properties>
                    <property name="retryIteration" value="0" />
                    <property name="repeatIteration" value="0" />
                  </properties>
                </test-case>
              </test-suite>
            </test-suite>
            <test-suite type="TestFixture" id="2379" name="ServerNetworkTimeSystemTests" fullname="Unity.Netcode.EditorTests.ServerNetworkTimeSystemTests" classname="Unity.Netcode.EditorTests.ServerNetworkTimeSystemTests" runstate="Runnable" testcasecount="1" result="Passed" start-time="2025-12-30 16:55:54Z" end-time="2025-12-30 16:55:54Z" duration="0.004790" total="1" passed="1" failed="0" inconclusive="0" skipped="0" asserts="0">
              <properties />
              <test-case id="2380" name="LocalTimeEqualServerTimeTest" fullname="Unity.Netcode.EditorTests.ServerNetworkTimeSystemTests.LocalTimeEqualServerTimeTest" methodname="LocalTimeEqualServerTimeTest" classname="Unity.Netcode.EditorTests.ServerNetworkTimeSystemTests" runstate="Runnable" seed="2113896015" result="Passed" start-time="2025-12-30 16:55:54Z" end-time="2025-12-30 16:55:54Z" duration="0.003870" asserts="0">
                <properties>
                  <property name="retryIteration" value="0" />
                  <property name="repeatIteration" value="0" />
                </properties>
              </test-case>
            </test-suite>
            <test-suite type="TestFixture" id="2415" name="UnityTransportTests" fullname="Unity.Netcode.EditorTests.UnityTransportTests" classname="Unity.Netcode.EditorTests.UnityTransportTests" runstate="Runnable" testcasecount="19" result="Passed" start-time="2025-12-30 16:55:54Z" end-time="2025-12-30 16:55:54Z" duration="0.099955" total="19" passed="19" failed="0" inconclusive="0" skipped="0" asserts="0">
              <properties />
              <test-case id="2417" name="UnityTransport_BasicInitClient_IPv4" fullname="Unity.Netcode.EditorTests.UnityTransportTests.UnityTransport_BasicInitClient_IPv4" methodname="UnityTransport_BasicInitClient_IPv4" classname="Unity.Netcode.EditorTests.UnityTransportTests" runstate="Runnable" seed="1184560487" result="Passed" start-time="2025-12-30 16:55:54Z" end-time="2025-12-30 16:55:54Z" duration="0.065193" asserts="0">
                <properties>
                  <property name="retryIteration" value="0" />
                  <property name="repeatIteration" value="0" />
                </properties>
              </test-case>
              <test-case id="2419" name="UnityTransport_BasicInitClient_IPv6" fullname="Unity.Netcode.EditorTests.UnityTransportTests.UnityTransport_BasicInitClient_IPv6" methodname="UnityTransport_BasicInitClient_IPv6" classname="Unity.Netcode.EditorTests.UnityTransportTests" runstate="Runnable" seed="1904102998" result="Passed" start-time="2025-12-30 16:55:54Z" end-time="2025-12-30 16:55:54Z" duration="0.002280" asserts="0">
                <properties>
                  <property name="retryIteration" value="0" />
                  <property name="repeatIteration" value="0" />
                </properties>
              </test-case>
              <test-case id="2416" name="UnityTransport_BasicInitServer_IPv4" fullname="Unity.Netcode.EditorTests.UnityTransportTests.UnityTransport_BasicInitServer_IPv4" methodname="UnityTransport_BasicInitServer_IPv4" classname="Unity.Netcode.EditorTests.UnityTransportTests" runstate="Runnable" seed="945831355" result="Passed" start-time="2025-12-30 16:55:54Z" end-time="2025-12-30 16:55:54Z" duration="0.002811" asserts="0">
                <properties>
                  <property name="retryIteration" value="0" />
                  <property name="repeatIteration" value="0" />
                </properties>
              </test-case>
              <test-case id="2418" name="UnityTransport_BasicInitServer_IPv6" fullname="Unity.Netcode.EditorTests.UnityTransportTests.UnityTransport_BasicInitServer_IPv6" methodname="UnityTransport_BasicInitServer_IPv6" classname="Unity.Netcode.EditorTests.UnityTransportTests" runstate="Runnable" seed="1479458150" result="Passed" start-time="2025-12-30 16:55:54Z" end-time="2025-12-30 16:55:54Z" duration="0.001765" asserts="0">
                <properties>
                  <property name="retryIteration" value="0" />
                  <property name="repeatIteration" value="0" />
                </properties>
              </test-case>
              <test-suite type="ParameterizedMethod" id="2429" name="UnityTransport_EmptySecurityStringsShouldThrow" fullname="Unity.Netcode.EditorTests.UnityTransportTests.UnityTransport_EmptySecurityStringsShouldThrow" classname="Unity.Netcode.EditorTests.UnityTransportTests" runstate="Runnable" testcasecount="4" result="Passed" start-time="2025-12-30 16:55:54Z" end-time="2025-12-30 16:55:54Z" duration="0.005224" total="4" passed="4" failed="0" inconclusive="0" skipped="0" asserts="0">
                <properties />
                <test-case id="2425" name="UnityTransport_EmptySecurityStringsShouldThrow(&quot;&quot;,&quot;&quot;)" fullname="Unity.Netcode.EditorTests.UnityTransportTests.UnityTransport_EmptySecurityStringsShouldThrow(&quot;&quot;,&quot;&quot;)" methodname="UnityTransport_EmptySecurityStringsShouldThrow" classname="Unity.Netcode.EditorTests.UnityTransportTests" runstate="Runnable" seed="487115595" result="Passed" start-time="2025-12-30 16:55:54Z" end-time="2025-12-30 16:55:54Z" duration="0.002691" asserts="0">
                  <properties>
                    <property name="retryIteration" value="0" />
                    <property name="repeatIteration" value="0" />
                  </properties>
                </test-case>
                <test-case id="2426" name="UnityTransport_EmptySecurityStringsShouldThrow(&quot;&quot;,null)" fullname="Unity.Netcode.EditorTests.UnityTransportTests.UnityTransport_EmptySecurityStringsShouldThrow(&quot;&quot;,null)" methodname="UnityTransport_EmptySecurityStringsShouldThrow" classname="Unity.Netcode.EditorTests.UnityTransportTests" runstate="Runnable" seed="1416169183" result="Passed" start-time="2025-12-30 16:55:54Z" end-time="2025-12-30 16:55:54Z" duration="0.000424" asserts="0">
                  <properties>
                    <property name="retryIteration" value="0" />
                    <property name="repeatIteration" value="0" />
                  </properties>
                </test-case>
                <test-case id="2427" name="UnityTransport_EmptySecurityStringsShouldThrow(null,&quot;&quot;)" fullname="Unity.Netcode.EditorTests.UnityTransportTests.UnityTransport_EmptySecurityStringsShouldThrow(null,&quot;&quot;)" methodname="UnityTransport_EmptySecurityStringsShouldThrow" classname="Unity.Netcode.EditorTests.UnityTransportTests" runstate="Runnable" seed="47048190" result="Passed" start-time="2025-12-30 16:55:54Z" end-time="2025-12-30 16:55:54Z" duration="0.000331" asserts="0">
                  <properties>
                    <property name="retryIteration" value="0" />
                    <property name="repeatIteration" value="0" />
                  </properties>
                </test-case>
                <test-case id="2428" name="UnityTransport_EmptySecurityStringsShouldThrow(null,null)" fullname="Unity.Netcode.EditorTests.UnityTransportTests.UnityTransport_EmptySecurityStringsShouldThrow(null,null)" methodname="UnityTransport_EmptySecurityStringsShouldThrow" classname="Unity.Netcode.EditorTests.UnityTransportTests" runstate="Runnable" seed="1623205013" result="Passed" start-time="2025-12-30 16:55:54Z" end-time="2025-12-30 16:55:54Z" duration="0.000318" asserts="0">
                  <properties>
                    <property name="retryIteration" value="0" />
                    <property name="repeatIteration" value="0" />
                  </properties>
                </test-case>
              </test-suite>
              <test-suite type="ParameterizedMethod" id="2436" name="UnityTransport_HostnameValidation" fullname="Unity.Netcode.EditorTests.UnityTransportTests.UnityTransport_HostnameValidation" classname="Unity.Netcode.EditorTests.UnityTransportTests" runstate="Runnable" testcasecount="6" result="Passed" start-time="2025-12-30 16:55:54Z" end-time="2025-12-30 16:55:54Z" duration="0.009769" total="6" passed="6" failed="0" inconclusive="0" skipped="0" asserts="0">
                <properties />
                <test-case id="2430" name="UnityTransport_HostnameValidation((localhost, True))" fullname="Unity.Netcode.EditorTests.UnityTransportTests.UnityTransport_HostnameValidation((localhost, True))" methodname="UnityTransport_HostnameValidation" classname="Unity.Netcode.EditorTests.UnityTransportTests" runstate="Runnable" seed="1478544043" result="Passed" start-time="2025-12-30 16:55:54Z" end-time="2025-12-30 16:55:54Z" duration="0.003072" asserts="0">
                  <properties>
                    <property name="retryIteration" value="0" />
                    <property name="repeatIteration" value="0" />
                  </properties>
                </test-case>
                <test-case id="2431" name="UnityTransport_HostnameValidation((unity3d.com, True))" fullname="Unity.Netcode.EditorTests.UnityTransportTests.UnityTransport_HostnameValidation((unity3d.com, True))" methodname="UnityTransport_HostnameValidation" classname="Unity.Netcode.EditorTests.UnityTransportTests" runstate="Runnable" seed="793888410" result="Passed" start-time="2025-12-30 16:55:54Z" end-time="2025-12-30 16:55:54Z" duration="0.001562" asserts="0">
                  <properties>
                    <property name="retryIteration" value="0" />
                    <property name="repeatIteration" value="0" />
                  </properties>
                </test-case>
                <test-case id="2432" name="UnityTransport_HostnameValidation((unity3d.com., True))" fullname="Unity.Netcode.EditorTests.UnityTransportTests.UnityTransport_HostnameValidation((unity3d.com., True))" methodname="UnityTransport_HostnameValidation" classname="Unity.Netcode.EditorTests.UnityTransportTests" runstate="Runnable" seed="1757034380" result="Passed" start-time="2025-12-30 16:55:54Z" end-time="2025-12-30 16:55:54Z" duration="0.001386" asserts="0">
                  <properties>
                    <property name="retryIteration" value="0" />
                    <property name="repeatIteration" value="0" />
                  </properties>
                </test-case>
                <test-case id="2433" name="UnityTransport_HostnameValidation((, False))" fullname="Unity.Netcode.EditorTests.UnityTransportTests.UnityTransport_HostnameValidation((, False))" methodname="UnityTransport_HostnameValidation" classname="Unity.Netcode.EditorTests.UnityTransportTests" runstate="Runnable" seed="439228353" result="Passed" start-time="2025-12-30 16:55:54Z" end-time="2025-12-30 16:55:54Z" duration="0.000904" asserts="0">
                  <properties>
                    <property name="retryIteration" value="0" />
                    <property name="repeatIteration" value="0" />
                  </properties>
                  <output><![CDATA[Provided connection address "" is not a valid hostname.
]]></output>
                </test-case>
                <test-case id="2434" name="UnityTransport_HostnameValidation((unity3d.com/test, False))" fullname="Unity.Netcode.EditorTests.UnityTransportTests.UnityTransport_HostnameValidation((unity3d.com/test, False))" methodname="UnityTransport_HostnameValidation" classname="Unity.Netcode.EditorTests.UnityTransportTests" runstate="Runnable" seed="7503726" result="Passed" start-time="2025-12-30 16:55:54Z" end-time="2025-12-30 16:55:54Z" duration="0.000919" asserts="0">
                  <properties>
                    <property name="retryIteration" value="0" />
                    <property name="repeatIteration" value="0" />
                  </properties>
                  <output><![CDATA[Provided connection address "unity3d.com/test" is not a valid hostname.
]]></output>
                </test-case>
                <test-case id="2435" name="UnityTransport_HostnameValidation((test%123.com, False))" fullname="Unity.Netcode.EditorTests.UnityTransportTests.UnityTransport_HostnameValidation((test%123.com, False))" methodname="UnityTransport_HostnameValidation" classname="Unity.Netcode.EditorTests.UnityTransportTests" runstate="Runnable" seed="1105746792" result="Passed" start-time="2025-12-30 16:55:54Z" end-time="2025-12-30 16:55:54Z" duration="0.000698" asserts="0">
                  <properties>
                    <property name="retryIteration" value="0" />
                    <property name="repeatIteration" value="0" />
                  </properties>
                  <output><![CDATA[Provided connection address "test%123.com" is not a valid hostname.
]]></output>
                </test-case>
              </test-suite>
              <test-case id="2421" name="UnityTransport_NoRestartClient" fullname="Unity.Netcode.EditorTests.UnityTransportTests.UnityTransport_NoRestartClient" methodname="UnityTransport_NoRestartClient" classname="Unity.Netcode.EditorTests.UnityTransportTests" runstate="Runnable" seed="2027849149" result="Passed" start-time="2025-12-30 16:55:54Z" end-time="2025-12-30 16:55:54Z" duration="0.001821" asserts="0">
                <properties>
                  <property name="retryIteration" value="0" />
                  <property name="repeatIteration" value="0" />
                </properties>
              </test-case>
              <test-case id="2420" name="UnityTransport_NoRestartServer" fullname="Unity.Netcode.EditorTests.UnityTransportTests.UnityTransport_NoRestartServer" methodname="UnityTransport_NoRestartServer" classname="Unity.Netcode.EditorTests.UnityTransportTests" runstate="Runnable" seed="1505682509" result="Passed" start-time="2025-12-30 16:55:54Z" end-time="2025-12-30 16:55:54Z" duration="0.001561" asserts="0">
                <properties>
                  <property name="retryIteration" value="0" />
                  <property name="repeatIteration" value="0" />
                </properties>
              </test-case>
              <test-case id="2422" name="UnityTransport_NotBothServerAndClient" fullname="Unity.Netcode.EditorTests.UnityTransportTests.UnityTransport_NotBothServerAndClient" methodname="UnityTransport_NotBothServerAndClient" classname="Unity.Netcode.EditorTests.UnityTransportTests" runstate="Runnable" seed="1750661767" result="Passed" start-time="2025-12-30 16:55:54Z" end-time="2025-12-30 16:55:54Z" duration="0.002890" asserts="0">
                <properties>
                  <property name="retryIteration" value="0" />
                  <property name="repeatIteration" value="0" />
                </properties>
              </test-case>
              <test-case id="2423" name="UnityTransport_RestartSucceedsAfterFailure" fullname="Unity.Netcode.EditorTests.UnityTransportTests.UnityTransport_RestartSucceedsAfterFailure" methodname="UnityTransport_RestartSucceedsAfterFailure" classname="Unity.Netcode.EditorTests.UnityTransportTests" runstate="Runnable" seed="435210215" result="Passed" start-time="2025-12-30 16:55:54Z" end-time="2025-12-30 16:55:54Z" duration="0.002469" asserts="0">
                <properties>
                  <property name="retryIteration" value="0" />
                  <property name="repeatIteration" value="0" />
                </properties>
                <output><![CDATA[Invalid listen endpoint: foobar:4242. Note that the listen endpoint MUST be an IP address (not a hostname).
]]></output>
              </test-case>
              <test-case id="2424" name="UnityTransport_StartServerWithoutAddresses" fullname="Unity.Netcode.EditorTests.UnityTransportTests.UnityTransport_StartServerWithoutAddresses" methodname="UnityTransport_StartServerWithoutAddresses" classname="Unity.Netcode.EditorTests.UnityTransportTests" runstate="Runnable" seed="557449313" result="Passed" start-time="2025-12-30 16:55:54Z" end-time="2025-12-30 16:55:54Z" duration="0.001651" asserts="0">
                <properties>
                  <property name="retryIteration" value="0" />
                  <property name="repeatIteration" value="0" />
                </properties>
              </test-case>
            </test-suite>
            <test-suite type="TestFixture" id="2312" name="UserBitReaderAndBitWriterTests_NCCBUG175" fullname="Unity.Netcode.EditorTests.UserBitReaderAndBitWriterTests_NCCBUG175" classname="Unity.Netcode.EditorTests.UserBitReaderAndBitWriterTests_NCCBUG175" runstate="Runnable" testcasecount="2" result="Passed" start-time="2025-12-30 16:55:54Z" end-time="2025-12-30 16:55:54Z" duration="0.003017" total="2" passed="2" failed="0" inconclusive="0" skipped="0" asserts="0">
              <properties />
              <test-case id="2314" name="WhenBitwiseReadingMoreThan8Bits_ValuesAreCorrect" fullname="Unity.Netcode.EditorTests.UserBitReaderAndBitWriterTests_NCCBUG175.WhenBitwiseReadingMoreThan8Bits_ValuesAreCorrect" methodname="WhenBitwiseReadingMoreThan8Bits_ValuesAreCorrect" classname="Unity.Netcode.EditorTests.UserBitReaderAndBitWriterTests_NCCBUG175" runstate="Runnable" seed="883312016" result="Passed" start-time="2025-12-30 16:55:54Z" end-time="2025-12-30 16:55:54Z" duration="0.000575" asserts="0">
                <properties>
                  <property name="retryIteration" value="0" />
                  <property name="repeatIteration" value="0" />
                </properties>
              </test-case>
              <test-case id="2313" name="WhenBitwiseWritingMoreThan8Bits_ValuesAreCorrect" fullname="Unity.Netcode.EditorTests.UserBitReaderAndBitWriterTests_NCCBUG175.WhenBitwiseWritingMoreThan8Bits_ValuesAreCorrect" methodname="WhenBitwiseWritingMoreThan8Bits_ValuesAreCorrect" classname="Unity.Netcode.EditorTests.UserBitReaderAndBitWriterTests_NCCBUG175" runstate="Runnable" seed="709156213" result="Passed" start-time="2025-12-30 16:55:54Z" end-time="2025-12-30 16:55:54Z" duration="0.000552" asserts="0">
                <properties>
                  <property name="retryIteration" value="0" />
                  <property name="repeatIteration" value="0" />
                </properties>
              </test-case>
            </test-suite>
            <test-suite type="TestFixture" id="2437" name="XXHashTests" fullname="Unity.Netcode.EditorTests.XXHashTests" classname="Unity.Netcode.EditorTests.XXHashTests" runstate="Runnable" testcasecount="4" result="Passed" start-time="2025-12-30 16:55:54Z" end-time="2025-12-30 16:55:54Z" duration="0.001734" total="4" passed="4" failed="0" inconclusive="0" skipped="0" asserts="0">
              <properties />
              <test-case id="2440" name="TestXXHas64Short" fullname="Unity.Netcode.EditorTests.XXHashTests.TestXXHas64Short" methodname="TestXXHas64Short" classname="Unity.Netcode.EditorTests.XXHashTests" runstate="Runnable" seed="34052853" result="Passed" start-time="2025-12-30 16:55:54Z" end-time="2025-12-30 16:55:54Z" duration="0.000509" asserts="0">
                <properties>
                  <property name="retryIteration" value="0" />
                  <property name="repeatIteration" value="0" />
                </properties>
              </test-case>
              <test-case id="2439" name="TestXXHash32Long" fullname="Unity.Netcode.EditorTests.XXHashTests.TestXXHash32Long" methodname="TestXXHash32Long" classname="Unity.Netcode.EditorTests.XXHashTests" runstate="Runnable" seed="1345791210" result="Passed" start-time="2025-12-30 16:55:54Z" end-time="2025-12-30 16:55:54Z" duration="0.000164" asserts="0">
                <properties>
                  <property name="retryIteration" value="0" />
                  <property name="repeatIteration" value="0" />
                </properties>
              </test-case>
              <test-case id="2438" name="TestXXHash32Short" fullname="Unity.Netcode.EditorTests.XXHashTests.TestXXHash32Short" methodname="TestXXHash32Short" classname="Unity.Netcode.EditorTests.XXHashTests" runstate="Runnable" seed="413358885" result="Passed" start-time="2025-12-30 16:55:54Z" end-time="2025-12-30 16:55:54Z" duration="0.000087" asserts="0">
                <properties>
                  <property name="retryIteration" value="0" />
                  <property name="repeatIteration" value="0" />
                </properties>
              </test-case>
              <test-case id="2441" name="TestXXHash64Long" fullname="Unity.Netcode.EditorTests.XXHashTests.TestXXHash64Long" methodname="TestXXHash64Long" classname="Unity.Netcode.EditorTests.XXHashTests" runstate="Runnable" seed="699733564" result="Passed" start-time="2025-12-30 16:55:54Z" end-time="2025-12-30 16:55:54Z" duration="0.000085" asserts="0">
                <properties>
                  <property name="retryIteration" value="0" />
                  <property name="repeatIteration" value="0" />
                </properties>
                <output><![CDATA[Saving results to: /Users/arshadbarves/Library/Application Support/placenter/RecipeRage/TestResults.xml
]]></output>
              </test-case>
            </test-suite>
          </test-suite>
        </test-suite>
      </test-suite>
    </test-suite>
  </test-suite>
</test-run>